Resumed #1485.
Issue #1485: 19 timing rows
  Engaged            : 50 min  (active 46 + review 4)
  Session            : 46 min
  Review             : 4 min  (threshold 5 min)
  Plan               : 92 min
  Stage Time (per visit):
    backlog#1: 3m 08s
    refine#1: 36s
    ready-for-plan#1: 28s
    plan#1: 1h 32m 28s
    develop#1: 11m 26s
    test#1: 6m 12s
    review#1: open
  Stage Time (totals):
    backlog: 3m 08s
    refine: 36s
    ready-for-plan: 28s
    plan: 1h 32m 28s
    develop: 11m 26s
    test: 6m 12s
Fields updated on GitHub Projects board.
✓ #1485 moved to Review — all verification passed.
Review #1485: task paused for human approval.
PROMPT_REQUIRED: review-approval #1485
