✔ a supported batch publishes a complete durable receipt and preserves synchronous return (1192.778083ms)
✔ the complete validation set and expected-before assertion refuse before any member changes (1036.767042ms)
✔ deletion remains journaled and completed retry cannot restore an older outcome over later writes (1522.910167ms)
✔ unfinished batch fences even its lease holder and exact resume completes the original outcome (1357.103916ms)
✔ SIGKILL at after-batch-journal preserves read refusal and exact confirmed-death replay (2669.068292ms)
✔ SIGKILL at after-batch-member-0 preserves read refusal and exact confirmed-death replay (2782.545833ms)
✔ SIGKILL at after-batch-member-1 preserves read refusal and exact confirmed-death replay (2659.955667ms)
✔ SIGKILL at after-batch-member-stage-0 preserves read refusal and exact confirmed-death replay (2606.19925ms)
✔ SIGKILL at after-batch-journal-stage-publishing preserves read refusal and exact confirmed-death replay (2948.928292ms)
✔ SIGKILL at after-batch-journal-stage-prepared preserves read refusal and exact confirmed-death replay (2575.681083ms)
✔ SIGKILL at after-batch-journal-stage-complete preserves read refusal and exact confirmed-death replay (2437.909583ms)
✔ unsupported caller identities and nonabsolute targets refuse without creating an unreadable journal (657.166292ms)
✔ a live publisher cannot be taken over and a changed journal observation preserves every member (955.960458ms)
✔ binary capture validates proposed metadata and deletes the complete recorded bundle (1466.314208ms)
✔ a killed resumer retains its genuine owner and excludes a competing recovery until confirmed death (1989.0295ms)
✔ ordinary reading rechecks batch admission for record after its initial check (1700.262584ms)
✔ ordinary reading rechecks batch admission for optional-absence after its initial check (1492.864833ms)
✔ one batch joins main global state with linked binding and actor timing authority (2452.824916ms)
ℹ tests 18
ℹ suites 0
ℹ pass 18
ℹ fail 0
ℹ cancelled 0
ℹ skipped 0
ℹ todo 0
ℹ duration_ms 34509.77425
