✔ tracked invalid override refuses a read-only operational route before normal dispatch (427.919208ms)
✔ invalid catalog refuses before GitHub, lock, or session effects without network skip (16090.565834ms)
✔ dynamic issue-bind route cannot bypass admission (360.0675ms)
✔ direct verb hub refuses invalid guidance before context construction (417.042584ms)
✔ direct verb executables refuse invalid guidance before their own main paths (4926.668875ms)
✔ direct verb help-shaped arguments cannot bypass admission (2545.761292ms)
✔ unsupported direct-hub recovery words are admitted as operational (558.633084ms)
✔ session annotation requires a durable issue write, not a zero-exit or local change (0.642584ms)
✔ timing-post observation distinguishes durable issue writes from queued rows (0.198583ms)
✔ package installer refuses invalid guidance before init writes (327.902916ms)
✔ direct support-script path refuses invalid guidance before its own parser (320.497166ms)
✔ guidance validation remains a routed recovery command (425.239708ms)
✔ top-level help remains available while the selected catalog is invalid (290.831042ms)
✔ command help, guidance source, and package version remain effect-free recovery routes (783.521791ms)
✔ admission inventory accounts for every canonical command, alias, and classified executable (118.38725ms)
✔ every registered operational token refuses an invalid catalog (23807.344375ms)
✔ every supported direct operational entrypoint refuses an invalid catalog (13903.467042ms)
ℹ tests 17
ℹ suites 0
ℹ pass 17
ℹ fail 0
ℹ cancelled 0
ℹ skipped 0
ℹ todo 0
ℹ duration_ms 65507.147291
