file:///Users/kpburson/projects/Vibe-Coding/ai-task-manager/.worktrees/1882-child-ci-integration/scripts/task-tracker/lib/merge-back-cli.mjs:8
import { fetchIssueBody } from './graph-node-authority.mjs';
         ^^^^^^^^^^^^^^
SyntaxError: The requested module './graph-node-authority.mjs' does not provide an export named 'fetchIssueBody'
    at #asyncInstantiate (node:internal/modules/esm/module_job:463:21)
    at async ModuleJob.run (node:internal/modules/esm/module_job:561:5)
    at async node:internal/modules/esm/loader:650:26
    at async asyncRunEntryPointWithESMLoader (node:internal/modules/run_main:101:5)

Node.js v26.8.1
✖ scripts/tests/unit/task-tracker/merge-back-cli.test.mjs (170.970792ms)
file:///Users/kpburson/projects/Vibe-Coding/ai-task-manager/.worktrees/1882-child-ci-integration/scripts/task-tracker/lib/merge-back-cli.mjs:8
import { fetchIssueBody } from './graph-node-authority.mjs';
         ^^^^^^^^^^^^^^
SyntaxError: The requested module './graph-node-authority.mjs' does not provide an export named 'fetchIssueBody'
    at #asyncInstantiate (node:internal/modules/esm/module_job:463:21)
    at async ModuleJob.run (node:internal/modules/esm/module_job:561:5)
    at async node:internal/modules/esm/loader:650:26
    at async asyncRunEntryPointWithESMLoader (node:internal/modules/run_main:101:5)

Node.js v26.8.1
✖ scripts/tests/unit/task-tracker/merge-back-verification.test.mjs (168.012708ms)
file:///Users/kpburson/projects/Vibe-Coding/ai-task-manager/.worktrees/1882-child-ci-integration/scripts/task-tracker/lib/merge-back-cli.mjs:8
import { fetchIssueBody } from './graph-node-authority.mjs';
         ^^^^^^^^^^^^^^
SyntaxError: The requested module './graph-node-authority.mjs' does not provide an export named 'fetchIssueBody'
    at #asyncInstantiate (node:internal/modules/esm/module_job:463:21)
    at async ModuleJob.run (node:internal/modules/esm/module_job:561:5)
    at async node:internal/modules/esm/loader:650:26
    at async asyncRunEntryPointWithESMLoader (node:internal/modules/run_main:101:5)

Node.js v26.8.1
✖ scripts/tests/unit/task-tracker/merge-back.test.mjs (173.991084ms)
ℹ tests 3
ℹ suites 0
ℹ pass 0
ℹ fail 3
ℹ cancelled 0
ℹ skipped 0
ℹ todo 0
ℹ duration_ms 185.41975

✖ failing tests:

test at scripts/tests/unit/task-tracker/merge-back-cli.test.mjs:1:1
✖ scripts/tests/unit/task-tracker/merge-back-cli.test.mjs (170.970792ms)
  'test failed'

test at scripts/tests/unit/task-tracker/merge-back-verification.test.mjs:1:1
✖ scripts/tests/unit/task-tracker/merge-back-verification.test.mjs (168.012708ms)
  'test failed'

test at scripts/tests/unit/task-tracker/merge-back.test.mjs:1:1
✖ scripts/tests/unit/task-tracker/merge-back.test.mjs (173.991084ms)
  'test failed'
