✖ #1882: registered CLI integrates from child into its already checked-out parent and retains checkout (689.439208ms)
✖ #1882: failed configured evidence leaves parent tip and child checkout intact (257.005667ms)
✖ #1882: invalid CLI options refuse before any Git change (890.197292ms)
✖ #1882: wrong recorded parent checkout refuses without switching it (379.376458ms)
ℹ tests 4
ℹ suites 0
ℹ pass 0
ℹ fail 4
ℹ cancelled 0
ℹ skipped 0
ℹ todo 0
ℹ duration_ms 2492.144584

✖ failing tests:

test at scripts/tests/unit/task-tracker/merge-back-cli.test.mjs:38:1
✖ #1882: registered CLI integrates from child into its already checked-out parent and retains checkout (689.439208ms)
  AssertionError [ERR_ASSERTION]: registered CLI must use the provider-aware integration path
  + actual - expected
  
  + 'undefined'
  - 'function'
  
      at run (file:///Users/kpburson/projects/Vibe-Coding/ai-task-manager/.worktrees/1882-child-ci-integration/scripts/tests/unit/task-tracker/merge-back-cli.test.mjs:34:10)
      at TestContext.<anonymous> (file:///Users/kpburson/projects/Vibe-Coding/ai-task-manager/.worktrees/1882-child-ci-integration/scripts/tests/unit/task-tracker/merge-back-cli.test.mjs:40:24)
      at Test.runInAsyncScope (node:async_hooks:226:14)
      at Test.run (node:internal/test_runner/test:1402:25)
      at Test.start (node:internal/test_runner/test:1262:17)
      at startSubtestAfterBootstrap (node:internal/test_runner/harness:387:17) {
    generatedMessage: false,
    code: 'ERR_ASSERTION',
    actual: 'undefined',
    expected: 'function',
    operator: 'strictEqual',
    diff: 'simple'
  }

test at scripts/tests/unit/task-tracker/merge-back-cli.test.mjs:49:1
✖ #1882: failed configured evidence leaves parent tip and child checkout intact (257.005667ms)
  AssertionError [ERR_ASSERTION]: The input did not match the regular expression /tests failed/. Input:
  
  'AssertionError [ERR_ASSERTION]: registered CLI must use the provider-aware integration path\n' +
    '+ actual - expected\n' +
    '\n' +
    "+ 'undefined'\n" +
    "- 'function'\n"
  
      at async TestContext.<anonymous> (file:///Users/kpburson/projects/Vibe-Coding/ai-task-manager/.worktrees/1882-child-ci-integration/scripts/tests/unit/task-tracker/merge-back-cli.test.mjs:51:3)
      at async Test.run (node:internal/test_runner/test:1409:7)
      at async Test.processPendingSubtests (node:internal/test_runner/test:974:7) {
    generatedMessage: true,
    code: 'ERR_ASSERTION',
    actual: AssertionError [ERR_ASSERTION]: registered CLI must use the provider-aware integration path
    + actual - expected
    
    + 'undefined'
    - 'function'
    
        at run (file:///Users/kpburson/projects/Vibe-Coding/ai-task-manager/.worktrees/1882-child-ci-integration/scripts/tests/unit/task-tracker/merge-back-cli.test.mjs:34:10)
        at TestContext.<anonymous> (file:///Users/kpburson/projects/Vibe-Coding/ai-task-manager/.worktrees/1882-child-ci-integration/scripts/tests/unit/task-tracker/merge-back-cli.test.mjs:51:24)
        at Test.runInAsyncScope (node:async_hooks:226:14)
        at Test.run (node:internal/test_runner/test:1402:25)
        at Test.processPendingSubtests (node:internal/test_runner/test:974:18)
        at Test.postRun (node:internal/test_runner/test:1542:19)
        at Test.run (node:internal/test_runner/test:1467:12)
        at async startSubtestAfterBootstrap (node:internal/test_runner/harness:387:3),
    expected: /tests failed/,
    operator: 'rejects',
    diff: 'simple'
  }

test at scripts/tests/unit/task-tracker/merge-back-cli.test.mjs:56:1
✖ #1882: invalid CLI options refuse before any Git change (890.197292ms)
  AssertionError [ERR_ASSERTION]: The input did not match the regular expression /unknown|usage|argument/. Input:
  
  'AssertionError [ERR_ASSERTION]: registered CLI must use the provider-aware integration path\n' +
    '+ actual - expected\n' +
    '\n' +
    "+ 'undefined'\n" +
    "- 'function'\n"
  
      at async TestContext.<anonymous> (file:///Users/kpburson/projects/Vibe-Coding/ai-task-manager/.worktrees/1882-child-ci-integration/scripts/tests/unit/task-tracker/merge-back-cli.test.mjs:58:3)
      at async Test.run (node:internal/test_runner/test:1409:7)
      at async Test.processPendingSubtests (node:internal/test_runner/test:974:7) {
    generatedMessage: true,
    code: 'ERR_ASSERTION',
    actual: AssertionError [ERR_ASSERTION]: registered CLI must use the provider-aware integration path
    + actual - expected
    
    + 'undefined'
    - 'function'
    
        at run (file:///Users/kpburson/projects/Vibe-Coding/ai-task-manager/.worktrees/1882-child-ci-integration/scripts/tests/unit/task-tracker/merge-back-cli.test.mjs:34:10)
        at TestContext.<anonymous> (file:///Users/kpburson/projects/Vibe-Coding/ai-task-manager/.worktrees/1882-child-ci-integration/scripts/tests/unit/task-tracker/merge-back-cli.test.mjs:58:24)
        at Test.runInAsyncScope (node:async_hooks:226:14)
        at Test.run (node:internal/test_runner/test:1402:25)
        at Test.processPendingSubtests (node:internal/test_runner/test:974:18)
        at Test.postRun (node:internal/test_runner/test:1542:19)
        at Test.run (node:internal/test_runner/test:1467:12)
        at async Test.processPendingSubtests (node:internal/test_runner/test:974:7),
    expected: /unknown|usage|argument/,
    operator: 'rejects',
    diff: 'simple'
  }

test at scripts/tests/unit/task-tracker/merge-back-cli.test.mjs:62:1
✖ #1882: wrong recorded parent checkout refuses without switching it (379.376458ms)
  AssertionError [ERR_ASSERTION]: The input did not match the regular expression /parent|integration.*branch/i. Input:
  
  'AssertionError [ERR_ASSERTION]: registered CLI must use the provider-aware integration path\n' +
    '+ actual - expected\n' +
    '\n' +
    "+ 'undefined'\n" +
    "- 'function'\n"
  
      at async TestContext.<anonymous> (file:///Users/kpburson/projects/Vibe-Coding/ai-task-manager/.worktrees/1882-child-ci-integration/scripts/tests/unit/task-tracker/merge-back-cli.test.mjs:65:3)
      at async Test.run (node:internal/test_runner/test:1409:7)
      at async Test.processPendingSubtests (node:internal/test_runner/test:974:7) {
    generatedMessage: true,
    code: 'ERR_ASSERTION',
    actual: AssertionError [ERR_ASSERTION]: registered CLI must use the provider-aware integration path
    + actual - expected
    
    + 'undefined'
    - 'function'
    
        at run (file:///Users/kpburson/projects/Vibe-Coding/ai-task-manager/.worktrees/1882-child-ci-integration/scripts/tests/unit/task-tracker/merge-back-cli.test.mjs:34:10)
        at TestContext.<anonymous> (file:///Users/kpburson/projects/Vibe-Coding/ai-task-manager/.worktrees/1882-child-ci-integration/scripts/tests/unit/task-tracker/merge-back-cli.test.mjs:65:24)
        at Test.runInAsyncScope (node:async_hooks:226:14)
        at Test.run (node:internal/test_runner/test:1402:25)
        at Test.processPendingSubtests (node:internal/test_runner/test:974:18)
        at Test.postRun (node:internal/test_runner/test:1542:19)
        at Test.run (node:internal/test_runner/test:1467:12)
        at async Test.processPendingSubtests (node:internal/test_runner/test:974:7),
    expected: /parent|integration.*branch/i,
    operator: 'rejects',
    diff: 'simple'
  }
