✔ clean fast-forward path: sync-skip, rebase child, test, ff, cleanup (1.409375ms)
✔ #1611: cleanup detaches a configured upstream before safe child deletion (0.139375ms)
✔ nested epic follows the same recursive merge-back path into its immediate epic parent (0.4605ms)
✔ grandparent advanced: epic is rebased onto trunk before the child merge (0.108125ms)
✔ rebase conflict on the child refuses before any merge (0.26875ms)
✔ post-rebase test failure refuses the merge and skips cleanup (0.101208ms)
✔ #864: the test-runner runs bounded sections, not the retired test:all (0.32975ms)
✔ refuses a non-child issue (0.088083ms)
✔ requires child, git, and a test runner (0.1265ms)
✔ #1485: graph mapping preserves a valid parent custom branch (0.548667ms)
✔ #1601: graph mapping preserves the current issue custom branch and worktree (0.206584ms)
✔ #1601: malformed and ambiguous current issue authority map to authorityError (0.224ms)
✔ #1485: a parent body with no authority marker preserves canonical fallback (0.085375ms)
✔ #1485: a root node with no parent carries no authority fields (0.0675ms)
✔ #1485: malformed and ambiguous parent authority map to parentAuthorityError (0.152459ms)
✔ #1485: a non-null parent with an unavailable body refuses (0.077792ms)
✔ #1485: graph loader prefetches child and immediate epic by issue number (0.150208ms)
✔ #1601: production graph loading reads own and parent worktree authority separately (0.163375ms)
✔ #1485: a node outside the prefetched set fails closed rather than being fabricated (0.064458ms)
✔ #1486: merge-back delegates authority and parent fetching to the shared adapter (0.222792ms)
✔ #1601: a recorded custom child branch drives rebase, merge, and cleanup (0.105625ms)
✔ #1601: recorded child path and checked-out branch mismatches refuse before mutation (0.150375ms)
✔ #1485: a recorded custom epic branch drives rebase, checkout, and fast-forward (0.093208ms)
✔ #1485: parent authority failure refuses before any git or test-runner call (0.078875ms)
✔ #1485: the CLI wires the prefetched keyed graph, not a constant single node (0.209375ms)
✖ #1882: preservation retains the child checkout, branch and upstream after integration (4.482666ms)
✖ #1882: non-boolean verification cannot silently authorize a merge (0.157167ms)
✖ #1882: invalid preservation values refuse before any Git mutation (0.096583ms)
ℹ tests 28
ℹ suites 0
ℹ pass 25
ℹ fail 3
ℹ cancelled 0
ℹ skipped 0
ℹ todo 0
ℹ duration_ms 151.862583

✖ failing tests:

test at scripts/tests/unit/task-tracker/merge-back.test.mjs:584:1
✖ #1882: preservation retains the child checkout, branch and upstream after integration (4.482666ms)
  AssertionError [ERR_ASSERTION]: The expression evaluated to a falsy value:
  
    assert.ok(!calls.some((call) => call.startsWith('worktree remove ')))
  
      at TestContext.<anonymous> (file:///Users/kpburson/projects/Vibe-Coding/ai-task-manager/.worktrees/1882-child-ci-integration/scripts/tests/unit/task-tracker/merge-back.test.mjs:595:10)
      at Test.runInAsyncScope (node:async_hooks:226:14)
      at Test.run (node:internal/test_runner/test:1402:25)
      at Test.processPendingSubtests (node:internal/test_runner/test:974:18)
      at Test.postRun (node:internal/test_runner/test:1542:19)
      at Test.run (node:internal/test_runner/test:1467:12)
      at async Test.processPendingSubtests (node:internal/test_runner/test:974:7) {
    generatedMessage: true,
    code: 'ERR_ASSERTION',
    actual: false,
    expected: true,
    operator: '==',
    diff: 'simple'
  }

test at scripts/tests/unit/task-tracker/merge-back.test.mjs:600:1
✖ #1882: non-boolean verification cannot silently authorize a merge (0.157167ms)
  AssertionError [ERR_ASSERTION]: Missing expected exception.
      at TestContext.<anonymous> (file:///Users/kpburson/projects/Vibe-Coding/ai-task-manager/.worktrees/1882-child-ci-integration/scripts/tests/unit/task-tracker/merge-back.test.mjs:603:12)
      at Test.runInAsyncScope (node:async_hooks:226:14)
      at Test.run (node:internal/test_runner/test:1402:25)
      at Test.processPendingSubtests (node:internal/test_runner/test:974:18)
      at Test.postRun (node:internal/test_runner/test:1542:19)
      at Test.run (node:internal/test_runner/test:1467:12)
      at async Test.processPendingSubtests (node:internal/test_runner/test:974:7) {
    generatedMessage: false,
    code: 'ERR_ASSERTION',
    actual: undefined,
    expected: /tests failed/,
    operator: 'throws',
    diff: 'simple'
  }

test at scripts/tests/unit/task-tracker/merge-back.test.mjs:610:1
✖ #1882: invalid preservation values refuse before any Git mutation (0.096583ms)
  AssertionError [ERR_ASSERTION]: Missing expected exception.
      at TestContext.<anonymous> (file:///Users/kpburson/projects/Vibe-Coding/ai-task-manager/.worktrees/1882-child-ci-integration/scripts/tests/unit/task-tracker/merge-back.test.mjs:612:10)
      at Test.runInAsyncScope (node:async_hooks:226:14)
      at Test.run (node:internal/test_runner/test:1402:25)
      at Test.processPendingSubtests (node:internal/test_runner/test:974:18)
      at Test.postRun (node:internal/test_runner/test:1542:19)
      at Test.run (node:internal/test_runner/test:1467:12)
      at async Test.processPendingSubtests (node:internal/test_runner/test:974:7) {
    generatedMessage: false,
    code: 'ERR_ASSERTION',
    actual: undefined,
    expected: /preserveWorktree/,
    operator: 'throws',
    diff: 'simple'
  }
