✔ clean fast-forward path: sync-skip, rebase child, test, ff, cleanup (1.097083ms)
✔ #1611: cleanup detaches a configured upstream before safe child deletion (0.13025ms)
✔ nested epic follows the same recursive merge-back path into its immediate epic parent (0.506291ms)
✔ grandparent advanced: epic is rebased onto trunk before the child merge (0.123292ms)
✔ rebase conflict on the child refuses before any merge (0.302ms)
✔ post-rebase test failure refuses the merge and skips cleanup (0.110875ms)
✔ #864: the test-runner runs bounded sections, not the retired test:all (0.317334ms)
✔ refuses a non-child issue (0.081416ms)
✔ requires child, git, and a test runner (0.139708ms)
✔ #1485: graph mapping preserves a valid parent custom branch (0.489291ms)
✔ #1601: graph mapping preserves the current issue custom branch and worktree (0.176709ms)
✔ #1601: malformed and ambiguous current issue authority map to authorityError (0.339417ms)
✔ #1485: a parent body with no authority marker preserves canonical fallback (0.084292ms)
✔ #1485: a root node with no parent carries no authority fields (0.213625ms)
✔ #1485: malformed and ambiguous parent authority map to parentAuthorityError (0.596875ms)
✔ #1485: a non-null parent with an unavailable body refuses (0.256375ms)
✔ #1485: graph loader prefetches child and immediate epic by issue number (0.197459ms)
✔ #1601: production graph loading reads own and parent worktree authority separately (0.5345ms)
✔ #1485: a node outside the prefetched set fails closed rather than being fabricated (0.210458ms)
✔ #1486: merge-back delegates authority and parent fetching to the shared adapter (0.290084ms)
✔ #1601: a recorded custom child branch drives rebase, merge, and cleanup (0.158916ms)
✔ #1601: recorded child path and checked-out branch mismatches refuse before mutation (0.172625ms)
✔ #1485: a recorded custom epic branch drives rebase, checkout, and fast-forward (0.108833ms)
✔ #1485: parent authority failure refuses before any git or test-runner call (0.091125ms)
✔ #1485: the CLI wires the prefetched keyed graph, not a constant single node (0.227792ms)
✔ #1882: preservation retains the child checkout, branch and upstream after integration (0.080708ms)
✔ #1882: non-boolean verification cannot silently authorize a merge (0.125625ms)
✔ #1882: invalid preservation values refuse before any Git mutation (0.05275ms)
ℹ tests 28
ℹ suites 0
ℹ pass 28
ℹ fail 0
ℹ cancelled 0
ℹ skipped 0
ℹ todo 0
ℹ duration_ms 168.598541
