✖ #1882: project verification executes configured and declared commands without default suites (99.396792ms)
✖ #1882: stale-head evidence is a failed verification, never a suite fallback (75.784875ms)
✖ #1882: rejected issue commands refuse plan construction before execution (65.865125ms)
✖ #1882: invalid provider configuration cannot silently select Node full suites (75.92175ms)
✖ #1882: a passing verifier that changes source cannot authorize integration (75.342042ms)
✖ #1882: Node default verifies each existing suite section (115.34025ms)
ℹ tests 6
ℹ suites 0
ℹ pass 0
ℹ fail 6
ℹ cancelled 0
ℹ skipped 0
ℹ todo 0
ℹ duration_ms 673.886709

✖ failing tests:

test at scripts/tests/unit/task-tracker/merge-back-verification.test.mjs:30:1
✖ #1882: project verification executes configured and declared commands without default suites (99.396792ms)
  AssertionError [ERR_ASSERTION]: registered merge-back must expose its real provider runner
  + actual - expected
  
  + 'undefined'
  - 'function'
  
      at runner (file:///Users/kpburson/projects/Vibe-Coding/ai-task-manager/.worktrees/1882-child-ci-integration/scripts/tests/unit/task-tracker/merge-back-verification.test.mjs:26:10)
      at TestContext.<anonymous> (file:///Users/kpburson/projects/Vibe-Coding/ai-task-manager/.worktrees/1882-child-ci-integration/scripts/tests/unit/task-tracker/merge-back-verification.test.mjs:32:15)
      at Test.runInAsyncScope (node:async_hooks:226:14)
      at Test.run (node:internal/test_runner/test:1402:25)
      at Test.start (node:internal/test_runner/test:1262:17)
      at startSubtestAfterBootstrap (node:internal/test_runner/harness:387:17) {
    generatedMessage: false,
    code: 'ERR_ASSERTION',
    actual: 'undefined',
    expected: 'function',
    operator: 'strictEqual',
    diff: 'simple'
  }

test at scripts/tests/unit/task-tracker/merge-back-verification.test.mjs:38:1
✖ #1882: stale-head evidence is a failed verification, never a suite fallback (75.784875ms)
  AssertionError [ERR_ASSERTION]: registered merge-back must expose its real provider runner
  + actual - expected
  
  + 'undefined'
  - 'function'
  
      at runner (file:///Users/kpburson/projects/Vibe-Coding/ai-task-manager/.worktrees/1882-child-ci-integration/scripts/tests/unit/task-tracker/merge-back-verification.test.mjs:26:10)
      at TestContext.<anonymous> (file:///Users/kpburson/projects/Vibe-Coding/ai-task-manager/.worktrees/1882-child-ci-integration/scripts/tests/unit/task-tracker/merge-back-verification.test.mjs:41:15)
      at Test.runInAsyncScope (node:async_hooks:226:14)
      at Test.run (node:internal/test_runner/test:1402:25)
      at Test.processPendingSubtests (node:internal/test_runner/test:974:18)
      at Test.postRun (node:internal/test_runner/test:1542:19)
      at Test.run (node:internal/test_runner/test:1467:12)
      at async startSubtestAfterBootstrap (node:internal/test_runner/harness:387:3) {
    generatedMessage: false,
    code: 'ERR_ASSERTION',
    actual: 'undefined',
    expected: 'function',
    operator: 'strictEqual',
    diff: 'simple'
  }

test at scripts/tests/unit/task-tracker/merge-back-verification.test.mjs:47:1
✖ #1882: rejected issue commands refuse plan construction before execution (65.865125ms)
  AssertionError [ERR_ASSERTION]: The input did not match the regular expression /rejected|verification/i. Input:
  
  'AssertionError [ERR_ASSERTION]: registered merge-back must expose its real provider runner\n' +
    '+ actual - expected\n' +
    '\n' +
    "+ 'undefined'\n" +
    "- 'function'\n"
  
      at TestContext.<anonymous> (file:///Users/kpburson/projects/Vibe-Coding/ai-task-manager/.worktrees/1882-child-ci-integration/scripts/tests/unit/task-tracker/merge-back-verification.test.mjs:49:10)
      at Test.runInAsyncScope (node:async_hooks:226:14)
      at Test.run (node:internal/test_runner/test:1402:25)
      at Test.processPendingSubtests (node:internal/test_runner/test:974:18)
      at Test.postRun (node:internal/test_runner/test:1542:19)
      at Test.run (node:internal/test_runner/test:1467:12)
      at async Test.processPendingSubtests (node:internal/test_runner/test:974:7) {
    generatedMessage: true,
    code: 'ERR_ASSERTION',
    actual: AssertionError [ERR_ASSERTION]: registered merge-back must expose its real provider runner
    + actual - expected
    
    + 'undefined'
    - 'function'
    
        at runner (file:///Users/kpburson/projects/Vibe-Coding/ai-task-manager/.worktrees/1882-child-ci-integration/scripts/tests/unit/task-tracker/merge-back-verification.test.mjs:26:10)
        at file:///Users/kpburson/projects/Vibe-Coding/ai-task-manager/.worktrees/1882-child-ci-integration/scripts/tests/unit/task-tracker/merge-back-verification.test.mjs:49:23
        at getActual (node:assert:580:5)
        at strict.throws (node:assert:728:24)
        at TestContext.<anonymous> (file:///Users/kpburson/projects/Vibe-Coding/ai-task-manager/.worktrees/1882-child-ci-integration/scripts/tests/unit/task-tracker/merge-back-verification.test.mjs:49:10)
        at Test.runInAsyncScope (node:async_hooks:226:14)
        at Test.run (node:internal/test_runner/test:1402:25)
        at Test.processPendingSubtests (node:internal/test_runner/test:974:18)
        at Test.postRun (node:internal/test_runner/test:1542:19)
        at Test.run (node:internal/test_runner/test:1467:12),
    expected: /rejected|verification/i,
    operator: 'throws',
    diff: 'simple'
  }

test at scripts/tests/unit/task-tracker/merge-back-verification.test.mjs:53:1
✖ #1882: invalid provider configuration cannot silently select Node full suites (75.92175ms)
  AssertionError [ERR_ASSERTION]: The input did not match the regular expression /unknown provider|verification-provider/. Input:
  
  'AssertionError [ERR_ASSERTION]: registered merge-back must expose its real provider runner\n' +
    '+ actual - expected\n' +
    '\n' +
    "+ 'undefined'\n" +
    "- 'function'\n"
  
      at TestContext.<anonymous> (file:///Users/kpburson/projects/Vibe-Coding/ai-task-manager/.worktrees/1882-child-ci-integration/scripts/tests/unit/task-tracker/merge-back-verification.test.mjs:56:10)
      at Test.runInAsyncScope (node:async_hooks:226:14)
      at Test.run (node:internal/test_runner/test:1402:25)
      at Test.processPendingSubtests (node:internal/test_runner/test:974:18)
      at Test.postRun (node:internal/test_runner/test:1542:19)
      at Test.run (node:internal/test_runner/test:1467:12)
      at async Test.processPendingSubtests (node:internal/test_runner/test:974:7) {
    generatedMessage: true,
    code: 'ERR_ASSERTION',
    actual: AssertionError [ERR_ASSERTION]: registered merge-back must expose its real provider runner
    + actual - expected
    
    + 'undefined'
    - 'function'
    
        at runner (file:///Users/kpburson/projects/Vibe-Coding/ai-task-manager/.worktrees/1882-child-ci-integration/scripts/tests/unit/task-tracker/merge-back-verification.test.mjs:26:10)
        at file:///Users/kpburson/projects/Vibe-Coding/ai-task-manager/.worktrees/1882-child-ci-integration/scripts/tests/unit/task-tracker/merge-back-verification.test.mjs:56:23
        at getActual (node:assert:580:5)
        at strict.throws (node:assert:728:24)
        at TestContext.<anonymous> (file:///Users/kpburson/projects/Vibe-Coding/ai-task-manager/.worktrees/1882-child-ci-integration/scripts/tests/unit/task-tracker/merge-back-verification.test.mjs:56:10)
        at Test.runInAsyncScope (node:async_hooks:226:14)
        at Test.run (node:internal/test_runner/test:1402:25)
        at Test.processPendingSubtests (node:internal/test_runner/test:974:18)
        at Test.postRun (node:internal/test_runner/test:1542:19)
        at Test.run (node:internal/test_runner/test:1467:12),
    expected: /unknown provider|verification-provider/,
    operator: 'throws',
    diff: 'simple'
  }

test at scripts/tests/unit/task-tracker/merge-back-verification.test.mjs:59:1
✖ #1882: a passing verifier that changes source cannot authorize integration (75.342042ms)
  AssertionError [ERR_ASSERTION]: registered merge-back must expose its real provider runner
  + actual - expected
  
  + 'undefined'
  - 'function'
  
      at runner (file:///Users/kpburson/projects/Vibe-Coding/ai-task-manager/.worktrees/1882-child-ci-integration/scripts/tests/unit/task-tracker/merge-back-verification.test.mjs:26:10)
      at TestContext.<anonymous> (file:///Users/kpburson/projects/Vibe-Coding/ai-task-manager/.worktrees/1882-child-ci-integration/scripts/tests/unit/task-tracker/merge-back-verification.test.mjs:61:16)
      at Test.runInAsyncScope (node:async_hooks:226:14)
      at Test.run (node:internal/test_runner/test:1402:25)
      at Test.processPendingSubtests (node:internal/test_runner/test:974:18)
      at Test.postRun (node:internal/test_runner/test:1542:19)
      at Test.run (node:internal/test_runner/test:1467:12)
      at async Test.processPendingSubtests (node:internal/test_runner/test:974:7) {
    generatedMessage: false,
    code: 'ERR_ASSERTION',
    actual: 'undefined',
    expected: 'function',
    operator: 'strictEqual',
    diff: 'simple'
  }

test at scripts/tests/unit/task-tracker/merge-back-verification.test.mjs:64:1
✖ #1882: Node default verifies each existing suite section (115.34025ms)
  AssertionError [ERR_ASSERTION]: registered merge-back must expose its real provider runner
  + actual - expected
  
  + 'undefined'
  - 'function'
  
      at runner (file:///Users/kpburson/projects/Vibe-Coding/ai-task-manager/.worktrees/1882-child-ci-integration/scripts/tests/unit/task-tracker/merge-back-verification.test.mjs:26:10)
      at TestContext.<anonymous> (file:///Users/kpburson/projects/Vibe-Coding/ai-task-manager/.worktrees/1882-child-ci-integration/scripts/tests/unit/task-tracker/merge-back-verification.test.mjs:69:16)
      at Test.runInAsyncScope (node:async_hooks:226:14)
      at Test.run (node:internal/test_runner/test:1402:25)
      at Test.processPendingSubtests (node:internal/test_runner/test:974:18)
      at Test.postRun (node:internal/test_runner/test:1542:19)
      at Test.run (node:internal/test_runner/test:1467:12)
      at async Test.processPendingSubtests (node:internal/test_runner/test:974:7) {
    generatedMessage: false,
    code: 'ERR_ASSERTION',
    actual: 'undefined',
    expected: 'function',
    operator: 'strictEqual',
    diff: 'simple'
  }
