
up to date in 535ms

up to date in 200ms

up to date in 182ms
file:///Users/kpburson/projects/Vibe-Coding/ai-task-manager/.worktrees/1882-child-ci-integration/.scratch/merge-back-provider-ttSoKs/verify.mjs:1
import {execFileSync} from 'node:child_process'; import {readFileSync} from 'node:fs'; const actual=execFileSync('git',['rev-parse','HEAD'],{encoding:'utf8'}).trim(); if(readFileSync('receipt-head.txt','utf8')!==actual) throw new Error('stale evidence');
                                                                                                                                                                                                                                  ^

Error: stale evidence
    at file:///Users/kpburson/projects/Vibe-Coding/ai-task-manager/.worktrees/1882-child-ci-integration/.scratch/merge-back-provider-ttSoKs/verify.mjs:1:227
    at ModuleJob.run (node:internal/modules/esm/module_job:569:25)
    at async node:internal/modules/esm/loader:650:26
    at async asyncRunEntryPointWithESMLoader (node:internal/modules/run_main:101:5)

Node.js v26.8.1
merge-back: verification refused: Command failed: node verify.mjs

up to date in 200ms
merge-back: verification refused: merge-back: verifier changed source or HEAD
npm notice run merge-back-fixture@1.0.0 test:unit
npm notice run node section.mjs unit
npm notice run merge-back-fixture@1.0.0 test:integration
npm notice run node section.mjs integration
npm notice run merge-back-fixture@1.0.0 test:slow
npm notice run node section.mjs slow
✔ #1882: project verification executes configured and declared commands without default suites (1077.656416ms)
✔ #1882: stale-head evidence is a failed verification, never a suite fallback (919.302583ms)
✔ #1882: rejected issue commands refuse plan construction before execution (64.564458ms)
✔ #1882: invalid provider configuration cannot silently select Node full suites (77.82175ms)
✔ #1882: a passing verifier that changes source cannot authorize integration (457.888375ms)
✔ #1882: Node default verifies each existing suite section (958.846792ms)
✔ clean fast-forward path: sync-skip, rebase child, test, ff, cleanup (0.963917ms)
✔ #1611: cleanup detaches a configured upstream before safe child deletion (0.13075ms)
✔ nested epic follows the same recursive merge-back path into its immediate epic parent (0.603292ms)
✔ grandparent advanced: epic is rebased onto trunk before the child merge (0.1175ms)
✔ rebase conflict on the child refuses before any merge (0.284125ms)
✔ post-rebase test failure refuses the merge and skips cleanup (0.107875ms)
✔ #864: the test-runner runs bounded sections, not the retired test:all (0.434583ms)
✔ refuses a non-child issue (0.199333ms)
✔ requires child, git, and a test runner (0.155083ms)
✔ #1485: graph mapping preserves a valid parent custom branch (0.737166ms)
✔ #1601: graph mapping preserves the current issue custom branch and worktree (0.17375ms)
✔ #1601: malformed and ambiguous current issue authority map to authorityError (0.222083ms)
✔ #1485: a parent body with no authority marker preserves canonical fallback (0.089458ms)
✔ #1485: a root node with no parent carries no authority fields (0.0745ms)
✔ #1485: malformed and ambiguous parent authority map to parentAuthorityError (0.157208ms)
✔ #1485: a non-null parent with an unavailable body refuses (0.09375ms)
✔ #1485: graph loader prefetches child and immediate epic by issue number (0.157375ms)
✔ #1601: production graph loading reads own and parent worktree authority separately (0.174208ms)
✔ #1485: a node outside the prefetched set fails closed rather than being fabricated (0.07825ms)
✔ #1486: merge-back delegates authority and parent fetching to the shared adapter (0.24575ms)
✔ #1601: a recorded custom child branch drives rebase, merge, and cleanup (0.131667ms)
✔ #1601: recorded child path and checked-out branch mismatches refuse before mutation (0.159875ms)
✔ #1485: a recorded custom epic branch drives rebase, checkout, and fast-forward (0.101916ms)
✔ #1485: parent authority failure refuses before any git or test-runner call (0.10275ms)
✔ #1485: the CLI wires the prefetched keyed graph, not a constant single node (0.248125ms)
✔ #1882: preservation retains the child checkout, branch and upstream after integration (0.084291ms)
✔ #1882: non-boolean verification cannot silently authorize a merge (0.133417ms)
✔ #1882: invalid preservation values refuse before any Git mutation (0.054875ms)
ℹ tests 34
ℹ suites 0
ℹ pass 34
ℹ fail 0
ℹ cancelled 0
ℹ skipped 0
ℹ todo 0
ℹ duration_ms 3856.646417
