{
  "tests": [
    "scripts/tests/integration/meta/test-tree-layout.test.mjs",
    "scripts/tests/integration/package/doctor-cli.test.mjs",
    "scripts/tests/integration/package/install-manifest.test.mjs",
    "scripts/tests/integration/review/peer-review-decommission.test.mjs",
    "scripts/tests/integration/task-tracker/core/templates.test.mjs",
    "scripts/tests/integration/task-tracker/lib/action-capture.test.mjs",
    "scripts/tests/integration/task-tracker/lib/action-test.test.mjs",
    "scripts/tests/integration/task-tracker/lib/actor-flush-isolation.test.mjs",
    "scripts/tests/integration/task-tracker/lib/coverage-cli.test.mjs",
    "scripts/tests/integration/task-tracker/lib/defect-shape.test.mjs",
    "scripts/tests/integration/task-tracker/lib/guidance-admission.test.mjs",
    "scripts/tests/integration/task-tracker/lib/guidance-release.test.mjs",
    "scripts/tests/integration/task-tracker/lib/guidance-source-trust.test.mjs",
    "scripts/tests/integration/task-tracker/lib/install-hooks.test.mjs",
    "scripts/tests/integration/task-tracker/lib/pr1866-review-regressions.test.mjs",
    "scripts/tests/integration/task-tracker/lib/stage-aware-verification.integration.test.mjs",
    "scripts/tests/integration/task-tracker/lib/verification-provider.integration.test.mjs",
    "scripts/tests/integration/task-tracker/merge-back-cli.test.mjs",
    "scripts/tests/integration/task-tracker/merge-back-verification.test.mjs",
    "scripts/tests/integration/task-tracker/verbs/delivery-attribution-exception.test.mjs",
    "scripts/tests/integration/task-tracker/verbs/github-record-test-review-gates.test.mjs",
    "scripts/tests/integration/task-tracker/verbs/help.test.mjs",
    "scripts/tests/integration/task-tracker/verbs/shelve.test.mjs",
    "scripts/tests/integration/task-tracker/verbs/workflow-preflight.test.mjs",
    "scripts/tests/slow/task-tracker/core/verify-develop.test.mjs",
    "scripts/tests/slow/task-tracker/lib/agentic-help-runtime.test.mjs",
    "scripts/tests/slow/task-tracker/lib/aitm-dispatcher.test.mjs",
    "scripts/tests/slow/task-tracker/lib/epic-tree.test.mjs",
    "scripts/tests/slow/task-tracker/lib/ready-for-plan-live-migration.test.mjs",
    "scripts/tests/slow/task-tracker/verbs/deadlock-regression.test.mjs",
    "scripts/tests/slow/task-tracker/verbs/verb-test-remove-worktree.test.mjs",
    "scripts/tests/unit/gh/create-issue.test.mjs",
    "scripts/tests/unit/package/doctor.test.mjs",
    "scripts/tests/unit/providers/parity.test.mjs",
    "scripts/tests/unit/task-tracker/core/aitm-ismain-symlink.test.mjs",
    "scripts/tests/unit/task-tracker/core/backfill-disposition.test.mjs",
    "scripts/tests/unit/task-tracker/core/backfill-plan-metadata.test.mjs",
    "scripts/tests/unit/task-tracker/core/backfill-story-origin.test.mjs",
    "scripts/tests/unit/task-tracker/core/backfill-timing-logs.test.mjs",
    "scripts/tests/unit/task-tracker/core/backfill-vc-sections-help.test.mjs",
    "scripts/tests/unit/task-tracker/core/backfill-vc-sections-strict-argv.test.mjs",
    "scripts/tests/unit/task-tracker/core/backfill-vc-sections.test.mjs",
    "scripts/tests/unit/task-tracker/core/command-manifest.test.mjs",
    "scripts/tests/unit/task-tracker/core/coverage-backfill-plan-metadata.test.mjs",
    "scripts/tests/unit/task-tracker/core/coverage-backfill-timing-logs.test.mjs",
    "scripts/tests/unit/task-tracker/core/coverage-backfill-vc-sections.test.mjs",
    "scripts/tests/unit/task-tracker/core/coverage-heal-backlog.test.mjs",
    "scripts/tests/unit/task-tracker/core/coverage-heal-entry-markers.test.mjs",
    "scripts/tests/unit/task-tracker/core/coverage-heal-functional-dod.test.mjs",
    "scripts/tests/unit/task-tracker/core/coverage-heal-refine-entry-marker.test.mjs",
    "scripts/tests/unit/task-tracker/core/coverage-heal-timing-starts.test.mjs",
    "scripts/tests/unit/task-tracker/core/coverage-migrate-fields-encoding.test.mjs",
    "scripts/tests/unit/task-tracker/core/coverage-migrate-plan-approved.test.mjs",
    "scripts/tests/unit/task-tracker/core/heal-backlog-core.test.mjs",
    "scripts/tests/unit/task-tracker/core/heal-backlog-entry-marker.test.mjs",
    "scripts/tests/unit/task-tracker/core/heal-backlog-fields.test.mjs",
    "scripts/tests/unit/task-tracker/core/heal-backlog-schema-drift.test.mjs",
    "scripts/tests/unit/task-tracker/core/heal-entry-markers-backlog-fallback.test.mjs",
    "scripts/tests/unit/task-tracker/core/heal-entry-markers-monotonize.test.mjs",
    "scripts/tests/unit/task-tracker/core/heal-entry-markers-visit-aware.test.mjs",
    "scripts/tests/unit/task-tracker/core/heal-entry-markers-zero-marker-backlog.test.mjs",
    "scripts/tests/unit/task-tracker/core/heal-functional-dod.test.mjs",
    "scripts/tests/unit/task-tracker/core/heal-refine-entry-marker.test.mjs",
    "scripts/tests/unit/task-tracker/core/heal-timing-log-command.test.mjs",
    "scripts/tests/unit/task-tracker/core/heal-timing-starts-command.test.mjs",
    "scripts/tests/unit/task-tracker/core/lane-split-seed.test.mjs",
    "scripts/tests/unit/task-tracker/core/measure-context.test.mjs",
    "scripts/tests/unit/task-tracker/core/migrate-fields-encoding.test.mjs",
    "scripts/tests/unit/task-tracker/core/migrate-plan-approved.test.mjs",
    "scripts/tests/unit/task-tracker/core/mutate-issue-body-scripts-help-audit.test.mjs",
    "scripts/tests/unit/task-tracker/core/package-boundary.test.mjs",
    "scripts/tests/unit/task-tracker/core/skill-stub-seed-directive.test.mjs",
    "scripts/tests/unit/task-tracker/core/timing-unknown-projection.test.mjs",
    "scripts/tests/unit/task-tracker/core/verify-delivery-incident-reconciliation.test.mjs",
    "scripts/tests/unit/task-tracker/cut-child-worktree.test.mjs",
    "scripts/tests/unit/task-tracker/cut-epic-branch.test.mjs",
    "scripts/tests/unit/task-tracker/gh/coverage-dispatch-prep.test.mjs",
    "scripts/tests/unit/task-tracker/gh/coverage-init-repair.test.mjs",
    "scripts/tests/unit/task-tracker/gh/coverage-set-priority.test.mjs",
    "scripts/tests/unit/task-tracker/gh/coverage-verify-open-issue-bodies.test.mjs",
    "scripts/tests/unit/task-tracker/gh/create-issue-kind-prefix.test.mjs",
    "scripts/tests/unit/task-tracker/gh/create-issue-resolve-assignee.test.mjs",
    "scripts/tests/unit/task-tracker/gh/dispatch-prep-inprocess.test.mjs",
    "scripts/tests/unit/task-tracker/gh/disposition-install-repair.test.mjs",
    "scripts/tests/unit/task-tracker/gh/entry-marker-scaffold.test.mjs",
    "scripts/tests/unit/task-tracker/gh/log-issue-time-labels.test.mjs",
    "scripts/tests/unit/task-tracker/gh/status-config-projections.test.mjs",
    "scripts/tests/unit/task-tracker/gh/verify-open-issue-bodies.test.mjs",
    "scripts/tests/unit/task-tracker/lib/aitm-path-guard.test.mjs",
    "scripts/tests/unit/task-tracker/lib/close-repair.test.mjs",
    "scripts/tests/unit/task-tracker/lib/command-catalog-parser-policy.test.mjs",
    "scripts/tests/unit/task-tracker/lib/command-catalog-policy.test.mjs",
    "scripts/tests/unit/task-tracker/lib/coverage-heal-backlog-cli.test.mjs",
    "scripts/tests/unit/task-tracker/lib/current-schema-issue-authoring.test.mjs",
    "scripts/tests/unit/task-tracker/lib/executable-entrypoint-classification.test.mjs",
    "scripts/tests/unit/task-tracker/lib/heal-actor-opener-replays.test.mjs",
    "scripts/tests/unit/task-tracker/lib/heal-entry-markers-delegates.test.mjs",
    "scripts/tests/unit/task-tracker/lib/heal-lifecycle-dod.test.mjs",
    "scripts/tests/unit/task-tracker/lib/heal-timing-departure-repair.test.mjs",
    "scripts/tests/unit/task-tracker/lib/heal-vc-refs.test.mjs",
    "scripts/tests/unit/task-tracker/lib/memory-index-hook.test.mjs",
    "scripts/tests/unit/task-tracker/lib/preflight-issue.test.mjs",
    "scripts/tests/unit/task-tracker/lib/settings-hook-bootstrap.test.mjs",
    "scripts/tests/unit/task-tracker/lib/story-origin-authoring.test.mjs",
    "scripts/tests/unit/task-tracker/lib/sync-templates.test.mjs",
    "scripts/tests/unit/task-tracker/lib/test-sha-drift-gate.test.mjs",
    "scripts/tests/unit/task-tracker/lib/test-verb-receipt-refusal-audit.test.mjs",
    "scripts/tests/unit/task-tracker/lib/test-verb-receipt-retirement.test.mjs",
    "scripts/tests/unit/task-tracker/lib/test-verb-receipt-reuse.test.mjs",
    "scripts/tests/unit/task-tracker/lib/test-verb-result.test.mjs",
    "scripts/tests/unit/task-tracker/lib/test-verb-retry.test.mjs",
    "scripts/tests/unit/task-tracker/lib/test-verb-sandbox.test.mjs",
    "scripts/tests/unit/task-tracker/lib/user-story-author.test.mjs",
    "scripts/tests/unit/task-tracker/lib/verification-stage-ownership.test.mjs",
    "scripts/tests/unit/task-tracker/lib/writer-consolidated-declaration.test.mjs",
    "scripts/tests/unit/task-tracker/maintenance/heal-timing-departure-cli.test.mjs",
    "scripts/tests/unit/task-tracker/maintenance/heal-timing-interval-cli.test.mjs",
    "scripts/tests/unit/task-tracker/maintenance/rename-estimation-headers.test.mjs",
    "scripts/tests/unit/task-tracker/merge-back.test.mjs",
    "scripts/tests/unit/task-tracker/sync-epic.test.mjs",
    "scripts/tests/unit/task-tracker/verbs/epic-wave.test.mjs",
    "scripts/tests/unit/task-tracker/verbs/help.test.mjs",
    "scripts/tests/unit/task-tracker/verbs/incident-ledger.test.mjs",
    "scripts/tests/unit/task-tracker/verbs/move-inprocess-parity.test.mjs",
    "scripts/tests/unit/task-tracker/verbs/next-alias.test.mjs",
    "scripts/tests/unit/task-tracker/verbs/plan-estimate.test.mjs",
    "scripts/tests/unit/task-tracker/verbs/promote-test-delegation.test.mjs",
    "scripts/tests/unit/task-tracker/verbs/sandbox-env-isolation.test.mjs",
    "scripts/tests/unit/task-tracker/verbs/test-project-provider-npm-ci-args.test.mjs",
    "scripts/tests/unit/task-tracker/verbs/test-rejected-vc-not-scored-as-failed.test.mjs",
    "scripts/tests/unit/task-tracker/verbs/test-verb-kind-aware-lanes.test.mjs",
    "scripts/tests/unit/task-tracker/verbs/test-verb-lane-split-migration.test.mjs",
    "scripts/tests/unit/task-tracker/verbs/test-verb-sandbox-worktree-path.test.mjs",
    "scripts/tests/unit/task-tracker/verbs/verb-discover-help.test.mjs",
    "scripts/tests/unit/task-tracker/verbs/verb-test-sandbox-env.test.mjs",
    "scripts/tests/unit/tools/compare-test-fixtures.test.mjs"
  ],
  "lanes": [],
  "reasons": [
    {
      "changedPath": "docs/guides/workflow.md",
      "test": null,
      "signal": "no-verification-impact",
      "reason": "path has no source, test, fixture, runner, dependency, or verification impact"
    },
    {
      "changedPath": "scripts/lib/self-doc.mjs",
      "test": "scripts/tests/integration/package/doctor-cli.test.mjs",
      "signal": "import-transitive",
      "reason": "test transitively imports changed path"
    },
    {
      "changedPath": "scripts/lib/self-doc.mjs",
      "test": "scripts/tests/integration/package/install-manifest.test.mjs",
      "signal": "import-transitive",
      "reason": "test transitively imports changed path"
    },
    {
      "changedPath": "scripts/lib/self-doc.mjs",
      "test": "scripts/tests/integration/review/peer-review-decommission.test.mjs",
      "signal": "import-transitive",
      "reason": "test transitively imports changed path"
    },
    {
      "changedPath": "scripts/lib/self-doc.mjs",
      "test": "scripts/tests/integration/task-tracker/core/templates.test.mjs",
      "signal": "import-transitive",
      "reason": "test transitively imports changed path"
    },
    {
      "changedPath": "scripts/lib/self-doc.mjs",
      "test": "scripts/tests/integration/task-tracker/lib/action-capture.test.mjs",
      "signal": "import-transitive",
      "reason": "test transitively imports changed path"
    },
    {
      "changedPath": "scripts/lib/self-doc.mjs",
      "test": "scripts/tests/integration/task-tracker/lib/action-test.test.mjs",
      "signal": "import-transitive",
      "reason": "test transitively imports changed path"
    },
    {
      "changedPath": "scripts/lib/self-doc.mjs",
      "test": "scripts/tests/integration/task-tracker/lib/actor-flush-isolation.test.mjs",
      "signal": "import-transitive",
      "reason": "test transitively imports changed path"
    },
    {
      "changedPath": "scripts/lib/self-doc.mjs",
      "test": "scripts/tests/integration/task-tracker/lib/coverage-cli.test.mjs",
      "signal": "import-transitive",
      "reason": "test transitively imports changed path"
    },
    {
      "changedPath": "scripts/lib/self-doc.mjs",
      "test": "scripts/tests/integration/task-tracker/lib/defect-shape.test.mjs",
      "signal": "import-transitive",
      "reason": "test transitively imports changed path"
    },
    {
      "changedPath": "scripts/lib/self-doc.mjs",
      "test": "scripts/tests/integration/task-tracker/lib/guidance-admission.test.mjs",
      "signal": "import-transitive",
      "reason": "test transitively imports changed path"
    },
    {
      "changedPath": "scripts/lib/self-doc.mjs",
      "test": "scripts/tests/integration/task-tracker/lib/guidance-release.test.mjs",
      "signal": "import-transitive",
      "reason": "test transitively imports changed path"
    },
    {
      "changedPath": "scripts/lib/self-doc.mjs",
      "test": "scripts/tests/integration/task-tracker/lib/guidance-source-trust.test.mjs",
      "signal": "import-transitive",
      "reason": "test transitively imports changed path"
    },
    {
      "changedPath": "scripts/lib/self-doc.mjs",
      "test": "scripts/tests/integration/task-tracker/lib/install-hooks.test.mjs",
      "signal": "import-transitive",
      "reason": "test transitively imports changed path"
    },
    {
      "changedPath": "scripts/lib/self-doc.mjs",
      "test": "scripts/tests/integration/task-tracker/lib/pr1866-review-regressions.test.mjs",
      "signal": "import-transitive",
      "reason": "test transitively imports changed path"
    },
    {
      "changedPath": "scripts/lib/self-doc.mjs",
      "test": "scripts/tests/integration/task-tracker/lib/stage-aware-verification.integration.test.mjs",
      "signal": "import-transitive",
      "reason": "test transitively imports changed path"
    },
    {
      "changedPath": "scripts/lib/self-doc.mjs",
      "test": "scripts/tests/integration/task-tracker/lib/verification-provider.integration.test.mjs",
      "signal": "import-transitive",
      "reason": "test transitively imports changed path"
    },
    {
      "changedPath": "scripts/lib/self-doc.mjs",
      "test": "scripts/tests/integration/task-tracker/merge-back-cli.test.mjs",
      "signal": "import-transitive",
      "reason": "test transitively imports changed path"
    },
    {
      "changedPath": "scripts/lib/self-doc.mjs",
      "test": "scripts/tests/integration/task-tracker/merge-back-verification.test.mjs",
      "signal": "import-transitive",
      "reason": "test transitively imports changed path"
    },
    {
      "changedPath": "scripts/lib/self-doc.mjs",
      "test": "scripts/tests/integration/task-tracker/verbs/delivery-attribution-exception.test.mjs",
      "signal": "import-transitive",
      "reason": "test transitively imports changed path"
    },
    {
      "changedPath": "scripts/lib/self-doc.mjs",
      "test": "scripts/tests/integration/task-tracker/verbs/github-record-test-review-gates.test.mjs",
      "signal": "import-transitive",
      "reason": "test transitively imports changed path"
    },
    {
      "changedPath": "scripts/lib/self-doc.mjs",
      "test": "scripts/tests/integration/task-tracker/verbs/help.test.mjs",
      "signal": "import-transitive",
      "reason": "test transitively imports changed path"
    },
    {
      "changedPath": "scripts/lib/self-doc.mjs",
      "test": "scripts/tests/integration/task-tracker/verbs/shelve.test.mjs",
      "signal": "import-transitive",
      "reason": "test transitively imports changed path"
    },
    {
      "changedPath": "scripts/lib/self-doc.mjs",
      "test": "scripts/tests/integration/task-tracker/verbs/workflow-preflight.test.mjs",
      "signal": "import-transitive",
      "reason": "test transitively imports changed path"
    },
    {
      "changedPath": "scripts/lib/self-doc.mjs",
      "test": "scripts/tests/slow/task-tracker/core/verify-develop.test.mjs",
      "signal": "import-transitive",
      "reason": "test transitively imports changed path"
    },
    {
      "changedPath": "scripts/lib/self-doc.mjs",
      "test": "scripts/tests/slow/task-tracker/lib/agentic-help-runtime.test.mjs",
      "signal": "import-transitive",
      "reason": "test transitively imports changed path"
    },
    {
      "changedPath": "scripts/lib/self-doc.mjs",
      "test": "scripts/tests/slow/task-tracker/lib/aitm-dispatcher.test.mjs",
      "signal": "import-transitive",
      "reason": "test transitively imports changed path"
    },
    {
      "changedPath": "scripts/lib/self-doc.mjs",
      "test": "scripts/tests/slow/task-tracker/lib/epic-tree.test.mjs",
      "signal": "import-transitive",
      "reason": "test transitively imports changed path"
    },
    {
      "changedPath": "scripts/lib/self-doc.mjs",
      "test": "scripts/tests/slow/task-tracker/lib/ready-for-plan-live-migration.test.mjs",
      "signal": "import-direct",
      "reason": "test statically imports changed path"
    },
    {
      "changedPath": "scripts/lib/self-doc.mjs",
      "test": "scripts/tests/slow/task-tracker/verbs/deadlock-regression.test.mjs",
      "signal": "import-transitive",
      "reason": "test transitively imports changed path"
    },
    {
      "changedPath": "scripts/lib/self-doc.mjs",
      "test": "scripts/tests/slow/task-tracker/verbs/verb-test-remove-worktree.test.mjs",
      "signal": "import-transitive",
      "reason": "test transitively imports changed path"
    },
    {
      "changedPath": "scripts/lib/self-doc.mjs",
      "test": "scripts/tests/unit/gh/create-issue.test.mjs",
      "signal": "import-transitive",
      "reason": "test transitively imports changed path"
    },
    {
      "changedPath": "scripts/lib/self-doc.mjs",
      "test": "scripts/tests/unit/package/doctor.test.mjs",
      "signal": "import-transitive",
      "reason": "test transitively imports changed path"
    },
    {
      "changedPath": "scripts/lib/self-doc.mjs",
      "test": "scripts/tests/unit/providers/parity.test.mjs",
      "signal": "import-transitive",
      "reason": "test transitively imports changed path"
    },
    {
      "changedPath": "scripts/lib/self-doc.mjs",
      "test": "scripts/tests/unit/task-tracker/core/aitm-ismain-symlink.test.mjs",
      "signal": "import-transitive",
      "reason": "test transitively imports changed path"
    },
    {
      "changedPath": "scripts/lib/self-doc.mjs",
      "test": "scripts/tests/unit/task-tracker/core/backfill-disposition.test.mjs",
      "signal": "import-transitive",
      "reason": "test transitively imports changed path"
    },
    {
      "changedPath": "scripts/lib/self-doc.mjs",
      "test": "scripts/tests/unit/task-tracker/core/backfill-plan-metadata.test.mjs",
      "signal": "import-transitive",
      "reason": "test transitively imports changed path"
    },
    {
      "changedPath": "scripts/lib/self-doc.mjs",
      "test": "scripts/tests/unit/task-tracker/core/backfill-story-origin.test.mjs",
      "signal": "import-transitive",
      "reason": "test transitively imports changed path"
    },
    {
      "changedPath": "scripts/lib/self-doc.mjs",
      "test": "scripts/tests/unit/task-tracker/core/backfill-timing-logs.test.mjs",
      "signal": "import-transitive",
      "reason": "test transitively imports changed path"
    },
    {
      "changedPath": "scripts/lib/self-doc.mjs",
      "test": "scripts/tests/unit/task-tracker/core/backfill-vc-sections-help.test.mjs",
      "signal": "import-transitive",
      "reason": "test transitively imports changed path"
    },
    {
      "changedPath": "scripts/lib/self-doc.mjs",
      "test": "scripts/tests/unit/task-tracker/core/backfill-vc-sections-strict-argv.test.mjs",
      "signal": "import-transitive",
      "reason": "test transitively imports changed path"
    },
    {
      "changedPath": "scripts/lib/self-doc.mjs",
      "test": "scripts/tests/unit/task-tracker/core/backfill-vc-sections.test.mjs",
      "signal": "import-transitive",
      "reason": "test transitively imports changed path"
    },
    {
      "changedPath": "scripts/lib/self-doc.mjs",
      "test": "scripts/tests/unit/task-tracker/core/command-manifest.test.mjs",
      "signal": "import-transitive",
      "reason": "test transitively imports changed path"
    },
    {
      "changedPath": "scripts/lib/self-doc.mjs",
      "test": "scripts/tests/unit/task-tracker/core/coverage-backfill-plan-metadata.test.mjs",
      "signal": "import-transitive",
      "reason": "test transitively imports changed path"
    },
    {
      "changedPath": "scripts/lib/self-doc.mjs",
      "test": "scripts/tests/unit/task-tracker/core/coverage-backfill-timing-logs.test.mjs",
      "signal": "import-transitive",
      "reason": "test transitively imports changed path"
    },
    {
      "changedPath": "scripts/lib/self-doc.mjs",
      "test": "scripts/tests/unit/task-tracker/core/coverage-backfill-vc-sections.test.mjs",
      "signal": "import-transitive",
      "reason": "test transitively imports changed path"
    },
    {
      "changedPath": "scripts/lib/self-doc.mjs",
      "test": "scripts/tests/unit/task-tracker/core/coverage-heal-backlog.test.mjs",
      "signal": "import-transitive",
      "reason": "test transitively imports changed path"
    },
    {
      "changedPath": "scripts/lib/self-doc.mjs",
      "test": "scripts/tests/unit/task-tracker/core/coverage-heal-entry-markers.test.mjs",
      "signal": "import-transitive",
      "reason": "test transitively imports changed path"
    },
    {
      "changedPath": "scripts/lib/self-doc.mjs",
      "test": "scripts/tests/unit/task-tracker/core/coverage-heal-functional-dod.test.mjs",
      "signal": "import-transitive",
      "reason": "test transitively imports changed path"
    },
    {
      "changedPath": "scripts/lib/self-doc.mjs",
      "test": "scripts/tests/unit/task-tracker/core/coverage-heal-refine-entry-marker.test.mjs",
      "signal": "import-transitive",
      "reason": "test transitively imports changed path"
    },
    {
      "changedPath": "scripts/lib/self-doc.mjs",
      "test": "scripts/tests/unit/task-tracker/core/coverage-heal-timing-starts.test.mjs",
      "signal": "import-transitive",
      "reason": "test transitively imports changed path"
    },
    {
      "changedPath": "scripts/lib/self-doc.mjs",
      "test": "scripts/tests/unit/task-tracker/core/coverage-migrate-fields-encoding.test.mjs",
      "signal": "import-transitive",
      "reason": "test transitively imports changed path"
    },
    {
      "changedPath": "scripts/lib/self-doc.mjs",
      "test": "scripts/tests/unit/task-tracker/core/coverage-migrate-plan-approved.test.mjs",
      "signal": "import-transitive",
      "reason": "test transitively imports changed path"
    },
    {
      "changedPath": "scripts/lib/self-doc.mjs",
      "test": "scripts/tests/unit/task-tracker/core/heal-backlog-core.test.mjs",
      "signal": "import-transitive",
      "reason": "test transitively imports changed path"
    },
    {
      "changedPath": "scripts/lib/self-doc.mjs",
      "test": "scripts/tests/unit/task-tracker/core/heal-backlog-entry-marker.test.mjs",
      "signal": "import-transitive",
      "reason": "test transitively imports changed path"
    },
    {
      "changedPath": "scripts/lib/self-doc.mjs",
      "test": "scripts/tests/unit/task-tracker/core/heal-backlog-fields.test.mjs",
      "signal": "import-transitive",
      "reason": "test transitively imports changed path"
    },
    {
      "changedPath": "scripts/lib/self-doc.mjs",
      "test": "scripts/tests/unit/task-tracker/core/heal-backlog-schema-drift.test.mjs",
      "signal": "import-transitive",
      "reason": "test transitively imports changed path"
    },
    {
      "changedPath": "scripts/lib/self-doc.mjs",
      "test": "scripts/tests/unit/task-tracker/core/heal-entry-markers-backlog-fallback.test.mjs",
      "signal": "import-transitive",
      "reason": "test transitively imports changed path"
    },
    {
      "changedPath": "scripts/lib/self-doc.mjs",
      "test": "scripts/tests/unit/task-tracker/core/heal-entry-markers-monotonize.test.mjs",
      "signal": "import-transitive",
      "reason": "test transitively imports changed path"
    },
    {
      "changedPath": "scripts/lib/self-doc.mjs",
      "test": "scripts/tests/unit/task-tracker/core/heal-entry-markers-visit-aware.test.mjs",
      "signal": "import-transitive",
      "reason": "test transitively imports changed path"
    },
    {
      "changedPath": "scripts/lib/self-doc.mjs",
      "test": "scripts/tests/unit/task-tracker/core/heal-entry-markers-zero-marker-backlog.test.mjs",
      "signal": "import-transitive",
      "reason": "test transitively imports changed path"
    },
    {
      "changedPath": "scripts/lib/self-doc.mjs",
      "test": "scripts/tests/unit/task-tracker/core/heal-functional-dod.test.mjs",
      "signal": "import-transitive",
      "reason": "test transitively imports changed path"
    },
    {
      "changedPath": "scripts/lib/self-doc.mjs",
      "test": "scripts/tests/unit/task-tracker/core/heal-refine-entry-marker.test.mjs",
      "signal": "import-transitive",
      "reason": "test transitively imports changed path"
    },
    {
      "changedPath": "scripts/lib/self-doc.mjs",
      "test": "scripts/tests/unit/task-tracker/core/heal-timing-log-command.test.mjs",
      "signal": "import-transitive",
      "reason": "test transitively imports changed path"
    },
    {
      "changedPath": "scripts/lib/self-doc.mjs",
      "test": "scripts/tests/unit/task-tracker/core/heal-timing-starts-command.test.mjs",
      "signal": "import-transitive",
      "reason": "test transitively imports changed path"
    },
    {
      "changedPath": "scripts/lib/self-doc.mjs",
      "test": "scripts/tests/unit/task-tracker/core/lane-split-seed.test.mjs",
      "signal": "import-transitive",
      "reason": "test transitively imports changed path"
    },
    {
      "changedPath": "scripts/lib/self-doc.mjs",
      "test": "scripts/tests/unit/task-tracker/core/measure-context.test.mjs",
      "signal": "import-transitive",
      "reason": "test transitively imports changed path"
    },
    {
      "changedPath": "scripts/lib/self-doc.mjs",
      "test": "scripts/tests/unit/task-tracker/core/migrate-fields-encoding.test.mjs",
      "signal": "import-transitive",
      "reason": "test transitively imports changed path"
    },
    {
      "changedPath": "scripts/lib/self-doc.mjs",
      "test": "scripts/tests/unit/task-tracker/core/migrate-plan-approved.test.mjs",
      "signal": "import-transitive",
      "reason": "test transitively imports changed path"
    },
    {
      "changedPath": "scripts/lib/self-doc.mjs",
      "test": "scripts/tests/unit/task-tracker/core/mutate-issue-body-scripts-help-audit.test.mjs",
      "signal": "import-transitive",
      "reason": "test transitively imports changed path"
    },
    {
      "changedPath": "scripts/lib/self-doc.mjs",
      "test": "scripts/tests/unit/task-tracker/core/skill-stub-seed-directive.test.mjs",
      "signal": "import-transitive",
      "reason": "test transitively imports changed path"
    },
    {
      "changedPath": "scripts/lib/self-doc.mjs",
      "test": "scripts/tests/unit/task-tracker/core/timing-unknown-projection.test.mjs",
      "signal": "import-transitive",
      "reason": "test transitively imports changed path"
    },
    {
      "changedPath": "scripts/lib/self-doc.mjs",
      "test": "scripts/tests/unit/task-tracker/core/verify-delivery-incident-reconciliation.test.mjs",
      "signal": "import-transitive",
      "reason": "test transitively imports changed path"
    },
    {
      "changedPath": "scripts/lib/self-doc.mjs",
      "test": "scripts/tests/unit/task-tracker/cut-child-worktree.test.mjs",
      "signal": "import-transitive",
      "reason": "test transitively imports changed path"
    },
    {
      "changedPath": "scripts/lib/self-doc.mjs",
      "test": "scripts/tests/unit/task-tracker/cut-epic-branch.test.mjs",
      "signal": "import-transitive",
      "reason": "test transitively imports changed path"
    },
    {
      "changedPath": "scripts/lib/self-doc.mjs",
      "test": "scripts/tests/unit/task-tracker/gh/coverage-dispatch-prep.test.mjs",
      "signal": "import-transitive",
      "reason": "test transitively imports changed path"
    },
    {
      "changedPath": "scripts/lib/self-doc.mjs",
      "test": "scripts/tests/unit/task-tracker/gh/coverage-init-repair.test.mjs",
      "signal": "import-transitive",
      "reason": "test transitively imports changed path"
    },
    {
      "changedPath": "scripts/lib/self-doc.mjs",
      "test": "scripts/tests/unit/task-tracker/gh/coverage-set-priority.test.mjs",
      "signal": "import-transitive",
      "reason": "test transitively imports changed path"
    },
    {
      "changedPath": "scripts/lib/self-doc.mjs",
      "test": "scripts/tests/unit/task-tracker/gh/coverage-verify-open-issue-bodies.test.mjs",
      "signal": "import-transitive",
      "reason": "test transitively imports changed path"
    },
    {
      "changedPath": "scripts/lib/self-doc.mjs",
      "test": "scripts/tests/unit/task-tracker/gh/create-issue-kind-prefix.test.mjs",
      "signal": "import-transitive",
      "reason": "test transitively imports changed path"
    },
    {
      "changedPath": "scripts/lib/self-doc.mjs",
      "test": "scripts/tests/unit/task-tracker/gh/create-issue-resolve-assignee.test.mjs",
      "signal": "import-transitive",
      "reason": "test transitively imports changed path"
    },
    {
      "changedPath": "scripts/lib/self-doc.mjs",
      "test": "scripts/tests/unit/task-tracker/gh/dispatch-prep-inprocess.test.mjs",
      "signal": "import-transitive",
      "reason": "test transitively imports changed path"
    },
    {
      "changedPath": "scripts/lib/self-doc.mjs",
      "test": "scripts/tests/unit/task-tracker/gh/disposition-install-repair.test.mjs",
      "signal": "import-transitive",
      "reason": "test transitively imports changed path"
    },
    {
      "changedPath": "scripts/lib/self-doc.mjs",
      "test": "scripts/tests/unit/task-tracker/gh/entry-marker-scaffold.test.mjs",
      "signal": "import-transitive",
      "reason": "test transitively imports changed path"
    },
    {
      "changedPath": "scripts/lib/self-doc.mjs",
      "test": "scripts/tests/unit/task-tracker/gh/log-issue-time-labels.test.mjs",
      "signal": "import-transitive",
      "reason": "test transitively imports changed path"
    },
    {
      "changedPath": "scripts/lib/self-doc.mjs",
      "test": "scripts/tests/unit/task-tracker/gh/status-config-projections.test.mjs",
      "signal": "import-transitive",
      "reason": "test transitively imports changed path"
    },
    {
      "changedPath": "scripts/lib/self-doc.mjs",
      "test": "scripts/tests/unit/task-tracker/gh/verify-open-issue-bodies.test.mjs",
      "signal": "import-transitive",
      "reason": "test transitively imports changed path"
    },
    {
      "changedPath": "scripts/lib/self-doc.mjs",
      "test": "scripts/tests/unit/task-tracker/lib/aitm-path-guard.test.mjs",
      "signal": "import-transitive",
      "reason": "test transitively imports changed path"
    },
    {
      "changedPath": "scripts/lib/self-doc.mjs",
      "test": "scripts/tests/unit/task-tracker/lib/close-repair.test.mjs",
      "signal": "import-transitive",
      "reason": "test transitively imports changed path"
    },
    {
      "changedPath": "scripts/lib/self-doc.mjs",
      "test": "scripts/tests/unit/task-tracker/lib/command-catalog-parser-policy.test.mjs",
      "signal": "import-transitive",
      "reason": "test transitively imports changed path"
    },
    {
      "changedPath": "scripts/lib/self-doc.mjs",
      "test": "scripts/tests/unit/task-tracker/lib/command-catalog-policy.test.mjs",
      "signal": "import-transitive",
      "reason": "test transitively imports changed path"
    },
    {
      "changedPath": "scripts/lib/self-doc.mjs",
      "test": "scripts/tests/unit/task-tracker/lib/coverage-heal-backlog-cli.test.mjs",
      "signal": "import-transitive",
      "reason": "test transitively imports changed path"
    },
    {
      "changedPath": "scripts/lib/self-doc.mjs",
      "test": "scripts/tests/unit/task-tracker/lib/current-schema-issue-authoring.test.mjs",
      "signal": "import-transitive",
      "reason": "test transitively imports changed path"
    },
    {
      "changedPath": "scripts/lib/self-doc.mjs",
      "test": "scripts/tests/unit/task-tracker/lib/executable-entrypoint-classification.test.mjs",
      "signal": "import-direct",
      "reason": "test statically imports changed path"
    },
    {
      "changedPath": "scripts/lib/self-doc.mjs",
      "test": "scripts/tests/unit/task-tracker/lib/heal-actor-opener-replays.test.mjs",
      "signal": "import-transitive",
      "reason": "test transitively imports changed path"
    },
    {
      "changedPath": "scripts/lib/self-doc.mjs",
      "test": "scripts/tests/unit/task-tracker/lib/heal-entry-markers-delegates.test.mjs",
      "signal": "import-transitive",
      "reason": "test transitively imports changed path"
    },
    {
      "changedPath": "scripts/lib/self-doc.mjs",
      "test": "scripts/tests/unit/task-tracker/lib/heal-lifecycle-dod.test.mjs",
      "signal": "import-transitive",
      "reason": "test transitively imports changed path"
    },
    {
      "changedPath": "scripts/lib/self-doc.mjs",
      "test": "scripts/tests/unit/task-tracker/lib/heal-timing-departure-repair.test.mjs",
      "signal": "import-transitive",
      "reason": "test transitively imports changed path"
    },
    {
      "changedPath": "scripts/lib/self-doc.mjs",
      "test": "scripts/tests/unit/task-tracker/lib/heal-vc-refs.test.mjs",
      "signal": "import-transitive",
      "reason": "test transitively imports changed path"
    },
    {
      "changedPath": "scripts/lib/self-doc.mjs",
      "test": "scripts/tests/unit/task-tracker/lib/memory-index-hook.test.mjs",
      "signal": "import-transitive",
      "reason": "test transitively imports changed path"
    },
    {
      "changedPath": "scripts/lib/self-doc.mjs",
      "test": "scripts/tests/unit/task-tracker/lib/preflight-issue.test.mjs",
      "signal": "import-transitive",
      "reason": "test transitively imports changed path"
    },
    {
      "changedPath": "scripts/lib/self-doc.mjs",
      "test": "scripts/tests/unit/task-tracker/lib/settings-hook-bootstrap.test.mjs",
      "signal": "import-transitive",
      "reason": "test transitively imports changed path"
    },
    {
      "changedPath": "scripts/lib/self-doc.mjs",
      "test": "scripts/tests/unit/task-tracker/lib/story-origin-authoring.test.mjs",
      "signal": "import-transitive",
      "reason": "test transitively imports changed path"
    },
    {
      "changedPath": "scripts/lib/self-doc.mjs",
      "test": "scripts/tests/unit/task-tracker/lib/sync-templates.test.mjs",
      "signal": "import-transitive",
      "reason": "test transitively imports changed path"
    },
    {
      "changedPath": "scripts/lib/self-doc.mjs",
      "test": "scripts/tests/unit/task-tracker/lib/test-sha-drift-gate.test.mjs",
      "signal": "import-transitive",
      "reason": "test transitively imports changed path"
    },
    {
      "changedPath": "scripts/lib/self-doc.mjs",
      "test": "scripts/tests/unit/task-tracker/lib/test-verb-receipt-refusal-audit.test.mjs",
      "signal": "import-transitive",
      "reason": "test transitively imports changed path"
    },
    {
      "changedPath": "scripts/lib/self-doc.mjs",
      "test": "scripts/tests/unit/task-tracker/lib/test-verb-receipt-retirement.test.mjs",
      "signal": "import-transitive",
      "reason": "test transitively imports changed path"
    },
    {
      "changedPath": "scripts/lib/self-doc.mjs",
      "test": "scripts/tests/unit/task-tracker/lib/test-verb-receipt-reuse.test.mjs",
      "signal": "import-transitive",
      "reason": "test transitively imports changed path"
    },
    {
      "changedPath": "scripts/lib/self-doc.mjs",
      "test": "scripts/tests/unit/task-tracker/lib/test-verb-result.test.mjs",
      "signal": "import-transitive",
      "reason": "test transitively imports changed path"
    },
    {
      "changedPath": "scripts/lib/self-doc.mjs",
      "test": "scripts/tests/unit/task-tracker/lib/test-verb-retry.test.mjs",
      "signal": "import-transitive",
      "reason": "test transitively imports changed path"
    },
    {
      "changedPath": "scripts/lib/self-doc.mjs",
      "test": "scripts/tests/unit/task-tracker/lib/test-verb-sandbox.test.mjs",
      "signal": "import-transitive",
      "reason": "test transitively imports changed path"
    },
    {
      "changedPath": "scripts/lib/self-doc.mjs",
      "test": "scripts/tests/unit/task-tracker/lib/user-story-author.test.mjs",
      "signal": "import-transitive",
      "reason": "test transitively imports changed path"
    },
    {
      "changedPath": "scripts/lib/self-doc.mjs",
      "test": "scripts/tests/unit/task-tracker/lib/verification-stage-ownership.test.mjs",
      "signal": "import-transitive",
      "reason": "test transitively imports changed path"
    },
    {
      "changedPath": "scripts/lib/self-doc.mjs",
      "test": "scripts/tests/unit/task-tracker/lib/writer-consolidated-declaration.test.mjs",
      "signal": "import-transitive",
      "reason": "test transitively imports changed path"
    },
    {
      "changedPath": "scripts/lib/self-doc.mjs",
      "test": "scripts/tests/unit/task-tracker/maintenance/heal-timing-departure-cli.test.mjs",
      "signal": "import-direct",
      "reason": "test statically imports changed path"
    },
    {
      "changedPath": "scripts/lib/self-doc.mjs",
      "test": "scripts/tests/unit/task-tracker/maintenance/heal-timing-interval-cli.test.mjs",
      "signal": "import-direct",
      "reason": "test statically imports changed path"
    },
    {
      "changedPath": "scripts/lib/self-doc.mjs",
      "test": "scripts/tests/unit/task-tracker/maintenance/rename-estimation-headers.test.mjs",
      "signal": "import-transitive",
      "reason": "test transitively imports changed path"
    },
    {
      "changedPath": "scripts/lib/self-doc.mjs",
      "test": "scripts/tests/unit/task-tracker/merge-back.test.mjs",
      "signal": "import-transitive",
      "reason": "test transitively imports changed path"
    },
    {
      "changedPath": "scripts/lib/self-doc.mjs",
      "test": "scripts/tests/unit/task-tracker/sync-epic.test.mjs",
      "signal": "import-transitive",
      "reason": "test transitively imports changed path"
    },
    {
      "changedPath": "scripts/lib/self-doc.mjs",
      "test": "scripts/tests/unit/task-tracker/verbs/epic-wave.test.mjs",
      "signal": "import-transitive",
      "reason": "test transitively imports changed path"
    },
    {
      "changedPath": "scripts/lib/self-doc.mjs",
      "test": "scripts/tests/unit/task-tracker/verbs/help.test.mjs",
      "signal": "import-transitive",
      "reason": "test transitively imports changed path"
    },
    {
      "changedPath": "scripts/lib/self-doc.mjs",
      "test": "scripts/tests/unit/task-tracker/verbs/incident-ledger.test.mjs",
      "signal": "import-transitive",
      "reason": "test transitively imports changed path"
    },
    {
      "changedPath": "scripts/lib/self-doc.mjs",
      "test": "scripts/tests/unit/task-tracker/verbs/move-inprocess-parity.test.mjs",
      "signal": "import-transitive",
      "reason": "test transitively imports changed path"
    },
    {
      "changedPath": "scripts/lib/self-doc.mjs",
      "test": "scripts/tests/unit/task-tracker/verbs/next-alias.test.mjs",
      "signal": "import-transitive",
      "reason": "test transitively imports changed path"
    },
    {
      "changedPath": "scripts/lib/self-doc.mjs",
      "test": "scripts/tests/unit/task-tracker/verbs/plan-estimate.test.mjs",
      "signal": "import-transitive",
      "reason": "test transitively imports changed path"
    },
    {
      "changedPath": "scripts/lib/self-doc.mjs",
      "test": "scripts/tests/unit/task-tracker/verbs/promote-test-delegation.test.mjs",
      "signal": "import-transitive",
      "reason": "test transitively imports changed path"
    },
    {
      "changedPath": "scripts/lib/self-doc.mjs",
      "test": "scripts/tests/unit/task-tracker/verbs/sandbox-env-isolation.test.mjs",
      "signal": "import-transitive",
      "reason": "test transitively imports changed path"
    },
    {
      "changedPath": "scripts/lib/self-doc.mjs",
      "test": "scripts/tests/unit/task-tracker/verbs/test-project-provider-npm-ci-args.test.mjs",
      "signal": "import-transitive",
      "reason": "test transitively imports changed path"
    },
    {
      "changedPath": "scripts/lib/self-doc.mjs",
      "test": "scripts/tests/unit/task-tracker/verbs/test-rejected-vc-not-scored-as-failed.test.mjs",
      "signal": "import-transitive",
      "reason": "test transitively imports changed path"
    },
    {
      "changedPath": "scripts/lib/self-doc.mjs",
      "test": "scripts/tests/unit/task-tracker/verbs/test-verb-kind-aware-lanes.test.mjs",
      "signal": "import-transitive",
      "reason": "test transitively imports changed path"
    },
    {
      "changedPath": "scripts/lib/self-doc.mjs",
      "test": "scripts/tests/unit/task-tracker/verbs/test-verb-lane-split-migration.test.mjs",
      "signal": "import-transitive",
      "reason": "test transitively imports changed path"
    },
    {
      "changedPath": "scripts/lib/self-doc.mjs",
      "test": "scripts/tests/unit/task-tracker/verbs/test-verb-sandbox-worktree-path.test.mjs",
      "signal": "import-transitive",
      "reason": "test transitively imports changed path"
    },
    {
      "changedPath": "scripts/lib/self-doc.mjs",
      "test": "scripts/tests/unit/task-tracker/verbs/verb-discover-help.test.mjs",
      "signal": "import-transitive",
      "reason": "test transitively imports changed path"
    },
    {
      "changedPath": "scripts/lib/self-doc.mjs",
      "test": "scripts/tests/unit/task-tracker/verbs/verb-test-sandbox-env.test.mjs",
      "signal": "import-transitive",
      "reason": "test transitively imports changed path"
    },
    {
      "changedPath": "scripts/lib/self-doc.mjs",
      "test": "scripts/tests/unit/tools/compare-test-fixtures.test.mjs",
      "signal": "import-transitive",
      "reason": "test transitively imports changed path"
    },
    {
      "changedPath": "scripts/task-tracker/lib/merge-back-cli.mjs",
      "test": "scripts/tests/integration/task-tracker/merge-back-cli.test.mjs",
      "signal": "import-transitive",
      "reason": "test transitively imports changed path"
    },
    {
      "changedPath": "scripts/task-tracker/lib/merge-back-cli.mjs",
      "test": "scripts/tests/integration/task-tracker/merge-back-verification.test.mjs",
      "signal": "import-transitive",
      "reason": "test transitively imports changed path"
    },
    {
      "changedPath": "scripts/task-tracker/lib/merge-back-cli.mjs",
      "test": "scripts/tests/slow/task-tracker/lib/epic-tree.test.mjs",
      "signal": "import-transitive",
      "reason": "test transitively imports changed path"
    },
    {
      "changedPath": "scripts/task-tracker/lib/merge-back-cli.mjs",
      "test": "scripts/tests/unit/task-tracker/merge-back.test.mjs",
      "signal": "import-transitive",
      "reason": "test transitively imports changed path"
    },
    {
      "changedPath": "scripts/task-tracker/lib/merge-back-verification.mjs",
      "test": "scripts/tests/integration/task-tracker/merge-back-cli.test.mjs",
      "signal": "import-transitive",
      "reason": "test transitively imports changed path"
    },
    {
      "changedPath": "scripts/task-tracker/lib/merge-back-verification.mjs",
      "test": "scripts/tests/integration/task-tracker/merge-back-verification.test.mjs",
      "signal": "import-transitive",
      "reason": "test transitively imports changed path"
    },
    {
      "changedPath": "scripts/task-tracker/lib/merge-back-verification.mjs",
      "test": "scripts/tests/slow/task-tracker/lib/epic-tree.test.mjs",
      "signal": "import-transitive",
      "reason": "test transitively imports changed path"
    },
    {
      "changedPath": "scripts/task-tracker/lib/merge-back-verification.mjs",
      "test": "scripts/tests/unit/task-tracker/merge-back.test.mjs",
      "signal": "import-transitive",
      "reason": "test transitively imports changed path"
    },
    {
      "changedPath": "scripts/task-tracker/merge-back.mjs",
      "test": "scripts/tests/integration/task-tracker/merge-back-cli.test.mjs",
      "signal": "import-direct",
      "reason": "test statically imports changed path"
    },
    {
      "changedPath": "scripts/task-tracker/merge-back.mjs",
      "test": "scripts/tests/integration/task-tracker/merge-back-verification.test.mjs",
      "signal": "import-direct",
      "reason": "test statically imports changed path"
    },
    {
      "changedPath": "scripts/task-tracker/merge-back.mjs",
      "test": "scripts/tests/slow/task-tracker/lib/epic-tree.test.mjs",
      "signal": "import-direct",
      "reason": "test statically imports changed path"
    },
    {
      "changedPath": "scripts/task-tracker/merge-back.mjs",
      "test": "scripts/tests/unit/task-tracker/merge-back.test.mjs",
      "signal": "basename",
      "reason": "conventional basename compatibility mapping"
    },
    {
      "changedPath": "scripts/task-tracker/merge-back.mjs",
      "test": "scripts/tests/unit/task-tracker/merge-back.test.mjs",
      "signal": "import-direct",
      "reason": "test statically imports changed path"
    },
    {
      "changedPath": "scripts/tests/fixtures/1558/admission-surface.json",
      "test": null,
      "signal": "no-verification-impact",
      "reason": "path has no source, test, fixture, runner, dependency, or verification impact"
    },
    {
      "changedPath": "scripts/tests/integration/task-tracker/merge-back-cli.test.mjs",
      "test": "scripts/tests/integration/meta/test-tree-layout.test.mjs",
      "signal": "manifest",
      "reason": "current test tree authority change"
    },
    {
      "changedPath": "scripts/tests/integration/task-tracker/merge-back-cli.test.mjs",
      "test": "scripts/tests/integration/task-tracker/merge-back-cli.test.mjs",
      "signal": "changed-test",
      "reason": "changed or newly discovered test"
    },
    {
      "changedPath": "scripts/tests/integration/task-tracker/merge-back-verification.test.mjs",
      "test": "scripts/tests/integration/meta/test-tree-layout.test.mjs",
      "signal": "manifest",
      "reason": "current test tree authority change"
    },
    {
      "changedPath": "scripts/tests/integration/task-tracker/merge-back-verification.test.mjs",
      "test": "scripts/tests/integration/task-tracker/merge-back-verification.test.mjs",
      "signal": "changed-test",
      "reason": "changed or newly discovered test"
    },
    {
      "changedPath": "scripts/tests/unit/task-tracker/core/package-boundary.test.mjs",
      "test": "scripts/tests/integration/meta/test-tree-layout.test.mjs",
      "signal": "manifest",
      "reason": "current test tree authority change"
    },
    {
      "changedPath": "scripts/tests/unit/task-tracker/core/package-boundary.test.mjs",
      "test": "scripts/tests/unit/task-tracker/core/package-boundary.test.mjs",
      "signal": "changed-test",
      "reason": "changed or newly discovered test"
    },
    {
      "changedPath": "scripts/tests/unit/task-tracker/merge-back.test.mjs",
      "test": "scripts/tests/integration/meta/test-tree-layout.test.mjs",
      "signal": "manifest",
      "reason": "current test tree authority change"
    },
    {
      "changedPath": "scripts/tests/unit/task-tracker/merge-back.test.mjs",
      "test": "scripts/tests/unit/task-tracker/merge-back.test.mjs",
      "signal": "changed-test",
      "reason": "changed or newly discovered test"
    }
  ],
  "escalated": false
}
