✔ open-PR delivery explanation shares actual preflight and performs no effects (7.068958ms)
✔ stale PR head is blocked by the same exact-head preflight as execution (1.498083ms)
✔ missing provider capability blocks without shell merge guidance (0.93425ms)
✔ an unreadable delivery authority observation is indeterminate (0.822375ms)
✔ simultaneous unreadable sources retain both typed causes (0.867792ms)
✔ merged PR without a delivery receipt cannot claim ready from PR state alone (0.970167ms)
✔ merged PR reconstruction does not infer a provider action (0.972208ms)
✔ merged PR with a live intent and exact read-only trunk proof is explainable (9.789375ms)
✔ merged PR without an intent is explainable when read-only external proof succeeds (2.4075ms)
✔ merged external proof retains source-attribution metadata warnings (1.593917ms)
✔ merged PR with a matching receipt remains explainable without new records (5.991959ms)
✔ default merged proof ports observe remote and local trunk without fetching refs (0.543583ms)
✔ default delivery dependency advertises only the configured provider-action capability (0.116083ms)
✔ a stale local trunk mirror cannot prove merged delivery readiness (2.01875ms)
✔ merged intent cannot explain ready after configured method diverges (3.013333ms)
✔ issue-resident no-commit delivery is explainable without a merge provider (1.159584ms)
✔ production reader selects the current head among historical branch PRs (0.76625ms)
✔ production reader reports an unavailable initial issue without throwing or effects (0.685ms)
✔ delivery body drift between observed issue and preflight snapshot is indeterminate (0.506916ms)
✔ delivery snapshot cannot claim ready at a different observed worktree HEAD (0.439458ms)
✔ missing exact-head human PR approval is a typed request, not ready (0.544625ms)
✔ ineligible manual code reviewer blocks rather than becoming indeterminate (0.443917ms)
✔ missing complete delivery-record inventory cannot explain ready (0.392209ms)
✔ historical recovery is not silently offered as a ready default delivery (0.417125ms)
✔ malformed v2 evidence marker cannot fall through to v1 delivery readiness (0.556916ms)
✔ an existing intent whose authorized merge method diverges cannot explain ready (2.212208ms)
✔ a prior-head intent may be superseded by fresh exact-head execution (2.205959ms)
✔ an existing no-commit delivery record with a different accepted head blocks readiness (3.309708ms)
✔ execution refuses a changed PR head after a prior ready explanation (1.82575ms)
✔ execution refuses revoked review authorization after a prior ready explanation (0.945667ms)
✔ execution refuses withdrawn exact-head human PR approval after explanation (1.225167ms)
✔ execution refuses changed CI after a prior ready explanation (0.840625ms)
✔ execution refuses changed ledger after a prior ready explanation (0.869709ms)
✔ execution refreshes PR head after preflight and before posting an intent (0.29575ms)
✔ execution refreshes lineage before posting an intent (0.282292ms)
ℹ tests 35
ℹ suites 0
ℹ pass 35
ℹ fail 0
ℹ cancelled 0
ℹ skipped 0
ℹ todo 0
ℹ duration_ms 67.135042
