✔ complete shared guards skip policy transport on a ready baseline (1.740917ms)
✔ qualifying refusal loads policy once and replaces the entire baseline result (0.313125ms)
✔ a non-applicable exception does not erase an ordinary guard refusal (0.162709ms)
✔ failed required policy collection is indeterminate and preserves known refusals (0.123167ms)
✔ malformed complete guard output never passes shared execution (0.121958ms)
✔ a completed promotion adapter without an outer effect ledger is indeterminate (4.735292ms)
✔ a complete read-only adapter can report ready from one observed body (0.581167ms)
✔ an adapter without an outer effect ledger cannot claim readiness (0.32075ms)
✔ an ineligible action cannot become ready through a supplied target (0.344375ms)
✔ lazy guard reads join the same attempt and memoize one physical read (0.45275ms)
✔ waivable explanation observes one body and one policy transport, then replaces guards (0.58925ms)
✔ a scope-incompatible policy waiver cannot turn a known refusal ready (0.562542ms)
✔ failed required policy read retains the known refusal and adds an indeterminate cause (0.578458ms)
✔ a throwing shared read-only guard is indeterminate, not a ready result (0.29ms)
✔ a thrown shared evaluator is a typed guard-error (0.283292ms)
✔ a malformed adapter result is separately classified as invalid (0.636542ms)
✔ incompatible issue body fails before any guard is evaluated (0.54875ms)
✔ missing required body source is an authority failure, not a skipped success (0.380125ms)
✔ known blocked refusal, warning and human request remain complete (0.548709ms)
✔ the complete result retains normalization intent and hashes its inputs (0.516209ms)
✔ an attempted effect stays visible outside guard conversion and forbids readiness (1.071125ms)
✔ exact remote tip needs a complete non-shallow local graph without fetch (0.326166ms)
✔ missing or shallow remote-tip history is attribution-unavailable (0.210333ms)
✔ exact tip is admitted only as a pinned delivery observation (0.27675ms)
✔ complete exact remote tip scopes the existing attribution predicate to its SHA (0.166125ms)
✔ incomplete exact remote history never invokes attribution (0.073541ms)
✔ configured local trunk ref retains explicit local provenance and scopes attribution (0.175125ms)
✔ bare local trunk fallback resolves only the qualified local branch (0.105834ms)
ℹ tests 28
ℹ suites 0
ℹ pass 28
ℹ fail 0
ℹ cancelled 0
ℹ skipped 0
ℹ todo 0
ℹ duration_ms 25.107875
