✔ ready execution persists the current projection with proof-introduction authority and verified readback (4.04225ms)
✔ the versioned mutation callback remains synchronous so proof guards inspect its body (0.567542ms)
✔ the real versioned body boundary rejects the same proof-introducing edit without evidenceStamp (3.46475ms)
✔ blocked fresh readiness preserves its envelope with pending normalization (0.3665ms)
✔ blocked fresh readiness preserves its envelope without pending normalization (0.088208ms)
✔ indeterminate fresh readiness preserves its envelope with pending normalization (0.133166ms)
✔ indeterminate fresh readiness preserves its envelope without pending normalization (0.073459ms)
✔ real registry completeness labels survive normalization (0.120875ms)
✔ indeterminate readiness on a fresh versioned base is retained before persistence (0.40975ms)
✔ malformed non-ready envelope is invalid with normalization (0.257375ms)
✔ malformed non-ready envelope is invalid without normalization (0.074208ms)
✔ successful normalization keeps persisted truth when readback becomes blocked (0.552458ms)
✔ a thrown fresh authority evaluation is drift, not a write transport failure (0.698ms)
✔ post-write readback failure refuses while preserving the fact that a write occurred (0.430666ms)
✔ write transport failure is named and stops before post-write authority or later effects (0.20175ms)
✔ changed execution HEAD refuses even if projected decision intent would be identical (0.0915ms)
✔ a changed HEAD during a versioned retry refuses before another push (0.445708ms)
✔ an empty authority body is a failed readback, never an idempotent no-op (0.086459ms)
✔ a version conflict re-evaluates the fresh body and refuses a now-blocked retry (0.844583ms)
✔ a non-overlapping version conflict recomputes and preserves the concurrent edit (0.967916ms)
✔ readback rejects a proof marker attributed to the wrong execution HEAD (0.426042ms)
✔ test-to-review rescan preserves projected refusal before any derived write (1.360042ms)
✔ a concurrent HEAD change wins over an otherwise valid blocked retry (0.419333ms)
✔ remaining projection drift wins over a blocked post-write guard (0.52275ms)
✔ normalization retains warnings and human requests separately from normalization warnings (0.961417ms)
ℹ tests 25
ℹ suites 0
ℹ pass 25
ℹ fail 0
ℹ cancelled 0
ℹ skipped 0
ℹ todo 0
ℹ duration_ms 25.424
