▶ direct Test and Develop Promote explain the same ready entry without effects
  ✔ direct Test from Develop (6.577542ms)
  ✔ direct Test self-rerun from Test (1.165875ms)
  ✔ Promote from Develop (1.114167ms)
✔ direct Test and Develop Promote explain the same ready entry without effects (9.541875ms)
✔ accepted directory-backed Test evidence does not require legacy VCs or sandbox (1.452125ms)
✔ Review-state Test request is not advertised as runnable (0.638959ms)
✔ Test entry needs an explicit project directory for command and provider authority (0.902417ms)
✔ Test entry resolves the bound project directory when the caller omits it (0.798375ms)
✔ Test explanation reports missing Verification Commands without effects (0.866417ms)
✔ Test entry preserves simultaneous declaration and Develop-exit refusals (1.150709ms)
✔ Test entry aggregates independent binding and declaration blockers (0.953167ms)
▶ Test explanation reports mismatched HEAD, binding, and malformed receipt authority
  ✔ worktree HEAD (0.677542ms)
  ✔ session binding (1.206209ms)
  ✔ claimed receipt (0.588042ms)
✔ Test explanation reports mismatched HEAD, binding, and malformed receipt authority (2.76125ms)
✔ Test explanation names an unavailable required authority read and makes no effects (0.562167ms)
✔ network-skipped Test entry is indeterminate without an empty observation attempt (0.246792ms)
✔ malformed observed HEAD is indeterminate, not blocked or ready (0.418291ms)
✔ a required workflow-policy read failure remains indeterminate for Test entry (0.618ms)
✔ a configured provider rejected by execution is blocked in Test explanation (0.58ms)
✔ real Develop-exit guards explain the affected AC and repair on Test and Promote (825.159666ms)
✔ Test entry retains registered guard warnings while remaining blocked (0.884959ms)
✔ a missing Develop-final receipt is runnable resident work, not completed proof (0.499709ms)
✔ a ready Test explanation does not predetermine a later red locked execution (2.976875ms)
✔ production Test read adapter rechecks live body and board at a fresh boundary (0.637375ms)
✔ production adapter rejects directory evidence whose accepted record epoch is stale (0.6925ms)
✔ the locked Test wrapper supplies the production preflight by default (0.069291ms)
✔ locked Test execution refuses a freshly blocked entry before any sandbox effect (0.099667ms)
ℹ tests 28
ℹ suites 0
ℹ pass 28
ℹ fail 0
ℹ cancelled 0
ℹ skipped 0
ℹ todo 0
ℹ duration_ms 855.702875
