✔ tracked invalid override refuses a read-only operational route before normal dispatch (461.884292ms)
✔ invalid catalog refuses before GitHub, lock, or session effects without network skip (13795.868167ms)
✔ dynamic issue-bind route cannot bypass admission (335.341625ms)
✔ direct verb hub refuses invalid guidance before context construction (368.493708ms)
✔ direct verb executables refuse invalid guidance before their own main paths (3823.510417ms)
✔ direct verb help-shaped arguments cannot bypass admission (2109.381792ms)
✔ unsupported direct-hub recovery words are admitted as operational (1107.481875ms)
✔ session annotation requires a durable issue write, not a zero-exit or local change (0.643458ms)
✔ timing-post observation distinguishes durable issue writes from queued rows (0.225792ms)
✔ package installer refuses invalid guidance before init writes (617.932666ms)
✔ direct support-script path refuses invalid guidance before its own parser (395.863959ms)
✔ guidance validation remains a routed recovery command (459.806542ms)
✔ top-level help remains available while the selected catalog is invalid (283.681208ms)
✔ command help, guidance source, and package version remain effect-free recovery routes (703.525417ms)
✔ admission inventory accounts for every canonical command, alias, and classified executable (114.799708ms)
✔ every registered operational token refuses an invalid catalog (18523.469167ms)
✔ every supported direct operational entrypoint refuses an invalid catalog (12790.831292ms)
ℹ tests 17
ℹ suites 0
ℹ pass 17
ℹ fail 0
ℹ cancelled 0
ℹ skipped 0
ℹ todo 0
ℹ duration_ms 56117.774875
