✔ runPullNext refuses when epic is not in develop (0.883375ms)
✔ pull-next live-state reads use the exact configured-project snapshot (0.117459ms)
✔ runPullNext returns no-children for epic with no sub-issues (0.139084ms)
✔ runPullNext returns no-eligible when no R4P children exist (6.895542ms)
✔ runPullNext promotes lowest-rank R4P child (39.351959ms)
✔ #1260 pulled epic child names the bound epic integration branch (0.330542ms)
✔ #1260 solo-story planning guidance remains current trunk (0.070916ms)
✔ #1260 missing epic branch authority fails closed to generic epic guidance (0.180625ms)
✔ #1260 default epic branch resolver reads the already-bound project directory (7.695959ms)
✔ runPullNext refuses false success when the selected child did not reach Plan (0.337458ms)
✔ runPullNext delegates the selected child through the real promote bind seam (#1114) (188.506375ms)
✔ selected-child promotion reuses its held lock instead of entering the locking verb wrapper (0.344792ms)
✔ direct promote remains fail-closed on a mismatched bind (#1114) (0.43725ms)
✔ runPullNext skips a child whose external native dependency is not Done (66.814959ms)
✔ runPullNext selects a child when its external native dependency is Done (86.00325ms)
✔ runPullNext audits the epic before child selection (#758) (83.163417ms)
✔ runPullNext refuses ambiguous epic audit drift (0.178333ms)
✔ runPullNext refuses every pull when any child descriptor is incomplete (0.093708ms)
✔ runPullNext holds shared parent authority across selection and promotion (33.908917ms)
✔ runPullNext does not audit when the epic is not in develop (#758) (0.113958ms)
✔ runPullNext requires epicNumber and cfg (0.128833ms)
✔ runPullNext surfaces fetch failures (0.131334ms)
ℹ tests 22
ℹ suites 0
ℹ pass 22
ℹ fail 0
ℹ cancelled 0
ℹ skipped 0
ℹ todo 0
ℹ duration_ms 1099.17125
