✔ immutable envelopes reject unknown keys, incomplete scope, partial membership and digest tampering (5.21775ms)
✔ null expiry is explicit non-expiring; boundary expiry never resurrects an older record (0.917583ms)
✔ latest revoked revision wins; missing predecessor and unreadable newer revision refuse (2.337583ms)
✔ same identity with conflicting bytes or conflicting revisions cannot authorize (1.491958ms)
✔ direct human scope and historical human scope with enablement clarification are accepted (10.871834ms)
✔ exact labeled proposal acceptance and one unambiguous recommended yes are accepted (6.851042ms)
✔ ambiguous alternatives, agent relay and unrelated intent are refused (5.824375ms)
✔ exact hashes, chronology, host repository linkage and bounded context are required (7.015ms)
✔ quoted injection and contradictory later human scope never grant authority (3.500291ms)
✔ externally quoted permission remains untrusted when preceded by ordinary user prose (2.2965ms)
✔ v2 delivery envelope round trips with its exact scope and digest (9.190166ms)
✔ v2 refuses scope, kind, capability, expiry, and authority drift (8.0525ms)
✔ a valid record preserves closed authority, policy, identity, and lifecycle fields (0.405291ms)
✔ the schema rejects unknown keys, versions, authority claims, and invalid policy (0.533708ms)
✔ repository, issue, scope, timestamps, revisions, dispositions, and links fail closed (2.211333ms)
✔ an active effective record projects exactly the evaluator authority shape (1.039958ms)
✔ a linear revision supersedes immutable history and becomes the sole active head (0.659166ms)
✔ concurrent successors are ambiguous and are never combined (9.312833ms)
✔ expired, stale-scope, and revoked heads never project evaluator authority (1.4215ms)
ℹ tests 19
ℹ suites 0
ℹ pass 19
ℹ fail 0
ℹ cancelled 0
ℹ skipped 0
ℹ todo 0
ℹ duration_ms 141.914125
