✔ partial comment publication refuses admission and same-record resume completes exactly one comment (10.298584ms)
✔ body succeeds but read-back fails; retry repairs the same pointer without reposting (1.348833ms)
✔ unknown comment write stays indeterminate under its original operation ID and never posts twice (1.845375ms)
✔ graph drift, source refusal, record tamper and mismatched operation identity refuse repair (5.264667ms)
✔ newer revocation and expiry cannot be repaired as partial publication (6.394666ms)
✔ a registered exact generation refresh requires positive discharge, preserves source scope and remains resumable (2.090625ms)
✔ fresh observation after comment write prevents publishing a graph that changed in flight (0.617584ms)
✔ strict policy at another rank requires authentic matching pointers for all adopted waves (3.124375ms)
✔ a prepared proposal cannot be recorded by a replacement parent identity (1.261208ms)
✔ duplicate and fenced orchestration examples cannot supply publication authority (0.919583ms)
✔ immutable envelopes reject unknown keys, incomplete scope, partial membership and digest tampering (8.5295ms)
✔ null expiry is explicit non-expiring; boundary expiry never resurrects an older record (3.039791ms)
✔ latest revoked revision wins; missing predecessor and unreadable newer revision refuse (1.699667ms)
✔ same identity with conflicting bytes or conflicting revisions cannot authorize (1.254166ms)
✔ sealed authority refuses caller flags and incomplete physical or human provenance (0.336209ms)
✔ distinct genuine live child generations admit; shared physical roots, branches, clone or identities refuse (1.419958ms)
✔ stale location sid, missing native proof, occupancy and active generation mismatch refuse (0.327375ms)
✔ completed peer retains frozen lineage without requiring worker occupancy (0.147083ms)
✔ Test/Review parent supervision requires actual child handoff with old worker discharge (0.201375ms)
✔ refresh permits exactly one new generation after positive old-claim discharge and no scope drift (1.073542ms)
✔ default observation derives handoff only from real parent replacement claim and discharged worker binding (0.441875ms)
✔ authorized equal-rank peers enter Plan while another peer is developing (1.882125ms)
✔ every lower board state blocks both granted and ungranted target ranks (1.277375ms)
✔ closed Not Planned, board drift, unknown disposition and pending recovery never prove completed Done (0.319458ms)
✔ ungranted opted-in ranks retain one active member budget and strict lower Done (0.190833ms)
✔ changed graph, partial rank membership, revoked grant and isolation collisions refuse (0.450541ms)
✔ dependency refusal, missing graph identity and a duplicate child fail closed (0.178459ms)
✔ legacy sequential admission is preserved without rank authority (1.454542ms)
✔ R4P Plan and Plan Develop use the same opted-in admission observation and typed refusal (8.095208ms)
✔ Plan Develop registry actually includes the rank-wave guard (370.228542ms)
✔ serialized public Promote takes the common parent lock before the child lock and passes its context (49.322417ms)
✔ Explain collector, direct Plan and pull-next agree without admitting a second child on revoked authority (39.320125ms)
✔ direct human scope and historical human scope with enablement clarification are accepted (16.405542ms)
✔ exact labeled proposal acceptance and one unambiguous recommended yes are accepted (9.811666ms)
✔ ambiguous alternatives, agent relay and unrelated intent are refused (7.476ms)
✔ exact hashes, chronology, host repository linkage and bounded context are required (6.702458ms)
✔ quoted injection and contradictory later human scope never grant authority (3.643417ms)
✔ externally quoted permission remains untrusted when preceded by ordinary user prose (4.868833ms)
✔ revocation requires a human revocation intent and cannot reuse enablement as revocation (9.194708ms)
✔ closed command arguments accept every registered operation and reject unknown or duplicate inputs (0.723083ms)
✔ show is read-only, all mutations require parent authority and common admission locking (2.743542ms)
✔ operator catalog exposes scoped authority, recovery and no lifecycle mutation (0.172875ms)
ℹ tests 42
ℹ suites 0
ℹ pass 42
ℹ fail 0
ℹ cancelled 0
ℹ skipped 0
ℹ todo 0
ℹ duration_ms 837.6075
