✖ parent generation drift after comment publication refuses pointer adoption (33.416875ms)
ℹ tests 1
ℹ suites 0
ℹ pass 0
ℹ fail 1
ℹ cancelled 0
ℹ skipped 0
ℹ todo 0
ℹ duration_ms 259.394959

✖ failing tests:

test at scripts/tests/integration/task-tracker/lib/epic-rank-wave-recovery.test.mjs:457:1
✖ parent generation drift after comment publication refuses pointer adoption (33.416875ms)
  AssertionError [ERR_ASSERTION]: Expected values to be strictly equal:
  + actual - expected
  
  + 'recorded'
  - 'blocked'
  
      at TestContext.<anonymous> (file:///Users/kpburson/projects/Vibe-Coding/ai-task-manager/.worktrees/1872-rank-level-parallel/scripts/tests/integration/task-tracker/lib/epic-rank-wave-recovery.test.mjs:463:10)
      at async Test.run (node:internal/test_runner/test:1409:7)
      at async startSubtestAfterBootstrap (node:internal/test_runner/harness:387:3) {
    generatedMessage: true,
    code: 'ERR_ASSERTION',
    actual: 'recorded',
    expected: 'blocked',
    operator: 'strictEqual',
    diff: 'simple'
  }
