✔ partial comment publication refuses admission and same-record resume completes exactly one comment (7.680416ms)
✔ body succeeds but read-back fails; retry repairs the same pointer without posting again (1.833333ms)
✔ unknown comment write stays indeterminate under its original operation ID and never posts twice (0.771375ms)
✔ graph drift, source refusal, record tamper and mismatched operation identity refuse repair (2.980792ms)
✔ newer revocation and expiry cannot be repaired as partial publication (2.662209ms)
✔ a registered exact generation refresh requires positive discharge, preserves source scope and remains resumable (2.557792ms)
✔ fresh observation after comment write prevents publishing a graph that changed in flight (0.704209ms)
✔ strict policy at another rank requires authentic matching pointers for all adopted waves (0.912042ms)
✔ a prepared proposal cannot be recorded by a replacement parent identity (0.236167ms)
✔ duplicate and fenced orchestration examples cannot supply publication authority (0.314625ms)
✔ direct human scope and historical human scope with enablement clarification are accepted (8.236875ms)
✔ exact labeled proposal acceptance and one unambiguous recommended yes are accepted (4.89475ms)
✔ ambiguous alternatives, agent relay and unrelated intent are refused (4.344208ms)
✔ exact hashes, chronology, host repository linkage and bounded context are required (3.024083ms)
✔ quoted injection and contradictory later human scope never grant authority (2.298916ms)
✔ externally quoted permission remains untrusted when preceded by ordinary user prose (0.970875ms)
✔ revocation requires a human revocation intent and cannot reuse enablement as revocation (2.661208ms)
✔ re-authorization after a revocation requires a later authentic human instruction (1.918ms)
ℹ tests 18
ℹ suites 0
ℹ pass 18
ℹ fail 0
ℹ cancelled 0
ℹ skipped 0
ℹ todo 0
ℹ duration_ms 136.489583
