✔ native-blocked R4P child stays current for epic admission but waits for its predecessor (3.895583ms)
✔ configured-project mapping ignores legacy blocker markers as dependency authority (0.691083ms)
✔ configured-project child mapping carries current refinement and terminal evidence (0.367417ms)
✔ configured-project mapping rejects stale refinement evidence and board-rank drift (0.276625ms)
✔ epic admission and terminal delivery fail closed on incomplete descriptors and board drift (0.238708ms)
✔ strict local WIP cannot be disabled by project configuration (122.229042ms)
✔ epic Plan admission requires every executable child at R4P or later with refinement evidence (0.358375ms)
✔ R4P state enforces epic child admission before entering Plan (0.106667ms)
✔ next-child selection uses only dependency-ready R4P children and rank (0.275625ms)
✔ next-child selection fails closed while any sibling is locally active (0.126917ms)
✔ local WIP policy has no blocker exception while another child is active (0.667833ms)
✔ epic Test admission requires Done or an accepted closed disposition (0.164417ms)
✔ pull-next advances one dependency-ready R4P child exactly one edge and then stops (9.054375ms)
✔ pull-next refuses to start another local child while a sibling is active (0.215958ms)
✔ operator help, architecture, and pickup guidance describe R4P child staging (4.306916ms)
✔ epic child enumeration exhausts every GraphQL page and refuses cursor ambiguity (1.043791ms)
✔ configured child project membership and fields paginate exhaustively (0.267958ms)
ℹ tests 17
ℹ suites 0
ℹ pass 17
ℹ fail 0
ℹ cancelled 0
ℹ skipped 0
ℹ todo 0
ℹ duration_ms 383.020708
