✔ direct human scope and historical human scope with enablement clarification are accepted (7.146084ms)
✔ exact labeled proposal acceptance and one unambiguous recommended yes are accepted (6.081208ms)
✔ ambiguous alternatives, agent relay and unrelated intent are refused (2.957167ms)
✔ exact hashes, chronology, host repository linkage and bounded context are required (3.016959ms)
✔ quoted injection and contradictory later human scope never grant authority (4.066292ms)
✔ externally quoted permission remains untrusted when preceded by ordinary user prose (1.473542ms)
✔ revocation requires a human revocation intent and cannot reuse enablement as revocation (4.924791ms)
✔ re-authorization after a revocation requires a later authentic human instruction (1.88675ms)
✖ sequential intent, unrelated yes and selecting an enable proposal cannot become revocation authority (1.61775ms)
ℹ tests 9
ℹ suites 0
ℹ pass 8
ℹ fail 1
ℹ cancelled 0
ℹ skipped 0
ℹ todo 0
ℹ duration_ms 133.995875

✖ failing tests:

test at scripts/tests/unit/task-tracker/lib/epic-rank-wave-source.test.mjs:167:1
✖ sequential intent, unrelated yes and selecting an enable proposal cannot become revocation authority (1.61775ms)
  AssertionError [ERR_ASSERTION]: Expected values to be strictly equal:
  + actual - expected
  
  + 'verified'
  - 'blocked'
  
      at TestContext.<anonymous> (file:///Users/kpburson/projects/Vibe-Coding/ai-task-manager/.worktrees/1872-rank-level-parallel/scripts/tests/unit/task-tracker/lib/epic-rank-wave-source.test.mjs:172:13)
      at async Test.run (node:internal/test_runner/test:1409:7)
      at async Test.processPendingSubtests (node:internal/test_runner/test:974:7) {
    generatedMessage: true,
    code: 'ERR_ASSERTION',
    actual: 'verified',
    expected: 'blocked',
    operator: 'strictEqual',
    diff: 'simple'
  }
