npm notice run @kburson/ai-task-manager@0.1.0 test:slow
npm notice run node scripts/run-tests.mjs --lane slow
▶ lane=slow (55 files)

▶ scripts/tests/slow/task-tracker/core/ci-lane-wiring.test.mjs ... ok (108ms)
▶ scripts/tests/slow/task-tracker/core/fleet-registry-concurrent.test.mjs ... ok (5.4s)
▶ scripts/tests/slow/task-tracker/core/lifecycle-traversal-e2e.test.mjs ... ok (1.1s)
▶ scripts/tests/slow/task-tracker/core/maintenance-scripts-strict-argv.test.mjs ... ok (7.7s)
▶ scripts/tests/slow/task-tracker/core/packaged-doctor-consumer.test.mjs ... ok (14.7s)
▶ scripts/tests/slow/task-tracker/core/packaged-tail-profile-consumer.test.mjs ... ok (9.6s)
▶ scripts/tests/slow/task-tracker/core/verify-develop.test.mjs ... ok (1.3s)
▶ scripts/tests/slow/task-tracker/lib/ac-evidence-gate.test.mjs ... ok (2.1s)
▶ scripts/tests/slow/task-tracker/lib/action-capture-integration.test.mjs ... ok (2.4s)
▶ scripts/tests/slow/task-tracker/lib/activity-guard.test.mjs ... ok (20.2s)
▶ scripts/tests/slow/task-tracker/lib/agent-guard.test.mjs ... ok (1.0s)
▶ scripts/tests/slow/task-tracker/lib/agentic-help-runtime.test.mjs ... ok (149.2s)
▶ scripts/tests/slow/task-tracker/lib/aitm-dispatcher.test.mjs ... ok (7.2s)
▶ scripts/tests/slow/task-tracker/lib/body-write-roundtrip.test.mjs ... ok (66ms)
▶ scripts/tests/slow/task-tracker/lib/chore-mode-activity-guard.test.mjs ... ok (911ms)
▶ scripts/tests/slow/task-tracker/lib/cli.test.mjs ... ok (22.1s)
▶ scripts/tests/slow/task-tracker/lib/commit-trail-handler.test.mjs ... ok (3.0s)
▶ scripts/tests/slow/task-tracker/lib/config-completeness-invariant.test.mjs ... ok (429ms)
▶ scripts/tests/slow/task-tracker/lib/coverage-close-gates.test.mjs ... ok (4.5s)
▶ scripts/tests/slow/task-tracker/lib/coverage-hook-handler.test.mjs ... ok (11.0s)
▶ scripts/tests/slow/task-tracker/lib/coverage-orchestrator-lock.test.mjs ... ok (807ms)
▶ scripts/tests/slow/task-tracker/lib/create-issue.test.mjs ... ok (4.9s)
▶ scripts/tests/slow/task-tracker/lib/demonstrable-ac-gate.test.mjs ... ok (67ms)
▶ scripts/tests/slow/task-tracker/lib/dirty-review-promote-false-success.test.mjs ... ok (2.4s)
▶ scripts/tests/slow/task-tracker/lib/dirty-workspace-gate.test.mjs ... ok (18.6s)
▶ scripts/tests/slow/task-tracker/lib/discover-autosave.test.mjs ... ok (359ms)
▶ scripts/tests/slow/task-tracker/lib/draft-branch.test.mjs ... ok (560ms)
▶ scripts/tests/slow/task-tracker/lib/ensure-wave-parent.test.mjs ... ok (7.0s)
▶ scripts/tests/slow/task-tracker/lib/epic-children-review-lifecycle.test.mjs ... ok (388ms)
▶ scripts/tests/slow/task-tracker/lib/epic-tree.test.mjs ... ok (2.3s)
▶ scripts/tests/slow/task-tracker/lib/evidence-v2/frozen-worktree-rehearsal.test.mjs ... ok (21.9s)
▶ scripts/tests/slow/task-tracker/lib/gate-message-attribution.test.mjs ... ok (406ms)
▶ scripts/tests/slow/task-tracker/lib/gates.test.mjs ... ok (14.8s)
▶ scripts/tests/slow/task-tracker/lib/init-status-palette.test.mjs ... ok (9.6s)
▶ scripts/tests/slow/task-tracker/lib/issue-authoring.test.mjs ... ok (2.2s)
▶ scripts/tests/slow/task-tracker/lib/lifecycle.test.mjs ... ok (5.0s)
▶ scripts/tests/slow/task-tracker/lib/log-issue-time.test.mjs ... ok (2.4s)
▶ scripts/tests/slow/task-tracker/lib/move-state-approval-gate.test.mjs ... ok (15.2s)
▶ scripts/tests/slow/task-tracker/lib/move-state-gate.test.mjs ... ok (9.2s)
▶ scripts/tests/slow/task-tracker/lib/move-state.test.mjs ... ok (4.3s)
▶ scripts/tests/slow/task-tracker/lib/move-state/board-field-readback.test.mjs ... ok (2.9s)
▶ scripts/tests/slow/task-tracker/lib/proof-gate-reconciliation.test.mjs ... ok (1.1s)
▶ scripts/tests/slow/task-tracker/lib/ready-for-plan-live-migration.test.mjs ... ok (459ms)
▶ scripts/tests/slow/task-tracker/lib/review-approval-prompt.test.mjs ... ok (57.4s)
▶ scripts/tests/slow/task-tracker/lib/verb-preflight-wiring.test.mjs ... ok (7.7s)
▶ scripts/tests/slow/task-tracker/lib/worktree-isolation.test.mjs ... ok (5.5s)
▶ scripts/tests/slow/task-tracker/lib/worktree-seed-integration.test.mjs ... ok (2.4s)
▶ scripts/tests/slow/task-tracker/verbs/close-lifecycle-tick.test.mjs ... ok (144ms)
▶ scripts/tests/slow/task-tracker/verbs/coverage-close.test.mjs ... ok (9.3s)
▶ scripts/tests/slow/task-tracker/verbs/deadlock-regression.test.mjs ... ok (371ms)
▶ scripts/tests/slow/task-tracker/verbs/promote-verb.test.mjs ... ok (2.2s)
▶ scripts/tests/slow/task-tracker/verbs/recovery-path-independence.test.mjs ... ok (630ms)
▶ scripts/tests/slow/task-tracker/verbs/state-marker-single-writer.test.mjs ... ok (455ms)
▶ scripts/tests/slow/task-tracker/verbs/verb-test-remove-worktree.test.mjs ... ok (263ms)
▶ scripts/tests/slow/task-tracker/workflow-exception-lifecycle.test.mjs ... ok (77ms)

▶ scheduling: 0 pure unit file(s) at pool concurrency 9 (peak 0); 0 direct-subprocess file(s) at pool concurrency 2 (peak 0); 1 explicit-safe slow file(s) at pool concurrency 2 (peak 1); 54 explicit-unsafe/integration/unmarked-slow file(s) serial

run-tests: lane 'slow' bounded sections: slow-parallel=149.2s/600s (1 files); serial=327.9s/600s (54 files); aggregate=477.2s

All 55 test files passed.
