✔ partial comment publication refuses admission and same-record resume completes exactly one comment (18.594167ms)
✔ body succeeds but read-back fails; retry repairs the same pointer without reposting (1.51975ms)
✔ unknown comment write stays indeterminate under its original operation ID and never posts twice (0.826708ms)
✔ graph drift, source refusal, record tamper and mismatched operation identity refuse repair (4.624542ms)
✔ newer revocation and expiry cannot be repaired as partial publication (2.598667ms)
✖ a registered exact generation refresh requires positive discharge, preserves source scope and remains resumable (2.245834ms)
ℹ tests 6
ℹ suites 0
ℹ pass 5
ℹ fail 1
ℹ cancelled 0
ℹ skipped 0
ℹ todo 0
ℹ duration_ms 151.78725

✖ failing tests:

test at scripts/tests/integration/task-tracker/lib/epic-rank-wave-recovery.test.mjs:77:1
✖ a registered exact generation refresh requires positive discharge, preserves source scope and remains resumable (2.245834ms)
  AssertionError [ERR_ASSERTION]: Expected values to be strictly equal:
  + actual - expected
  
  + undefined
  - 'gen-144'
  
      at TestContext.<anonymous> (file:///Users/kpburson/projects/Vibe-Coding/ai-task-manager/.worktrees/1872-rank-level-parallel/scripts/tests/integration/task-tracker/lib/epic-rank-wave-recovery.test.mjs:86:10)
      at async Test.run (node:internal/test_runner/test:1409:7)
      at async Test.processPendingSubtests (node:internal/test_runner/test:974:7) {
    generatedMessage: true,
    code: 'ERR_ASSERTION',
    actual: undefined,
    expected: 'gen-144',
    operator: 'strictEqual',
    diff: 'simple'
  }
