✔ tracked invalid override refuses a read-only operational route before normal dispatch (477.053041ms)
✔ invalid catalog refuses before GitHub, lock, or session effects without network skip (19658.794667ms)
✔ dynamic issue-bind route cannot bypass admission (510.965458ms)
✔ direct verb hub refuses invalid guidance before context construction (432.466083ms)
✔ direct verb executables refuse invalid guidance before their own main paths (3080.601167ms)
✔ direct verb help-shaped arguments cannot bypass admission (2527.728458ms)
✔ unsupported direct-hub recovery words are admitted as operational (635.78225ms)
✔ session annotation requires a durable issue write, not a zero-exit or local change (0.730208ms)
✔ timing-post observation distinguishes durable issue writes from queued rows (0.231084ms)
✔ package installer refuses invalid guidance before init writes (394.359417ms)
✔ direct support-script path refuses invalid guidance before its own parser (470.0865ms)
✔ guidance validation remains a routed recovery command (851.144875ms)
✔ top-level help remains available while the selected catalog is invalid (327.179042ms)
✔ command help, guidance source, and package version remain effect-free recovery routes (1023.011584ms)
✔ admission inventory accounts for every canonical command, alias, and classified executable (147.833875ms)
✔ every registered operational token refuses an invalid catalog (33056.894792ms)
✔ every supported direct operational entrypoint refuses an invalid catalog (16580.901167ms)
ℹ tests 17
ℹ suites 0
ℹ pass 17
ℹ fail 0
ℹ cancelled 0
ℹ skipped 0
ℹ todo 0
ℹ duration_ms 80438.553292
