✔ tracked invalid override refuses a read-only operational route before normal dispatch (591.926208ms)
✔ invalid catalog refuses before GitHub, lock, or session effects without network skip (14406.852958ms)
✔ dynamic issue-bind route cannot bypass admission (492.639834ms)
✔ direct verb hub refuses invalid guidance before context construction (708.273083ms)
✔ direct verb executables refuse invalid guidance before their own main paths (3940.275375ms)
✔ direct verb help-shaped arguments cannot bypass admission (2375.069167ms)
✔ unsupported direct-hub recovery words are admitted as operational (804.990375ms)
✔ session annotation requires a durable issue write, not a zero-exit or local change (0.941459ms)
✔ timing-post observation distinguishes durable issue writes from queued rows (0.312292ms)
✔ package installer refuses invalid guidance before init writes (401.554042ms)
✔ direct support-script path refuses invalid guidance before its own parser (364.32ms)
✔ guidance validation remains a routed recovery command (498.935208ms)
✔ top-level help remains available while the selected catalog is invalid (291.835375ms)
✔ command help, guidance source, and package version remain effect-free recovery routes (1075.368625ms)
✔ admission inventory accounts for every canonical command, alias, and classified executable (145.582542ms)
✔ every registered operational token refuses an invalid catalog (29083.245708ms)
✔ every supported direct operational entrypoint refuses an invalid catalog (14751.603291ms)
ℹ tests 17
ℹ suites 0
ℹ pass 17
ℹ fail 0
ℹ cancelled 0
ℹ skipped 0
ℹ todo 0
ℹ duration_ms 72459.493542
