✔ direct human scope and historical human scope with enablement clarification are accepted (6.191792ms)
✔ exact labeled proposal acceptance and one unambiguous recommended yes are accepted (4.456708ms)
✔ ambiguous alternatives, agent relay and unrelated intent are refused (3.3285ms)
✔ exact hashes, chronology, host repository linkage and bounded context are required (3.334375ms)
✔ quoted injection and contradictory later human scope never grant authority (2.541667ms)
✔ externally quoted permission remains untrusted when preceded by ordinary user prose (0.867708ms)
✔ revocation requires a human revocation intent and cannot reuse enablement as revocation (2.765ms)
✖ re-authorization after a revocation requires a later authentic human instruction (1.733791ms)
ℹ tests 8
ℹ suites 0
ℹ pass 7
ℹ fail 1
ℹ cancelled 0
ℹ skipped 0
ℹ todo 0
ℹ duration_ms 107.7

✖ failing tests:

test at scripts/tests/unit/task-tracker/lib/epic-rank-wave-source.test.mjs:161:1
✖ re-authorization after a revocation requires a later authentic human instruction (1.733791ms)
  AssertionError [ERR_ASSERTION]: Expected values to be strictly equal:
  + actual - expected
  
  + 'verified'
  - 'blocked'
  
      at TestContext.<anonymous> (file:///Users/kpburson/projects/Vibe-Coding/ai-task-manager/.worktrees/1872-rank-level-parallel/scripts/tests/unit/task-tracker/lib/epic-rank-wave-source.test.mjs:163:10)
      at async Test.run (node:internal/test_runner/test:1409:7)
      at async Test.processPendingSubtests (node:internal/test_runner/test:974:7) {
    generatedMessage: true,
    code: 'ERR_ASSERTION',
    actual: 'verified',
    expected: 'blocked',
    operator: 'strictEqual',
    diff: 'simple'
  }
