✔ distinct genuine live child generations admit; shared physical roots, branches, clone or identities refuse (1.1855ms)
✔ stale location sid, missing native proof, occupancy and active generation mismatch refuse (0.962291ms)
✔ completed peer retains frozen lineage without requiring worker occupancy (0.2295ms)
✔ Test/Review parent supervision requires actual child handoff with old worker discharge (0.204208ms)
✔ refresh permits exactly one new generation after positive old-claim discharge and no scope drift (98.296208ms)
✖ default observation derives handoff only from real parent replacement claim and discharged worker binding (0.693291ms)
ℹ tests 6
ℹ suites 0
ℹ pass 5
ℹ fail 1
ℹ cancelled 0
ℹ skipped 0
ℹ todo 0
ℹ duration_ms 346.672041

✖ failing tests:

test at scripts/tests/unit/task-tracker/lib/epic-rank-wave-bindings.test.mjs:71:1
✖ default observation derives handoff only from real parent replacement claim and discharged worker binding (0.693291ms)
  Error: ENOENT: no such file or directory, lstat '/clone'
      at realpathSync (node:fs:3413:29)
      at discoverRankWavePhysical (file:///Users/kpburson/projects/Vibe-Coding/ai-task-manager/.worktrees/1872-rank-level-parallel/scripts/task-tracker/lib/epic-rank-wave-bindings.mjs:22:26)
      at observeRankWaveBinding (file:///Users/kpburson/projects/Vibe-Coding/ai-task-manager/.worktrees/1872-rank-level-parallel/scripts/task-tracker/lib/epic-rank-wave-bindings.mjs:52:20)
      at TestContext.<anonymous> (file:///Users/kpburson/projects/Vibe-Coding/ai-task-manager/.worktrees/1872-rank-level-parallel/scripts/tests/unit/task-tracker/lib/epic-rank-wave-bindings.test.mjs:77:24)
      at async Test.run (node:internal/test_runner/test:1409:7)
      at async Test.processPendingSubtests (node:internal/test_runner/test:974:7) {
    errno: -2,
    code: 'ENOENT',
    syscall: 'lstat',
    path: '/clone'
  }
