✔ promote: refine→R4P is a direct move-state call with refine-estimate hook (327.222ms)
✔ promote: refine→R4P refused when full refine-estimate signals are missing (59.776959ms)
✔ promote: refine→R4P refuses when Acceptance Criteria drift after snapshot (61.7565ms)
✔ promote: refine→R4P refused when refine-exit gate returns blockers (#147) (45.046042ms)
✔ promote: backlog→refine stamps Start time on success (#147, #1211) (43.334375ms)
✔ promote: backlog→refine is a direct move-state call without a Priority gate (40.092333ms)
✔ promote: plan→develop is a direct move-state call when planned-estimate appendix is present (49.14075ms)
✔ promote: plan→develop surfaces an empty Plan Metadata refusal before move-state (42.465083ms)
✔ promote: plan→develop refused when refine-estimate comment is missing (#134) (57.488125ms)
✔ promote: plan→develop refused when any sub-issue still in Backlog (#135) (39.890541ms)
✔ promote: plan→develop refuses only children without current R4P-or-later evidence (40.96225ms)
✔ promote: refine→plan refused when an epic child is PAST refine (#149 — lead-rule) (44.089583ms)
✔ promote: plan→develop refused when planned-estimate appendix is missing (#134) (54.741458ms)
✔ promote: develop→test delegates to /task test (#137) (56.9935ms)
✔ promote: develop→test refused when CODE_COMPLETE gate returns blockers (#136) (47.621459ms)
[state-recording] issue #1752 marker write to "test" FAILED after 2 attempts: simulated gh failure
✔ promote: develop→test allowed when CODE_COMPLETE gate passes (#136) (65.025416ms)
✔ promote: test→review delegates to the review verb (42.100708ms)
✔ promote: test→review refused when aitm-dod-verified marker is missing (#210 Fix C) (47.202625ms)
✔ promote: test→review REFUSED when a non-lifecycle checkbox is still unticked (#257) (67.08975ms)
✔ promote: test→review ALLOWED when dod-verified present and every checkbox ticked (#257) (56.465625ms)
✔ promote: review→done delegates to /task close (63.614125ms)
✔ promote: review→done reports transition-failed when close exits 0 but board stays review (#710) (68.232917ms)
✔ promote: historical Assigned body canonicalizes to R4P before drift comparison (53.94025ms)
✔ promote: terminal refusal on done (23.241042ms)
✔ promote: drift refused when live ≠ recorded (20.083584ms)
✔ promote: bootstrap when lastKnownState absent — syncs to live, then promotes (49.650167ms)
✔ promote: transition-failed when alias verb exits non-zero — no metadata update (51.077041ms)
✔ promote: delegate non-zero but board reached target → promoted-with-warning (#175) (50.9745ms)
✔ promote: delegate non-zero, board at target, marker stale → repair write fires (#175) (46.917084ms)
✔ promote: delegate non-zero, marker repair write fails → audit comment posted (#175, #168) (53.715958ms)
✔ promote: alias=test exit non-zero, board at target, NO aitm-dod-verified → promoted-with-warning, no rollback (#271 regression guard) (69.080541ms)
✔ promote: delegate non-zero AND board drifted to non-target → transition-failed (#175) (54.975834ms)
✔ promote: drift-reconcile is a no-op when live state matches recorded after failure (82.032583ms)
✔ promote: drift-reconcile survives getLiveState throwing on the post-failure read (49.971834ms)
✔ promote: error when recorded state is unknown (13.63275ms)
✔ promote: no longer writes a move:<target> audit row (#128 — chokepoint emits paired phase rows) (40.027292ms)
ℹ tests 36
ℹ suites 0
ℹ pass 36
ℹ fail 0
ℹ cancelled 0
ℹ skipped 0
ℹ todo 0
ℹ duration_ms 2286.999667
