✔ Edit src/foo.ts in develop → pass (213.33475ms)
✔ Edit docs/notes.md in plan without current-session binding → allow (150.642083ms)
✔ Edit docs/notes.md in refine without an exact binding → allow (141.5025ms)
✔ Edit .github/ISSUE_TEMPLATE/bug.md in refine → pass (113.563875ms)
✔ Bash npm test in test → pass (117.037ms)
✔ Bash READ command (cat README.md) in done → pass (122.128583ms)
✔ Write .scratch/gh/foo.txt in develop → pass (scratch carve-out) (135.16825ms)
✔ Write .scratch/plan/draft.md in refine → pass (scratch carve-out) (229.389709ms)
✔ Write absolute .scratch/ path → pass (scratch carve-out) (423.468875ms)
✔ Write .tmp/aitm runtime path in refine → pass (121.345ms)
✔ Edit src/foo.ts in refine → block; suggests develop (99.470875ms)
✔ Edit src/foo.ts in test → block; suggests develop (104.513833ms)
✔ Bash heredoc to src/ in refine → block (89.296167ms)
✔ Bash npm run build in refine → block (87.742917ms)
✔ Bash git commit in refine → block (COMMIT_CODE) (162.347291ms)
✔ Edit src/foo.ts with active issue but no state field → block; suggest reconcile (91.943334ms)
✔ Edit src/foo.ts with no state file at all → block (no-active-task) (83.532458ms)
✔ Edit docs/notes.md with active issue but no state → allow (89.970625ms)
✔ Read with no active task is universally allowed; no state file → pass (98.055209ms)
✔ malformed stdin JSON → pass (don't deadlock) (101.670708ms)
✔ unknown tool_name → pass-through (107.103833ms)
✔ Edit with missing file_path → pass (avoid false-positive) (80.892375ms)
✔ Edit with absolute path inside project root → normalized + blocked in refine (85.334042ms)
✔ session kanbanState cache supplies state when global state field is absent (95.02325ms)
✔ session kanbanState overrides legacy global state when both present (82.408834ms)
✔ session cache for a different issue is ignored (93.655ms)
✔ session cache with invalid kanbanState is ignored; falls back (91.484958ms)
✔ most-recently-modified session cache wins when multiple match (158.153291ms)
✔ invalid state value in state file with active issue → block; suggest reconcile (92.958833ms)
✔ linked backlog document commit uses payload worktree and exact owner (3764.7135ms)
✔ linked refine document commit uses payload worktree and exact owner (3494.192875ms)
✔ linked ready-for-plan document commit uses payload worktree and exact owner (5476.116125ms)
✔ linked plan document commit uses payload worktree and exact owner (3310.232459ms)
✔ native hook session selects its own state instead of an environment session (200.113ms)
✖ scratch shell allowance validates physical targets and preserves early code restrictions (288.355917ms)
✔ Bash scope guard does not execute quoted cat payload examples as issue commands (160.499958ms)
✔ Plan runner does not bypass exact document binding (143.623792ms)
✖ normalized timing identity deduplicates exact events but admits later timestamps (797.940167ms)
✖ timestamp-less lifecycle events remain runnable instead of becoming session-global duplicates (794.161375ms)
✖ stamp write failure skips the timing flush and fails closed (200.019209ms)
✖ SessionStart: no active and no paused → "No active task." (186.56075ms)
✖ SessionStart: no active, lastActive present but no fleet entry → "No active task." (135.527375ms)
✖ SessionStart: discover bucket active → "Discovery bucket active." (186.84925ms)
✖ SessionStart: active task with stale entryStartTs → recovery banner (152.193333ms)
✖ SessionStart: active task with no entryStartTs → active banner, no recovery time (141.873584ms)
✖ SessionStart banks an existing session cursor tail exactly once (295.1225ms)
✖ SessionStart orphan recovery rows use the freshly banked marker pair (147.135416ms)
✔ PreCompact: active with entryStartTs → flush path runs (exit 0) (152.488209ms)
✔ PreCompact: bound-but-paused (no entryStartTs) → early return (#407) (145.859584ms)
✔ PreCompact: nothing active → early return (139.410167ms)
✔ PostCompact: active → resume row path (exit 0) (140.417791ms)
✖ PreCompact/PostCompact rows advance durable primary and full markers from the prior cursor (263.775208ms)
✖ PostCompact banks a tail preserved by an unavailable PreCompact exactly once (353.410458ms)
✔ PostCompact: nothing active → early return (118.840167ms)
✖ malformed stdin → JSON.parse catch, no handler dispatched, exit 0 (129.378291ms)
✔ unknown event → no handler dispatched, exit 0 (136.726959ms)
file:///Users/kpburson/projects/Vibe-Coding/ai-task-manager/.worktrees/1872-rank-level-parallel/scripts/tests/slow/task-tracker/lib/discover-autosave.test.mjs:2
#!/usr/bin/env node
^

SyntaxError: Invalid or unexpected token
    at compileSourceTextModule (node:internal/modules/esm/utils:355:16)
    at ModuleLoader.moduleStrategy (node:internal/modules/esm/translators:93:18)
    at #translate (node:internal/modules/esm/loader:441:20)
    at afterLoad (node:internal/modules/esm/loader:509:29)
    at ModuleLoader.loadAndTranslate (node:internal/modules/esm/loader:514:12)
    at #getOrCreateModuleJobAfterResolve (node:internal/modules/esm/loader:567:36)
    at afterResolve (node:internal/modules/esm/loader:614:52)
    at ModuleLoader.getOrCreateModuleJob (node:internal/modules/esm/loader:620:12)
    at node:internal/modules/esm/loader:639:32
    at TracingChannel.tracePromise (node:diagnostics_channel:547:22)

Node.js v26.8.1
✖ scripts/tests/slow/task-tracker/lib/discover-autosave.test.mjs (114.76875ms)
node:internal/modules/run_main:107
    triggerUncaughtException(
    ^

AssertionError [ERR_ASSERTION]: exit non-zero; stderr:
ensure-wave-parent error: Foreign project root requires registered admission: AI_TASK_MANAGER_PROJECT_DIR


1 !== 0

    at file:///Users/kpburson/projects/Vibe-Coding/ai-task-manager/.worktrees/1872-rank-level-parallel/scripts/tests/slow/task-tracker/lib/ensure-wave-parent.test.mjs:249:12
    at process.processTicksAndRejections (node:internal/process/task_queues:104:5) {
  generatedMessage: false,
  code: 'ERR_ASSERTION',
  actual: 1,
  expected: 0,
  operator: 'strictEqual',
  diff: 'simple'
}

Node.js v26.8.1
✖ scripts/tests/slow/task-tracker/lib/ensure-wave-parent.test.mjs (709.699084ms)
node:internal/modules/run_main:107
    triggerUncaughtException(
    ^

AssertionError [ERR_ASSERTION]: dry-run failed
log-issue-time: log-issue-time: canonical timing source unavailable


1 !== 0

    at file:///Users/kpburson/projects/Vibe-Coding/ai-task-manager/.worktrees/1872-rank-level-parallel/scripts/tests/slow/task-tracker/lib/log-issue-time.test.mjs:132:10
    at ModuleJob.run (node:internal/modules/esm/module_job:569:25)
    at async node:internal/modules/esm/loader:650:26
    at async asyncRunEntryPointWithESMLoader (node:internal/modules/run_main:101:5) {
  generatedMessage: false,
  code: 'ERR_ASSERTION',
  actual: 1,
  expected: 0,
  operator: 'strictEqual',
  diff: 'simple'
}

Node.js v26.8.1
✖ scripts/tests/slow/task-tracker/lib/log-issue-time.test.mjs (10626.914166ms)
node:internal/errors:999
  const err = new Error(message);
              ^

Error: Command failed: node /Users/kpburson/projects/Vibe-Coding/ai-task-manager/.worktrees/1872-rank-level-parallel/scripts/tests/helpers/move-state-cli.mjs 100 develop --item-id PVTI_test

⛔ Refusing to move #100 to develop:
   BLOCKED: #100 is in plan; wip-parent-fetch-failed: parent authority unreadable

Use `/task unblock` (or close the blockers) before retrying this move.


    at genericNodeError (node:internal/errors:999:15)
    at wrappedFn (node:internal/errors:544:14)
    at ChildProcess.exithandler (node:child_process:417:12)
    at ChildProcess.emit (node:events:514:20)
    at maybeClose (node:internal/child_process:1125:16)
    at Socket.<anonymous> (node:internal/child_process:497:11)
    at Socket.emit (node:events:514:20)
    at Pipe.<anonymous> (node:net:362:12) {
  code: 4,
  killed: false,
  signal: null,
  cmd: 'node /Users/kpburson/projects/Vibe-Coding/ai-task-manager/.worktrees/1872-rank-level-parallel/scripts/tests/helpers/move-state-cli.mjs 100 develop --item-id PVTI_test',
  stdout: '',
  stderr: '\n' +
    '⛔ Refusing to move #100 to develop:\n' +
    '   BLOCKED: #100 is in plan; wip-parent-fetch-failed: parent authority unreadable\n' +
    '\n' +
    'Use `/task unblock` (or close the blockers) before retrying this move.\n' +
    '\n'
}

Node.js v26.8.1
✖ scripts/tests/slow/task-tracker/lib/move-state-approval-gate.test.mjs (3854.546875ms)
move-state-gate.test.mjs: all passed
✔ scripts/tests/slow/task-tracker/lib/move-state-gate.test.mjs (10017.025833ms)
proof-gate real-write passed: stamped AC ticked and persisted via write path
proof-gate-reconciliation.test.mjs: all passed
✔ scripts/tests/slow/task-tracker/lib/proof-gate-reconciliation.test.mjs (2147.87375ms)
[task-tracker] ✓ #501 removed native blockers #999
✔ AC4: runDemote succeeds on a marker-heavy body (write path is not fragile) (5.973459ms)
✔ AC4: runUnblock clears a native blocker without rewriting a marker-heavy body (1.062291ms)
✔ AC4: backward demote exit guard fires while a blocker is open (confirmed contract) (2.382709ms)
✔ AC (#572): main-anchored resolvers build under the passed main path regardless of cwd (0.272834ms)
✔ AC (#572): findMainWorktreePath anchors fleet/lock to MAIN from a sibling worktree cwd (241.644583ms)
✔ AC (#574): relocated .ai-task-manager/templates survive a fresh worktree checkout (178.611916ms)
✖ AC (#572): getProjectDir precedence — AI_TASK_MANAGER_PROJECT_DIR > CLAUDE_PROJECT_DIR > cwd (0.511708ms)
ℹ tests 69
ℹ suites 0
ℹ pass 50
ℹ fail 19
ℹ cancelled 0
ℹ skipped 0
ℹ todo 0
ℹ duration_ms 20707.986458

✖ failing tests:

test at scripts/tests/slow/task-tracker/lib/activity-guard.test.mjs:812:1
✖ scratch shell allowance validates physical targets and preserves early code restrictions (288.355917ms)
  AssertionError [ERR_ASSERTION]: Expected values to be strictly equal:
  + actual - expected
  
  + undefined
  - 'block'
  
      at TestContext.<anonymous> (file:///Users/kpburson/projects/Vibe-Coding/ai-task-manager/.worktrees/1872-rank-level-parallel/scripts/tests/slow/task-tracker/lib/activity-guard.test.mjs:826:12)
      at Test.runInAsyncScope (node:async_hooks:226:14)
      at Test.run (node:internal/test_runner/test:1402:25)
      at Test.processPendingSubtests (node:internal/test_runner/test:974:18)
      at Test.postRun (node:internal/test_runner/test:1542:19)
      at Test.run (node:internal/test_runner/test:1467:12)
      at async Test.processPendingSubtests (node:internal/test_runner/test:974:7) {
    generatedMessage: true,
    code: 'ERR_ASSERTION',
    actual: undefined,
    expected: 'block',
    operator: 'strictEqual',
    diff: 'simple'
  }

test at scripts/tests/slow/task-tracker/lib/coverage-hook-handler.test.mjs:144:1
✖ normalized timing identity deduplicates exact events but admits later timestamps (797.940167ms)
  AssertionError [ERR_ASSERTION]: Expected values to be strictly equal:
  
  1 !== 0
  
      at TestContext.<anonymous> (file:///Users/kpburson/projects/Vibe-Coding/ai-task-manager/.worktrees/1872-rank-level-parallel/scripts/tests/slow/task-tracker/lib/coverage-hook-handler.test.mjs:158:10)
      at Test.runInAsyncScope (node:async_hooks:226:14)
      at Test.run (node:internal/test_runner/test:1402:25)
      at async startSubtestAfterBootstrap (node:internal/test_runner/harness:387:3) {
    generatedMessage: true,
    code: 'ERR_ASSERTION',
    actual: 1,
    expected: 0,
    operator: 'strictEqual',
    diff: 'simple'
  }

test at scripts/tests/slow/task-tracker/lib/coverage-hook-handler.test.mjs:166:1
✖ timestamp-less lifecycle events remain runnable instead of becoming session-global duplicates (794.161375ms)
  AssertionError [ERR_ASSERTION]: Expected values to be strictly equal:
  
  1 !== 0
  
      at TestContext.<anonymous> (file:///Users/kpburson/projects/Vibe-Coding/ai-task-manager/.worktrees/1872-rank-level-parallel/scripts/tests/slow/task-tracker/lib/coverage-hook-handler.test.mjs:170:10)
      at Test.runInAsyncScope (node:async_hooks:226:14)
      at Test.run (node:internal/test_runner/test:1402:25)
      at async Test.processPendingSubtests (node:internal/test_runner/test:974:7) {
    generatedMessage: true,
    code: 'ERR_ASSERTION',
    actual: 1,
    expected: 0,
    operator: 'strictEqual',
    diff: 'simple'
  }

test at scripts/tests/slow/task-tracker/lib/coverage-hook-handler.test.mjs:176:1
✖ stamp write failure skips the timing flush and fails closed (200.019209ms)
  AssertionError [ERR_ASSERTION]: The input did not match the regular expression /hook stamp.*fail/i. Input:
  
  'file:///Users/kpburson/projects/Vibe-Coding/ai-task-manager/.worktrees/1872-rank-level-parallel/scripts/task-tracker/lib/runtime-storage.mjs:26\n' +
    '  throw new RuntimeRootError(code, message);\n' +
    '        ^\n' +
    '\n' +
    'RuntimeRootError: Foreign project root requires registered admission: AI_TASK_MANAGER_PROJECT_DIR\n' +
    '    at fail (file:///Users/kpburson/projects/Vibe-Coding/ai-task-manager/.worktrees/1872-rank-level-parallel/scripts/task-tracker/lib/runtime-storage.mjs:26:9)\n' +
    '    at resolveRuntimeRoot (file:///Users/kpburson/projects/Vibe-Coding/ai-task-manager/.worktrees/1872-rank-level-parallel/scripts/task-tracker/lib/runtime-storage.mjs:205:9)\n' +
    '    at getProjectDir (file:///Users/kpburson/projects/Vibe-Coding/ai-task-manager/.worktrees/1872-rank-level-parallel/scripts/task-tracker/paths.mjs:123:10)\n' +
    '    at file:///Users/kpburson/projects/Vibe-Coding/ai-task-manager/.worktrees/1872-rank-level-parallel/scripts/task-tracker/hook-handler.mjs:41:20\n' +
    '    at ModuleJob.run (node:internal/modules/esm/module_job:569:25)\n' +
    '    at async node:internal/modules/esm/loader:650:26\n' +
    '    at async asyncRunEntryPointWithESMLoader (node:internal/modules/run_main:101:5) {\n' +
    "  code: 'ROOT_IDENTITY_MISMATCH'\n" +
    '}\n' +
    '\n' +
    'Node.js v26.8.1\n'
  
      at TestContext.<anonymous> (file:///Users/kpburson/projects/Vibe-Coding/ai-task-manager/.worktrees/1872-rank-level-parallel/scripts/tests/slow/task-tracker/lib/coverage-hook-handler.test.mjs:187:10)
      at Test.runInAsyncScope (node:async_hooks:226:14)
      at Test.run (node:internal/test_runner/test:1402:25)
      at async Test.processPendingSubtests (node:internal/test_runner/test:974:7) {
    generatedMessage: true,
    code: 'ERR_ASSERTION',
    actual: "file:///Users/kpburson/projects/Vibe-Coding/ai-task-manager/.worktrees/1872-rank-level-parallel/scripts/task-tracker/lib/runtime-storage.mjs:26\n  throw new RuntimeRootError(code, message);\n        ^\n\nRuntimeRootError: Foreign project root requires registered admission: AI_TASK_MANAGER_PROJECT_DIR\n    at fail (file:///Users/kpburson/projects/Vibe-Coding/ai-task-manager/.worktrees/1872-rank-level-parallel/scripts/task-tracker/lib/runtime-storage.mjs:26:9)\n    at resolveRuntimeRoot (file:///Users/kpburson/projects/Vibe-Coding/ai-task-manager/.worktrees/1872-rank-level-parallel/scripts/task-tracker/lib/runtime-storage.mjs:205:9)\n    at getProjectDir (file:///Users/kpburson/projects/Vibe-Coding/ai-task-manager/.worktrees/1872-rank-level-parallel/scripts/task-tracker/paths.mjs:123:10)\n    at file:///Users/kpburson/projects/Vibe-Coding/ai-task-manager/.worktrees/1872-rank-level-parallel/scripts/task-tracker/hook-handler.mjs:41:20\n    at ModuleJob.run (node:internal/modules/esm/module_job:569:25)\n    at async node:internal/modules/esm/loader:650:26\n    at async asyncRunEntryPointWithESMLoader (node:internal/modules/run_main:101:5) {\n  code: 'ROOT_IDENTITY_MISMATCH'\n}\n\nNode.js v26.8.1\n",
    expected: /hook stamp.*fail/i,
    operator: 'match',
    diff: 'simple'
  }

test at scripts/tests/slow/task-tracker/lib/coverage-hook-handler.test.mjs:192:1
✖ SessionStart: no active and no paused → "No active task." (186.56075ms)
  AssertionError [ERR_ASSERTION]: The input did not match the regular expression /No active task\./. Input:
  
  'file:///Users/kpburson/projects/Vibe-Coding/ai-task-manager/.worktrees/1872-rank-level-parallel/scripts/task-tracker/lib/runtime-storage.mjs:26\n' +
    '  throw new RuntimeRootError(code, message);\n' +
    '        ^\n' +
    '\n' +
    'RuntimeRootError: Foreign project root requires registered admission: AI_TASK_MANAGER_PROJECT_DIR\n' +
    '    at fail (file:///Users/kpburson/projects/Vibe-Coding/ai-task-manager/.worktrees/1872-rank-level-parallel/scripts/task-tracker/lib/runtime-storage.mjs:26:9)\n' +
    '    at resolveRuntimeRoot (file:///Users/kpburson/projects/Vibe-Coding/ai-task-manager/.worktrees/1872-rank-level-parallel/scripts/task-tracker/lib/runtime-storage.mjs:205:9)\n' +
    '    at getProjectDir (file:///Users/kpburson/projects/Vibe-Coding/ai-task-manager/.worktrees/1872-rank-level-parallel/scripts/task-tracker/paths.mjs:123:10)\n' +
    '    at file:///Users/kpburson/projects/Vibe-Coding/ai-task-manager/.worktrees/1872-rank-level-parallel/scripts/task-tracker/hook-handler.mjs:41:20\n' +
    '    at ModuleJob.run (node:internal/modules/esm/module_job:569:25)\n' +
    '    at async node:internal/modules/esm/loader:650:26\n' +
    '    at async asyncRunEntryPointWithESMLoader (node:internal/modules/run_main:101:5) {\n' +
    "  code: 'ROOT_IDENTITY_MISMATCH'\n" +
    '}\n' +
    '\n' +
    'Node.js v26.8.1\n'
  
      at TestContext.<anonymous> (file:///Users/kpburson/projects/Vibe-Coding/ai-task-manager/.worktrees/1872-rank-level-parallel/scripts/tests/slow/task-tracker/lib/coverage-hook-handler.test.mjs:194:10)
      at Test.runInAsyncScope (node:async_hooks:226:14)
      at Test.run (node:internal/test_runner/test:1402:25)
      at async Test.processPendingSubtests (node:internal/test_runner/test:974:7) {
    generatedMessage: true,
    code: 'ERR_ASSERTION',
    actual: "file:///Users/kpburson/projects/Vibe-Coding/ai-task-manager/.worktrees/1872-rank-level-parallel/scripts/task-tracker/lib/runtime-storage.mjs:26\n  throw new RuntimeRootError(code, message);\n        ^\n\nRuntimeRootError: Foreign project root requires registered admission: AI_TASK_MANAGER_PROJECT_DIR\n    at fail (file:///Users/kpburson/projects/Vibe-Coding/ai-task-manager/.worktrees/1872-rank-level-parallel/scripts/task-tracker/lib/runtime-storage.mjs:26:9)\n    at resolveRuntimeRoot (file:///Users/kpburson/projects/Vibe-Coding/ai-task-manager/.worktrees/1872-rank-level-parallel/scripts/task-tracker/lib/runtime-storage.mjs:205:9)\n    at getProjectDir (file:///Users/kpburson/projects/Vibe-Coding/ai-task-manager/.worktrees/1872-rank-level-parallel/scripts/task-tracker/paths.mjs:123:10)\n    at file:///Users/kpburson/projects/Vibe-Coding/ai-task-manager/.worktrees/1872-rank-level-parallel/scripts/task-tracker/hook-handler.mjs:41:20\n    at ModuleJob.run (node:internal/modules/esm/module_job:569:25)\n    at async node:internal/modules/esm/loader:650:26\n    at async asyncRunEntryPointWithESMLoader (node:internal/modules/run_main:101:5) {\n  code: 'ROOT_IDENTITY_MISMATCH'\n}\n\nNode.js v26.8.1\n",
    expected: /No active task\./,
    operator: 'match',
    diff: 'simple'
  }

test at scripts/tests/slow/task-tracker/lib/coverage-hook-handler.test.mjs:197:1
✖ SessionStart: no active, lastActive present but no fleet entry → "No active task." (135.527375ms)
  AssertionError [ERR_ASSERTION]: The input did not match the regular expression /No active task\./. Input:
  
  'file:///Users/kpburson/projects/Vibe-Coding/ai-task-manager/.worktrees/1872-rank-level-parallel/scripts/task-tracker/lib/runtime-storage.mjs:26\n' +
    '  throw new RuntimeRootError(code, message);\n' +
    '        ^\n' +
    '\n' +
    'RuntimeRootError: Foreign project root requires registered admission: AI_TASK_MANAGER_PROJECT_DIR\n' +
    '    at fail (file:///Users/kpburson/projects/Vibe-Coding/ai-task-manager/.worktrees/1872-rank-level-parallel/scripts/task-tracker/lib/runtime-storage.mjs:26:9)\n' +
    '    at resolveRuntimeRoot (file:///Users/kpburson/projects/Vibe-Coding/ai-task-manager/.worktrees/1872-rank-level-parallel/scripts/task-tracker/lib/runtime-storage.mjs:205:9)\n' +
    '    at getProjectDir (file:///Users/kpburson/projects/Vibe-Coding/ai-task-manager/.worktrees/1872-rank-level-parallel/scripts/task-tracker/paths.mjs:123:10)\n' +
    '    at file:///Users/kpburson/projects/Vibe-Coding/ai-task-manager/.worktrees/1872-rank-level-parallel/scripts/task-tracker/hook-handler.mjs:41:20\n' +
    '    at ModuleJob.run (node:internal/modules/esm/module_job:569:25)\n' +
    '    at async node:internal/modules/esm/loader:650:26\n' +
    '    at async asyncRunEntryPointWithESMLoader (node:internal/modules/run_main:101:5) {\n' +
    "  code: 'ROOT_IDENTITY_MISMATCH'\n" +
    '}\n' +
    '\n' +
    'Node.js v26.8.1\n'
  
      at TestContext.<anonymous> (file:///Users/kpburson/projects/Vibe-Coding/ai-task-manager/.worktrees/1872-rank-level-parallel/scripts/tests/slow/task-tracker/lib/coverage-hook-handler.test.mjs:199:10)
      at Test.runInAsyncScope (node:async_hooks:226:14)
      at Test.run (node:internal/test_runner/test:1402:25)
      at async Test.processPendingSubtests (node:internal/test_runner/test:974:7) {
    generatedMessage: true,
    code: 'ERR_ASSERTION',
    actual: "file:///Users/kpburson/projects/Vibe-Coding/ai-task-manager/.worktrees/1872-rank-level-parallel/scripts/task-tracker/lib/runtime-storage.mjs:26\n  throw new RuntimeRootError(code, message);\n        ^\n\nRuntimeRootError: Foreign project root requires registered admission: AI_TASK_MANAGER_PROJECT_DIR\n    at fail (file:///Users/kpburson/projects/Vibe-Coding/ai-task-manager/.worktrees/1872-rank-level-parallel/scripts/task-tracker/lib/runtime-storage.mjs:26:9)\n    at resolveRuntimeRoot (file:///Users/kpburson/projects/Vibe-Coding/ai-task-manager/.worktrees/1872-rank-level-parallel/scripts/task-tracker/lib/runtime-storage.mjs:205:9)\n    at getProjectDir (file:///Users/kpburson/projects/Vibe-Coding/ai-task-manager/.worktrees/1872-rank-level-parallel/scripts/task-tracker/paths.mjs:123:10)\n    at file:///Users/kpburson/projects/Vibe-Coding/ai-task-manager/.worktrees/1872-rank-level-parallel/scripts/task-tracker/hook-handler.mjs:41:20\n    at ModuleJob.run (node:internal/modules/esm/module_job:569:25)\n    at async node:internal/modules/esm/loader:650:26\n    at async asyncRunEntryPointWithESMLoader (node:internal/modules/run_main:101:5) {\n  code: 'ROOT_IDENTITY_MISMATCH'\n}\n\nNode.js v26.8.1\n",
    expected: /No active task\./,
    operator: 'match',
    diff: 'simple'
  }

test at scripts/tests/slow/task-tracker/lib/coverage-hook-handler.test.mjs:202:1
✖ SessionStart: discover bucket active → "Discovery bucket active." (186.84925ms)
  AssertionError [ERR_ASSERTION]: The input did not match the regular expression /Discovery bucket active\./. Input:
  
  'file:///Users/kpburson/projects/Vibe-Coding/ai-task-manager/.worktrees/1872-rank-level-parallel/scripts/task-tracker/lib/runtime-storage.mjs:26\n' +
    '  throw new RuntimeRootError(code, message);\n' +
    '        ^\n' +
    '\n' +
    'RuntimeRootError: Foreign project root requires registered admission: AI_TASK_MANAGER_PROJECT_DIR\n' +
    '    at fail (file:///Users/kpburson/projects/Vibe-Coding/ai-task-manager/.worktrees/1872-rank-level-parallel/scripts/task-tracker/lib/runtime-storage.mjs:26:9)\n' +
    '    at resolveRuntimeRoot (file:///Users/kpburson/projects/Vibe-Coding/ai-task-manager/.worktrees/1872-rank-level-parallel/scripts/task-tracker/lib/runtime-storage.mjs:205:9)\n' +
    '    at getProjectDir (file:///Users/kpburson/projects/Vibe-Coding/ai-task-manager/.worktrees/1872-rank-level-parallel/scripts/task-tracker/paths.mjs:123:10)\n' +
    '    at file:///Users/kpburson/projects/Vibe-Coding/ai-task-manager/.worktrees/1872-rank-level-parallel/scripts/task-tracker/hook-handler.mjs:41:20\n' +
    '    at ModuleJob.run (node:internal/modules/esm/module_job:569:25)\n' +
    '    at async node:internal/modules/esm/loader:650:26\n' +
    '    at async asyncRunEntryPointWithESMLoader (node:internal/modules/run_main:101:5) {\n' +
    "  code: 'ROOT_IDENTITY_MISMATCH'\n" +
    '}\n' +
    '\n' +
    'Node.js v26.8.1\n'
  
      at TestContext.<anonymous> (file:///Users/kpburson/projects/Vibe-Coding/ai-task-manager/.worktrees/1872-rank-level-parallel/scripts/tests/slow/task-tracker/lib/coverage-hook-handler.test.mjs:204:10)
      at Test.runInAsyncScope (node:async_hooks:226:14)
      at Test.run (node:internal/test_runner/test:1402:25)
      at async Test.processPendingSubtests (node:internal/test_runner/test:974:7) {
    generatedMessage: true,
    code: 'ERR_ASSERTION',
    actual: "file:///Users/kpburson/projects/Vibe-Coding/ai-task-manager/.worktrees/1872-rank-level-parallel/scripts/task-tracker/lib/runtime-storage.mjs:26\n  throw new RuntimeRootError(code, message);\n        ^\n\nRuntimeRootError: Foreign project root requires registered admission: AI_TASK_MANAGER_PROJECT_DIR\n    at fail (file:///Users/kpburson/projects/Vibe-Coding/ai-task-manager/.worktrees/1872-rank-level-parallel/scripts/task-tracker/lib/runtime-storage.mjs:26:9)\n    at resolveRuntimeRoot (file:///Users/kpburson/projects/Vibe-Coding/ai-task-manager/.worktrees/1872-rank-level-parallel/scripts/task-tracker/lib/runtime-storage.mjs:205:9)\n    at getProjectDir (file:///Users/kpburson/projects/Vibe-Coding/ai-task-manager/.worktrees/1872-rank-level-parallel/scripts/task-tracker/paths.mjs:123:10)\n    at file:///Users/kpburson/projects/Vibe-Coding/ai-task-manager/.worktrees/1872-rank-level-parallel/scripts/task-tracker/hook-handler.mjs:41:20\n    at ModuleJob.run (node:internal/modules/esm/module_job:569:25)\n    at async node:internal/modules/esm/loader:650:26\n    at async asyncRunEntryPointWithESMLoader (node:internal/modules/run_main:101:5) {\n  code: 'ROOT_IDENTITY_MISMATCH'\n}\n\nNode.js v26.8.1\n",
    expected: /Discovery bucket active\./,
    operator: 'match',
    diff: 'simple'
  }

test at scripts/tests/slow/task-tracker/lib/coverage-hook-handler.test.mjs:207:1
✖ SessionStart: active task with stale entryStartTs → recovery banner (152.193333ms)
  AssertionError [ERR_ASSERTION]: The input did not match the regular expression /#7 is active/. Input:
  
  'file:///Users/kpburson/projects/Vibe-Coding/ai-task-manager/.worktrees/1872-rank-level-parallel/scripts/task-tracker/lib/runtime-storage.mjs:26\n' +
    '  throw new RuntimeRootError(code, message);\n' +
    '        ^\n' +
    '\n' +
    'RuntimeRootError: Foreign project root requires registered admission: AI_TASK_MANAGER_PROJECT_DIR\n' +
    '    at fail (file:///Users/kpburson/projects/Vibe-Coding/ai-task-manager/.worktrees/1872-rank-level-parallel/scripts/task-tracker/lib/runtime-storage.mjs:26:9)\n' +
    '    at resolveRuntimeRoot (file:///Users/kpburson/projects/Vibe-Coding/ai-task-manager/.worktrees/1872-rank-level-parallel/scripts/task-tracker/lib/runtime-storage.mjs:205:9)\n' +
    '    at getProjectDir (file:///Users/kpburson/projects/Vibe-Coding/ai-task-manager/.worktrees/1872-rank-level-parallel/scripts/task-tracker/paths.mjs:123:10)\n' +
    '    at file:///Users/kpburson/projects/Vibe-Coding/ai-task-manager/.worktrees/1872-rank-level-parallel/scripts/task-tracker/hook-handler.mjs:41:20\n' +
    '    at ModuleJob.run (node:internal/modules/esm/module_job:569:25)\n' +
    '    at async node:internal/modules/esm/loader:650:26\n' +
    '    at async asyncRunEntryPointWithESMLoader (node:internal/modules/run_main:101:5) {\n' +
    "  code: 'ROOT_IDENTITY_MISMATCH'\n" +
    '}\n' +
    '\n' +
    'Node.js v26.8.1\n'
  
      at TestContext.<anonymous> (file:///Users/kpburson/projects/Vibe-Coding/ai-task-manager/.worktrees/1872-rank-level-parallel/scripts/tests/slow/task-tracker/lib/coverage-hook-handler.test.mjs:212:10)
      at Test.runInAsyncScope (node:async_hooks:226:14)
      at Test.run (node:internal/test_runner/test:1402:25)
      at async Test.processPendingSubtests (node:internal/test_runner/test:974:7) {
    generatedMessage: true,
    code: 'ERR_ASSERTION',
    actual: "file:///Users/kpburson/projects/Vibe-Coding/ai-task-manager/.worktrees/1872-rank-level-parallel/scripts/task-tracker/lib/runtime-storage.mjs:26\n  throw new RuntimeRootError(code, message);\n        ^\n\nRuntimeRootError: Foreign project root requires registered admission: AI_TASK_MANAGER_PROJECT_DIR\n    at fail (file:///Users/kpburson/projects/Vibe-Coding/ai-task-manager/.worktrees/1872-rank-level-parallel/scripts/task-tracker/lib/runtime-storage.mjs:26:9)\n    at resolveRuntimeRoot (file:///Users/kpburson/projects/Vibe-Coding/ai-task-manager/.worktrees/1872-rank-level-parallel/scripts/task-tracker/lib/runtime-storage.mjs:205:9)\n    at getProjectDir (file:///Users/kpburson/projects/Vibe-Coding/ai-task-manager/.worktrees/1872-rank-level-parallel/scripts/task-tracker/paths.mjs:123:10)\n    at file:///Users/kpburson/projects/Vibe-Coding/ai-task-manager/.worktrees/1872-rank-level-parallel/scripts/task-tracker/hook-handler.mjs:41:20\n    at ModuleJob.run (node:internal/modules/esm/module_job:569:25)\n    at async node:internal/modules/esm/loader:650:26\n    at async asyncRunEntryPointWithESMLoader (node:internal/modules/run_main:101:5) {\n  code: 'ROOT_IDENTITY_MISMATCH'\n}\n\nNode.js v26.8.1\n",
    expected: /#7 is active/,
    operator: 'match',
    diff: 'simple'
  }

test at scripts/tests/slow/task-tracker/lib/coverage-hook-handler.test.mjs:215:1
✖ SessionStart: active task with no entryStartTs → active banner, no recovery time (141.873584ms)
  AssertionError [ERR_ASSERTION]: The input did not match the regular expression /#7 is active/. Input:
  
  'file:///Users/kpburson/projects/Vibe-Coding/ai-task-manager/.worktrees/1872-rank-level-parallel/scripts/task-tracker/lib/runtime-storage.mjs:26\n' +
    '  throw new RuntimeRootError(code, message);\n' +
    '        ^\n' +
    '\n' +
    'RuntimeRootError: Foreign project root requires registered admission: AI_TASK_MANAGER_PROJECT_DIR\n' +
    '    at fail (file:///Users/kpburson/projects/Vibe-Coding/ai-task-manager/.worktrees/1872-rank-level-parallel/scripts/task-tracker/lib/runtime-storage.mjs:26:9)\n' +
    '    at resolveRuntimeRoot (file:///Users/kpburson/projects/Vibe-Coding/ai-task-manager/.worktrees/1872-rank-level-parallel/scripts/task-tracker/lib/runtime-storage.mjs:205:9)\n' +
    '    at getProjectDir (file:///Users/kpburson/projects/Vibe-Coding/ai-task-manager/.worktrees/1872-rank-level-parallel/scripts/task-tracker/paths.mjs:123:10)\n' +
    '    at file:///Users/kpburson/projects/Vibe-Coding/ai-task-manager/.worktrees/1872-rank-level-parallel/scripts/task-tracker/hook-handler.mjs:41:20\n' +
    '    at ModuleJob.run (node:internal/modules/esm/module_job:569:25)\n' +
    '    at async node:internal/modules/esm/loader:650:26\n' +
    '    at async asyncRunEntryPointWithESMLoader (node:internal/modules/run_main:101:5) {\n' +
    "  code: 'ROOT_IDENTITY_MISMATCH'\n" +
    '}\n' +
    '\n' +
    'Node.js v26.8.1\n'
  
      at TestContext.<anonymous> (file:///Users/kpburson/projects/Vibe-Coding/ai-task-manager/.worktrees/1872-rank-level-parallel/scripts/tests/slow/task-tracker/lib/coverage-hook-handler.test.mjs:220:10)
      at Test.runInAsyncScope (node:async_hooks:226:14)
      at Test.run (node:internal/test_runner/test:1402:25)
      at async Test.processPendingSubtests (node:internal/test_runner/test:974:7) {
    generatedMessage: true,
    code: 'ERR_ASSERTION',
    actual: "file:///Users/kpburson/projects/Vibe-Coding/ai-task-manager/.worktrees/1872-rank-level-parallel/scripts/task-tracker/lib/runtime-storage.mjs:26\n  throw new RuntimeRootError(code, message);\n        ^\n\nRuntimeRootError: Foreign project root requires registered admission: AI_TASK_MANAGER_PROJECT_DIR\n    at fail (file:///Users/kpburson/projects/Vibe-Coding/ai-task-manager/.worktrees/1872-rank-level-parallel/scripts/task-tracker/lib/runtime-storage.mjs:26:9)\n    at resolveRuntimeRoot (file:///Users/kpburson/projects/Vibe-Coding/ai-task-manager/.worktrees/1872-rank-level-parallel/scripts/task-tracker/lib/runtime-storage.mjs:205:9)\n    at getProjectDir (file:///Users/kpburson/projects/Vibe-Coding/ai-task-manager/.worktrees/1872-rank-level-parallel/scripts/task-tracker/paths.mjs:123:10)\n    at file:///Users/kpburson/projects/Vibe-Coding/ai-task-manager/.worktrees/1872-rank-level-parallel/scripts/task-tracker/hook-handler.mjs:41:20\n    at ModuleJob.run (node:internal/modules/esm/module_job:569:25)\n    at async node:internal/modules/esm/loader:650:26\n    at async asyncRunEntryPointWithESMLoader (node:internal/modules/run_main:101:5) {\n  code: 'ROOT_IDENTITY_MISMATCH'\n}\n\nNode.js v26.8.1\n",
    expected: /#7 is active/,
    operator: 'match',
    diff: 'simple'
  }

test at scripts/tests/slow/task-tracker/lib/coverage-hook-handler.test.mjs:223:1
✖ SessionStart banks an existing session cursor tail exactly once (295.1225ms)
  AssertionError [ERR_ASSERTION]: Expected values to be strictly equal:
  
  100 !== 103
  
      at TestContext.<anonymous> (file:///Users/kpburson/projects/Vibe-Coding/ai-task-manager/.worktrees/1872-rank-level-parallel/scripts/tests/slow/task-tracker/lib/coverage-hook-handler.test.mjs:247:10)
      at Test.runInAsyncScope (node:async_hooks:226:14)
      at Test.run (node:internal/test_runner/test:1402:25)
      at async Test.processPendingSubtests (node:internal/test_runner/test:974:7) {
    generatedMessage: true,
    code: 'ERR_ASSERTION',
    actual: 100,
    expected: 103,
    operator: 'strictEqual',
    diff: 'simple'
  }

test at scripts/tests/slow/task-tracker/lib/coverage-hook-handler.test.mjs:254:1
✖ SessionStart orphan recovery rows use the freshly banked marker pair (147.135416ms)
  Error: ENOENT: no such file or directory, open '/Users/kpburson/projects/Vibe-Coding/ai-task-manager/.worktrees/1872-rank-level-parallel/.ai-task-manager/runtime/test-fixtures/test/proj-W64nU5/.tmp/aitm/state/task-tracker-queue.json'
      at readFileSync (node:fs:621:20)
      at TestContext.<anonymous> (file:///Users/kpburson/projects/Vibe-Coding/ai-task-manager/.worktrees/1872-rank-level-parallel/scripts/tests/slow/task-tracker/lib/coverage-hook-handler.test.mjs:271:5)
      at Test.runInAsyncScope (node:async_hooks:226:14)
      at Test.run (node:internal/test_runner/test:1402:25)
      at async Test.processPendingSubtests (node:internal/test_runner/test:974:7) {
    errno: -2,
    code: 'ENOENT',
    syscall: 'open',
    path: '/Users/kpburson/projects/Vibe-Coding/ai-task-manager/.worktrees/1872-rank-level-parallel/.ai-task-manager/runtime/test-fixtures/test/proj-W64nU5/.tmp/aitm/state/task-tracker-queue.json'
  }

test at scripts/tests/slow/task-tracker/lib/coverage-hook-handler.test.mjs:315:1
✖ PreCompact/PostCompact rows advance durable primary and full markers from the prior cursor (263.775208ms)
  Error: ENOENT: no such file or directory, open '/Users/kpburson/projects/Vibe-Coding/ai-task-manager/.worktrees/1872-rank-level-parallel/.ai-task-manager/runtime/test-fixtures/test/proj-Lztpsm/.tmp/aitm/state/task-tracker-queue.json'
      at readFileSync (node:fs:621:20)
      at TestContext.<anonymous> (file:///Users/kpburson/projects/Vibe-Coding/ai-task-manager/.worktrees/1872-rank-level-parallel/scripts/tests/slow/task-tracker/lib/coverage-hook-handler.test.mjs:329:5)
      at Test.runInAsyncScope (node:async_hooks:226:14)
      at Test.run (node:internal/test_runner/test:1402:25)
      at async Test.processPendingSubtests (node:internal/test_runner/test:974:7) {
    errno: -2,
    code: 'ENOENT',
    syscall: 'open',
    path: '/Users/kpburson/projects/Vibe-Coding/ai-task-manager/.worktrees/1872-rank-level-parallel/.ai-task-manager/runtime/test-fixtures/test/proj-Lztpsm/.tmp/aitm/state/task-tracker-queue.json'
  }

test at scripts/tests/slow/task-tracker/lib/coverage-hook-handler.test.mjs:346:1
✖ PostCompact banks a tail preserved by an unavailable PreCompact exactly once (353.410458ms)
  Error: ENOENT: no such file or directory, open '/Users/kpburson/projects/Vibe-Coding/ai-task-manager/.worktrees/1872-rank-level-parallel/.ai-task-manager/runtime/test-fixtures/test/proj-EgRWpb/.tmp/aitm/state/task-tracker-queue.json'
      at readFileSync (node:fs:621:20)
      at TestContext.<anonymous> (file:///Users/kpburson/projects/Vibe-Coding/ai-task-manager/.worktrees/1872-rank-level-parallel/scripts/tests/slow/task-tracker/lib/coverage-hook-handler.test.mjs:394:5)
      at Test.runInAsyncScope (node:async_hooks:226:14)
      at Test.run (node:internal/test_runner/test:1402:25)
      at async Test.processPendingSubtests (node:internal/test_runner/test:974:7) {
    errno: -2,
    code: 'ENOENT',
    syscall: 'open',
    path: '/Users/kpburson/projects/Vibe-Coding/ai-task-manager/.worktrees/1872-rank-level-parallel/.ai-task-manager/runtime/test-fixtures/test/proj-EgRWpb/.tmp/aitm/state/task-tracker-queue.json'
  }

test at scripts/tests/slow/task-tracker/lib/coverage-hook-handler.test.mjs:413:1
✖ malformed stdin → JSON.parse catch, no handler dispatched, exit 0 (129.378291ms)
  AssertionError [ERR_ASSERTION]: The input was expected to not match the regular expression /Error/. Input:
  
  'file:///Users/kpburson/projects/Vibe-Coding/ai-task-manager/.worktrees/1872-rank-level-parallel/scripts/task-tracker/lib/runtime-storage.mjs:26\n' +
    '  throw new RuntimeRootError(code, message);\n' +
    '        ^\n' +
    '\n' +
    'RuntimeRootError: Foreign project root requires registered admission: AI_TASK_MANAGER_PROJECT_DIR\n' +
    '    at fail (file:///Users/kpburson/projects/Vibe-Coding/ai-task-manager/.worktrees/1872-rank-level-parallel/scripts/task-tracker/lib/runtime-storage.mjs:26:9)\n' +
    '    at resolveRuntimeRoot (file:///Users/kpburson/projects/Vibe-Coding/ai-task-manager/.worktrees/1872-rank-level-parallel/scripts/task-tracker/lib/runtime-storage.mjs:205:9)\n' +
    '    at getProjectDir (file:///Users/kpburson/projects/Vibe-Coding/ai-task-manager/.worktrees/1872-rank-level-parallel/scripts/task-tracker/paths.mjs:123:10)\n' +
    '    at file:///Users/kpburson/projects/Vibe-Coding/ai-task-manager/.worktrees/1872-rank-level-parallel/scripts/task-tracker/hook-handler.mjs:41:20\n' +
    '    at ModuleJob.run (node:internal/modules/esm/module_job:569:25)\n' +
    '    at async node:internal/modules/esm/loader:650:26\n' +
    '    at async asyncRunEntryPointWithESMLoader (node:internal/modules/run_main:101:5) {\n' +
    "  code: 'ROOT_IDENTITY_MISMATCH'\n" +
    '}\n' +
    '\n' +
    'Node.js v26.8.1\n'
  
      at TestContext.<anonymous> (file:///Users/kpburson/projects/Vibe-Coding/ai-task-manager/.worktrees/1872-rank-level-parallel/scripts/tests/slow/task-tracker/lib/coverage-hook-handler.test.mjs:416:10)
      at Test.runInAsyncScope (node:async_hooks:226:14)
      at Test.run (node:internal/test_runner/test:1402:25)
      at async Test.processPendingSubtests (node:internal/test_runner/test:974:7) {
    generatedMessage: true,
    code: 'ERR_ASSERTION',
    actual: "file:///Users/kpburson/projects/Vibe-Coding/ai-task-manager/.worktrees/1872-rank-level-parallel/scripts/task-tracker/lib/runtime-storage.mjs:26\n  throw new RuntimeRootError(code, message);\n        ^\n\nRuntimeRootError: Foreign project root requires registered admission: AI_TASK_MANAGER_PROJECT_DIR\n    at fail (file:///Users/kpburson/projects/Vibe-Coding/ai-task-manager/.worktrees/1872-rank-level-parallel/scripts/task-tracker/lib/runtime-storage.mjs:26:9)\n    at resolveRuntimeRoot (file:///Users/kpburson/projects/Vibe-Coding/ai-task-manager/.worktrees/1872-rank-level-parallel/scripts/task-tracker/lib/runtime-storage.mjs:205:9)\n    at getProjectDir (file:///Users/kpburson/projects/Vibe-Coding/ai-task-manager/.worktrees/1872-rank-level-parallel/scripts/task-tracker/paths.mjs:123:10)\n    at file:///Users/kpburson/projects/Vibe-Coding/ai-task-manager/.worktrees/1872-rank-level-parallel/scripts/task-tracker/hook-handler.mjs:41:20\n    at ModuleJob.run (node:internal/modules/esm/module_job:569:25)\n    at async node:internal/modules/esm/loader:650:26\n    at async asyncRunEntryPointWithESMLoader (node:internal/modules/run_main:101:5) {\n  code: 'ROOT_IDENTITY_MISMATCH'\n}\n\nNode.js v26.8.1\n",
    expected: /Error/,
    operator: 'doesNotMatch',
    diff: 'simple'
  }

test at scripts/tests/slow/task-tracker/lib/discover-autosave.test.mjs:1:1
✖ scripts/tests/slow/task-tracker/lib/discover-autosave.test.mjs (114.76875ms)
  'test failed'

test at scripts/tests/slow/task-tracker/lib/ensure-wave-parent.test.mjs:1:1
✖ scripts/tests/slow/task-tracker/lib/ensure-wave-parent.test.mjs (709.699084ms)
  'test failed'

test at scripts/tests/slow/task-tracker/lib/log-issue-time.test.mjs:1:1
✖ scripts/tests/slow/task-tracker/lib/log-issue-time.test.mjs (10626.914166ms)
  'test failed'

test at scripts/tests/slow/task-tracker/lib/move-state-approval-gate.test.mjs:1:1
✖ scripts/tests/slow/task-tracker/lib/move-state-approval-gate.test.mjs (3854.546875ms)
  'test failed'

test at scripts/tests/helpers/unit-runtime-root.mjs:38:10
✖ AC (#572): getProjectDir precedence — AI_TASK_MANAGER_PROJECT_DIR > CLAUDE_PROJECT_DIR > cwd (0.511708ms)
  Error [RuntimeRootError]: Foreign project root requires registered admission: AI_TASK_MANAGER_PROJECT_DIR
      at fail (file:///Users/kpburson/projects/Vibe-Coding/ai-task-manager/.worktrees/1872-rank-level-parallel/scripts/task-tracker/lib/runtime-storage.mjs:26:9)
      at resolveRuntimeRoot (file:///Users/kpburson/projects/Vibe-Coding/ai-task-manager/.worktrees/1872-rank-level-parallel/scripts/task-tracker/lib/runtime-storage.mjs:205:9)
      at getProjectDir (file:///Users/kpburson/projects/Vibe-Coding/ai-task-manager/.worktrees/1872-rank-level-parallel/scripts/task-tracker/paths.mjs:123:10)
      at file:///Users/kpburson/projects/Vibe-Coding/ai-task-manager/.worktrees/1872-rank-level-parallel/scripts/tests/slow/task-tracker/verbs/recovery-path-independence.test.mjs:295:5
      at file:///Users/kpburson/projects/Vibe-Coding/ai-task-manager/.worktrees/1872-rank-level-parallel/scripts/tests/helpers/unit-runtime-root.mjs:38:69
      at AsyncLocalStorage.run (node:internal/async_local_storage/async_context_frame:66:14)
      at withRuntimeRootAdapters (file:///Users/kpburson/projects/Vibe-Coding/ai-task-manager/.worktrees/1872-rank-level-parallel/scripts/task-tracker/lib/runtime-storage.mjs:153:30)
      at withUnitRuntimeRoot (file:///Users/kpburson/projects/Vibe-Coding/ai-task-manager/.worktrees/1872-rank-level-parallel/scripts/tests/helpers/unit-runtime-root.mjs:19:10)
      at TestContext.<anonymous> (file:///Users/kpburson/projects/Vibe-Coding/ai-task-manager/.worktrees/1872-rank-level-parallel/scripts/tests/helpers/unit-runtime-root.mjs:38:43)
      at Test.runInAsyncScope (node:async_hooks:226:14) {
    code: 'ROOT_IDENTITY_MISMATCH'
  }
