✔ partial comment publication refuses admission and same-record resume completes exactly one comment (6.55925ms)
✔ body succeeds but read-back fails; retry repairs the same pointer without reposting (1.366958ms)
✔ unknown comment write stays indeterminate under its original operation ID and never posts twice (1.998542ms)
✔ graph drift, source refusal, record tamper and mismatched operation identity refuse repair (2.623541ms)
✔ newer revocation and expiry cannot be repaired as partial publication (2.072167ms)
✔ a registered exact generation refresh requires positive discharge, preserves source scope and remains resumable (2.149333ms)
✔ fresh observation after comment write prevents publishing a graph that changed in flight (0.462292ms)
✔ strict policy at another rank requires authentic matching pointers for all adopted waves (1.103792ms)
✔ a prepared proposal cannot be recorded by a replacement parent identity (0.239916ms)
✖ duplicate and fenced orchestration examples cannot supply publication authority (1.524625ms)
ℹ tests 10
ℹ suites 0
ℹ pass 9
ℹ fail 1
ℹ cancelled 0
ℹ skipped 0
ℹ todo 0
ℹ duration_ms 100.437834

✖ failing tests:

test at scripts/tests/integration/task-tracker/lib/epic-rank-wave-recovery.test.mjs:110:1
✖ duplicate and fenced orchestration examples cannot supply publication authority (1.524625ms)
  AssertionError [ERR_ASSERTION]: Expected values to be strictly equal:
  + actual - expected
  
  + {
  +   acceptedTerminalDispositions: [
  +     'completed',
  +     'not_planned'
  +   ],
  +   authorizedParallelWaves: [],
  +   children: [
  +     {
  +       blockedBy: [],
  +       disposition: null,
  +       number: 140,
  +       rank: 2,
  +       state: 'ready-for-plan'
  +     },
  +     {
  +       blockedBy: [],
  +       disposition: null,
  +       number: 144,
  +       rank: 2,
  +       state: 'ready-for-plan'
  +     }
  +   ],
  +   execution: 'strict-sequential',
  +   schema: 1,
  +   trunkSha: '1111111111111111111111111111111111111111'
  + }
  - null
  
      at TestContext.<anonymous> (file:///Users/kpburson/projects/Vibe-Coding/ai-task-manager/.worktrees/1872-rank-level-parallel/scripts/tests/integration/task-tracker/lib/epic-rank-wave-recovery.test.mjs:113:10)
      at async Test.run (node:internal/test_runner/test:1409:7)
      at async Test.processPendingSubtests (node:internal/test_runner/test:974:7) {
    generatedMessage: true,
    code: 'ERR_ASSERTION',
    actual: { schema: 1, trunkSha: '1111111111111111111111111111111111111111', execution: 'strict-sequential', acceptedTerminalDispositions: [ 'completed', 'not_planned' ], authorizedParallelWaves: [], children: [ [Object], [Object] ] },
    expected: null,
    operator: 'strictEqual',
    diff: 'simple'
  }
