✔ findNextEligibleChild excludes a child whose blocker is not Done (1.51225ms)
✔ findNextEligibleChild prefers a child that blocks a sibling (blocking-first) (1.550791ms)
✔ findNextEligibleChild keeps rank-ascending tiebreak among equals (0.100917ms)
✔ findNextEligibleChild makes a child eligible once its blocker is Done (0.080625ms)
✔ enrichChildrenWithBlockedBy attaches native dependency readiness per child (0.719833ms)
✔ enrichChildrenWithBlockedBy fails closed when evidence fetch fails (0.202209ms)
✔ wipAdvanceDecision: allows first child out of R4P (no active sibling) (0.122792ms)
✔ wipAdvanceDecision: refuses a second child while one already advances (0.074584ms)
✔ wipAdvanceDecision: dependencies do not bypass the sequential local budget (0.070583ms)
✔ wipAdvanceDecision: a blocked active sibling still consumes the local budget (0.142958ms)
✔ wipAdvanceDecision: Done siblings never count as advancing (0.074208ms)
✔ planRefineWipGate: solo issue (no parent) bypasses (0.332708ms)
✔ planRefineWipGate: refuses when an epic sibling already advances (654.770042ms)
✔ planRefineWipGate: fails closed when sibling fetch throws (0.318625ms)
✔ childCreationAllowedAtEpicState admits the R4P lifecycle state (0.142208ms)
✔ developEpicTestChildrenGate passes for non-epic (no children) (0.117417ms)
✔ developEpicTestChildrenGate refuses when any child is at backlog (0.2515ms)
✔ developEpicTestChildrenGate refuses when any child is at assigned (0.042667ms)
✔ developEpicTestChildrenGate refuses when any child is at refine (0.123041ms)
✔ developEpicTestChildrenGate refuses when any child is at plan (0.048959ms)
✔ developEpicTestChildrenGate refuses when any child is at develop (0.036792ms)
✔ developEpicTestChildrenGate refuses when any child is at test (0.036959ms)
✔ developEpicTestChildrenGate passes when every child is done (0.070209ms)
✔ developEpicTestChildrenGate refuses when every child is only at review (0.046666ms)
✔ developEpicTestChildrenGate refuses a mix of review and terminal children (0.067541ms)
✔ developEpicTestChildrenGate names every nonterminal offender, not just the first (0.057166ms)
✔ developEpicTestChildrenGate refuses mixed-case "REVIEW" (0.03875ms)
✔ developEpicTestChildrenGate surfaces fetch failure as blocker (0.1055ms)
✔ developEpicTestChildrenGate accepts mixed-case "DONE" (0.0425ms)
✔ developEpicTestChildrenGate requires cfg and issueNumber (0.403083ms)
✔ epic orchestration plan binds the complete child graph and strict execution policy (5.263458ms)
✔ R4P-origin Plan approval is bound to current trunk before Develop (2.185333ms)
✔ epic Plan exit requires a durable graph matching live children and trunk (1.385292ms)
✔ plan approval stamps trunk and complete epic orchestration provenance (11.893ms)
✔ plan approval discovers children for an implicit epic before stamping approval (1.033375ms)
✔ legacy Plan epic without kind or R4P markers still freezes children and trunk (0.855791ms)
✔ native-blocked R4P child stays current for epic admission but waits for its predecessor (3.091125ms)
✔ configured-project mapping ignores legacy blocker markers as dependency authority (0.334625ms)
✔ configured-project child mapping carries current refinement and terminal evidence (0.2445ms)
✔ configured-project mapping rejects stale refinement evidence and board-rank drift (0.263375ms)
✔ epic admission and terminal delivery fail closed on incomplete descriptors and board drift (0.251792ms)
✔ strict local WIP cannot be disabled by project configuration (3.790917ms)
✔ epic Plan admission requires every executable child at R4P or later with refinement evidence (0.53125ms)
✔ R4P state enforces epic child admission before entering Plan (0.207083ms)
✔ next-child selection uses only dependency-ready R4P children and rank (0.154167ms)
✔ next-child selection fails closed while any sibling is locally active (0.127708ms)
✔ local WIP policy has no blocker exception while another child is active (0.742708ms)
✔ epic Test admission requires Done or an accepted closed disposition (0.235167ms)
✔ pull-next advances one dependency-ready R4P child exactly one edge and then stops (42.782625ms)
✔ pull-next refuses to start another local child while a sibling is active (0.305416ms)
✔ operator help, architecture, and pickup guidance describe R4P child staging (13.570541ms)
✔ epic child enumeration exhausts every GraphQL page and refuses cursor ambiguity (1.279834ms)
✔ configured child project membership and fields paginate exhaustively (0.51375ms)
✔ runPullNext refuses when epic is not in develop (1.080459ms)
✔ pull-next live-state reads use the exact configured-project snapshot (0.133375ms)
✔ runPullNext returns no-children for epic with no sub-issues (0.143417ms)
✔ runPullNext returns no-eligible when no R4P children exist (5.827791ms)
✔ runPullNext promotes lowest-rank R4P child (115.434292ms)
✔ #1260 pulled epic child names the bound epic integration branch (0.664334ms)
✔ #1260 solo-story planning guidance remains current trunk (0.156083ms)
✔ #1260 missing epic branch authority fails closed to generic epic guidance (0.707334ms)
✔ #1260 default epic branch resolver reads the already-bound project directory (0.286291ms)
✔ runPullNext refuses false success when the selected child did not reach Plan (0.248291ms)
✖ runPullNext delegates the selected child through the real promote bind seam (#1114) (221.789708ms)
✔ selected-child promotion reuses its held lock instead of entering the locking verb wrapper (0.699958ms)
✔ direct promote remains fail-closed on a mismatched bind (#1114) (0.274917ms)
✔ runPullNext skips a child whose external native dependency is not Done (2.572041ms)
✔ runPullNext selects a child when its external native dependency is Done (6.998166ms)
✔ runPullNext audits the epic before child selection (#758) (5.044542ms)
✔ runPullNext refuses ambiguous epic audit drift (0.23125ms)
✔ runPullNext refuses every pull when any child descriptor is incomplete (0.15225ms)
✔ runPullNext holds shared parent authority across selection and promotion (5.791125ms)
✔ runPullNext does not audit when the epic is not in develop (#758) (0.149542ms)
✔ runPullNext requires epicNumber and cfg (0.171083ms)
✔ runPullNext surfaces fetch failures (0.164041ms)
ℹ tests 75
ℹ suites 0
ℹ pass 74
ℹ fail 1
ℹ cancelled 0
ℹ skipped 0
ℹ todo 0
ℹ duration_ms 1068.20575

✖ failing tests:

test at scripts/tests/unit/task-tracker/verbs/pull-next-verb.test.mjs:217:1
✖ runPullNext delegates the selected child through the real promote bind seam (#1114) (221.789708ms)
  AssertionError [ERR_ASSERTION]: {"status":"wip-budget-refused","blockers":["wip-parent-fetch-failed: gh exited 1: stub-gh: refused gh api graphql --input -\n"],"message":"Refusing to promote #103 to plan: wip-parent-fetch-failed: gh exited 1: stub-gh: refused gh api graphql --input -\n","decision":{"ok":false,"status":"blocked","refusals":[{"id":"refine-exit-wip-budget","reason":"wip-parent-fetch-failed: gh exited 1: stub-gh: refused gh api graphql --input -\n","guardId":"refine-exit-wip-budget","code":"unclassified-refusal","args":{},"noAutomaticRemediation":{"reason":"legacy-guard-requires-human-investigation"},"blockers":["wip-parent-fetch-failed: gh exited 1: stub-gh: refused gh api graphql --input -\n"]},{"id":"contiguity-entry","reason":"contiguity-hole — missing prior-stage entry marker(s): aitm-entered-backlog, aitm-entered-refine. The board shows ready-for-plan but the body never recorded entry into: backlog, refine","guardId":"contiguity-entry","code":"unclassified-refusal","args":{},"noAutomaticRemediation":{"reason":"legacy-guard-requires-human-investigation"},"blockers":["aitm-entered-backlog","aitm-entered-refine"]}],"humanDecision":null},"normalizationPersisted":false}
  + actual - expected
  
  + []
  - [
  -   {
  -     issueNumber: 103,
  -     target: 'plan'
  -   }
  - ]
  
      at TestContext.<anonymous> (file:///Users/kpburson/projects/Vibe-Coding/ai-task-manager/.worktrees/1872-rank-level-parallel/scripts/tests/unit/task-tracker/verbs/pull-next-verb.test.mjs:323:10)
      at process.processTicksAndRejections (node:internal/process/task_queues:104:5)
      at async Test.run (node:internal/test_runner/test:1409:7)
      at async Test.processPendingSubtests (node:internal/test_runner/test:974:7) {
    generatedMessage: false,
    code: 'ERR_ASSERTION',
    actual: [],
    expected: [ { issueNumber: 103, target: 'plan' } ],
    operator: 'deepStrictEqual',
    diff: 'simple'
  }
