✔ findNextEligibleChild excludes a child whose blocker is not Done (3.370083ms)
✔ findNextEligibleChild prefers a child that blocks a sibling (blocking-first) (0.132459ms)
✔ findNextEligibleChild keeps rank-ascending tiebreak among equals (0.081291ms)
✔ findNextEligibleChild makes a child eligible once its blocker is Done (0.073584ms)
✔ enrichChildrenWithBlockedBy attaches native dependency readiness per child (0.602834ms)
✔ enrichChildrenWithBlockedBy fails closed when evidence fetch fails (0.217458ms)
✔ wipAdvanceDecision: allows first child out of R4P (no active sibling) (0.121542ms)
✔ wipAdvanceDecision: refuses a second child while one already advances (0.079917ms)
✔ wipAdvanceDecision: dependencies do not bypass the sequential local budget (0.075458ms)
✔ wipAdvanceDecision: a blocked active sibling still consumes the local budget (0.131583ms)
✔ wipAdvanceDecision: Done siblings never count as advancing (0.073917ms)
✔ planRefineWipGate: solo issue (no parent) bypasses (0.14025ms)
✔ planRefineWipGate: refuses when an epic sibling already advances (406.763834ms)
✔ planRefineWipGate: fails closed when sibling fetch throws (3.668667ms)
✔ childCreationAllowedAtEpicState admits the R4P lifecycle state (0.110625ms)
✔ developEpicTestChildrenGate passes for non-epic (no children) (0.11975ms)
✔ developEpicTestChildrenGate refuses when any child is at backlog (0.221958ms)
✔ developEpicTestChildrenGate refuses when any child is at assigned (0.03675ms)
✔ developEpicTestChildrenGate refuses when any child is at refine (0.038208ms)
✔ developEpicTestChildrenGate refuses when any child is at plan (0.035916ms)
✔ developEpicTestChildrenGate refuses when any child is at develop (0.03375ms)
✔ developEpicTestChildrenGate refuses when any child is at test (0.040625ms)
✔ developEpicTestChildrenGate passes when every child is done (0.055667ms)
✔ developEpicTestChildrenGate refuses when every child is only at review (0.048875ms)
✔ developEpicTestChildrenGate refuses a mix of review and terminal children (0.068584ms)
✔ developEpicTestChildrenGate names every nonterminal offender, not just the first (0.069291ms)
✔ developEpicTestChildrenGate refuses mixed-case "REVIEW" (0.040458ms)
✔ developEpicTestChildrenGate surfaces fetch failure as blocker (0.09925ms)
✔ developEpicTestChildrenGate accepts mixed-case "DONE" (0.04475ms)
✔ developEpicTestChildrenGate requires cfg and issueNumber (0.25025ms)
✔ epic orchestration plan binds the complete child graph and strict execution policy (3.956ms)
✔ R4P-origin Plan approval is bound to current trunk before Develop (1.340875ms)
✔ epic Plan exit requires a durable graph matching live children and trunk (0.389625ms)
✔ plan approval stamps trunk and complete epic orchestration provenance (7.409166ms)
✔ plan approval discovers children for an implicit epic before stamping approval (3.787875ms)
✔ legacy Plan epic without kind or R4P markers still freezes children and trunk (2.474417ms)
✔ native-blocked R4P child stays current for epic admission but waits for its predecessor (2.9495ms)
✔ configured-project mapping ignores legacy blocker markers as dependency authority (0.271459ms)
✔ configured-project child mapping carries current refinement and terminal evidence (0.222083ms)
✔ configured-project mapping rejects stale refinement evidence and board-rank drift (0.233041ms)
✔ epic admission and terminal delivery fail closed on incomplete descriptors and board drift (0.239083ms)
✔ strict local WIP cannot be disabled by project configuration (0.310833ms)
✔ epic Plan admission requires every executable child at R4P or later with refinement evidence (0.167791ms)
✔ R4P state enforces epic child admission before entering Plan (0.092458ms)
✔ next-child selection uses only dependency-ready R4P children and rank (0.111291ms)
✔ next-child selection fails closed while any sibling is locally active (0.105ms)
✔ local WIP policy has no blocker exception while another child is active (0.430542ms)
✔ epic Test admission requires Done or an accepted closed disposition (0.17025ms)
✔ pull-next advances one dependency-ready R4P child exactly one edge and then stops (104.533958ms)
✔ pull-next refuses to start another local child while a sibling is active (0.277167ms)
✔ operator help, architecture, and pickup guidance describe R4P child staging (8.472458ms)
✔ epic child enumeration exhausts every GraphQL page and refuses cursor ambiguity (2.553708ms)
✔ configured child project membership and fields paginate exhaustively (0.335167ms)
✔ authorized equal-rank peers enter Plan while another peer is developing (1.761583ms)
✔ every lower board state blocks both granted and ungranted target ranks (0.68475ms)
✔ closed Not Planned, board drift, unknown disposition and pending recovery never prove completed Done (0.290209ms)
✔ ungranted opted-in ranks retain one active member budget and strict lower Done (0.219708ms)
✔ changed graph, partial rank membership, revoked grant and isolation collisions refuse (0.4065ms)
✔ dependency refusal, missing graph identity and a duplicate child fail closed (0.181584ms)
✔ legacy sequential admission is preserved without rank authority (0.119458ms)
ℹ tests 60
ℹ suites 0
ℹ pass 60
ℹ fail 0
ℹ cancelled 0
ℹ skipped 0
ℹ todo 0
ℹ duration_ms 790.573292
