✔ findNextEligibleChild excludes a child whose blocker is not Done (1.077792ms)
✔ findNextEligibleChild prefers a child that blocks a sibling (blocking-first) (0.342833ms)
✔ findNextEligibleChild keeps rank-ascending tiebreak among equals (0.264208ms)
✔ findNextEligibleChild makes a child eligible once its blocker is Done (0.266792ms)
✔ enrichChildrenWithBlockedBy attaches native dependency readiness per child (0.793416ms)
✔ enrichChildrenWithBlockedBy fails closed when evidence fetch fails (0.203958ms)
✔ wipAdvanceDecision: allows first child out of R4P (no active sibling) (0.121209ms)
✔ wipAdvanceDecision: refuses a second child while one already advances (0.085917ms)
✔ wipAdvanceDecision: dependencies do not bypass the sequential local budget (0.087042ms)
✔ wipAdvanceDecision: a blocked active sibling still consumes the local budget (0.137917ms)
✔ wipAdvanceDecision: Done siblings never count as advancing (0.09825ms)
✔ planRefineWipGate: solo issue (no parent) bypasses (0.1615ms)
✖ planRefineWipGate: refuses when an epic sibling already advances (645.913125ms)
✖ planRefineWipGate: fails closed when sibling fetch throws (367.800625ms)
✔ childCreationAllowedAtEpicState admits the R4P lifecycle state (0.302875ms)
✔ developEpicTestChildrenGate passes for non-epic (no children) (0.302542ms)
✔ developEpicTestChildrenGate refuses when any child is at backlog (0.230833ms)
✔ developEpicTestChildrenGate refuses when any child is at assigned (0.040667ms)
✔ developEpicTestChildrenGate refuses when any child is at refine (0.032833ms)
✔ developEpicTestChildrenGate refuses when any child is at plan (0.032709ms)
✔ developEpicTestChildrenGate refuses when any child is at develop (0.042625ms)
✔ developEpicTestChildrenGate refuses when any child is at test (0.034792ms)
✔ developEpicTestChildrenGate passes when every child is done (0.053ms)
✔ developEpicTestChildrenGate refuses when every child is only at review (0.043ms)
✔ developEpicTestChildrenGate refuses a mix of review and terminal children (0.071333ms)
✔ developEpicTestChildrenGate names every nonterminal offender, not just the first (0.062625ms)
✔ developEpicTestChildrenGate refuses mixed-case "REVIEW" (0.04ms)
✔ developEpicTestChildrenGate surfaces fetch failure as blocker (0.124417ms)
✔ developEpicTestChildrenGate accepts mixed-case "DONE" (0.038458ms)
✔ developEpicTestChildrenGate requires cfg and issueNumber (0.23525ms)
✔ epic orchestration plan binds the complete child graph and strict execution policy (2.589209ms)
✔ R4P-origin Plan approval is bound to current trunk before Develop (2.75075ms)
✔ epic Plan exit requires a durable graph matching live children and trunk (1.055958ms)
✔ plan approval stamps trunk and complete epic orchestration provenance (5.820333ms)
✔ plan approval discovers children for an implicit epic before stamping approval (1.156875ms)
✔ legacy Plan epic without kind or R4P markers still freezes children and trunk (1.135ms)
✔ native-blocked R4P child stays current for epic admission but waits for its predecessor (4.061417ms)
✔ configured-project mapping ignores legacy blocker markers as dependency authority (0.530875ms)
✔ configured-project child mapping carries current refinement and terminal evidence (0.295375ms)
✔ configured-project mapping rejects stale refinement evidence and board-rank drift (0.300333ms)
✔ epic admission and terminal delivery fail closed on incomplete descriptors and board drift (0.27125ms)
✔ strict local WIP cannot be disabled by project configuration (482.965125ms)
✔ epic Plan admission requires every executable child at R4P or later with refinement evidence (0.372792ms)
✔ R4P state enforces epic child admission before entering Plan (0.133416ms)
✔ next-child selection uses only dependency-ready R4P children and rank (0.185375ms)
✔ next-child selection fails closed while any sibling is locally active (0.155791ms)
✔ local WIP policy has no blocker exception while another child is active (0.696084ms)
✔ epic Test admission requires Done or an accepted closed disposition (0.240958ms)
✖ pull-next advances one dependency-ready R4P child exactly one edge and then stops (360.194834ms)
✖ pull-next refuses to start another local child while a sibling is active (380.201833ms)
✔ operator help, architecture, and pickup guidance describe R4P child staging (5.871834ms)
✔ epic child enumeration exhausts every GraphQL page and refuses cursor ambiguity (1.59275ms)
✔ configured child project membership and fields paginate exhaustively (0.3525ms)
✖ runPullNext refuses when epic is not in develop (0.992292ms)
✔ pull-next live-state reads use the exact configured-project snapshot (0.15625ms)
✖ runPullNext returns no-children for epic with no sub-issues (0.114042ms)
✖ runPullNext returns no-eligible when no R4P children exist (0.208084ms)
✖ runPullNext promotes lowest-rank R4P child (0.50175ms)
✖ #1260 pulled epic child names the bound epic integration branch (0.512708ms)
✔ #1260 solo-story planning guidance remains current trunk (0.289333ms)
✖ #1260 missing epic branch authority fails closed to generic epic guidance (0.141875ms)
✔ #1260 default epic branch resolver reads the already-bound project directory (0.85425ms)
✖ runPullNext refuses false success when the selected child did not reach Plan (0.409ms)
✖ runPullNext delegates the selected child through the real promote bind seam (#1114) (2.130167ms)
✔ selected-child promotion reuses its held lock instead of entering the locking verb wrapper (0.256625ms)
✔ direct promote remains fail-closed on a mismatched bind (#1114) (0.544541ms)
✖ runPullNext skips a child whose external native dependency is not Done (0.1445ms)
✖ runPullNext selects a child when its external native dependency is Done (0.127792ms)
✖ runPullNext audits the epic before child selection (#758) (0.098083ms)
✖ runPullNext refuses ambiguous epic audit drift (0.073667ms)
✖ runPullNext refuses every pull when any child descriptor is incomplete (0.072292ms)
✖ runPullNext holds shared parent authority across selection and promotion (0.082542ms)
✖ runPullNext does not audit when the epic is not in develop (#758) (0.06475ms)
✔ runPullNext requires epicNumber and cfg (0.086833ms)
✖ runPullNext surfaces fetch failures (0.078667ms)
ℹ tests 75
ℹ suites 0
ℹ pass 55
ℹ fail 20
ℹ cancelled 0
ℹ skipped 0
ℹ todo 0
ℹ duration_ms 1549.201125

✖ failing tests:

test at scripts/tests/unit/task-tracker/lib/epic-children-gate-blocked.test.mjs:204:1
✖ planRefineWipGate: refuses when an epic sibling already advances (645.913125ms)
  TypeError: Cannot read properties of undefined (reading '0')
      at TestContext.<anonymous> (file:///Users/kpburson/projects/Vibe-Coding/ai-task-manager/.worktrees/1872-rank-level-parallel/scripts/tests/unit/task-tracker/lib/epic-children-gate-blocked.test.mjs:222:26)
      at process.processTicksAndRejections (node:internal/process/task_queues:104:5)
      at async Test.run (node:internal/test_runner/test:1409:7)
      at async Test.processPendingSubtests (node:internal/test_runner/test:974:7)

test at scripts/tests/unit/task-tracker/lib/epic-children-gate-blocked.test.mjs:225:1
✖ planRefineWipGate: fails closed when sibling fetch throws (367.800625ms)
  TypeError: Cannot read properties of undefined (reading '0')
      at TestContext.<anonymous> (file:///Users/kpburson/projects/Vibe-Coding/ai-task-manager/.worktrees/1872-rank-level-parallel/scripts/tests/unit/task-tracker/lib/epic-children-gate-blocked.test.mjs:237:26)
      at process.processTicksAndRejections (node:internal/process/task_queues:104:5)
      at async Test.run (node:internal/test_runner/test:1409:7)
      at async Test.processPendingSubtests (node:internal/test_runner/test:974:7)

test at scripts/tests/unit/task-tracker/lib/epic-r4p-orchestration.test.mjs:409:1
✖ pull-next advances one dependency-ready R4P child exactly one edge and then stops (360.194834ms)
  AssertionError [ERR_ASSERTION]: Expected values to be strictly equal:
  + actual - expected
  
  + 'rank-wave-refused'
  - 'pulled'
  
      at TestContext.<anonymous> (file:///Users/kpburson/projects/Vibe-Coding/ai-task-manager/.worktrees/1872-rank-level-parallel/scripts/tests/unit/task-tracker/lib/epic-r4p-orchestration.test.mjs:438:10)
      at async Test.run (node:internal/test_runner/test:1409:7)
      at async Test.processPendingSubtests (node:internal/test_runner/test:974:7) {
    generatedMessage: true,
    code: 'ERR_ASSERTION',
    actual: 'rank-wave-refused',
    expected: 'pulled',
    operator: 'strictEqual',
    diff: 'simple'
  }

test at scripts/tests/unit/task-tracker/lib/epic-r4p-orchestration.test.mjs:445:1
✖ pull-next refuses to start another local child while a sibling is active (380.201833ms)
  AssertionError [ERR_ASSERTION]: Expected values to be strictly equal:
  + actual - expected
  
  + 'rank-wave-refused'
  - 'active-child'
  
      at TestContext.<anonymous> (file:///Users/kpburson/projects/Vibe-Coding/ai-task-manager/.worktrees/1872-rank-level-parallel/scripts/tests/unit/task-tracker/lib/epic-r4p-orchestration.test.mjs:463:10)
      at process.processTicksAndRejections (node:internal/process/task_queues:104:5)
      at async Test.run (node:internal/test_runner/test:1409:7)
      at async Test.processPendingSubtests (node:internal/test_runner/test:974:7) {
    generatedMessage: true,
    code: 'ERR_ASSERTION',
    actual: 'rank-wave-refused',
    expected: 'active-child',
    operator: 'strictEqual',
    diff: 'simple'
  }

test at scripts/tests/unit/task-tracker/verbs/pull-next-verb.test.mjs:94:1
✖ runPullNext refuses when epic is not in develop (0.992292ms)
  Error: ENOENT: no such file or directory, lstat '/repo'
      at realpathSync (node:fs:3413:29)
      at discoverRankWavePhysical (file:///Users/kpburson/projects/Vibe-Coding/ai-task-manager/.worktrees/1872-rank-level-parallel/scripts/task-tracker/lib/epic-rank-wave-bindings.mjs:22:26)
      at admissionLockPath (file:///Users/kpburson/projects/Vibe-Coding/ai-task-manager/.worktrees/1872-rank-level-parallel/scripts/task-tracker/lib/epic-admission-lock.mjs:17:20)
      at withEpicAdmissionLock (file:///Users/kpburson/projects/Vibe-Coding/ai-task-manager/.worktrees/1872-rank-level-parallel/scripts/task-tracker/lib/epic-admission-lock.mjs:39:16)
      at runPullNext (file:///Users/kpburson/projects/Vibe-Coding/ai-task-manager/.worktrees/1872-rank-level-parallel/scripts/task-tracker/verbs/pull-next.mjs:151:61)
      at TestContext.<anonymous> (file:///Users/kpburson/projects/Vibe-Coding/ai-task-manager/.worktrees/1872-rank-level-parallel/scripts/tests/unit/task-tracker/verbs/pull-next-verb.test.mjs:96:24)
      at Test.runInAsyncScope (node:async_hooks:226:14)
      at Test.run (node:internal/test_runner/test:1402:25)
      at Test.start (node:internal/test_runner/test:1262:17)
      at startSubtestAfterBootstrap (node:internal/test_runner/harness:387:17) {
    errno: -2,
    code: 'ENOENT',
    syscall: 'lstat',
    path: '/repo'
  }

test at scripts/tests/unit/task-tracker/verbs/pull-next-verb.test.mjs:117:1
✖ runPullNext returns no-children for epic with no sub-issues (0.114042ms)
  Error: ENOENT: no such file or directory, lstat '/repo'
      at realpathSync (node:fs:3413:29)
      at discoverRankWavePhysical (file:///Users/kpburson/projects/Vibe-Coding/ai-task-manager/.worktrees/1872-rank-level-parallel/scripts/task-tracker/lib/epic-rank-wave-bindings.mjs:22:26)
      at admissionLockPath (file:///Users/kpburson/projects/Vibe-Coding/ai-task-manager/.worktrees/1872-rank-level-parallel/scripts/task-tracker/lib/epic-admission-lock.mjs:17:20)
      at withEpicAdmissionLock (file:///Users/kpburson/projects/Vibe-Coding/ai-task-manager/.worktrees/1872-rank-level-parallel/scripts/task-tracker/lib/epic-admission-lock.mjs:39:16)
      at runPullNext (file:///Users/kpburson/projects/Vibe-Coding/ai-task-manager/.worktrees/1872-rank-level-parallel/scripts/task-tracker/verbs/pull-next.mjs:151:61)
      at TestContext.<anonymous> (file:///Users/kpburson/projects/Vibe-Coding/ai-task-manager/.worktrees/1872-rank-level-parallel/scripts/tests/unit/task-tracker/verbs/pull-next-verb.test.mjs:119:24)
      at Test.runInAsyncScope (node:async_hooks:226:14)
      at Test.run (node:internal/test_runner/test:1402:25)
      at Test.processPendingSubtests (node:internal/test_runner/test:974:18)
      at Test.postRun (node:internal/test_runner/test:1542:19) {
    errno: -2,
    code: 'ENOENT',
    syscall: 'lstat',
    path: '/repo'
  }

test at scripts/tests/unit/task-tracker/verbs/pull-next-verb.test.mjs:123:1
✖ runPullNext returns no-eligible when no R4P children exist (0.208084ms)
  Error: ENOENT: no such file or directory, lstat '/repo'
      at realpathSync (node:fs:3413:29)
      at discoverRankWavePhysical (file:///Users/kpburson/projects/Vibe-Coding/ai-task-manager/.worktrees/1872-rank-level-parallel/scripts/task-tracker/lib/epic-rank-wave-bindings.mjs:22:26)
      at admissionLockPath (file:///Users/kpburson/projects/Vibe-Coding/ai-task-manager/.worktrees/1872-rank-level-parallel/scripts/task-tracker/lib/epic-admission-lock.mjs:17:20)
      at withEpicAdmissionLock (file:///Users/kpburson/projects/Vibe-Coding/ai-task-manager/.worktrees/1872-rank-level-parallel/scripts/task-tracker/lib/epic-admission-lock.mjs:39:16)
      at runPullNext (file:///Users/kpburson/projects/Vibe-Coding/ai-task-manager/.worktrees/1872-rank-level-parallel/scripts/task-tracker/verbs/pull-next.mjs:151:61)
      at TestContext.<anonymous> (file:///Users/kpburson/projects/Vibe-Coding/ai-task-manager/.worktrees/1872-rank-level-parallel/scripts/tests/unit/task-tracker/verbs/pull-next-verb.test.mjs:130:24)
      at Test.runInAsyncScope (node:async_hooks:226:14)
      at Test.run (node:internal/test_runner/test:1402:25)
      at Test.processPendingSubtests (node:internal/test_runner/test:974:18)
      at Test.postRun (node:internal/test_runner/test:1542:19) {
    errno: -2,
    code: 'ENOENT',
    syscall: 'lstat',
    path: '/repo'
  }

test at scripts/tests/unit/task-tracker/verbs/pull-next-verb.test.mjs:135:1
✖ runPullNext promotes lowest-rank R4P child (0.50175ms)
  Error: ENOENT: no such file or directory, lstat '/repo'
      at realpathSync (node:fs:3413:29)
      at discoverRankWavePhysical (file:///Users/kpburson/projects/Vibe-Coding/ai-task-manager/.worktrees/1872-rank-level-parallel/scripts/task-tracker/lib/epic-rank-wave-bindings.mjs:22:26)
      at admissionLockPath (file:///Users/kpburson/projects/Vibe-Coding/ai-task-manager/.worktrees/1872-rank-level-parallel/scripts/task-tracker/lib/epic-admission-lock.mjs:17:20)
      at withEpicAdmissionLock (file:///Users/kpburson/projects/Vibe-Coding/ai-task-manager/.worktrees/1872-rank-level-parallel/scripts/task-tracker/lib/epic-admission-lock.mjs:39:16)
      at runPullNext (file:///Users/kpburson/projects/Vibe-Coding/ai-task-manager/.worktrees/1872-rank-level-parallel/scripts/task-tracker/verbs/pull-next.mjs:151:61)
      at TestContext.<anonymous> (file:///Users/kpburson/projects/Vibe-Coding/ai-task-manager/.worktrees/1872-rank-level-parallel/scripts/tests/unit/task-tracker/verbs/pull-next-verb.test.mjs:139:24)
      at Test.runInAsyncScope (node:async_hooks:226:14)
      at Test.run (node:internal/test_runner/test:1402:25)
      at Test.processPendingSubtests (node:internal/test_runner/test:974:18)
      at Test.postRun (node:internal/test_runner/test:1542:19) {
    errno: -2,
    code: 'ENOENT',
    syscall: 'lstat',
    path: '/repo'
  }

test at scripts/tests/unit/task-tracker/verbs/pull-next-verb.test.mjs:147:1
✖ #1260 pulled epic child names the bound epic integration branch (0.512708ms)
  Error: ENOENT: no such file or directory, lstat '/repo'
      at realpathSync (node:fs:3413:29)
      at discoverRankWavePhysical (file:///Users/kpburson/projects/Vibe-Coding/ai-task-manager/.worktrees/1872-rank-level-parallel/scripts/task-tracker/lib/epic-rank-wave-bindings.mjs:22:26)
      at admissionLockPath (file:///Users/kpburson/projects/Vibe-Coding/ai-task-manager/.worktrees/1872-rank-level-parallel/scripts/task-tracker/lib/epic-admission-lock.mjs:17:20)
      at withEpicAdmissionLock (file:///Users/kpburson/projects/Vibe-Coding/ai-task-manager/.worktrees/1872-rank-level-parallel/scripts/task-tracker/lib/epic-admission-lock.mjs:39:16)
      at runPullNext (file:///Users/kpburson/projects/Vibe-Coding/ai-task-manager/.worktrees/1872-rank-level-parallel/scripts/task-tracker/verbs/pull-next.mjs:151:61)
      at TestContext.<anonymous> (file:///Users/kpburson/projects/Vibe-Coding/ai-task-manager/.worktrees/1872-rank-level-parallel/scripts/tests/unit/task-tracker/verbs/pull-next-verb.test.mjs:155:24)
      at Test.runInAsyncScope (node:async_hooks:226:14)
      at Test.run (node:internal/test_runner/test:1402:25)
      at Test.processPendingSubtests (node:internal/test_runner/test:974:18)
      at Test.postRun (node:internal/test_runner/test:1542:19) {
    errno: -2,
    code: 'ENOENT',
    syscall: 'lstat',
    path: '/repo'
  }

test at scripts/tests/unit/task-tracker/verbs/pull-next-verb.test.mjs:166:1
✖ #1260 missing epic branch authority fails closed to generic epic guidance (0.141875ms)
  Error: ENOENT: no such file or directory, lstat '/repo'
      at realpathSync (node:fs:3413:29)
      at discoverRankWavePhysical (file:///Users/kpburson/projects/Vibe-Coding/ai-task-manager/.worktrees/1872-rank-level-parallel/scripts/task-tracker/lib/epic-rank-wave-bindings.mjs:22:26)
      at admissionLockPath (file:///Users/kpburson/projects/Vibe-Coding/ai-task-manager/.worktrees/1872-rank-level-parallel/scripts/task-tracker/lib/epic-admission-lock.mjs:17:20)
      at withEpicAdmissionLock (file:///Users/kpburson/projects/Vibe-Coding/ai-task-manager/.worktrees/1872-rank-level-parallel/scripts/task-tracker/lib/epic-admission-lock.mjs:39:16)
      at runPullNext (file:///Users/kpburson/projects/Vibe-Coding/ai-task-manager/.worktrees/1872-rank-level-parallel/scripts/task-tracker/verbs/pull-next.mjs:151:61)
      at TestContext.<anonymous> (file:///Users/kpburson/projects/Vibe-Coding/ai-task-manager/.worktrees/1872-rank-level-parallel/scripts/tests/unit/task-tracker/verbs/pull-next-verb.test.mjs:172:24)
      at Test.runInAsyncScope (node:async_hooks:226:14)
      at Test.run (node:internal/test_runner/test:1402:25)
      at Test.processPendingSubtests (node:internal/test_runner/test:974:18)
      at Test.postRun (node:internal/test_runner/test:1542:19) {
    errno: -2,
    code: 'ENOENT',
    syscall: 'lstat',
    path: '/repo'
  }

test at scripts/tests/unit/task-tracker/verbs/pull-next-verb.test.mjs:197:1
✖ runPullNext refuses false success when the selected child did not reach Plan (0.409ms)
  Error: ENOENT: no such file or directory, lstat '/repo'
      at realpathSync (node:fs:3413:29)
      at discoverRankWavePhysical (file:///Users/kpburson/projects/Vibe-Coding/ai-task-manager/.worktrees/1872-rank-level-parallel/scripts/task-tracker/lib/epic-rank-wave-bindings.mjs:22:26)
      at admissionLockPath (file:///Users/kpburson/projects/Vibe-Coding/ai-task-manager/.worktrees/1872-rank-level-parallel/scripts/task-tracker/lib/epic-admission-lock.mjs:17:20)
      at withEpicAdmissionLock (file:///Users/kpburson/projects/Vibe-Coding/ai-task-manager/.worktrees/1872-rank-level-parallel/scripts/task-tracker/lib/epic-admission-lock.mjs:39:16)
      at runPullNext (file:///Users/kpburson/projects/Vibe-Coding/ai-task-manager/.worktrees/1872-rank-level-parallel/scripts/task-tracker/verbs/pull-next.mjs:151:61)
      at TestContext.<anonymous> (file:///Users/kpburson/projects/Vibe-Coding/ai-task-manager/.worktrees/1872-rank-level-parallel/scripts/tests/unit/task-tracker/verbs/pull-next-verb.test.mjs:203:24)
      at Test.runInAsyncScope (node:async_hooks:226:14)
      at Test.run (node:internal/test_runner/test:1402:25)
      at Test.processPendingSubtests (node:internal/test_runner/test:974:18)
      at Test.postRun (node:internal/test_runner/test:1542:19) {
    errno: -2,
    code: 'ENOENT',
    syscall: 'lstat',
    path: '/repo'
  }

test at scripts/tests/unit/task-tracker/verbs/pull-next-verb.test.mjs:213:1
✖ runPullNext delegates the selected child through the real promote bind seam (#1114) (2.130167ms)
  Error: ENOENT: no such file or directory, lstat '/repo'
      at realpathSync (node:fs:3413:29)
      at discoverRankWavePhysical (file:///Users/kpburson/projects/Vibe-Coding/ai-task-manager/.worktrees/1872-rank-level-parallel/scripts/task-tracker/lib/epic-rank-wave-bindings.mjs:22:26)
      at admissionLockPath (file:///Users/kpburson/projects/Vibe-Coding/ai-task-manager/.worktrees/1872-rank-level-parallel/scripts/task-tracker/lib/epic-admission-lock.mjs:17:20)
      at withEpicAdmissionLock (file:///Users/kpburson/projects/Vibe-Coding/ai-task-manager/.worktrees/1872-rank-level-parallel/scripts/task-tracker/lib/epic-admission-lock.mjs:39:16)
      at runPullNext (file:///Users/kpburson/projects/Vibe-Coding/ai-task-manager/.worktrees/1872-rank-level-parallel/scripts/task-tracker/verbs/pull-next.mjs:151:61)
      at TestContext.<anonymous> (file:///Users/kpburson/projects/Vibe-Coding/ai-task-manager/.worktrees/1872-rank-level-parallel/scripts/tests/unit/task-tracker/verbs/pull-next-verb.test.mjs:312:24)
      at Test.runInAsyncScope (node:async_hooks:226:14)
      at Test.run (node:internal/test_runner/test:1402:25)
      at Test.processPendingSubtests (node:internal/test_runner/test:974:18)
      at Test.postRun (node:internal/test_runner/test:1542:19) {
    errno: -2,
    code: 'ENOENT',
    syscall: 'lstat',
    path: '/repo'
  }

test at scripts/tests/unit/task-tracker/verbs/pull-next-verb.test.mjs:365:1
✖ runPullNext skips a child whose external native dependency is not Done (0.1445ms)
  Error: ENOENT: no such file or directory, lstat '/repo'
      at realpathSync (node:fs:3413:29)
      at discoverRankWavePhysical (file:///Users/kpburson/projects/Vibe-Coding/ai-task-manager/.worktrees/1872-rank-level-parallel/scripts/task-tracker/lib/epic-rank-wave-bindings.mjs:22:26)
      at admissionLockPath (file:///Users/kpburson/projects/Vibe-Coding/ai-task-manager/.worktrees/1872-rank-level-parallel/scripts/task-tracker/lib/epic-admission-lock.mjs:17:20)
      at withEpicAdmissionLock (file:///Users/kpburson/projects/Vibe-Coding/ai-task-manager/.worktrees/1872-rank-level-parallel/scripts/task-tracker/lib/epic-admission-lock.mjs:39:16)
      at runPullNext (file:///Users/kpburson/projects/Vibe-Coding/ai-task-manager/.worktrees/1872-rank-level-parallel/scripts/task-tracker/verbs/pull-next.mjs:151:61)
      at TestContext.<anonymous> (file:///Users/kpburson/projects/Vibe-Coding/ai-task-manager/.worktrees/1872-rank-level-parallel/scripts/tests/unit/task-tracker/verbs/pull-next-verb.test.mjs:376:24)
      at Test.runInAsyncScope (node:async_hooks:226:14)
      at Test.run (node:internal/test_runner/test:1402:25)
      at Test.processPendingSubtests (node:internal/test_runner/test:974:18)
      at Test.postRun (node:internal/test_runner/test:1542:19) {
    errno: -2,
    code: 'ENOENT',
    syscall: 'lstat',
    path: '/repo'
  }

test at scripts/tests/unit/task-tracker/verbs/pull-next-verb.test.mjs:382:1
✖ runPullNext selects a child when its external native dependency is Done (0.127792ms)
  Error: ENOENT: no such file or directory, lstat '/repo'
      at realpathSync (node:fs:3413:29)
      at discoverRankWavePhysical (file:///Users/kpburson/projects/Vibe-Coding/ai-task-manager/.worktrees/1872-rank-level-parallel/scripts/task-tracker/lib/epic-rank-wave-bindings.mjs:22:26)
      at admissionLockPath (file:///Users/kpburson/projects/Vibe-Coding/ai-task-manager/.worktrees/1872-rank-level-parallel/scripts/task-tracker/lib/epic-admission-lock.mjs:17:20)
      at withEpicAdmissionLock (file:///Users/kpburson/projects/Vibe-Coding/ai-task-manager/.worktrees/1872-rank-level-parallel/scripts/task-tracker/lib/epic-admission-lock.mjs:39:16)
      at runPullNext (file:///Users/kpburson/projects/Vibe-Coding/ai-task-manager/.worktrees/1872-rank-level-parallel/scripts/task-tracker/verbs/pull-next.mjs:151:61)
      at TestContext.<anonymous> (file:///Users/kpburson/projects/Vibe-Coding/ai-task-manager/.worktrees/1872-rank-level-parallel/scripts/tests/unit/task-tracker/verbs/pull-next-verb.test.mjs:392:24)
      at Test.runInAsyncScope (node:async_hooks:226:14)
      at Test.run (node:internal/test_runner/test:1402:25)
      at Test.processPendingSubtests (node:internal/test_runner/test:974:18)
      at Test.postRun (node:internal/test_runner/test:1542:19) {
    errno: -2,
    code: 'ENOENT',
    syscall: 'lstat',
    path: '/repo'
  }

test at scripts/tests/unit/task-tracker/verbs/pull-next-verb.test.mjs:398:1
✖ runPullNext audits the epic before child selection (#758) (0.098083ms)
  Error: ENOENT: no such file or directory, lstat '/repo'
      at realpathSync (node:fs:3413:29)
      at discoverRankWavePhysical (file:///Users/kpburson/projects/Vibe-Coding/ai-task-manager/.worktrees/1872-rank-level-parallel/scripts/task-tracker/lib/epic-rank-wave-bindings.mjs:22:26)
      at admissionLockPath (file:///Users/kpburson/projects/Vibe-Coding/ai-task-manager/.worktrees/1872-rank-level-parallel/scripts/task-tracker/lib/epic-admission-lock.mjs:17:20)
      at withEpicAdmissionLock (file:///Users/kpburson/projects/Vibe-Coding/ai-task-manager/.worktrees/1872-rank-level-parallel/scripts/task-tracker/lib/epic-admission-lock.mjs:39:16)
      at runPullNext (file:///Users/kpburson/projects/Vibe-Coding/ai-task-manager/.worktrees/1872-rank-level-parallel/scripts/task-tracker/verbs/pull-next.mjs:151:61)
      at TestContext.<anonymous> (file:///Users/kpburson/projects/Vibe-Coding/ai-task-manager/.worktrees/1872-rank-level-parallel/scripts/tests/unit/task-tracker/verbs/pull-next-verb.test.mjs:402:24)
      at Test.runInAsyncScope (node:async_hooks:226:14)
      at Test.run (node:internal/test_runner/test:1402:25)
      at Test.processPendingSubtests (node:internal/test_runner/test:974:18)
      at Test.postRun (node:internal/test_runner/test:1542:19) {
    errno: -2,
    code: 'ENOENT',
    syscall: 'lstat',
    path: '/repo'
  }

test at scripts/tests/unit/task-tracker/verbs/pull-next-verb.test.mjs:407:1
✖ runPullNext refuses ambiguous epic audit drift (0.073667ms)
  Error: ENOENT: no such file or directory, lstat '/repo'
      at realpathSync (node:fs:3413:29)
      at discoverRankWavePhysical (file:///Users/kpburson/projects/Vibe-Coding/ai-task-manager/.worktrees/1872-rank-level-parallel/scripts/task-tracker/lib/epic-rank-wave-bindings.mjs:22:26)
      at admissionLockPath (file:///Users/kpburson/projects/Vibe-Coding/ai-task-manager/.worktrees/1872-rank-level-parallel/scripts/task-tracker/lib/epic-admission-lock.mjs:17:20)
      at withEpicAdmissionLock (file:///Users/kpburson/projects/Vibe-Coding/ai-task-manager/.worktrees/1872-rank-level-parallel/scripts/task-tracker/lib/epic-admission-lock.mjs:39:16)
      at runPullNext (file:///Users/kpburson/projects/Vibe-Coding/ai-task-manager/.worktrees/1872-rank-level-parallel/scripts/task-tracker/verbs/pull-next.mjs:151:61)
      at TestContext.<anonymous> (file:///Users/kpburson/projects/Vibe-Coding/ai-task-manager/.worktrees/1872-rank-level-parallel/scripts/tests/unit/task-tracker/verbs/pull-next-verb.test.mjs:410:24)
      at Test.runInAsyncScope (node:async_hooks:226:14)
      at Test.run (node:internal/test_runner/test:1402:25)
      at Test.processPendingSubtests (node:internal/test_runner/test:974:18)
      at Test.postRun (node:internal/test_runner/test:1542:19) {
    errno: -2,
    code: 'ENOENT',
    syscall: 'lstat',
    path: '/repo'
  }

test at scripts/tests/unit/task-tracker/verbs/pull-next-verb.test.mjs:415:1
✖ runPullNext refuses every pull when any child descriptor is incomplete (0.072292ms)
  Error: ENOENT: no such file or directory, lstat '/repo'
      at realpathSync (node:fs:3413:29)
      at discoverRankWavePhysical (file:///Users/kpburson/projects/Vibe-Coding/ai-task-manager/.worktrees/1872-rank-level-parallel/scripts/task-tracker/lib/epic-rank-wave-bindings.mjs:22:26)
      at admissionLockPath (file:///Users/kpburson/projects/Vibe-Coding/ai-task-manager/.worktrees/1872-rank-level-parallel/scripts/task-tracker/lib/epic-admission-lock.mjs:17:20)
      at withEpicAdmissionLock (file:///Users/kpburson/projects/Vibe-Coding/ai-task-manager/.worktrees/1872-rank-level-parallel/scripts/task-tracker/lib/epic-admission-lock.mjs:39:16)
      at runPullNext (file:///Users/kpburson/projects/Vibe-Coding/ai-task-manager/.worktrees/1872-rank-level-parallel/scripts/task-tracker/verbs/pull-next.mjs:151:61)
      at TestContext.<anonymous> (file:///Users/kpburson/projects/Vibe-Coding/ai-task-manager/.worktrees/1872-rank-level-parallel/scripts/tests/unit/task-tracker/verbs/pull-next-verb.test.mjs:422:24)
      at Test.runInAsyncScope (node:async_hooks:226:14)
      at Test.run (node:internal/test_runner/test:1402:25)
      at Test.processPendingSubtests (node:internal/test_runner/test:974:18)
      at Test.postRun (node:internal/test_runner/test:1542:19) {
    errno: -2,
    code: 'ENOENT',
    syscall: 'lstat',
    path: '/repo'
  }

test at scripts/tests/unit/task-tracker/verbs/pull-next-verb.test.mjs:427:1
✖ runPullNext holds shared parent authority across selection and promotion (0.082542ms)
  Error: ENOENT: no such file or directory, lstat '/repo'
      at realpathSync (node:fs:3413:29)
      at discoverRankWavePhysical (file:///Users/kpburson/projects/Vibe-Coding/ai-task-manager/.worktrees/1872-rank-level-parallel/scripts/task-tracker/lib/epic-rank-wave-bindings.mjs:22:26)
      at admissionLockPath (file:///Users/kpburson/projects/Vibe-Coding/ai-task-manager/.worktrees/1872-rank-level-parallel/scripts/task-tracker/lib/epic-admission-lock.mjs:17:20)
      at withEpicAdmissionLock (file:///Users/kpburson/projects/Vibe-Coding/ai-task-manager/.worktrees/1872-rank-level-parallel/scripts/task-tracker/lib/epic-admission-lock.mjs:39:16)
      at runPullNext (file:///Users/kpburson/projects/Vibe-Coding/ai-task-manager/.worktrees/1872-rank-level-parallel/scripts/task-tracker/verbs/pull-next.mjs:151:61)
      at TestContext.<anonymous> (file:///Users/kpburson/projects/Vibe-Coding/ai-task-manager/.worktrees/1872-rank-level-parallel/scripts/tests/unit/task-tracker/verbs/pull-next-verb.test.mjs:442:24)
      at Test.runInAsyncScope (node:async_hooks:226:14)
      at Test.run (node:internal/test_runner/test:1402:25)
      at Test.processPendingSubtests (node:internal/test_runner/test:974:18)
      at Test.postRun (node:internal/test_runner/test:1542:19) {
    errno: -2,
    code: 'ENOENT',
    syscall: 'lstat',
    path: '/repo'
  }

test at scripts/tests/unit/task-tracker/verbs/pull-next-verb.test.mjs:448:1
✖ runPullNext does not audit when the epic is not in develop (#758) (0.06475ms)
  Error: ENOENT: no such file or directory, lstat '/repo'
      at realpathSync (node:fs:3413:29)
      at discoverRankWavePhysical (file:///Users/kpburson/projects/Vibe-Coding/ai-task-manager/.worktrees/1872-rank-level-parallel/scripts/task-tracker/lib/epic-rank-wave-bindings.mjs:22:26)
      at admissionLockPath (file:///Users/kpburson/projects/Vibe-Coding/ai-task-manager/.worktrees/1872-rank-level-parallel/scripts/task-tracker/lib/epic-admission-lock.mjs:17:20)
      at withEpicAdmissionLock (file:///Users/kpburson/projects/Vibe-Coding/ai-task-manager/.worktrees/1872-rank-level-parallel/scripts/task-tracker/lib/epic-admission-lock.mjs:39:16)
      at runPullNext (file:///Users/kpburson/projects/Vibe-Coding/ai-task-manager/.worktrees/1872-rank-level-parallel/scripts/task-tracker/verbs/pull-next.mjs:151:61)
      at TestContext.<anonymous> (file:///Users/kpburson/projects/Vibe-Coding/ai-task-manager/.worktrees/1872-rank-level-parallel/scripts/tests/unit/task-tracker/verbs/pull-next-verb.test.mjs:450:9)
      at Test.runInAsyncScope (node:async_hooks:226:14)
      at Test.run (node:internal/test_runner/test:1402:25)
      at Test.processPendingSubtests (node:internal/test_runner/test:974:18)
      at Test.postRun (node:internal/test_runner/test:1542:19) {
    errno: -2,
    code: 'ENOENT',
    syscall: 'lstat',
    path: '/repo'
  }

test at scripts/tests/unit/task-tracker/verbs/pull-next-verb.test.mjs:459:1
✖ runPullNext surfaces fetch failures (0.078667ms)
  Error: ENOENT: no such file or directory, lstat '/repo'
      at realpathSync (node:fs:3413:29)
      at discoverRankWavePhysical (file:///Users/kpburson/projects/Vibe-Coding/ai-task-manager/.worktrees/1872-rank-level-parallel/scripts/task-tracker/lib/epic-rank-wave-bindings.mjs:22:26)
      at admissionLockPath (file:///Users/kpburson/projects/Vibe-Coding/ai-task-manager/.worktrees/1872-rank-level-parallel/scripts/task-tracker/lib/epic-admission-lock.mjs:17:20)
      at withEpicAdmissionLock (file:///Users/kpburson/projects/Vibe-Coding/ai-task-manager/.worktrees/1872-rank-level-parallel/scripts/task-tracker/lib/epic-admission-lock.mjs:39:16)
      at runPullNext (file:///Users/kpburson/projects/Vibe-Coding/ai-task-manager/.worktrees/1872-rank-level-parallel/scripts/task-tracker/verbs/pull-next.mjs:151:61)
      at TestContext.<anonymous> (file:///Users/kpburson/projects/Vibe-Coding/ai-task-manager/.worktrees/1872-rank-level-parallel/scripts/tests/unit/task-tracker/verbs/pull-next-verb.test.mjs:472:24)
      at Test.runInAsyncScope (node:async_hooks:226:14)
      at Test.run (node:internal/test_runner/test:1402:25)
      at Test.processPendingSubtests (node:internal/test_runner/test:974:18)
      at Test.postRun (node:internal/test_runner/test:1542:19) {
    errno: -2,
    code: 'ENOENT',
    syscall: 'lstat',
    path: '/repo'
  }
