✔ Edit src/foo.ts in develop → pass (180.192375ms)
✔ Edit docs/notes.md in plan without current-session binding → allow (155.138875ms)
✔ Edit docs/notes.md in refine without an exact binding → allow (216.059417ms)
✔ Edit .github/ISSUE_TEMPLATE/bug.md in refine → pass (158.348125ms)
✔ Bash npm test in test → pass (104.250625ms)
✔ Bash READ command (cat README.md) in done → pass (116.434375ms)
✔ Write .scratch/gh/foo.txt in develop → pass (scratch carve-out) (90.989917ms)
✔ Write .scratch/plan/draft.md in refine → pass (scratch carve-out) (131.97ms)
✔ Write absolute .scratch/ path → pass (scratch carve-out) (89.145917ms)
✔ Write .tmp/aitm runtime path in refine → pass (91.409ms)
✔ Edit src/foo.ts in refine → block; suggests develop (137.834959ms)
✔ Edit src/foo.ts in test → block; suggests develop (109.092ms)
✔ Bash heredoc to src/ in refine → block (102.0255ms)
✔ Bash npm run build in refine → block (106.711791ms)
✔ Bash git commit in refine → block (COMMIT_CODE) (134.653292ms)
✔ Edit src/foo.ts with active issue but no state field → block; suggest reconcile (92.936709ms)
✔ Edit src/foo.ts with no state file at all → block (no-active-task) (89.204292ms)
✔ Edit docs/notes.md with active issue but no state → allow (85.865333ms)
✔ Read with no active task is universally allowed; no state file → pass (89.134ms)
✔ malformed stdin JSON → pass (don't deadlock) (126.970333ms)
✔ unknown tool_name → pass-through (94.197375ms)
✔ Edit with missing file_path → pass (avoid false-positive) (95.22075ms)
✔ Edit with absolute path inside project root → normalized + blocked in refine (124.353833ms)
✔ session kanbanState cache supplies state when global state field is absent (94.939333ms)
✔ session kanbanState overrides legacy global state when both present (87.963542ms)
✔ session cache for a different issue is ignored (119.013625ms)
✔ session cache with invalid kanbanState is ignored; falls back (132.180459ms)
✔ most-recently-modified session cache wins when multiple match (149.195542ms)
✔ invalid state value in state file with active issue → block; suggest reconcile (95.694ms)
✔ linked backlog document commit uses payload worktree and exact owner (4944.659041ms)
✔ linked refine document commit uses payload worktree and exact owner (3797.329792ms)
✔ linked ready-for-plan document commit uses payload worktree and exact owner (4568.686125ms)
✔ linked plan document commit uses payload worktree and exact owner (3727.27625ms)
✔ native hook session selects its own state instead of an environment session (127.449417ms)
✖ scratch shell allowance validates physical targets and preserves early code restrictions (179.231ms)
✔ Bash scope guard does not execute quoted cat payload examples as issue commands (81.575833ms)
✔ Plan runner does not bypass exact document binding (71.679583ms)
✔ normalized timing identity deduplicates exact events but admits later timestamps (1689.902708ms)
✔ timestamp-less lifecycle events remain runnable instead of becoming session-global duplicates (882.988958ms)
✔ stamp write failure skips the timing flush and fails closed (247.03925ms)
✔ SessionStart: no active and no paused → "No active task." (479.517667ms)
✔ SessionStart: no active, lastActive present but no fleet entry → "No active task." (578.336292ms)
✔ SessionStart: discover bucket active → "Discovery bucket active." (481.423542ms)
✔ SessionStart: active task with stale entryStartTs → recovery banner (1665.154833ms)
✔ SessionStart: active task with no entryStartTs → active banner, no recovery time (667.783041ms)
✔ SessionStart with a paused interval preserves its unconsumed cursor tail (1170.982875ms)
✖ SessionStart orphan recovery rows use the freshly banked marker pair (813.479208ms)
✔ PreCompact: active with entryStartTs → flush path runs (exit 0) (557.093375ms)
✔ PreCompact: bound-but-paused (no entryStartTs) → early return (#407) (340.260792ms)
✔ PreCompact: nothing active → early return (381.980917ms)
✔ PostCompact: active → resume row path (exit 0) (343.546875ms)
✖ PreCompact/PostCompact rows advance durable primary and full markers from the prior cursor (837.771916ms)
✖ PostCompact banks a tail preserved by an unavailable PreCompact exactly once (1137.480083ms)
✔ PostCompact: nothing active → early return (321.789541ms)
✔ malformed stdin → JSON.parse catch, no handler dispatched, exit 0 (174.298291ms)
✔ unknown event → no handler dispatched, exit 0 (196.854125ms)
dirty-workspace-gate: ok
✔ scripts/tests/slow/task-tracker/lib/dirty-workspace-gate.test.mjs (21843.533709ms)
/Users/kpburson/projects/Vibe-Coding/ai-task-manager/.worktrees/1872-rank-level-parallel/.ai-task-manager/runtime/test-fixtures/test/discover-autosave-KFPoBN/docs/plans/.drafts/autosave-story.md
/Users/kpburson/projects/Vibe-Coding/ai-task-manager/.worktrees/1872-rank-level-parallel/.ai-task-manager/runtime/test-fixtures/test/discover-autosave-KFPoBN/docs/plans/20261003-autosave-story.md
✔ AC1: saveDraftFile writes the draft under docs/plans/.drafts/<slug>.md (334.780959ms)
✔ AC1: autosave is incremental — repeated flushes overwrite the SAME file (110.136583ms)
✔ AC2: docs/plans/.drafts/<slug>.md is NOT git-ignored (survives commit/push → pull) (77.500458ms)
✔ AC3: savePlanFile still writes the date-stamped docs/plans/YYYYMMDD-<slug>.md (untouched) (107.230708ms)
✔ AC4: clearDraftFile removes the matching draft and is a no-op when absent (77.321708ms)
✔ AC4: resolveDraftSlug agrees across save-draft and save-plan so the right draft is cleared (0.333625ms)
✔ AC1+AC4 integration: save-draft autosaves; save-plan finalizes and clears the draft (69.043541ms)
test 1 passed: missing approval refuses before prompt
node:internal/modules/run_main:107
    triggerUncaughtException(
    ^

AssertionError [ERR_ASSERTION]: The input did not match the regular expression /Foreign project root requires registered admission/. Input:

'[task-tracker] WARN: configuration is missing 10 known project field id(s): Blocked By (cfg.fieldBlockedBy), Start Time (cfg.fieldStartTime), Engaged (cfg.fieldEngagedTime), Session (cfg.fieldSessionTime), Review (cfg.fieldReviewTime), Plan (cfg.fieldPlanTime), Estimate (cfg.fieldEstimate), Rank (cfg.fieldRank), Size (cfg.sizeFieldId), Priority (cfg.priorityFieldId). Some board mirrors will be skipped. Re-run `scripts/gh/init-project-config.sh` to discover and persist them.\n' +
  '[task-tracker] validated projectDir override: AI_TASK_MANAGER_PROJECT_DIR=/Users/kpburson/projects/Vibe-Coding/ai-task-manager/.worktrees/1872-rank-level-parallel/.ai-task-manager/runtime/test-fixtures/test/tt-gate-2-qimU8V for #202\n' +
  '[task-tracker] ⛔ Refusing to close #202: review-authorization-missing. Run `/task deliver` until a verified exact-head receipt exists, then retry.\n'

    at file:///Users/kpburson/projects/Vibe-Coding/ai-task-manager/.worktrees/1872-rank-level-parallel/scripts/tests/slow/task-tracker/lib/gates.test.mjs:224:12
    at process.processTicksAndRejections (node:internal/process/task_queues:104:5) {
  generatedMessage: true,
  code: 'ERR_ASSERTION',
  actual: '[task-tracker] WARN: configuration is missing 10 known project field id(s): Blocked By (cfg.fieldBlockedBy), Start Time (cfg.fieldStartTime), Engaged (cfg.fieldEngagedTime), Session (cfg.fieldSessionTime), Review (cfg.fieldReviewTime), Plan (cfg.fieldPlanTime), Estimate (cfg.fieldEstimate), Rank (cfg.fieldRank), Size (cfg.sizeFieldId), Priority (cfg.priorityFieldId). Some board mirrors will be skipped. Re-run `scripts/gh/init-project-config.sh` to discover and persist them.\n' +
    '[task-tracker] validated projectDir override: AI_TASK_MANAGER_PROJECT_DIR=/Users/kpburson/projects/Vibe-Coding/ai-task-manager/.worktrees/1872-rank-level-parallel/.ai-task-manager/runtime/test-fixtures/test/tt-gate-2-qimU8V for #202\n' +
    '[task-tracker] ⛔ Refusing to close #202: review-authorization-missing. Run `/task deliver` until a verified exact-head receipt exists, then retry.\n',
  expected: /Foreign project root requires registered admission/,
  operator: 'match',
  diff: 'simple'
}

Node.js v26.8.1
✖ scripts/tests/slow/task-tracker/lib/gates.test.mjs (8525.725958ms)
PASS: dry-run shows repaired startTime from earliest timing row
PASS: live run repairs startTime and routes body write through mutateIssueBody
PASS: no repair when startTime already present in issue body DB
All log-issue-time tests passed.
✔ scripts/tests/slow/task-tracker/lib/log-issue-time.test.mjs (4152.664875ms)
move-state-approval-gate.test.mjs: all passed
✔ scripts/tests/slow/task-tracker/lib/move-state-approval-gate.test.mjs (16688.994667ms)
node:internal/modules/run_main:107
    triggerUncaughtException(
    ^

AssertionError [ERR_ASSERTION]: human approval wait pauses the timer
+ actual - expected

+ undefined
- null

    at file:///Users/kpburson/projects/Vibe-Coding/ai-task-manager/.worktrees/1872-rank-level-parallel/scripts/tests/slow/task-tracker/lib/review-approval-prompt.test.mjs:376:12 {
  generatedMessage: false,
  code: 'ERR_ASSERTION',
  actual: undefined,
  expected: null,
  operator: 'strictEqual',
  diff: 'simple'
}

Node.js v26.8.1
✖ scripts/tests/slow/task-tracker/lib/review-approval-prompt.test.mjs (16464.178375ms)
[task-tracker] ✓ #501 removed native blockers #999
✔ AC4: runDemote succeeds on a marker-heavy body (write path is not fragile) (6.844459ms)
✔ AC4: runUnblock clears a native blocker without rewriting a marker-heavy body (1.384ms)
✔ AC4: backward demote exit guard fires while a blocker is open (confirmed contract) (1.398709ms)
✔ AC (#572): main-anchored resolvers build under the passed main path regardless of cwd (0.259916ms)
✔ AC (#572): findMainWorktreePath anchors fleet/lock to MAIN from a sibling worktree cwd (378.625709ms)
✔ AC (#574): relocated .ai-task-manager/templates survive a fresh worktree checkout (174.098208ms)
✔ AC (#572): project aliases must agree with physical runtime authority (287.5505ms)
ℹ tests 75
ℹ suites 0
ℹ pass 69
ℹ fail 6
ℹ cancelled 0
ℹ skipped 0
ℹ todo 0
ℹ duration_ms 21884.035416

✖ failing tests:

test at scripts/tests/slow/task-tracker/lib/activity-guard.test.mjs:812:1
✖ scratch shell allowance validates physical targets and preserves early code restrictions (179.231ms)
  AssertionError [ERR_ASSERTION]: Expected values to be strictly equal:
  + actual - expected
  
  + undefined
  - 'block'
  
      at TestContext.<anonymous> (file:///Users/kpburson/projects/Vibe-Coding/ai-task-manager/.worktrees/1872-rank-level-parallel/scripts/tests/slow/task-tracker/lib/activity-guard.test.mjs:826:12)
      at Test.runInAsyncScope (node:async_hooks:226:14)
      at Test.run (node:internal/test_runner/test:1402:25)
      at Test.processPendingSubtests (node:internal/test_runner/test:974:18)
      at Test.postRun (node:internal/test_runner/test:1542:19)
      at Test.run (node:internal/test_runner/test:1467:12)
      at async Test.processPendingSubtests (node:internal/test_runner/test:974:7) {
    generatedMessage: true,
    code: 'ERR_ASSERTION',
    actual: undefined,
    expected: 'block',
    operator: 'strictEqual',
    diff: 'simple'
  }

test at scripts/tests/slow/task-tracker/lib/coverage-hook-handler.test.mjs:259:1
✖ SessionStart orphan recovery rows use the freshly banked marker pair (813.479208ms)
  AssertionError [ERR_ASSERTION]: Expected values to be strictly deep-equal:
  + actual - expected
  
  + []
  - [
  -   'session-end-recovery',
  -   'session-start'
  - ]
  
      at TestContext.<anonymous> (file:///Users/kpburson/projects/Vibe-Coding/ai-task-manager/.worktrees/1872-rank-level-parallel/scripts/tests/slow/task-tracker/lib/coverage-hook-handler.test.mjs:277:10)
      at Test.runInAsyncScope (node:async_hooks:226:14)
      at Test.run (node:internal/test_runner/test:1402:25)
      at async Test.processPendingSubtests (node:internal/test_runner/test:974:7) {
    generatedMessage: true,
    code: 'ERR_ASSERTION',
    actual: [],
    expected: [ 'session-end-recovery', 'session-start' ],
    operator: 'deepStrictEqual',
    diff: 'simple'
  }

test at scripts/tests/slow/task-tracker/lib/coverage-hook-handler.test.mjs:318:1
✖ PreCompact/PostCompact rows advance durable primary and full markers from the prior cursor (837.771916ms)
  AssertionError [ERR_ASSERTION]: Expected values to be strictly deep-equal:
  + actual - expected
  
  + []
  - [
  -   'pre-compact-flush',
  -   'post-compact-resume'
  - ]
  
      at TestContext.<anonymous> (file:///Users/kpburson/projects/Vibe-Coding/ai-task-manager/.worktrees/1872-rank-level-parallel/scripts/tests/slow/task-tracker/lib/coverage-hook-handler.test.mjs:333:10)
      at Test.runInAsyncScope (node:async_hooks:226:14)
      at Test.run (node:internal/test_runner/test:1402:25)
      at async Test.processPendingSubtests (node:internal/test_runner/test:974:7) {
    generatedMessage: true,
    code: 'ERR_ASSERTION',
    actual: [],
    expected: [ 'pre-compact-flush', 'post-compact-resume' ],
    operator: 'deepStrictEqual',
    diff: 'simple'
  }

test at scripts/tests/slow/task-tracker/lib/coverage-hook-handler.test.mjs:347:1
✖ PostCompact banks a tail preserved by an unavailable PreCompact exactly once (1137.480083ms)
  AssertionError [ERR_ASSERTION]: Expected values to be strictly deep-equal:
  + actual - expected
  
  + []
  - [
  -   '—',
  -   '203'
  - ]
  
      at TestContext.<anonymous> (file:///Users/kpburson/projects/Vibe-Coding/ai-task-manager/.worktrees/1872-rank-level-parallel/scripts/tests/slow/task-tracker/lib/coverage-hook-handler.test.mjs:401:10)
      at Test.runInAsyncScope (node:async_hooks:226:14)
      at Test.run (node:internal/test_runner/test:1402:25)
      at async Test.processPendingSubtests (node:internal/test_runner/test:974:7) {
    generatedMessage: true,
    code: 'ERR_ASSERTION',
    actual: [],
    expected: [ '—', '203' ],
    operator: 'deepStrictEqual',
    diff: 'simple'
  }

test at scripts/tests/slow/task-tracker/lib/gates.test.mjs:1:1
✖ scripts/tests/slow/task-tracker/lib/gates.test.mjs (8525.725958ms)
  'test failed'

test at scripts/tests/slow/task-tracker/lib/review-approval-prompt.test.mjs:1:1
✖ scripts/tests/slow/task-tracker/lib/review-approval-prompt.test.mjs (16464.178375ms)
  'test failed'
