✔ findNextEligibleChild excludes a child whose blocker is not Done (0.758792ms)
✔ findNextEligibleChild prefers a child that blocks a sibling (blocking-first) (0.107667ms)
✔ findNextEligibleChild keeps rank-ascending tiebreak among equals (0.078875ms)
✔ findNextEligibleChild makes a child eligible once its blocker is Done (0.074792ms)
✔ enrichChildrenWithBlockedBy attaches native dependency readiness per child (0.604416ms)
✔ enrichChildrenWithBlockedBy fails closed when evidence fetch fails (0.179334ms)
✔ wipAdvanceDecision: allows first child out of R4P (no active sibling) (0.10975ms)
✔ wipAdvanceDecision: refuses a second child while one already advances (0.079167ms)
✔ wipAdvanceDecision: dependencies do not bypass the sequential local budget (0.078416ms)
✔ wipAdvanceDecision: a blocked active sibling still consumes the local budget (0.123ms)
✔ wipAdvanceDecision: Done siblings never count as advancing (0.084709ms)
✔ planRefineWipGate: solo issue (no parent) bypasses (0.140458ms)
✔ planRefineWipGate: refuses when an epic sibling already advances (133.914667ms)
✔ planRefineWipGate: fails closed when sibling fetch throws (0.176042ms)
✔ childCreationAllowedAtEpicState admits the R4P lifecycle state (0.064958ms)
✔ developEpicTestChildrenGate passes for non-epic (no children) (0.103667ms)
✔ developEpicTestChildrenGate refuses when any child is at backlog (0.192375ms)
✔ developEpicTestChildrenGate refuses when any child is at assigned (0.0365ms)
✔ developEpicTestChildrenGate refuses when any child is at refine (0.037083ms)
✔ developEpicTestChildrenGate refuses when any child is at plan (0.029791ms)
✔ developEpicTestChildrenGate refuses when any child is at develop (0.029833ms)
✔ developEpicTestChildrenGate refuses when any child is at test (0.034833ms)
✔ developEpicTestChildrenGate passes when every child is done (0.054333ms)
✔ developEpicTestChildrenGate refuses when every child is only at review (0.052208ms)
✔ developEpicTestChildrenGate refuses a mix of review and terminal children (0.067167ms)
✔ developEpicTestChildrenGate names every nonterminal offender, not just the first (0.060875ms)
✔ developEpicTestChildrenGate refuses mixed-case "REVIEW" (0.036583ms)
✔ developEpicTestChildrenGate surfaces fetch failure as blocker (0.087458ms)
✔ developEpicTestChildrenGate accepts mixed-case "DONE" (0.036709ms)
✔ developEpicTestChildrenGate requires cfg and issueNumber (0.240375ms)
✔ epic orchestration plan binds the complete child graph and strict execution policy (2.3265ms)
✔ R4P-origin Plan approval is bound to current trunk before Develop (3.23175ms)
✔ epic Plan exit requires a durable graph matching live children and trunk (1.283709ms)
✔ plan approval stamps trunk and complete epic orchestration provenance (9.196125ms)
✔ plan approval discovers children for an implicit epic before stamping approval (1.669958ms)
✔ legacy Plan epic without kind or R4P markers still freezes children and trunk (0.87975ms)
✔ native-blocked R4P child stays current for epic admission but waits for its predecessor (3.024125ms)
✔ configured-project mapping ignores legacy blocker markers as dependency authority (0.287083ms)
✔ configured-project child mapping carries current refinement and terminal evidence (0.226959ms)
✔ configured-project mapping rejects stale refinement evidence and board-rank drift (0.246792ms)
✔ epic admission and terminal delivery fail closed on incomplete descriptors and board drift (0.239542ms)
✔ strict local WIP cannot be disabled by project configuration (0.302834ms)
✔ epic Plan admission requires every executable child at R4P or later with refinement evidence (0.173ms)
✔ R4P state enforces epic child admission before entering Plan (0.107375ms)
✔ next-child selection uses only dependency-ready R4P children and rank (0.797333ms)
✔ next-child selection fails closed while any sibling is locally active (0.157833ms)
✔ local WIP policy has no blocker exception while another child is active (0.466208ms)
✔ epic Test admission requires Done or an accepted closed disposition (0.191875ms)
✔ pull-next advances one dependency-ready R4P child exactly one edge and then stops (15.07525ms)
✔ pull-next refuses to start another local child while a sibling is active (0.270042ms)
✔ operator help, architecture, and pickup guidance describe R4P child staging (6.980625ms)
✔ epic child enumeration exhausts every GraphQL page and refuses cursor ambiguity (0.929292ms)
✔ configured child project membership and fields paginate exhaustively (0.427292ms)
✔ runPullNext refuses when epic is not in develop (0.896375ms)
✔ pull-next live-state reads use the exact configured-project snapshot (0.116458ms)
✔ runPullNext returns no-children for epic with no sub-issues (0.139958ms)
✔ runPullNext returns no-eligible when no R4P children exist (4.331959ms)
✔ runPullNext promotes lowest-rank R4P child (9.858583ms)
✔ #1260 pulled epic child names the bound epic integration branch (0.928ms)
✔ #1260 solo-story planning guidance remains current trunk (0.084ms)
✔ #1260 missing epic branch authority fails closed to generic epic guidance (0.175334ms)
✔ #1260 default epic branch resolver reads the already-bound project directory (0.1225ms)
✔ runPullNext refuses false success when the selected child did not reach Plan (0.175125ms)
✔ runPullNext delegates the selected child through the real promote bind seam (#1114) (82.780209ms)
✔ selected-child promotion reuses its held lock instead of entering the locking verb wrapper (0.470166ms)
✔ direct promote remains fail-closed on a mismatched bind (#1114) (0.363208ms)
✔ runPullNext skips a child whose external native dependency is not Done (4.262916ms)
✔ runPullNext selects a child when its external native dependency is Done (1.855917ms)
✔ runPullNext audits the epic before child selection (#758) (1.731125ms)
✔ runPullNext refuses ambiguous epic audit drift (0.1205ms)
✔ runPullNext refuses every pull when any child descriptor is incomplete (0.082ms)
✔ runPullNext holds shared parent authority across selection and promotion (1.909542ms)
✔ runPullNext does not audit when the epic is not in develop (#758) (0.113708ms)
✔ runPullNext requires epicNumber and cfg (0.11375ms)
✔ runPullNext surfaces fetch failures (0.105375ms)
ℹ tests 75
ℹ suites 0
ℹ pass 75
ℹ fail 0
ℹ cancelled 0
ℹ skipped 0
ℹ todo 0
ℹ duration_ms 490.480792
