✔ tracked invalid override refuses a read-only operational route before normal dispatch (752.2205ms)
✔ invalid catalog refuses before GitHub, lock, or session effects without network skip (15606.679292ms)
✔ dynamic issue-bind route cannot bypass admission (385.649042ms)
✔ direct verb hub refuses invalid guidance before context construction (512.7745ms)
✔ direct verb executables refuse invalid guidance before their own main paths (2520.097833ms)
✔ direct verb help-shaped arguments cannot bypass admission (2785.63575ms)
✔ unsupported direct-hub recovery words are admitted as operational (759.865292ms)
✔ session annotation requires a durable issue write, not a zero-exit or local change (0.869708ms)
✔ timing-post observation distinguishes durable issue writes from queued rows (0.304125ms)
✔ package installer refuses invalid guidance before init writes (402.774458ms)
✔ direct support-script path refuses invalid guidance before its own parser (363.460917ms)
✔ guidance validation remains a routed recovery command (521.2805ms)
✔ top-level help remains available while the selected catalog is invalid (297.684084ms)
✔ command help, guidance source, and package version remain effect-free recovery routes (773.431375ms)
✔ admission inventory accounts for every canonical command, alias, and classified executable (142.492542ms)
✔ every registered operational token refuses an invalid catalog (20357.944584ms)
✔ every supported direct operational entrypoint refuses an invalid catalog (16459.389917ms)
ℹ tests 17
ℹ suites 0
ℹ pass 17
ℹ fail 0
ℹ cancelled 0
ℹ skipped 0
ℹ todo 0
ℹ duration_ms 63098.178625
