✔ Edit src/foo.ts in develop → pass (106.109667ms)
✔ Edit docs/notes.md in plan without current-session binding → allow (99.54875ms)
✔ Edit docs/notes.md in refine without an exact binding → allow (124.67675ms)
✔ Edit .github/ISSUE_TEMPLATE/bug.md in refine → pass (73.43975ms)
✔ Bash npm test in test → pass (100.697917ms)
✔ Bash READ command (cat README.md) in done → pass (95.323542ms)
✔ Write .scratch/gh/foo.txt in develop → pass (scratch carve-out) (89.84225ms)
✔ Write .scratch/plan/draft.md in refine → pass (scratch carve-out) (76.220584ms)
✔ Write absolute .scratch/ path → pass (scratch carve-out) (90.778291ms)
✔ Write .tmp/aitm runtime path in refine → pass (84.571291ms)
✔ Edit src/foo.ts in refine → block; suggests develop (102.147792ms)
✔ Edit src/foo.ts in test → block; suggests develop (99.328833ms)
✔ Bash heredoc to src/ in refine → block (95.442167ms)
✔ Bash npm run build in refine → block (104.766208ms)
✔ Bash git commit in refine → block (COMMIT_CODE) (144.540333ms)
✔ Edit src/foo.ts with active issue but no state field → block; suggest reconcile (93.044333ms)
✔ Edit src/foo.ts with no state file at all → block (no-active-task) (91.83375ms)
✔ Edit docs/notes.md with active issue but no state → allow (143.088625ms)
✔ Read with no active task is universally allowed; no state file → pass (96.09975ms)
✔ malformed stdin JSON → pass (don't deadlock) (111.276166ms)
✔ unknown tool_name → pass-through (139.224333ms)
✔ Edit with missing file_path → pass (avoid false-positive) (113.480584ms)
✔ Edit with absolute path inside project root → normalized + blocked in refine (139.888ms)
✔ session kanbanState cache supplies state when global state field is absent (170.506709ms)
✔ session kanbanState overrides legacy global state when both present (188.538041ms)
✔ session cache for a different issue is ignored (268.711666ms)
✔ session cache with invalid kanbanState is ignored; falls back (143.83975ms)
✔ most-recently-modified session cache wins when multiple match (392.211041ms)
✔ invalid state value in state file with active issue → block; suggest reconcile (248.765209ms)
✔ linked backlog document commit uses payload worktree and exact owner (5241.278125ms)
✔ linked refine document commit uses payload worktree and exact owner (5118.934416ms)
✔ linked ready-for-plan document commit uses payload worktree and exact owner (4992.742292ms)
✔ linked plan document commit uses payload worktree and exact owner (3937.790584ms)
✔ native hook session selects its own state instead of an environment session (150.014208ms)
✖ scratch shell allowance validates physical targets and preserves early code restrictions (237.976542ms)
✔ Bash scope guard does not execute quoted cat payload examples as issue commands (164.511625ms)
✔ Plan runner does not bypass exact document binding (174.722ms)
✔ normalized timing identity deduplicates exact events but admits later timestamps (1180.628958ms)
✔ timestamp-less lifecycle events remain runnable instead of becoming session-global duplicates (994.655666ms)
✔ stamp write failure skips the timing flush and fails closed (287.693416ms)
✔ SessionStart: no active and no paused → "No active task." (902.00775ms)
✔ SessionStart: no active, lastActive present but no fleet entry → "No active task." (1193.923ms)
✔ SessionStart: discover bucket active → "Discovery bucket active." (798.602792ms)
✔ SessionStart: active task with stale entryStartTs → recovery banner (1578.838541ms)
✔ SessionStart: active task with no entryStartTs → active banner, no recovery time (611.314125ms)
✔ SessionStart with a paused interval preserves its unconsumed cursor tail (1167.179125ms)
✔ SessionStart recovery banks actor markers and does not queue rows when network is explicitly skipped (938.779958ms)
✔ PreCompact: active with entryStartTs → flush path runs (exit 0) (518.134833ms)
✔ PreCompact: bound-but-paused (no entryStartTs) → early return (#407) (301.880625ms)
✔ PreCompact: nothing active → early return (336.62175ms)
✔ PostCompact: active → resume row path (exit 0) (351.656875ms)
✔ PreCompact/PostCompact advances actor cursors without pretending skipped rows were published (1532.55675ms)
✔ PostCompact banks a tail preserved by an unavailable PreCompact exactly once (1959.207042ms)
✔ PostCompact: nothing active → early return (328.226917ms)
✔ malformed stdin → JSON.parse catch, no handler dispatched, exit 0 (156.99675ms)
✔ unknown event → no handler dispatched, exit 0 (232.324292ms)
dirty-workspace-gate: ok
✔ scripts/tests/slow/task-tracker/lib/dirty-workspace-gate.test.mjs (26052.631583ms)
test 1 passed: missing approval refuses before prompt
test 2 passed: --answer cannot manufacture approval
test 3 passed: gate toggle cannot bypass immutable authorization
test 4 passed: exact-SHA human approval passes authorization
test 5 passed: hostile cwd session file cannot enable Full-Auto standing
gates.test.mjs: all passed
✔ scripts/tests/slow/task-tracker/lib/gates.test.mjs (19337.106792ms)
test 1 passed: verbReview emits marker on success
test 1b passed: verbReview refuses missing canonical commit trace
test 1c passed: verbReview refuses tracked worktree changes
test 2 passed: verbReview refuses without aitm-dod-verified marker
test 3 passed: verbReview refuses AC/DoD without evidence
test 4 passed: verbReview marks AC/DoD with passing evidence
test 5 passed: /task reject without --reason exits non-zero
test 6 passed: /task reject refuses wrong state
test 7 passed: /task reject happy path posts rejection comment
test 8 passed: completeness gate refuses an unticked manual checkbox
review-approval-prompt.test.mjs: all passed
✔ scripts/tests/slow/task-tracker/lib/review-approval-prompt.test.mjs (64246.58975ms)
ℹ tests 59
ℹ suites 0
ℹ pass 58
ℹ fail 1
ℹ cancelled 0
ℹ skipped 0
ℹ todo 0
ℹ duration_ms 64263.290458

✖ failing tests:

test at scripts/tests/slow/task-tracker/lib/activity-guard.test.mjs:814:1
✖ scratch shell allowance validates physical targets and preserves early code restrictions (237.976542ms)
  AssertionError [ERR_ASSERTION]: Expected values to be strictly equal:
  + actual - expected
  
  + undefined
  - 'block'
  
      at TestContext.<anonymous> (file:///Users/kpburson/projects/Vibe-Coding/ai-task-manager/.worktrees/1872-rank-level-parallel/scripts/tests/slow/task-tracker/lib/activity-guard.test.mjs:828:12)
      at Test.runInAsyncScope (node:async_hooks:226:14)
      at Test.run (node:internal/test_runner/test:1402:25)
      at Test.processPendingSubtests (node:internal/test_runner/test:974:18)
      at Test.postRun (node:internal/test_runner/test:1542:19)
      at Test.run (node:internal/test_runner/test:1467:12)
      at async Test.processPendingSubtests (node:internal/test_runner/test:974:7) {
    generatedMessage: true,
    code: 'ERR_ASSERTION',
    actual: undefined,
    expected: 'block',
    operator: 'strictEqual',
    diff: 'simple'
  }
