✖ package-boundary: no test files are packed (6774.479666ms)
✖ package-boundary: excluded directories do not reappear (5398.795792ms)
✖ package-boundary: ships the exact docs/introduction/ set (6131.947542ms)
✔ package-boundary: shipped README has no dead docs/introduction link (2.1495ms)
✖ package-boundary: total entry count stays under the ceiling (5470.828917ms)
✖ package-boundary: development-only context calibration is not shipped (5639.336708ms)
✖ package-boundary: runtime entry points are still shipped (6062.337458ms)
✔ package-boundary: production parser and guidance release guard are declared (0.729917ms)
✔ package-boundary: tag and explicit release CI retain the B2 consumer gate (0.680958ms)
ℹ tests 9
ℹ suites 0
ℹ pass 3
ℹ fail 6
ℹ cancelled 0
ℹ skipped 0
ℹ todo 0
ℹ duration_ms 35560.533

✖ failing tests:

test at scripts/tests/unit/task-tracker/core/package-boundary.test.mjs:158:1
✖ package-boundary: no test files are packed (6774.479666ms)
  Error: Command failed: npm pack --dry-run --json
      at genericNodeError (node:internal/errors:999:15)
      at wrappedFn (node:internal/errors:544:14)
      at checkExecSyncError (node:child_process:942:11)
      at execFileSync (node:child_process:978:15)
      at packedFiles (file:///Users/kpburson/projects/Vibe-Coding/ai-task-manager/.worktrees/1872-rank-level-parallel/scripts/tests/unit/task-tracker/core/package-boundary.test.mjs:146:15)
      at TestContext.<anonymous> (file:///Users/kpburson/projects/Vibe-Coding/ai-task-manager/.worktrees/1872-rank-level-parallel/scripts/tests/unit/task-tracker/core/package-boundary.test.mjs:159:17)
      at Test.runInAsyncScope (node:async_hooks:226:14)
      at Test.run (node:internal/test_runner/test:1402:25)
      at Test.start (node:internal/test_runner/test:1262:17)
      at startSubtestAfterBootstrap (node:internal/test_runner/harness:387:17) {
    status: 255,
    signal: null,
    output: [ null, '{\n  "error": {\n    "code": "EPERM",\n    "summary": "Your cache folder contains root-owned files, due to a bug in previous versions of npm which has since been addressed.\\n\\nTo permanently fix this problem, please run:\\n  sudo chown -R 501:20 \\"/Users/kpburson/.npm\\"",\n    "detail": ""\n  }\n}\n', null ],
    pid: 47086,
    stdout: '{\n  "error": {\n    "code": "EPERM",\n    "summary": "Your cache folder contains root-owned files, due to a bug in previous versions of npm which has since been addressed.\\n\\nTo permanently fix this problem, please run:\\n  sudo chown -R 501:20 \\"/Users/kpburson/.npm\\"",\n    "detail": ""\n  }\n}\n',
    stderr: null
  }

test at scripts/tests/unit/task-tracker/core/package-boundary.test.mjs:168:1
✖ package-boundary: excluded directories do not reappear (5398.795792ms)
  Error: Command failed: npm pack --dry-run --json
      at genericNodeError (node:internal/errors:999:15)
      at wrappedFn (node:internal/errors:544:14)
      at checkExecSyncError (node:child_process:942:11)
      at execFileSync (node:child_process:978:15)
      at packedFiles (file:///Users/kpburson/projects/Vibe-Coding/ai-task-manager/.worktrees/1872-rank-level-parallel/scripts/tests/unit/task-tracker/core/package-boundary.test.mjs:146:15)
      at TestContext.<anonymous> (file:///Users/kpburson/projects/Vibe-Coding/ai-task-manager/.worktrees/1872-rank-level-parallel/scripts/tests/unit/task-tracker/core/package-boundary.test.mjs:169:17)
      at Test.runInAsyncScope (node:async_hooks:226:14)
      at Test.run (node:internal/test_runner/test:1402:25)
      at Test.processPendingSubtests (node:internal/test_runner/test:974:18)
      at Test.postRun (node:internal/test_runner/test:1542:19) {
    status: 255,
    signal: null,
    output: [ null, '{\n  "error": {\n    "code": "EPERM",\n    "summary": "Your cache folder contains root-owned files, due to a bug in previous versions of npm which has since been addressed.\\n\\nTo permanently fix this problem, please run:\\n  sudo chown -R 501:20 \\"/Users/kpburson/.npm\\"",\n    "detail": ""\n  }\n}\n', null ],
    pid: 47252,
    stdout: '{\n  "error": {\n    "code": "EPERM",\n    "summary": "Your cache folder contains root-owned files, due to a bug in previous versions of npm which has since been addressed.\\n\\nTo permanently fix this problem, please run:\\n  sudo chown -R 501:20 \\"/Users/kpburson/.npm\\"",\n    "detail": ""\n  }\n}\n',
    stderr: null
  }

test at scripts/tests/unit/task-tracker/core/package-boundary.test.mjs:183:1
✖ package-boundary: ships the exact docs/introduction/ set (6131.947542ms)
  Error: Command failed: npm pack --dry-run --json
      at genericNodeError (node:internal/errors:999:15)
      at wrappedFn (node:internal/errors:544:14)
      at checkExecSyncError (node:child_process:942:11)
      at execFileSync (node:child_process:978:15)
      at packedFiles (file:///Users/kpburson/projects/Vibe-Coding/ai-task-manager/.worktrees/1872-rank-level-parallel/scripts/tests/unit/task-tracker/core/package-boundary.test.mjs:146:15)
      at TestContext.<anonymous> (file:///Users/kpburson/projects/Vibe-Coding/ai-task-manager/.worktrees/1872-rank-level-parallel/scripts/tests/unit/task-tracker/core/package-boundary.test.mjs:184:17)
      at Test.runInAsyncScope (node:async_hooks:226:14)
      at Test.run (node:internal/test_runner/test:1402:25)
      at Test.processPendingSubtests (node:internal/test_runner/test:974:18)
      at Test.postRun (node:internal/test_runner/test:1542:19) {
    status: 255,
    signal: null,
    output: [ null, '{\n  "error": {\n    "code": "EPERM",\n    "summary": "Your cache folder contains root-owned files, due to a bug in previous versions of npm which has since been addressed.\\n\\nTo permanently fix this problem, please run:\\n  sudo chown -R 501:20 \\"/Users/kpburson/.npm\\"",\n    "detail": ""\n  }\n}\n', null ],
    pid: 47399,
    stdout: '{\n  "error": {\n    "code": "EPERM",\n    "summary": "Your cache folder contains root-owned files, due to a bug in previous versions of npm which has since been addressed.\\n\\nTo permanently fix this problem, please run:\\n  sudo chown -R 501:20 \\"/Users/kpburson/.npm\\"",\n    "detail": ""\n  }\n}\n',
    stderr: null
  }

test at scripts/tests/unit/task-tracker/core/package-boundary.test.mjs:219:1
✖ package-boundary: total entry count stays under the ceiling (5470.828917ms)
  Error: Command failed: npm pack --dry-run --json
      at genericNodeError (node:internal/errors:999:15)
      at wrappedFn (node:internal/errors:544:14)
      at checkExecSyncError (node:child_process:942:11)
      at execFileSync (node:child_process:978:15)
      at packedFiles (file:///Users/kpburson/projects/Vibe-Coding/ai-task-manager/.worktrees/1872-rank-level-parallel/scripts/tests/unit/task-tracker/core/package-boundary.test.mjs:146:15)
      at TestContext.<anonymous> (file:///Users/kpburson/projects/Vibe-Coding/ai-task-manager/.worktrees/1872-rank-level-parallel/scripts/tests/unit/task-tracker/core/package-boundary.test.mjs:220:17)
      at Test.runInAsyncScope (node:async_hooks:226:14)
      at Test.run (node:internal/test_runner/test:1402:25)
      at Test.processPendingSubtests (node:internal/test_runner/test:974:18)
      at Test.postRun (node:internal/test_runner/test:1542:19) {
    status: 255,
    signal: null,
    output: [ null, '{\n  "error": {\n    "code": "EPERM",\n    "summary": "Your cache folder contains root-owned files, due to a bug in previous versions of npm which has since been addressed.\\n\\nTo permanently fix this problem, please run:\\n  sudo chown -R 501:20 \\"/Users/kpburson/.npm\\"",\n    "detail": ""\n  }\n}\n', null ],
    pid: 47633,
    stdout: '{\n  "error": {\n    "code": "EPERM",\n    "summary": "Your cache folder contains root-owned files, due to a bug in previous versions of npm which has since been addressed.\\n\\nTo permanently fix this problem, please run:\\n  sudo chown -R 501:20 \\"/Users/kpburson/.npm\\"",\n    "detail": ""\n  }\n}\n',
    stderr: null
  }

test at scripts/tests/unit/task-tracker/core/package-boundary.test.mjs:392:1
✖ package-boundary: development-only context calibration is not shipped (5639.336708ms)
  Error: Command failed: npm pack --dry-run --json
      at genericNodeError (node:internal/errors:999:15)
      at wrappedFn (node:internal/errors:544:14)
      at checkExecSyncError (node:child_process:942:11)
      at execFileSync (node:child_process:978:15)
      at packedFiles (file:///Users/kpburson/projects/Vibe-Coding/ai-task-manager/.worktrees/1872-rank-level-parallel/scripts/tests/unit/task-tracker/core/package-boundary.test.mjs:146:15)
      at TestContext.<anonymous> (file:///Users/kpburson/projects/Vibe-Coding/ai-task-manager/.worktrees/1872-rank-level-parallel/scripts/tests/unit/task-tracker/core/package-boundary.test.mjs:393:25)
      at Test.runInAsyncScope (node:async_hooks:226:14)
      at Test.run (node:internal/test_runner/test:1402:25)
      at Test.processPendingSubtests (node:internal/test_runner/test:974:18)
      at Test.postRun (node:internal/test_runner/test:1542:19) {
    status: 255,
    signal: null,
    output: [ null, '{\n  "error": {\n    "code": "EPERM",\n    "summary": "Your cache folder contains root-owned files, due to a bug in previous versions of npm which has since been addressed.\\n\\nTo permanently fix this problem, please run:\\n  sudo chown -R 501:20 \\"/Users/kpburson/.npm\\"",\n    "detail": ""\n  }\n}\n', null ],
    pid: 47729,
    stdout: '{\n  "error": {\n    "code": "EPERM",\n    "summary": "Your cache folder contains root-owned files, due to a bug in previous versions of npm which has since been addressed.\\n\\nTo permanently fix this problem, please run:\\n  sudo chown -R 501:20 \\"/Users/kpburson/.npm\\"",\n    "detail": ""\n  }\n}\n',
    stderr: null
  }

test at scripts/tests/unit/task-tracker/core/package-boundary.test.mjs:398:1
✖ package-boundary: runtime entry points are still shipped (6062.337458ms)
  Error: Command failed: npm pack --dry-run --json
      at genericNodeError (node:internal/errors:999:15)
      at wrappedFn (node:internal/errors:544:14)
      at checkExecSyncError (node:child_process:942:11)
      at execFileSync (node:child_process:978:15)
      at packedFiles (file:///Users/kpburson/projects/Vibe-Coding/ai-task-manager/.worktrees/1872-rank-level-parallel/scripts/tests/unit/task-tracker/core/package-boundary.test.mjs:146:15)
      at TestContext.<anonymous> (file:///Users/kpburson/projects/Vibe-Coding/ai-task-manager/.worktrees/1872-rank-level-parallel/scripts/tests/unit/task-tracker/core/package-boundary.test.mjs:399:25)
      at Test.runInAsyncScope (node:async_hooks:226:14)
      at Test.run (node:internal/test_runner/test:1402:25)
      at Test.processPendingSubtests (node:internal/test_runner/test:974:18)
      at Test.postRun (node:internal/test_runner/test:1542:19) {
    status: 255,
    signal: null,
    output: [ null, '{\n  "error": {\n    "code": "EPERM",\n    "summary": "Your cache folder contains root-owned files, due to a bug in previous versions of npm which has since been addressed.\\n\\nTo permanently fix this problem, please run:\\n  sudo chown -R 501:20 \\"/Users/kpburson/.npm\\"",\n    "detail": ""\n  }\n}\n', null ],
    pid: 47957,
    stdout: '{\n  "error": {\n    "code": "EPERM",\n    "summary": "Your cache folder contains root-owned files, due to a bug in previous versions of npm which has since been addressed.\\n\\nTo permanently fix this problem, please run:\\n  sudo chown -R 501:20 \\"/Users/kpburson/.npm\\"",\n    "detail": ""\n  }\n}\n',
    stderr: null
  }
