✔ normalized timing identity deduplicates exact events but admits later timestamps (407.717458ms)
✔ timestamp-less lifecycle events remain runnable instead of becoming session-global duplicates (228.2675ms)
✔ stamp write failure skips the timing flush and fails closed (107.745833ms)
✔ SessionStart: no active and no paused → "No active task." (120.5645ms)
✔ SessionStart: no active, lastActive present but no fleet entry → "No active task." (120.764417ms)
✔ SessionStart: discover bucket active → "Discovery bucket active." (111.645208ms)
✔ SessionStart: active task with stale entryStartTs → recovery banner (563.282167ms)
✔ SessionStart: active task with no entryStartTs → active banner, no recovery time (277.03425ms)
✔ SessionStart banks an open session cursor tail exactly once (675.756167ms)
✔ SessionStart orphan recovery rows use the freshly banked marker pair (1245.174708ms)
✔ PreCompact: active with entryStartTs → flush path runs (exit 0) (259.801834ms)
✔ PreCompact: bound-but-paused (no entryStartTs) → early return (#407) (253.019667ms)
✔ PreCompact: nothing active → early return (222.20525ms)
✔ PostCompact: active → resume row path (exit 0) (257.172542ms)
✔ PreCompact/PostCompact rows advance durable primary and full markers from the prior cursor (500.161792ms)
✔ PostCompact banks a tail preserved by an unavailable PreCompact exactly once (1065.914583ms)
✔ PostCompact: nothing active → early return (210.247292ms)
✔ malformed stdin → JSON.parse catch, no handler dispatched, exit 0 (122.557708ms)
✔ unknown event → no handler dispatched, exit 0 (125.150958ms)
ℹ tests 19
ℹ suites 0
ℹ pass 19
ℹ fail 0
ℹ cancelled 0
ℹ skipped 0
ℹ todo 0
ℹ duration_ms 7026.175084
