✔ Edit src/foo.ts in develop → pass (108.934958ms)
✔ Edit docs/notes.md in plan without current-session binding → allow (106.875667ms)
✔ Edit docs/notes.md in refine without an exact binding → allow (118.34975ms)
✔ Edit .github/ISSUE_TEMPLATE/bug.md in refine → pass (87.445041ms)
✔ Bash npm test in test → pass (84.721417ms)
✔ Bash READ command (cat README.md) in done → pass (103.357458ms)
✔ Write .scratch/gh/foo.txt in develop → pass (scratch carve-out) (100.15075ms)
✔ Write .scratch/plan/draft.md in refine → pass (scratch carve-out) (82.212459ms)
✔ Write absolute .scratch/ path → pass (scratch carve-out) (82.689833ms)
✔ Write .tmp/aitm runtime path in refine → pass (80.048709ms)
✔ Edit src/foo.ts in refine → block; suggests develop (84.219125ms)
✔ Edit src/foo.ts in test → block; suggests develop (92.456084ms)
✔ Bash heredoc to src/ in refine → block (83.737416ms)
✔ Bash npm run build in refine → block (106.7815ms)
✔ Bash git commit in refine → block (COMMIT_CODE) (125.505917ms)
✔ Edit src/foo.ts with active issue but no state field → block; suggest reconcile (88.686667ms)
✔ Edit src/foo.ts with an empty admitted ledger → block (no-active-task) (85.825375ms)
✔ Edit docs/notes.md with active issue but no state → allow (80.978917ms)
✔ Read with no active task and an empty admitted ledger → pass (94.610875ms)
✔ malformed stdin JSON → pass (don't deadlock) (131.01425ms)
✔ unknown tool_name → pass-through (94.949583ms)
✔ Edit with missing file_path → pass (avoid false-positive) (90.206792ms)
✔ Edit with absolute path inside project root → normalized + blocked in refine (88.326666ms)
✔ session kanbanState cache supplies state when global state field is absent (88.839ms)
✔ session kanbanState overrides legacy global state when both present (92.419667ms)
✔ session cache for a different issue is ignored (85.139916ms)
✔ session cache with invalid kanbanState is ignored; falls back (80.262584ms)
✔ most-recently-modified session cache wins when multiple match (137.261333ms)
✔ invalid state value in state file with active issue → block; suggest reconcile (75.889ms)
✔ linked backlog document commit uses payload worktree and exact owner (6182.702708ms)
✔ linked refine document commit uses payload worktree and exact owner (6139.513417ms)
✔ linked ready-for-plan document commit uses payload worktree and exact owner (4880.878958ms)
✔ linked plan document commit uses payload worktree and exact owner (4888.990541ms)
✔ native hook session selects its own state instead of an environment session (156.938167ms)
✔ scratch shell allowance validates physical targets and preserves early code restrictions (650.439958ms)
✔ Bash scope guard does not execute quoted cat payload examples as issue commands (113.773167ms)
✔ Plan runner does not bypass exact document binding (97.548ms)
ℹ tests 37
ℹ suites 0
ℹ pass 37
ℹ fail 0
ℹ cancelled 0
ℹ skipped 0
ℹ todo 0
ℹ duration_ms 25882.583375
