✔ a supported batch publishes a complete durable receipt and preserves synchronous return (1787.184583ms)
✔ the complete validation set and expected-before assertion refuse before any member changes (1356.505833ms)
✔ deletion remains journaled and completed retry cannot restore an older outcome over later writes (2572.24375ms)
✔ unfinished batch fences even its lease holder and exact resume completes the original outcome (1686.495833ms)
✔ SIGKILL at after-batch-journal preserves read refusal and exact confirmed-death replay (2865.990333ms)
✔ SIGKILL at after-batch-member-0 preserves read refusal and exact confirmed-death replay (3041.335084ms)
✔ SIGKILL at after-batch-member-1 preserves read refusal and exact confirmed-death replay (2738.708041ms)
✔ SIGKILL at after-batch-member-stage-0 preserves read refusal and exact confirmed-death replay (3562.220084ms)
✔ SIGKILL at after-batch-journal-stage-publishing preserves read refusal and exact confirmed-death replay (2750.907042ms)
✔ SIGKILL at after-batch-journal-stage-prepared preserves read refusal and exact confirmed-death replay (3032.604791ms)
✔ SIGKILL at after-batch-journal-stage-complete preserves read refusal and exact confirmed-death replay (3091.238375ms)
✔ unsupported caller identities and nonabsolute targets refuse without creating an unreadable journal (864.460333ms)
✔ a live publisher cannot be taken over and a changed journal observation preserves every member (1389.927916ms)
✔ binary capture validates proposed metadata and deletes the complete recorded bundle (4027.219041ms)
✔ a killed resumer retains its genuine owner and excludes a competing recovery until confirmed death (6185.596084ms)
✔ ordinary reading rechecks batch admission for record after its initial check (1997.945791ms)
✔ ordinary reading rechecks batch admission for optional-absence after its initial check (1155.029958ms)
✔ one batch joins main global state with linked binding and actor timing authority (3387.987ms)
ℹ tests 18
ℹ suites 0
ℹ pass 18
ℹ fail 0
ℹ cancelled 0
ℹ skipped 0
ℹ todo 0
ℹ duration_ms 47501.6645
