✔ action capture exposes one stable schema identifier (0.659125ms)
✔ classifies governed issue mutation families (0.887375ms)
✔ classifies project, GraphQL, and REST mutations (0.241208ms)
✔ classifies GitHub reads without inventing a mutation kind (0.161167ms)
✔ enablement and issue storage are anchored in the main worktree (57.451166ms)
✔ writes an ordered intent before a separate outcome without changing exact safe bytes (36.708584ms)
✔ stores exact request files alongside argv and stdin metadata (30.931792ms)
✔ keeps hashes and sizes but omits credential-bearing request and response bytes (22.580083ms)
✔ isolates issues and repositories while allocating stable unique sequences (26.039292ms)
✔ prepares a shim environment only for an enabled active issue (85.754333ms)
✔ operator control enables, reports, summarizes, and disables the active issue corpus (90.392333ms)
✔ summarizes complete and incomplete actions, serialized bytes, payload bytes, and largest action (30.613458ms)
ℹ tests 12
ℹ suites 0
ℹ pass 12
ℹ fail 0
ℹ cancelled 0
ℹ skipped 0
ℹ todo 0
ℹ duration_ms 392.876
