✔ open-PR delivery explanation shares actual preflight and performs no effects (6.967ms)
✔ stale PR head is blocked by the same exact-head preflight as execution (1.296667ms)
✔ missing provider capability blocks without shell merge guidance (0.859542ms)
✔ an unreadable delivery authority observation is indeterminate (0.769542ms)
✔ simultaneous unreadable sources retain both typed causes (0.970958ms)
✔ merged PR without a delivery receipt cannot claim ready from PR state alone (0.950167ms)
✔ merged PR reconstruction does not infer a provider action (0.683917ms)
✔ merged PR with a live intent and exact read-only trunk proof is explainable (9.28475ms)
✔ merged PR without an intent is explainable when read-only external proof succeeds (1.624291ms)
✔ merged external proof retains source-attribution metadata warnings (1.496125ms)
✔ merged PR with a matching receipt remains explainable without new records (5.136875ms)
✔ default merged proof ports observe remote and local trunk without fetching refs (0.818375ms)
✔ default delivery dependency advertises only the configured provider-action capability (0.128459ms)
✔ a stale local trunk mirror cannot prove merged delivery readiness (3.498541ms)
✔ merged intent cannot explain ready after configured method diverges (3.454667ms)
✔ issue-resident no-commit delivery is explainable without a merge provider (1.614375ms)
✔ production reader selects the current head among historical branch PRs (0.878917ms)
✔ production reader reports an unavailable initial issue without throwing or effects (0.66725ms)
✔ delivery body drift between observed issue and preflight snapshot is indeterminate (0.56825ms)
✔ delivery snapshot cannot claim ready at a different observed worktree HEAD (0.4985ms)
✔ missing exact-head human PR approval is a typed request, not ready (0.539958ms)
✔ ineligible manual code reviewer blocks rather than becoming indeterminate (0.411459ms)
✔ missing complete delivery-record inventory cannot explain ready (0.500417ms)
✔ historical recovery is not silently offered as a ready default delivery (0.528417ms)
✔ malformed v2 evidence marker cannot fall through to v1 delivery readiness (0.658666ms)
✔ an existing intent whose authorized merge method diverges cannot explain ready (0.865ms)
✔ a prior-head intent may be superseded by fresh exact-head execution (1.113291ms)
✔ an existing no-commit delivery record with a different accepted head blocks readiness (1.075416ms)
✔ execution refuses a changed PR head after a prior ready explanation (1.716291ms)
✔ execution refuses revoked review authorization after a prior ready explanation (2.113042ms)
✔ execution refuses withdrawn exact-head human PR approval after explanation (4.368708ms)
✔ execution refuses changed CI after a prior ready explanation (1.247917ms)
✔ execution refuses changed ledger after a prior ready explanation (0.822375ms)
✔ execution refreshes PR head after preflight and before posting an intent (0.336333ms)
✔ execution refreshes lineage before posting an intent (0.349458ms)
ℹ tests 35
ℹ suites 0
ℹ pass 35
ℹ fail 0
ℹ cancelled 0
ℹ skipped 0
ℹ todo 0
ℹ duration_ms 64.960584
