✔ complete shared guards skip policy transport on a ready baseline (0.964542ms)
✔ qualifying refusal loads policy once and replaces the entire baseline result (0.401584ms)
✔ a non-applicable exception does not erase an ordinary guard refusal (0.179875ms)
✔ failed required policy collection is indeterminate and preserves known refusals (0.130333ms)
✔ malformed complete guard output never passes shared execution (0.099167ms)
✔ a completed promotion adapter without an outer effect ledger is indeterminate (4.633917ms)
✔ a complete read-only adapter can report ready from one observed body (0.4905ms)
✔ an adapter without an outer effect ledger cannot claim readiness (0.353834ms)
✔ an ineligible action cannot become ready through a supplied target (0.366416ms)
✔ lazy guard reads join the same attempt and memoize one physical read (0.538ms)
✔ waivable explanation observes one body and one policy transport, then replaces guards (0.619542ms)
✔ a scope-incompatible policy waiver cannot turn a known refusal ready (0.621834ms)
✔ failed required policy read retains the known refusal and adds an indeterminate cause (0.566709ms)
✔ a throwing shared read-only guard is indeterminate, not a ready result (0.388584ms)
✔ a thrown shared evaluator is a typed guard-error (0.38875ms)
✔ a malformed adapter result is separately classified as invalid (0.281041ms)
✔ incompatible issue body fails before any guard is evaluated (0.309417ms)
✔ missing required body source is an authority failure, not a skipped success (0.291667ms)
✔ known blocked refusal, warning and human request remain complete (0.411959ms)
✔ the complete result retains normalization intent and hashes its inputs (0.423708ms)
✔ an attempted effect stays visible outside guard conversion and forbids readiness (1.155125ms)
✔ exact remote tip needs a complete non-shallow local graph without fetch (0.378708ms)
✔ missing or shallow remote-tip history is attribution-unavailable (0.218417ms)
✔ exact tip is admitted only as a pinned delivery observation (0.326083ms)
✔ complete exact remote tip scopes the existing attribution predicate to its SHA (0.174375ms)
✔ incomplete exact remote history never invokes attribution (0.071459ms)
✔ configured local trunk ref retains explicit local provenance and scopes attribution (0.162833ms)
✔ bare local trunk fallback resolves only the qualified local branch (0.106959ms)
ℹ tests 28
ℹ suites 0
ℹ pass 28
ℹ fail 0
ℹ cancelled 0
ℹ skipped 0
ℹ todo 0
ℹ duration_ms 22.762875
