✔ ready execution persists the current projection with proof-introduction authority and verified readback (4.083667ms)
✔ the versioned mutation callback remains synchronous so proof guards inspect its body (0.643125ms)
✔ the real versioned body boundary rejects the same proof-introducing edit without evidenceStamp (4.072791ms)
✔ blocked fresh readiness preserves its envelope with pending normalization (0.388125ms)
✔ blocked fresh readiness preserves its envelope without pending normalization (0.102625ms)
✔ indeterminate fresh readiness preserves its envelope with pending normalization (0.14125ms)
✔ indeterminate fresh readiness preserves its envelope without pending normalization (0.102083ms)
✔ real registry completeness labels survive normalization (0.120333ms)
✔ indeterminate readiness on a fresh versioned base is retained before persistence (0.745416ms)
✔ malformed non-ready envelope is invalid with normalization (0.406917ms)
✔ malformed non-ready envelope is invalid without normalization (0.08475ms)
✔ successful normalization keeps persisted truth when readback becomes blocked (0.664458ms)
✔ a thrown fresh authority evaluation is drift, not a write transport failure (0.374917ms)
✔ post-write readback failure refuses while preserving the fact that a write occurred (0.262917ms)
✔ write transport failure is named and stops before post-write authority or later effects (0.1755ms)
✔ changed execution HEAD refuses even if projected decision intent would be identical (0.068709ms)
✔ a changed HEAD during a versioned retry refuses before another push (0.386333ms)
✔ an empty authority body is a failed readback, never an idempotent no-op (0.071833ms)
✔ a version conflict re-evaluates the fresh body and refuses a now-blocked retry (0.731625ms)
✔ a non-overlapping version conflict recomputes and preserves the concurrent edit (0.723416ms)
✔ readback rejects a proof marker attributed to the wrong execution HEAD (0.337542ms)
✔ test-to-review rescan preserves projected refusal before any derived write (1.373834ms)
✔ a concurrent HEAD change wins over an otherwise valid blocked retry (0.356916ms)
✔ remaining projection drift wins over a blocked post-write guard (0.317416ms)
✔ normalization retains warnings and human requests separately from normalization warnings (0.897792ms)
ℹ tests 25
ℹ suites 0
ℹ pass 25
ℹ fail 0
ℹ cancelled 0
ℹ skipped 0
ℹ todo 0
ℹ duration_ms 25.543417
