✔ direct Review and Test-state Promote share ready evidence without effects (6.814541ms)
✔ Review routing uses its complete collector even when generic guards are available (0.741875ms)
✔ Review guards receive project config and a read-only dependency reconciliation port (0.697834ms)
▶ Review explanation refuses stale HEAD, unreadable evidence, and board drift
  ✔ stale HEAD (1.622709ms)
  ✔ unreadable preflight (0.917792ms)
  ✔ board drift (0.783708ms)
✔ Review explanation refuses stale HEAD, unreadable evidence, and board drift (3.695625ms)
✔ Review preserves simultaneous typed preflight refusals without exposing prose (1.757208ms)
✔ Review retains independent preflight and completeness blockers together (0.712125ms)
✔ Review does not accept a contradictory successful preflight carrying refusals (0.658125ms)
✔ Review refuses a stale exact-HEAD Test receipt even when preflight and guards pass (0.94975ms)
✔ Review execution refuses a stale Test receipt after a ready collector decision (111.868667ms)
✔ Review refuses a preflight computed from a different issue-body revision (1.042ms)
✔ Review reports a projected Functional DoD normalization without persistence (2.996542ms)
✔ Review guards receive the current directory-backed Test evidence from preflight (0.949167ms)
✔ Review refuses contradictory directory Test evidence read at one boundary (0.794709ms)
✔ real Test-to-Review guards refuse missing exact-HEAD Test proof and incomplete ACs (103.799708ms)
✔ Review resident reruns only incomplete evidence and does not recommend close (1.185292ms)
✔ Review-state Promote delegates to Close rather than a Review rerun (2.17875ms)
✔ live Review read adapter refreshes issue, board, HEAD, and preflight at this boundary (1.375167ms)
✔ live Review-state adapter selects a rerun only after current semantic policy is read (2.020666ms)
✔ live Review-state policy read failure is typed indeterminate, never a rerun grant (1.226791ms)
✔ initial Review authority read failure is typed indeterminate (0.144458ms)
✔ resident ledger comment reader fetches the exact GitHub comment read-only (0.191541ms)
✔ active semantic waiver with failed Review marker selects self-rerun (1.389792ms)
✔ Review re-entry with a clean older ledger head still selects current resident work (1.887208ms)
ℹ tests 26
ℹ suites 0
ℹ pass 26
ℹ fail 0
ℹ cancelled 0
ℹ skipped 0
ℹ todo 0
ℹ duration_ms 252.896792

⛔ Refusing to move #1667 to Review:
   BLOCKED: Test receipt SHA no longer matches HEAD

Resolve the blockers above, then retry `/task review #1667`.

