✔ rebind remains a cursor trigger, not a session action (3.337334ms)
✔ read-only bind reports skipped required authority as indeterminate (5.818542ms)
✔ the execution TT_SKIP_NETWORK setting skips required explanation reads (2.727458ms)
✔ disabled assignee match remains ready only with complete matching board and marker (4.735ms)
✔ disabled assignee match does not conceal a missing board read (1.411167ms)
✔ a body without a last-known-state marker is indeterminate (0.968792ms)
✔ a board and body-marker disagreement blocks bind readiness (0.829541ms)
✔ a mismatched worktree blocks bind readiness (0.910417ms)
✔ an unreadable worktree match is indeterminate, not ready (0.709209ms)
✔ a conflicting occupancy blocks bind before any claim (1.33325ms)
✔ an implicit resume cannot target a different active issue (1.140666ms)
✔ no-argument resume is not ready without a paused session (0.735041ms)
✔ no-argument resume is ready for its paused last issue (0.659166ms)
✔ migration freeze blocks a complete session decision without a side effect (0.967125ms)
✔ enabled ownership check blocks a foreign owner (0.631459ms)
✔ enabled ownership check blocks multiple owners and treats unknown identity as indeterminate (1.461417ms)
✔ a conflicting local configuration observation cannot yield a ready decision (1.674542ms)
✔ missing repository configuration is indeterminate even with a complete board fixture (0.57975ms)
✔ observed state drift and migration freeze agree with the execution preflight (2.636417ms)
✔ production session reads and execution refresh the same changed board authority (5.093292ms)
✔ cold numeric bind, switch, and explicit resume select the same fresh target (4.489417ms)
✔ foreign ownership blocks both production explanation and execution preflight (0.890375ms)
✔ another issue occupying the target worktree blocks readiness and the real claim (116.136583ms)
✔ a body changing between scope selection and observation is indeterminate (0.726666ms)
✔ a readable stub body without scope sections is an issue-body authority failure (0.52475ms)
✔ real injected resume execution refreshes freeze and preserves its exit 14 refusal (338.0845ms)
✔ early promotion readiness retains an unmapped complete-guard refusal (19.789417ms)
✔ typed plan approval remediation survives complete guard projection (18.823ms)
✔ unknown and conflicting early state authority never yields a target grant (0.446375ms)
✔ early promotion readiness follows all four canonical forward edges (73.707459ms)
✔ a migration freeze discovered after explanation blocks early promotion readiness (0.6365ms)
✔ terminal Done has no executable early promotion target (0.201958ms)
✔ later promotion delegate stays pending with a valid navigation blocker (0.110375ms)
✔ skipped remote authority cannot yield ready early promotion (0.103916ms)
✔ TT_SKIP_NETWORK also skips early promotion authority without a caller flag (0.099625ms)
✔ read-only dependency readiness does not reconcile disposition (18.686958ms)
✔ a ready early explanation is not a grant after dependency readiness changes (29.835417ms)
✔ a migration freeze activated before locked execution refuses without reading or moving (0.103792ms)
✔ early readiness shares execution session policy and story-intent resolver (0.42125ms)
✔ a real plan-approval guard refuses the same missing marker in explanation and execution (1.195292ms)
✔ complete production early registry retains field, parent, dependency, contiguity, and plan refusals (2124.281625ms)
✔ production evaluator routes a complete bind collector and finishes one v2 attempt (2.471292ms)
✔ production evaluator routes complete early promotion without an effect (33.130167ms)
✔ production evaluator routes explicit resume through complete session authority (1.759667ms)
✔ v2 navigation rejects rebind and unresolved state while keeping Done terminal (6.83525ms)
✔ terminal Done refuses an effect, stale authority, and rebind without a false grant (8.396125ms)
✔ a ready v2 explanation never authorizes stale promotion execution (49.533625ms)
✔ v2 early promotion preserves typed plan-approval remediation and human request (18.916916ms)
✔ matching recorded and live state selects one canonical early edge (43.813125ms)
✔ missing effect ledger does not erase unknown navigation authority (3.276583ms)
✔ session navigation refuses a stale proposed state despite internally matching board and marker (1.873625ms)
✔ network-skipped early promotion emits valid v2 uncertainty without remote reads (0.477833ms)
ℹ tests 52
ℹ suites 0
ℹ pass 52
ℹ fail 0
ℹ cancelled 0
ℹ skipped 0
ℹ todo 0
ℹ duration_ms 2971.327209
