▶ direct Test and Develop Promote explain the same ready entry without effects
  ✔ direct Test from Develop (21.7845ms)
  ✔ direct Test self-rerun from Test (3.683625ms)
  ✔ Promote from Develop (1.650667ms)
✔ direct Test and Develop Promote explain the same ready entry without effects (29.246792ms)
✔ accepted directory-backed Test evidence does not require legacy VCs or sandbox (6.628084ms)
✔ Review-state Test request is not advertised as runnable (1.287333ms)
✔ Test entry needs an explicit project directory for command and provider authority (0.978ms)
✔ Test entry resolves the bound project directory when the caller omits it (0.666209ms)
✔ Test explanation reports missing Verification Commands without effects (0.94575ms)
✔ Test entry preserves simultaneous declaration and Develop-exit refusals (1.182541ms)
✔ Test entry aggregates independent binding and declaration blockers (1.423583ms)
▶ Test explanation reports mismatched HEAD, binding, and malformed receipt authority
  ✔ worktree HEAD (0.7025ms)
  ✔ session binding (0.488709ms)
  ✔ claimed receipt (4.692125ms)
✔ Test explanation reports mismatched HEAD, binding, and malformed receipt authority (6.182792ms)
✔ Test explanation names an unavailable required authority read and makes no effects (4.592291ms)
✔ network-skipped Test entry is indeterminate without an empty observation attempt (1.977417ms)
✔ malformed observed HEAD is indeterminate, not blocked or ready (0.612791ms)
✔ a required workflow-policy read failure remains indeterminate for Test entry (2.605125ms)
✔ a configured provider rejected by execution is blocked in Test explanation (4.235958ms)
✔ real Develop-exit guards explain the affected AC and repair on Test and Promote (2104.687125ms)
✔ Test entry retains registered guard warnings while remaining blocked (0.654333ms)
✔ a missing Develop-final receipt is runnable resident work, not completed proof (0.467041ms)
✔ a ready Test explanation does not predetermine a later red locked execution (3.193291ms)
✔ production Test read adapter rechecks live body and board at a fresh boundary (0.740708ms)
✔ production adapter rejects directory evidence whose accepted record epoch is stale (0.681584ms)
✔ the locked Test wrapper supplies the production preflight by default (0.071916ms)
✔ locked Test execution refuses a freshly blocked entry before any sandbox effect (0.102416ms)
ℹ tests 28
ℹ suites 0
ℹ pass 28
ℹ fail 0
ℹ cancelled 0
ℹ skipped 0
ℹ todo 0
ℹ duration_ms 2177.678417
