Started #1857.
Paused #1857: +Unknown active min (wall 0), +0 words. Use "/task resume" to resume.
Resumed #1857.
✔ question hooks close only their own actor interval and resume without charging the wait (702.920375ms)
✔ question reply ambiguity retains the original row and replays before resuming (606.333167ms)
✔ question marker cannot substitute another event for the frozen resume (482ms)
✔ question hook respects its own manual pause without creating a resume marker (172.533666ms)
✔ flush preserves genuine own wall interval and unknown estimate despite another actor tail (220.404333ms)
✔ first attributed interruption retains observed cursor delta without a fabricated opener (288.146792ms)
✔ update preserves cumulative actor cursor and unknown total after an unavailable estimate (315.104209ms)
✔ real start pause and resume retain one actor identity and explicit current boundaries (379.948084ms)
✔ phase boundary flushes own actor interval and shared lifecycle rows do not duplicate actor work (203.885416ms)
✔ Test interlock records actual verification engagement from a paused own binding (267.219667ms)
✔ status distinguishes missing activity observation from zero work (616.264291ms)
✔ failed Test execution retains both its failure and actual actor work (327.217459ms)
✔ session tracking initializes a versioned own cursor and refuses corrupt existing authority (226.264917ms)
✔ failed publication retains original row and cursor, then exact replay precedes new work (651.909458ms)
✔ publication cannot overwrite a concurrently changed own timing boundary (219.6965ms)
✔ Review human handoff flushes actual actor work before pausing its own binding (204.768875ms)
✔ compaction hooks use the same actor journal and never resume a paused binding (400.646625ms)
✔ session restart records unknown prior work without synthesizing historical active or idle time (346.227583ms)
✔ actual hook entrypoint refuses a foreign payload actor before mutating timing state (444.643041ms)
✔ actual idle SessionStart preserves cumulative actor word evidence (663.12075ms)
ℹ tests 20
ℹ suites 0
ℹ pass 20
ℹ fail 0
ℹ cancelled 0
ℹ skipped 0
ℹ todo 0
ℹ duration_ms 7744.811833
