▶ chore-mode state, scope, and commit contract
  ✔ readChoreMode returns defaults when state file is missing (2.279125ms)
  ✔ readChoreMode returns defaults when state JSON is malformed (1.051834ms)
  ✔ readChoreMode returns defaults when choreMode key is absent (0.865583ms)
  ✔ writeChoreMode → readChoreMode round-trip (1.267916ms)
  ✔ writeChoreMode preserves other top-level keys (1.698833ms)
  ✔ readChoreMode coerces non-string/non-boolean fields to defaults (0.979042ms)
  ✔ chore-mode activation records a durable audit marker (1.278541ms)
  ✔ audit log is append-only and survives chore-mode off (2.09575ms)
  ✔ chore-mode bypass does not cover installed guard paths (1.371583ms)
  ✔ checkChoreCommitSubject allows `chore: ` prefix (0.839292ms)
  ✔ checkChoreCommitSubject refuses feat/fix/docs/etc subjects (0.845667ms)
  ✔ checkChoreCommitSubject requires a space after the colon (0.750625ms)
  ✔ checkChoreCommitSubject is case-sensitive (0.801167ms)
  ✔ checkChoreCommitSubject tolerates non-string input (0.472625ms)
  ✔ checkChoreCommitSubject allows scoped chore subjects (0.456208ms)
✔ chore-mode state, scope, and commit contract (267.530083ms)
ℹ tests 15
ℹ suites 1
ℹ pass 15
ℹ fail 0
ℹ cancelled 0
ℹ skipped 0
ℹ todo 0
ℹ duration_ms 272.138709
