✔ dispatchOnEnterActions: SKIP_NETWORK short-circuits (0.612708ms)
✔ dispatchOnEnterActions: runs onEnter actions and swallows a throwing one (0.751375ms)
✔ dispatchOnEnterActions: outer catch absorbs an import/lookup failure (0.130083ms)
✔ refreshKanbanStateCache: non-stage stateArg short-circuits (0.112583ms)
✔ refreshKanbanStateCache: refreshes cache for the matching active task (34.195125ms)
✔ refreshKanbanStateCache: no session id → skip, and mismatched active → skip (16.205042ms)
✔ refreshKanbanStateCache: catch absorbs a throwing collaborator (0.158666ms)
✔ unparkDoneDependents: non-done move short-circuits (0.14425ms)
✔ unparkDoneDependents: summarizes cleared + errored releases (0.152ms)
✔ unparkDoneDependents: enforcement catch absorbs a throw (0.165125ms)
✔ syncTrackerState: syncs the tracker ledger for the new state (125.40375ms)
✔ syncEventFields: SKIP_NETWORK short-circuits (0.1665ms)
✔ syncEventFields: dispatches the update-event-fields subprocess via ctx.pexec (16.589792ms)
✔ syncEventFields: a throwing pexec surfaces a warning, no rethrow (16.1815ms)
✔ endTaskTracking: non-done move short-circuits (0.144375ms)
✔ endTaskTracking: fires the local task-tracker end on the move to done (16.362583ms)
ℹ tests 16
ℹ suites 0
ℹ pass 16
ℹ fail 0
ℹ cancelled 0
ℹ skipped 0
ℹ todo 0
ℹ duration_ms 231.849375
[move-state] #10: onEnter action "boom" failed: action failed
[move-state] #10: onEnter dispatch failed: states module boom
[move-state] #10: kanbanState cache refresh failed: session lookup boom
[unpark] #10: partial reconciliation for 12: boom
[unpark] #10: partial reconciliation for ?: x
[unpark] #10: enforcement failed: unpark down
warning: Start Time field sync failed: sync failed line
more
  To repair: node scripts/gh/update-event-fields.mjs 10 develop --item-id undefined
