✔ defect shape applies bug taxonomy exactly once and leaves legacy shapes unchanged (1.46425ms)
✔ defect shape forwards the governed solo inputs plus defect-specific renderer inputs (0.45375ms)
✔ defect dry-run renders a real User Story, diagnostic sections, and governed lifecycle tail (459.920584ms)
✔ creator and preflight public help advertise the defect shape (1505.861042ms)
✔ generated bug form and label workflow use the canonical prefix authority (0.750541ms)
✔ label workflow normalizes internal bug forms through the defect intake adapter (0.63325ms)
✔ web form parser returns normalized named sections (0.407958ms)
✔ web defect normalization maps form fields through the same renderer and stamps Backlog (1.896791ms)
✔ web defect normalization refuses default ACs without honest verifier evidence (642.540291ms)
✔ web normalization is a fixed point and excludes non-bug and beta-report issues (0.200292ms)
✔ shared creation rule maps conversational defect intent to the defect shape (0.70175ms)
✔ full-auto local defects are created before the parent blocker protocol (1.0985ms)
✔ all sanctioned-shape instruction and guard surfaces include defect (3.62725ms)
✔ workflow guide documents defect as a sanctioned local shape (0.516958ms)
ℹ tests 14
ℹ suites 0
ℹ pass 14
ℹ fail 0
ℹ cancelled 0
ℹ skipped 0
ℹ todo 0
ℹ duration_ms 2632.363833
preflight-issue: --user-story-file story-shape-invalid: Use exactly three lines without bullets: As a/an, I want to, So that
