✔ spawn timeout reports command arguments and both captured streams (2010.656459ms)
✔ spawn buffer overflow reports command arguments and both captured streams (188.289167ms)
✔ blocked script detection rejects npm 12 multiline postinstall (0.66975ms)
✔ blocked script detection rejects multiline without npm log prefixes (0.26475ms)
✔ blocked script detection rejects same-line warning (0.195833ms)
✔ blocked script detection permits unrelated package (0.346541ms)
✔ blocked script detection permits similar package name (0.373958ms)
✔ blocked script detection permits AITM mentioned by another script (0.80925ms)
✔ blocked script detection permits blocked text inside another script (3.030083ms)
✔ blocked script detection permits AITM outside warning block (1.425125ms)
✔ blocked script detection permits no blocked scripts (1.747208ms)
✔ restrictive downstream tarball install runs CLI and generated provider hooks without an alias (15483.314958ms)
ℹ tests 12
ℹ suites 0
ℹ pass 12
ℹ fail 0
ℹ cancelled 0
ℹ skipped 0
ℹ todo 0
ℹ duration_ms 17702.80225
