✔ cold retry converges timing after before-effect (2.133834ms)
✔ cold retry converges timing after after-effect-before-response (0.62575ms)
✔ cold retry converges timing after after-response-before-checkpoint (0.3675ms)
✔ cold retry converges estimation after before-effect (0.331084ms)
✔ cold retry converges estimation after after-effect-before-response (0.372209ms)
✔ cold retry converges estimation after after-response-before-checkpoint (1.354209ms)
✔ cold retry converges lifecycle after before-effect (0.363125ms)
✔ cold retry converges lifecycle after after-effect-before-response (0.255125ms)
✔ cold retry converges lifecycle after after-response-before-checkpoint (0.299125ms)
✔ cold retry converges board after before-effect (0.30075ms)
✔ cold retry converges board after after-effect-before-response (0.325458ms)
✔ cold retry converges board after after-response-before-checkpoint (0.229167ms)
✔ cold retry converges disposition after before-effect (0.225334ms)
✔ cold retry converges disposition after after-effect-before-response (0.218541ms)
✔ cold retry converges disposition after after-response-before-checkpoint (0.220875ms)
✔ cold retry converges issue after before-effect (0.207667ms)
✔ cold retry converges issue after after-effect-before-response (0.217292ms)
✔ cold retry converges issue after after-response-before-checkpoint (0.24225ms)
✔ cold retry converges labels after before-effect (0.231125ms)
✔ cold retry converges labels after after-effect-before-response (0.241458ms)
✔ cold retry converges labels after after-response-before-checkpoint (0.315792ms)
✔ cold retry converges cleanup after before-effect (0.819792ms)
✔ cold retry converges cleanup after after-effect-before-response (0.542666ms)
✔ cold retry converges cleanup after after-response-before-checkpoint (0.337583ms)
✔ pre-close contention refuses effects while a post-completion race is cleanup pending (0.60425ms)
✔ public close dispatcher selects marked synthetic v2 and ignores unmarked v1 (596.561417ms)
ℹ tests 26
ℹ suites 0
ℹ pass 26
ℹ fail 0
ℹ cancelled 0
ℹ skipped 0
ℹ todo 0
ℹ duration_ms 615.373125
