✔ fresh processes reject an old identity after a tracked override enters the index (505.540834ms)
✔ cold compile and fresh-process agent load do not require human artifact (315.804333ms)
✔ fresh manifest and human loads skip parser and validator calls (896.701667ms)
✔ invalid ordinary load is manifest-only while explicit diagnostics load remains warm (5903.6765ms)
✔ a corrupted invalid manifest cannot authorize an operational route (597.224917ms)
✔ a valid manifest missing required fingerprints is rebuilt (303.805042ms)
✔ missing, corrupt, schema-mismatched, and digest-mismatched artifacts rebuild (1413.030375ms)
✔ a missing or truncated human artifact rebuilds only on explicit human demand (522.82875ms)
✔ an artifact changed just after manifest publication cannot be accepted as a mixed generation (402.532834ms)
✔ a source changed on both cold read attempts refuses indeterminate without publishing (1748.344375ms)
✔ operational admission uses a warm manifest without validator calls (453.0735ms)
✔ explicit validation loads warm diagnostics without invoking the validator (676.05675ms)
✔ explicit refresh bypasses a warm manifest and parses exactly once (724.830292ms)
✔ source replacement with preserved mtime changes the cache identity (89.851917ms)
✔ chmod changes source ctime even when catalog bytes are unchanged (86.859167ms)
✔ source observation detects project override adoption without reading YAML (142.505375ms)
✔ override adoption and deletion invalidate an earlier package result (834.158041ms)
✔ an explicitly selected Git index cannot reuse the default index identity (153.803541ms)
✔ a linked .git file resolves its own effective worktree index (238.003458ms)
✔ a split-index shared file change invalidates the worktree index identity (161.873167ms)
✔ candidate validation identity never equals active-project validation identity (144.946375ms)
✔ runtime and published-digest changes invalidate an otherwise identical source (149.865875ms)
✔ a candidate path cannot reuse active package validation (139.305667ms)
✔ CI cache budgets reject a timing that consumes the reserved headroom (1.16125ms)
✔ nested package preferences help is a recovery route before cache admission (0.053417ms)
✔ concurrent cold writers leave one digest-consistent warm generation (520.556292ms)
✔ one process memoizes a verified agent index without sharing mutable results (202.685875ms)
ℹ tests 27
ℹ suites 0
ℹ pass 27
ℹ fail 0
ℹ cancelled 0
ℹ skipped 0
ℹ todo 0
ℹ duration_ms 17333.670916
