✔ module-relative package source ignores project node_modules and ignored root catalog (186.756042ms)
✔ human explanation exposes closed guidance fields and fingerprints (157.798166ms)
✔ tracked project catalog wholly shadows package, including modified and invalid content (369.151417ms)
✔ untracked project source and tampered package fail without fallback (243.395167ms)
✔ recovery classification is closed and admission does not call effects (147.186625ms)
✔ missing package identity is a named indeterminate failure (60.681ms)
✔ offline recovery source and validate inspect selected, candidate, and published profiles (795.749291ms)
✔ missing release manifest and non-regular override are named failures (70.172083ms)
✔ symlinked package and unsupported virtual or missing source resolve by name (62.704791ms)
✔ a project file outside the asserted Git root is indeterminate, never published (69.651709ms)
✔ actual recovery CLI finds a tracked override from a nested Git directory (236.853792ms)
✔ failed Git-root discovery from a nested directory is indeterminate, not package fallback (200.900083ms)
✔ candidate validation reports untracked activation without rejecting valid content (216.947ms)
ℹ tests 13
ℹ suites 0
ℹ pass 13
ℹ fail 0
ℹ cancelled 0
ℹ skipped 0
ℹ todo 0
ℹ duration_ms 2828.810708
