✔ hookStampKey hashes the complete normalized identity without exposing the sid (1.280667ms)
✔ claimHookStamp deduplicates exact identities and anchors sibling worktrees together (225.230458ms)
✔ claimHookStamp propagates non-EEXIST write errors (60.066375ms)
✔ isPausedTask: returns true when entry status is "paused" (0.144291ms)
✔ isPausedTask: returns false when entry status is "active" (0.083583ms)
✔ isPausedTask: returns false when entry status is "done" (0.05475ms)
✔ isPausedTask: returns false when entry is absent (post-close) (0.069667ms)
✔ isPausedTask: returns false when lastActive is null (0.050542ms)
✔ isPausedTask: returns false when lastActive is undefined (0.063208ms)
✔ isPausedTask: returns false when fleet is null (0.110584ms)
✔ isPausedTask: returns false when entry has no status field (0.061583ms)
✔ isTerminalIssueState: true for CLOSED (case-insensitive, padded) (0.060334ms)
✔ isTerminalIssueState: false for OPEN and unknown/nullish (fail-open) (0.050917ms)
✔ fetchIssueState: returns trimmed state from injected runner (0.168333ms)
✔ fetchIssueState: returns null on runner error (offline fail-open) (0.2115ms)
✔ fetchIssueState: returns null for non-numeric / missing active ref (0.067166ms)
✔ fetchIssueState: returns null when runner yields empty stdout (0.056125ms)
✔ claimRecoveryOnce: first call wins, second call for same path loses (50.563042ms)
✔ claimRecoveryOnce: a fresh path in the same dir wins independently (47.432209ms)
✔ buildOrphanRecoveryRowSpecs: below threshold posts a single active session-end-recovery row (0.156958ms)
✔ buildOrphanRecoveryRowSpecs: at the threshold still posts the active row (boundary is exclusive) (0.045542ms)
✔ buildOrphanRecoveryRowSpecs: above threshold posts an honest pause/resumed pair, no fabricated active time (0.049917ms)
✔ terminal state lookup accepts the actual hash-prefixed binding reference (0.077375ms)
ℹ tests 23
ℹ suites 0
ℹ pass 23
ℹ fail 0
ℹ cancelled 0
ℹ skipped 0
ℹ todo 0
ℹ duration_ms 391.256167
