✔ body verifier accepts draft prose while retaining the heading: blank (4.809583ms)
✔ body verifier accepts draft prose while retaining the heading: template (0.319417ms)
✔ body verifier compares the expected story payload, including empty drafts (0.782208ms)
✔ verifyIssueBody: canonical body passes (0.473041ms)
✔ verifyIssueBody: requires a complete current-schema User Story (0.270041ms)
✔ verifyIssueBody: requires User Story to be the first H2 section (0.152875ms)
✔ verifyIssueBody: rejects legacy and missing AC verifier declarations (0.26825ms)
✔ verifyIssueBody: missing Scope (0.1075ms)
✔ verifyIssueBody: ## Problem accepted in place of ## Scope (0.113666ms)
✔ verifyIssueBody: missing Story Origin (0.153708ms)
✔ verifyIssueBody: empty or prose-only Story Origin is malformed (0.211083ms)
✔ verifyIssueBody: metadata sections reject nested headings (0.1705ms)
✔ verifyIssueBody: flatness check accepts heading whitespace and CRLF grammar (0.084292ms)
✔ verifyIssueBody: missing Plan Metadata (0.213334ms)
✔ verifyIssueBody: Story Origin must precede Plan Metadata (0.206041ms)
✔ verifyIssueBody: Scope must precede Story Origin (0.1ms)
✔ verifyIssueBody: DoD present but missing ### Functional subheader (0.108416ms)
✔ verifyIssueBody: DoD present but missing ### Lifecycle subheader (0.081417ms)
✔ verifyIssueBody: missing Acceptance Criteria (0.05325ms)
✔ verifyIssueBody: missing Definition of Done (0.459292ms)
✔ verifyIssueBody: missing Pickup Directive heading (0.11975ms)
✔ verifyIssueBody: malformed Pickup Directive (heading present, Follow line missing) (0.118083ms)
✔ verifyIssueBody: empty body lists every required section (0.06475ms)
✔ verifyIssueBody: tolerates lifecycle marker blocks between sections (0.078166ms)
✔ round-trip: preflight --shape sub-issue output passes verifyIssueBody (262.436334ms)
✔ epic creator handles omitted story before external writes (497.040042ms)
✔ epic creator handles blank story before external writes (469.541ms)
✔ epic creator handles template story before external writes (461.823ms)
✔ epic creator handles valid story before external writes (556.920542ms)
✔ epic creator handles malformed story before external writes (1316.6365ms)
✔ epic creator handles administrative story before external writes (439.669375ms)
✔ solo creator handles omitted story before external writes (486.828959ms)
✔ solo creator handles blank story before external writes (517.468709ms)
✔ solo creator handles template story before external writes (459.269959ms)
✔ solo creator handles valid story before external writes (569.924334ms)
✔ solo creator handles malformed story before external writes (515.720667ms)
✔ solo creator handles administrative story before external writes (504.133459ms)
✔ sub-issue creator handles omitted story before external writes (610.206042ms)
✔ sub-issue creator handles blank story before external writes (587.805042ms)
✔ sub-issue creator handles template story before external writes (519.339083ms)
✔ sub-issue creator handles valid story before external writes (470.469458ms)
✔ sub-issue creator handles malformed story before external writes (493.451333ms)
✔ sub-issue creator handles administrative story before external writes (524.222417ms)
✔ defect creator handles omitted story before external writes (598.03975ms)
✔ defect creator handles blank story before external writes (586.663875ms)
✔ defect creator handles template story before external writes (601.77125ms)
✔ defect creator handles valid story before external writes (551.428ms)
✔ defect creator handles malformed story before external writes (477.847584ms)
✔ defect creator handles administrative story before external writes (501.890334ms)
✔ create-issue --body-file: refuses non-canonical body with exit 4 (294.076208ms)
✔ create-issue --body-file --internal + env: bypasses verifier (645.478375ms)
✔ create-issue --body-file --internal without env: still refused (309.857417ms)
✔ create-issue --body-file: canonical body passes verifier and creates issue (656.365208ms)
ℹ tests 53
ℹ suites 0
ℹ pass 53
ℹ fail 0
ℹ cancelled 0
ℹ skipped 0
ℹ todo 0
ℹ duration_ms 15502.911584
