Paused #1857: +0 active min, +0 words. Use "/task resume" to resume.
nothing to pause
Paused #1857: +0 active min, +0 words. Use "/task resume" to resume.
nothing to pause
✔ review reproduction: legacy session cursor survives first actor flush (266.905417ms)
✔ explicit pause after Test handoff is idempotent (197.88ms)
✔ explicit pause after Review handoff is idempotent (214.318792ms)
✔ production Test sandbox admits real Git identity outside artifact roots (117.504792ms)
✔ upgrade cursor is scoped to the state-owning project, not ambient root (127.49575ms)
✔ upgrade refuses invalid own cursor and never imports global timing history (109.445167ms)
Stopped #1857: +0 active min, +0 words. Use "/task resume <N>" to return to it later.
✔ paused binding does not publish unmatched stop (415.078292ms)
✔ paused binding does not publish unmatched switch-out:#1861 (179.999334ms)
✔ paused binding does not publish unmatched switch-out (198.623292ms)
ℹ tests 9
ℹ suites 0
ℹ pass 9
ℹ fail 0
ℹ cancelled 0
ℹ skipped 0
ℹ todo 0
ℹ duration_ms 1830.240959
