✔ normal R4P source exit guards refuse an open blocker (1.988083ms)
✔ exit-disabled guard selection omits R4P exit guards but retains Backlog entry guards (1.472292ms)
✔ entry-disabled guard selection retains source exit guards but omits target entry guards (0.895667ms)
▶ Shelve backward guard policy requires the exact authenticated transition signals
  ✔ exact Shelve R4P demotion to Backlog omits only source exit guards (0.205791ms)
  ✔ caller-controlled Shelve context without in-process authority retains the full pipeline (0.375167ms)
  ✔ missing Shelve context retains the full pipeline (0.114667ms)
  ✔ different verb context retains the full pipeline (0.048375ms)
  ✔ missing demote flag retains the full pipeline (0.040708ms)
  ✔ different source retains the full pipeline (0.066125ms)
  ✔ different target retains the full pipeline (0.0735ms)
✔ Shelve backward guard policy requires the exact authenticated transition signals (1.684167ms)
✔ normal forward R4P to Plan still refuses open blockers and parent sequencing (1.29475ms)
✔ caller-controlled Shelve environment cannot omit R4P exits without in-process authority (1.114667ms)
✔ default Shelve mover supplies the opaque in-process guard authority (0.283125ms)
ℹ tests 14
ℹ suites 0
ℹ pass 14
ℹ fail 0
ℹ cancelled 0
ℹ skipped 0
ℹ todo 0
ℹ duration_ms 16.436
