✔ Shelve preserves immutable lifecycle timing while invalidating current R4P eligibility (13.270958ms)
✔ Shelve runs the ordered journal, preserves classifications, and verifies exact final state (2.429875ms)
✔ Shelve explicitly removes the sole owner only when requested (2.054417ms)
✔ a verified Shelve cycle does not block a later legitimate re-refinement cycle (3.916125ms)
✔ Shelve rebuilds history from the fresh complete source snapshot before append (1.646375ms)
✔ source drift after the fresh snapshot is journaled but blocks every destructive phase (0.724625ms)
✔ body CAS refuses a changed mutation base instead of appending stale history (0.743542ms)
✔ Shelve enforces the shared ownership decision from its fetched snapshot (0.268625ms)
✔ a resumable journal cannot bypass a new foreign-owner decision (1.777583ms)
✔ the transaction authority refuses production calls outside the issue lock (0.457208ms)
✔ Shelve refuses backlog before the first write (0.152541ms)
✔ Shelve refuses plan before the first write (0.111625ms)
✔ Shelve refuses develop before the first write (0.081292ms)
✔ Shelve refuses test before the first write (0.067625ms)
✔ Shelve refuses review before the first write (0.061ms)
✔ Shelve refuses done before the first write (0.060458ms)
✔ Shelve refuses a closed issue before the first write (0.083083ms)
✔ a partial failure remains journaled and an identical retry resumes without duplicate history (4.224042ms)
✔ a landed active-evidence write with a lost response resumes from its exact durable transform (4.373625ms)
✔ unrelated drift after a landed active-evidence write still blocks later phases (1.325833ms)
✔ a lost response after landed board field clear remains idempotently resumable (1.408959ms)
✔ a lost response after landed body field clear remains idempotently resumable (1.113625ms)
✔ a lost response after landed Status move remains idempotently resumable (1.02725ms)
✔ a lost response after landed owner removal remains idempotently resumable (1.094791ms)
✔ an ambiguous response after snapshot-recorded resumes from durable read-back (1.018375ms)
✔ an ambiguous response after active-evidence-cleared resumes from durable read-back (1.247084ms)
✔ an ambiguous response after fields-cleared resumes from durable read-back (1.135708ms)
✔ an ambiguous response after status-backlog resumes from durable read-back (1.073834ms)
✔ an ambiguous response after owner-updated resumes from durable read-back (1.513042ms)
✔ an ambiguous response after verified resumes from durable read-back (1.190042ms)
✔ a retry with different reason or remove-owner intent refuses without further writes (1.165708ms)
✔ Shelve refreshes the exact legacy blocker-only snapshot and retains every blocker carrier (2.8285ms)
✔ legacy blocker refresh retries a #1335-style failed move without duplicating history or losing carriers (2.045209ms)
✔ legacy blocker refresh refuses a Refine source before history or mutation (0.189458ms)
✔ legacy blocker refresh refuses a Refine source before resuming its journal (1.505667ms)
✔ legacy blocker refresh resumes a landed Backlog status phase after its journal response is lost (1.510375ms)
✔ legacy blocker refresh refuses every divergent carrier before it records history (0.536542ms)
✔ legacy blocker refresh refuses a lowercase noncanonical BLOCKED label before history (0.157834ms)
✔ Shelve refuses a retry that changes the legacy blocker refresh intent (1.4435ms)
✔ unreadable or missing configured-project state fails closed before mutation (0.224083ms)
ℹ tests 40
ℹ suites 0
ℹ pass 40
ℹ fail 0
ℹ cancelled 0
ℹ skipped 0
ℹ todo 0
ℹ duration_ms 67.610459
