✔ case (a): Edit refused in Backlog state (1.075875ms)
✔ case (a) variants: refine + plan also refused (0.136458ms)
✔ case (b): Edit refused in Develop without both deep-dive markers (0.205542ms)
✔ case (c): Edit permitted in Develop with both markers stamped (0.080542ms)
✔ case (c) variants #805: test/review/done REFUSE WRITE_CODE despite markers (0.957208ms)
✔ case (d): Edit on `.tmp/**` permitted regardless of state (0.102166ms)
✔ case (e): chore-mode active → arbitrary path Edit permitted (0.065542ms)
✔ NotebookEdit is gated (same as Edit/Write) (0.084625ms)
✔ non-gated tools always allowed (0.074625ms)
✔ no bound issue + not chore-mode + non-allowlisted path → block (0.111417ms)
✔ normalizePath converts absolute paths to project-relative POSIX (0.084542ms)
✔ isAllowlistedPath matches every documented prefix (0.196625ms)
✔ ALLOWLIST_PREFIXES is the documented set (0.388375ms)
✔ runHook returns allow when project-dir cannot be found (0.381958ms)
✔ runHook blocks in backlog state via injected signal resolver (35.576042ms)
✔ runHook bypasses entire signal fetch when chore-mode is active (33.9195ms)
✔ runHook tolerates signal fetch failure (falls through to decide) (30.171958ms)
✔ runHook allowlists scratch without needing a bound issue or signals (0.177458ms)
✔ native apply_patch envelope classifies every target with ordinary source-edit rules (40.272708ms)
✔ malformed native apply_patch envelope fails closed before ordinary allowances (0.388042ms)
✔ #658: fetchIssueSignals detects the ts="..." property grammar (167.569708ms)
✔ #658: fetchIssueSignals still detects the legacy colon grammar (67.387ms)
✔ #658: fetchIssueSignals reads false when neither grammar is present (68.178167ms)
✔ Plan artifact authoring is independent of ownership; scripts and source remain gated (0.271375ms)
✔ installed guard targets refuse before chore and scratch exits (0.08125ms)
✔ target ancestry refuses an alias through an installed guard tree (69.109042ms)
✔ Plan source-edit hook accepts owned Markdown from observed worktree (82.758917ms)
✔ bound backlog draft permits documents across ownership while source stays gated (0.210041ms)
✔ bound refine draft permits documents across ownership while source stays gated (0.05375ms)
✔ bound ready-for-plan draft permits documents across ownership while source stays gated (0.043792ms)
ℹ tests 30
ℹ suites 0
ℹ pass 30
ℹ fail 0
ℹ cancelled 0
ℹ skipped 0
ℹ todo 0
ℹ duration_ms 605.153292
