▶ hybrid affected-test selection
  ✔ selects direct and transitive static-import consumers with explanations (501.569334ms)
  ✔ always includes changed and newly discovered tests (328.847416ms)
  ✔ maps changed fixture helpers through the import graph (302.586834ms)
  ✔ keeps the basename mapper as a compatibility signal (361.146667ms)
  ✔ expands manifest globs and retains duplicate selection reasons (401.683208ms)
  ✔ lane escalation selects complete declared lanes conservatively (310.253917ms)
  ✔ checked-in manifest escalates every shared verification authority (2296.213916ms)
  ✔ records a no-impact explanation for every otherwise-unmatched path (258.817916ms)
  ✔ a deleted test escalates its former lane instead of disappearing (238.127917ms)
  ✔ an otherwise-unmapped deleted source escalates every lane conservatively (229.288625ms)
✔ hybrid affected-test selection (5229.643334ms)
▶ manifest fail-closed validation
  ✔ rejects schema (0.401542ms)
  ✔ rejects escaping source (0.12625ms)
  ✔ rejects unknown lane (0.081042ms)
  ✔ rejects empty reason (0.075333ms)
  ✔ rejects unmatched test glob (232.590834ms)
✔ manifest fail-closed validation (233.43775ms)
▶ checked-in current-tree selection
  ✔ #1413: every literal checked-in manifest test path exists (0.249125ms)
  ✔ a test content edit selects itself and the current-tree guard (155.955292ms)
  ✔ a deleted integration test selects the current-tree guard and retains its former lane (59.2725ms)
  ✔ a rename selects the current-tree guard while the old path retains lane escalation (63.640833ms)
  ✔ the current tree baseline selects the current-tree guard (69.316125ms)
✔ checked-in current-tree selection (348.649916ms)
ℹ tests 20
ℹ suites 3
ℹ pass 20
ℹ fail 0
ℹ cancelled 0
ℹ skipped 0
ℹ todo 0
ℹ duration_ms 5817.125166
