✔ source issue with children retains its own frozen forecast and exact Test lane (21.14575ms)
✔ fresh delivery kind must match the body used to select forecast and accounting (1.327375ms)
✔ parent-approved cascade reaches lawful child Close through fresh authority and immutable telemetry (14.381584ms)
✔ docs-only telemetry preserves genuine lint/format and recorded test lane skips (5.59525ms)
✔ explicit predecessor correction preserves old bytes and refuses changed original timing evidence (17.207292ms)
✔ immutable predecessor v2 retries its original contract without fabricating v3 proof (9.661083ms)
✔ root epic local-trunk timing uses its actual completed burn receipt and empty parent Test commands (5.611167ms)
✔ outcome publication revalidates actual delivery authority after immutable write (2.116417ms)
✔ child resident runtime preserves existing no-provider delivery with exact Test and posted deliverable (2.806209ms)
✔ child runtime couples actual lineage evidence with exact source Test proof and fresh retry (179.236208ms)
✔ skipped child wrapper without fresh lineage cannot become delivered timing authority (0.816084ms)
✔ root epic runtime consumes freshly verified merged receipt with empty parent Test commands (5.731042ms)
✔ no-commit proof rejects another checkout head and any issue-attributed commits (169.477417ms)
ℹ tests 13
ℹ suites 0
ℹ pass 13
ℹ fail 0
ℹ cancelled 0
ℹ skipped 0
ℹ todo 0
ℹ duration_ms 438.682834
