▶ verification fingerprint and receipt creation
  ✔ records a canonical semantic Verification Commands projection (270.627625ms)
  ✔ rejects duplicate semantic Verification Commands (129.491208ms)
  ✔ captures a complete SHA, runtime, hashes, canonical sandbox, and clean tree (115.673041ms)
  ✔ normalizes command identity and records canonical timestamps and durations (115.724709ms)
  ✔ records optional provider identity, required classifications, and semantic command kind (#1218) (114.7875ms)
✔ verification fingerprint and receipt creation (747.345334ms)
▶ verification receipt validation refusals
  ✔ returns reusable commands for a valid exact-fingerprint receipt (109.373042ms)
  ✔ refuses a receipt copied from another issue (109.499417ms)
  ✔ accepts cosmetic Verification Commands changes and declaration reordering (118.460417ms)
  ✔ refuses a receipt when a Verification Command is added (120.70975ms)
  ✔ refuses a receipt when a Verification Command is removed (121.766958ms)
  ✔ refuses a receipt when a Verification Command is changed (118.364459ms)
  ✔ default-denies a legacy receipt without Verification Commands authority (110.984459ms)
  ✔ validates marker authority against live issue-body Verification Commands (110.328625ms)
  ✔ refuses a green command whose classification impersonates a canonical command (105.480333ms)
  ✔ refuses schema drift with receipt-malformed (105.690791ms)
  ✔ refuses SHA drift with sha-mismatch (106.511166ms)
  ✔ refuses Node major drift with node-major-mismatch (104.762917ms)
  ✔ refuses platform drift with platform-mismatch (107.516791ms)
  ✔ refuses lockfile drift with lockfile-mismatch (100.628541ms)
  ✔ refuses config drift with config-mismatch (107.602166ms)
  ✔ refuses cleanliness drift with sandbox-dirty (104.5765ms)
  ✔ refuses missing command drift with command-missing (105.682917ms)
  ✔ refuses duplicate classification drift with command-duplicate (101.123042ms)
  ✔ refuses nonzero exit drift with command-red (104.674458ms)
  ✔ refuses invalid timestamps and negative duration as malformed (104.315458ms)
✔ verification receipt validation refusals (2178.925584ms)
ℹ tests 25
ℹ suites 2
ℹ pass 25
ℹ fail 0
ℹ cancelled 0
ℹ skipped 0
ℹ todo 0
ℹ duration_ms 2930.745333
