✔ Shelve exports the Backlog target and Refine/R4P source boundary (0.829292ms)
✔ strict Shelve argv accepts one explicit stale-blocker refresh flag (0.292375ms)
✔ strict Shelve argv refuses a duplicate stale-blocker refresh flag (0.2295ms)
✔ runShelve preserves ordinary transaction intent when no migration flag is supplied (0.1795ms)
✔ runShelve threads explicit stale-blocker migration intent into the transaction (0.091875ms)
✔ Shelve reports the explicit stale-blocker migration in its success audit output (21.085291ms)
✔ strict Shelve argv retains deterministic unknown-argument refusal (0.167292ms)
✔ runShelve refuses blank reasons before binding, network, or writes (0.108833ms)
✔ park is only a compatibility alias for the same Shelve transaction (0.107833ms)
✔ Park retains alias-aware usage, success, and refusal diagnostics (36.680125ms)
✔ direct Shelve and Park executable entrypoints are inert and require the hub (590.717917ms)
✔ Shelve is canonical across routing, catalog, and executable entrypoints (0.268917ms)
✔ Shelve uses target preflight and one issue lock before entering the transaction (0.232875ms)
ℹ tests 13
ℹ suites 0
ℹ pass 13
ℹ fail 0
ℹ cancelled 0
ℹ skipped 0
ℹ todo 0
ℹ duration_ms 653.903958
