▶ parseTestFiles
  ✔ returns empty array for empty diff output (0.624959ms)
  ✔ returns empty array for whitespace-only output (0.0745ms)
  ✔ parses a single test file (0.102666ms)
  ✔ parses multiple test files and strips surrounding whitespace (0.058584ms)
  ✔ ignores blank lines in the middle of output (0.063125ms)
✔ parseTestFiles (1.523417ms)
▶ buildTestCommands
  ✔ maps each file to a node --test invocation (0.086ms)
  ✔ returns empty array for empty file list (0.074542ms)
✔ buildTestCommands (0.246083ms)
▶ mergeTestFiles (C2 — source-to-unit-test merge)
  ✔ returns direct list when no discovered tests (0.099542ms)
  ✔ appends discovered tests after direct changes (0.739667ms)
  ✔ deduplicates when a discovered test is already in direct list (0.123333ms)
  ✔ direct list order is preserved; discovered appended (0.067292ms)
  ✔ returns empty when both lists are empty (0.049791ms)
✔ mergeTestFiles (C2 — source-to-unit-test merge) (1.255375ms)
▶ collectTestFiles (#855 — untracked test files must not be skipped)
  ✔ discovers a brand-new, never-`git add`-ed *.test.mjs file (182.428375ms)
  ✔ excludes an untracked *.test.mjs file under a .gitignore-d path (159.877ms)
  ✔ runs a tracked, modified test file exactly once (no duplicate from the untracked union) (138.59725ms)
  ✔ unions a tracked-modified file with a new untracked file, deduplicated (141.987125ms)
  ✔ a discovered untracked test file that fails makes `node --test` exit non-zero (277.765166ms)
  ✔ returns empty array in a repo with no test files at all (159.735709ms)
✔ collectTestFiles (#855 — untracked test files must not be skipped) (1060.68275ms)
▶ collectChangedPaths (#1089 — deleted and renamed paths stay visible)
  ✔ includes a deleted tracked source path (140.895125ms)
  ✔ includes both the old and new sides of a tracked rename (141.0525ms)
✔ collectChangedPaths (#1089 — deleted and renamed paths stay visible) (282.071875ms)
▶ empty-change semantics
  ✔ empty diff produces no-op — exit early without running node --test (0.112667ms)
✔ empty-change semantics (0.160583ms)
▶ main-module guard (#867 — import has no side effects)
  ✔ importing the module in a child process runs no gate step and exits fast (135.649542ms)
  ✔ isMainModule() returns false when the module is imported (0.203ms)
✔ main-module guard (#867 — import has no side effects) (135.917875ms)
▶ stage-aware command plans (#1089)
  ✔ iteration scopes autofix and format to changed paths (0.402625ms)
  ✔ iteration never plans full lint or complete test lanes (0.093083ms)
  ✔ finalization owns full lint and format-check exactly once (0.08125ms)
✔ stage-aware command plans (#1089) (0.631958ms)
▶ runDevelopVerification (#1089)
  ✔ iteration runs scoped checks plus selected tests without any complete lane (0.705625ms)
  ✔ iteration excludes deleted and rename-old paths from fixers but keeps impact inputs (0.151375ms)
  ✔ fails closed when a non-empty non-JavaScript change plans no command (#1250) (0.079917ms)
  ✔ treats an empty changeset as the only green zero-command outcome (#1250) (0.063166ms)
  ✔ runs declared steps in order and preserves their audit metadata (#1250) (0.4625ms)
  ✔ validates the whole declaration before spawning and stops at first red (#1250) (0.19775ms)
  ✔ runs explicit project-provider iteration steps with stable kinds (#1218) (0.297958ms)
  ✔ runs the project provider final floor and records provider identity (#1218) (0.403125ms)
  ✔ refuses an invalid project provider before spawning any Develop step (#1218) (0.078458ms)
  ✔ reports the declared kind on first red and aborts later project steps (#1218) (0.121542ms)
  ✔ finalization requires clean committed state and returns a receipt (0.122459ms)
  ✔ finalization refuses a dirty starting tree before spawning commands (0.06475ms)
  ✔ finalization refuses when a command changes tracked files (0.091708ms)
✔ runDevelopVerification (#1089) (3.000167ms)
▶ full lint covers spell/markdown gates (#529 multiset regression)
  ✔ package.json `lint` chains `lint:spell` (0.083583ms)
  ✔ package.json `lint` chains `lint:md` (0.06175ms)
  ✔ `lint:spell` invokes cspell over source + markdown (0.0355ms)
  ✔ Develop finalization runs the same full `npm run lint` that includes lint:spell (0.1ms)
✔ full lint covers spell/markdown gates (#529 multiset regression) (0.353375ms)
ℹ tests 43
ℹ suites 10
ℹ pass 43
ℹ fail 0
ℹ cancelled 0
ℹ skipped 0
ℹ todo 0
ℹ duration_ms 1495.232417
