✔ Edit src/foo.ts in develop → pass (79.815208ms)
✔ Edit docs/notes.md in plan without current-session binding → allow (75.78575ms)
✔ Edit docs/notes.md in refine without an exact binding → allow (106.674667ms)
✔ Edit .github/ISSUE_TEMPLATE/bug.md in refine → pass (93.276375ms)
✔ Bash npm test in test → pass (83.297708ms)
✔ Bash READ command (cat README.md) in done → pass (96.368958ms)
✔ Write .scratch/gh/foo.txt in develop → pass (scratch carve-out) (104.118625ms)
✔ Write .scratch/plan/draft.md in refine → pass (scratch carve-out) (85.772584ms)
✔ Write absolute .scratch/ path → pass (scratch carve-out) (125.385416ms)
✔ Write .tmp/aitm runtime path in refine → pass (89.62325ms)
✔ Edit src/foo.ts in refine → block; suggests develop (80.503791ms)
✔ Edit src/foo.ts in test → block; suggests develop (84.556708ms)
✔ Bash heredoc to src/ in refine → block (80.167625ms)
✔ Bash npm run build in refine → block (86.750875ms)
✔ Bash git commit in refine → block (COMMIT_CODE) (117.784333ms)
✔ Edit src/foo.ts with active issue but no state field → block; suggest reconcile (79.075ms)
✔ Edit src/foo.ts with an empty admitted ledger → block (no-active-task) (85.122458ms)
✔ Edit docs/notes.md with active issue but no state → allow (168.947167ms)
✔ Read with no active task and an empty admitted ledger → pass (109.583458ms)
✔ malformed stdin JSON → pass (don't deadlock) (83.434959ms)
✔ unknown tool_name → pass-through (85.091959ms)
✔ Edit with missing file_path → pass (avoid false-positive) (81.53725ms)
✔ Edit with absolute path inside project root → normalized + blocked in refine (78.399042ms)
✔ session kanbanState cache supplies state when global state field is absent (82.150416ms)
✔ session kanbanState overrides legacy global state when both present (104.196209ms)
✔ session cache for a different issue is ignored (80.522583ms)
✔ session cache with invalid kanbanState is ignored; falls back (88.768125ms)
✔ most-recently-modified session cache wins when multiple match (142.288208ms)
✔ invalid state value in state file with active issue → block; suggest reconcile (91.005334ms)
✔ linked backlog document commit uses payload worktree and exact owner (5153.30075ms)
✔ linked refine document commit uses payload worktree and exact owner (5403.183458ms)
✔ linked ready-for-plan document commit uses payload worktree and exact owner (5191.609083ms)
✔ linked plan document commit uses payload worktree and exact owner (5306.981584ms)
✔ native hook session selects its own state instead of an environment session (171.197625ms)
✔ scratch shell allowance validates physical targets and preserves early code restrictions (626.827458ms)
✔ Bash scope guard does not execute quoted cat payload examples as issue commands (120.533125ms)
✔ Plan runner does not bypass exact document binding (86.239292ms)
ℹ tests 37
ℹ suites 0
ℹ pass 37
ℹ fail 0
ℹ cancelled 0
ℹ skipped 0
ℹ todo 0
ℹ duration_ms 24816.378208
