✔ AC1: `aitm` and `aitm help` print a grouped, names-only registry (691.114542ms)
✔ AC2: verb delegation passes the child exit code through unchanged (912.254625ms)
✔ AC3: `aitm <script-name>` routes to the exposed standalone script (373.401792ms)
✔ doctor is a standalone script and never a task-tracker verb (300.551709ms)
✔ dispatcher delegates with the action-capture environment for the selected command (0.723041ms)
✔ AC4: help/? forward to the target which self-documents (485.008458ms)
✔ AC5: move-state is excluded with a documented rationale (0.198583ms)
✔ AC6: plumbing scripts are excluded and carry a do-not-invoke header (3.477042ms)
✔ AC7: every exposed script self-documents on help (3372.101541ms)
✔ AC8: docs do not instruct direct node_modules script invocation (10.65875ms)
✔ AC9: package.json registers the aitm bin at bin/aitm.mjs (0.296417ms)
✔ registry REPO_ROOT matches the test-derived root (8.503625ms)
ℹ tests 12
ℹ suites 0
ℹ pass 12
ℹ fail 0
ℹ cancelled 0
ℹ skipped 0
ℹ todo 0
ℹ duration_ms 6167.338875
