✔ normalized timing identity deduplicates exact events but admits later timestamps (320.046917ms)
✔ timestamp-less lifecycle events remain runnable instead of becoming session-global duplicates (203.438125ms)
✔ stamp write failure skips the timing flush and fails closed (98.363375ms)
✔ SessionStart: no active and no paused → "No active task." (104.805834ms)
✔ SessionStart: no active, lastActive present but no fleet entry → "No active task." (117.1505ms)
✔ SessionStart: discover bucket active → "Discovery bucket active." (103.364083ms)
✔ SessionStart: active task with stale entryStartTs → recovery banner (494.388875ms)
✔ SessionStart: active task with no entryStartTs → active banner, no recovery time (191.99825ms)
✔ SessionStart banks an open session cursor tail exactly once (448.944458ms)
✔ SessionStart orphan recovery rows use the freshly banked marker pair (264.74475ms)
✔ PreCompact: active with entryStartTs → flush path runs (exit 0) (204.040458ms)
✔ PreCompact: bound-but-paused (no entryStartTs) → early return (#407) (153.498083ms)
✔ PreCompact: nothing active → early return (175.321834ms)
✔ PostCompact: active → resume row path (exit 0) (175.890208ms)
✔ PreCompact/PostCompact rows advance durable primary and full markers from the prior cursor (422.340459ms)
✔ PostCompact banks a tail preserved by an unavailable PreCompact exactly once (571.439833ms)
✔ PostCompact: nothing active → early return (158.334166ms)
✔ malformed stdin → JSON.parse catch, no handler dispatched, exit 0 (98.304875ms)
✔ unknown event → no handler dispatched, exit 0 (101.113875ms)
ℹ tests 19
ℹ suites 0
ℹ pass 19
ℹ fail 0
ℹ cancelled 0
ℹ skipped 0
ℹ todo 0
ℹ duration_ms 4481.779916
