orchestrators.test.mjs: ok
✔ move-state: agent-context call (no env, no TTY) is refused with exit 3 (315.810667ms)
✔ move-state: chokepoint call (AITM_INTERNAL=1) moves and prints confirmation (156.718625ms)
✔ move-state: illegal matrix transition is refused with exit 5 (172.355208ms)
✔ move-state: valid forward transition (refine → ready-for-plan) succeeds (159.200208ms)
✔ promote: recorded=done is terminal-refused (forward-only) (10.763959ms)
✔ promote: board/recorded divergence is drift-refused with both states (9.174375ms)
✔ promote: no recorded marker and no live board item is an error (8.439625ms)
✔ promote: unknown recorded state is an error (9.998375ms)
✔ promote: delegate-timeout policy — test gets none, close gets a bounded budget (0.214ms)
✔ close: no active task and no target prints "no active task" and does nothing (19.688417ms)
✔ close: an active review issue runs the terminal done move after the wrap rows (97.440917ms)
ℹ tests 11
ℹ suites 0
ℹ pass 11
ℹ fail 0
ℹ cancelled 0
ℹ skipped 0
ℹ todo 0
ℹ duration_ms 965.532459
