▶ buildPlanMetadataBackfill Story Origin migration (#892)
  ✔ moves legacy provenance into Story Origin and preserves planning fields and markers (1.637833ms)
  ✔ merges missing provenance into an existing Story Origin without overriding it (0.178375ms)
  ✔ replaces empty Story Origin placeholders with populated legacy values (0.128083ms)
  ✔ replaces comment-only Story Origin placeholders with populated legacy values (0.113958ms)
  ✔ removes an entire multiline Story Origin placeholder when restoring a legacy value (0.107417ms)
  ✔ removes an entire multiline legacy provenance placeholder from Plan Metadata (0.189834ms)
  ✔ skips a clean split body byte-for-byte (0.084167ms)
  ✔ skips a body without Plan Metadata (0.073875ms)
  ✔ is idempotent after relocating legacy provenance (0.122417ms)
  ✔ preserves values from legacy colon-inside-bold provenance labels (0.11825ms)
  ✔ inserts a populated Story Origin when legacy Plan Metadata has no provenance (0.131791ms)
  ✔ derives a missing Story Origin kind from the authoritative issue-kind marker (0.101375ms)
  ✔ relocates an existing Story Origin immediately before Plan Metadata (0.144458ms)
  ✔ migrates the legacy canonical Parent epic relationship as parent (0.093542ms)
✔ buildPlanMetadataBackfill Story Origin migration (#892) (4.064084ms)
ℹ tests 14
ℹ suites 1
ℹ pass 14
ℹ fail 0
ℹ cancelled 0
ℹ skipped 0
ℹ todo 0
ℹ duration_ms 11.558417
