coverage-backfill-timing-logs.test.mjs: ok
✔ parseArgs: --issue N / --apply / --cap-hours (1.027458ms)
✔ parseArgs: --issue=N / --cap-hours=H equals forms (0.108791ms)
✔ parseArgs: --all-open and --help (0.07475ms)
✔ printUsage: writes usage banner to injected sink (0.27825ms)
✔ fetchOpenIssueNumbers: maps gh json to numbers (0.553125ms)
✔ fetchOpenIssueNumbers: bad json → [] (0.106292ms)
✔ printDiff: emits - / + only for differing lines (0.150959ms)
✔ processIssue: no timing comment → skipped line (0.157583ms)
✔ processIssue: no change (already clean body) → no-change line (0.428917ms)
✔ processIssue: dry-run backfill → summary + diff, no write (2.178958ms)
✔ processIssue: --apply → backup written + comment updated (0.385084ms)
✔ main: --help prints usage and exits 0 (1.983667ms)
✔ main: no issue selector → usage + exit 2 (0.084834ms)
✔ main: missing repo → err + exit 2 (0.088167ms)
✔ main: --all-open loops issues + captures per-issue errors + dry-run footer (0.17ms)
ℹ tests 15
ℹ suites 0
ℹ pass 15
ℹ fail 0
ℹ cancelled 0
ℹ skipped 0
ℹ todo 0
ℹ duration_ms 18.19525
