coverage-heal-entry-markers.test.mjs: ok
✔ checkOnlyExitCode: error precedence, plan, clean (0.646834ms)
✔ stripStageMarkers removes entry + legacy/new audit markers (0.757417ms)
✔ #1206: stripStageMarkers does not rewrite historical second-stage audit bytes (0.321625ms)
✔ detectIllegalArcs: <2 markers empty; legal chain empty; illegal flagged (0.542167ms)
✔ outOfOrderHealableStages flags a stage newer than a later stage (0.120625ms)
✔ backlogCreatedAtFallback: bumps refine when it collides; throws on bad createdAt (1.526542ms)
✔ planStageHeal: backfill for missing entry with a later marker (0.487708ms)
✔ planStageHeal: restamp for out-of-order entry (0.19975ms)
✔ planStageHeal: audit-only for present-but-unaudited entry (0.302208ms)
✔ planStageHeal: skip when unparseable entry ts (property-grammar form) (0.358125ms)
✔ planStageHeal: backlog createdAt fallback when refine sits at createdAt (0.221291ms)
✔ planStageHeal: non-backlog with no feasible interval rethrows (0.173542ms)
✔ planStageHeal: skip when nothing to heal (0.105667ms)
✔ fetchOpenIssues maps numbers to strings via stub gh (0.225458ms)
✔ fetchIssue returns parsed JSON via stub gh (0.122083ms)
✔ writeBody writes a temp file, edits, and unlinks (unlink error swallowed) (0.218084ms)
✔ postComment shells gh issue comment (0.105125ms)
✔ healOne: skip when body is a clean audited chain (0.494667ms)
✔ healOne: dry-run returns plan without writing (0.212167ms)
✔ #1206: apply preserves an out-of-order historical second-stage marker byte-for-byte (0.719917ms)
✔ healOne: apply writes body + posts comment (0.891083ms)
✔ healOne: apply restamp path (out-of-order) rewrites body (0.279708ms)
✔ healOne: illegal-arcs only (no heals) reported (0.175125ms)
✔ main: --apply and --check-only are mutually exclusive → exit 2 (0.348417ms)
✔ main: dry-run over explicit issues prints all result branches (0.449958ms)
✔ main: apply prints applied, and healOne throw becomes error (0.191208ms)
✔ main: no explicit issues scans open issues via fetchOpenIssues (0.089917ms)
✔ main: --check-only exits with checkOnlyExitCode (0.083541ms)
ℹ tests 28
ℹ suites 0
ℹ pass 28
ℹ fail 0
ℹ cancelled 0
ℹ skipped 0
ℹ todo 0
ℹ duration_ms 18.579375
