coverage-heal-refine-entry-marker.test.mjs: ok
✔ needsBackfill: later marker present but refine-entry missing → true (1.292625ms)
✔ needsBackfill: refine-entry + later but no audit → true (audit-only) (0.212666ms)
✔ needsBackfill: refine-entry + later + audit → false (clean) (0.097958ms)
✔ needsBackfill: refine-entry only, no later stage → false (0.100542ms)
✔ needsBackfill: empty body → false (0.060459ms)
✔ needsBackfill: new-grammar audit marker satisfies the audit check (0.08125ms)
✔ fetchOpenIssues: maps gh json to string numbers (0.490208ms)
✔ fetchIssue: parses gh view json (0.09275ms)
✔ writeBody: writes tmp, invokes gh edit --body-file, unlinks (0.161083ms)
✔ writeBody: unlink failure is swallowed (best-effort cleanup) (0.140125ms)
✔ postComment: shells gh issue comment --body (0.101041ms)
✔ healOne: skip when body clean (entry+later+audit) (0.133208ms)
✔ healOne: plan (dry-run) entry+audit mode uses createdAt (0.187ms)
✔ healOne: plan (dry-run) audit-only mode reuses existing entry ts (0.125792ms)
✔ healOne: apply entry+audit writes body + posts comment (0.636625ms)
✔ healOne: apply audit-only posts the audit-marker comment (0.40175ms)
✔ main: single-issue dry-run prints "would backfill" plan line (0.496667ms)
✔ main: apply prints backfilled + skip lines, no dry-run footer (0.208542ms)
✔ main: healOne throw is captured as an error line on stderr (0.165125ms)
✔ main: no issue args → scans open issues via fetchOpenIssues (0.1025ms)
ℹ tests 20
ℹ suites 0
ℹ pass 20
ℹ fail 0
ℹ cancelled 0
ℹ skipped 0
ℹ todo 0
ℹ duration_ms 14.342833
