coverage-migrate-fields-encoding.test.mjs: ok
✔ transformBody: legacy fence → migrated to single-line aitm-fields (0.988208ms)
✔ transformBody: single new-encoding block → no-op (0.072ms)
✔ transformBody: legacy block with invalid fence → unchanged w/ reason (0.090667ms)
✔ fetchBody: returns gh stdout body (0.099292ms)
✔ writeBody: mkdtemp + write + gh edit + rm cleanup (0.177667ms)
✔ scanOpenIssues: parses gh search json → numbers (0.579959ms)
✔ scanOpenIssues: gh failure → [] with err note (0.194542ms)
✔ migrateOne: no change → reports, no write (0.168833ms)
✔ migrateOne: dry-run → would-migrate, no write (0.133709ms)
✔ migrateOne: live → writes migrated body (0.175625ms)
✔ main: missing repo → err + exit 2 (0.197333ms)
✔ main: no targets → usage + exit 2 (0.097625ms)
✔ main: explicit numbers + --scan union, migrateOne per target, error captured (0.184167ms)
ℹ tests 13
ℹ suites 0
ℹ pass 13
ℹ fail 0
ℹ cancelled 0
ℹ skipped 0
ℹ todo 0
ℹ duration_ms 10.735833
