set-priority — Set the Priority field on an issue (optionally cascading to sub-issues).

  Purpose:       Set the Priority field on an issue (optionally cascading to sub-issues).
  Group:         GitHub
  Usage:         aitm set-priority <issue#> <p0|p1|p2|p3> [--cascade]
  Audience:      AI/operator setting priority. Priorities: p0|p1|p2|p3.
  Arguments:     <issue#>, <p0|p1|p2|p3>, --cascade
  Preconditions: AI/operator setting priority. Priorities: p0|p1|p2|p3.
  Effects:       Set the Priority field on an issue (optionally cascading to sub-issues).
  Output:        Prints each issue whose project Priority field was updated.
  Exit codes:    0=priority update completed; 1=usage, configuration, or GitHub update failed
  Examples:      npx aitm set-priority 1023 p1; npx aitm set-priority 1005 p2 --cascade
  Related:       set-rank, project-tether

Invoke via the package or orchestrator command name:
  npx aitm set-priority <issue#> <p0|p1|p2|p3> [--cascade]
✔ help route emits self-doc and exits 0 (1.42125ms)
✔ missing args → usage, exit 1 (0.123458ms)
✔ non-numeric issue → usage, exit 1 (0.08325ms)
✔ unknown priority → exit 1 (0.092ms)
✔ missing projectId/priorityFieldId (network on) → exit 1 (0.075292ms)
✔ missing option id for the priority (network on) → exit 1 (0.073708ms)
✔ TT_SKIP_NETWORK short-circuit logs the check mark, no gh call (0.13125ms)
✔ network happy path resolves item and issues item-edit (0.173ms)
✔ network item not found → skip, no gh call (0.099584ms)
✔ cascade with two sub-issues sets priority on parent + each child (0.191833ms)
✔ cascade with no sub-issues logs "No sub-issues found" (0.1115ms)
✔ cascade sub-issue query throwing is swallowed → No sub-issues found (0.119542ms)
✔ getProjectItemId returns the matching project item id (0.064833ms)
✔ getProjectItemId returns "" when no node matches / nodes missing (0.081959ms)
✔ setPriority skipNetwork branch just logs (0.059625ms)
ℹ tests 15
ℹ suites 0
ℹ pass 15
ℹ fail 0
ℹ cancelled 0
ℹ skipped 0
ℹ todo 0
ℹ duration_ms 11.249542
