▶ AC1: dod:kinds annotation grammar + default
  ✔ parses exclude / include and returns null for unannotated lines (0.829959ms)
  ✔ unannotated item applies to every kind (documented default) (0.083958ms)
  ✔ exclude renders for all-but-listed; include renders only-if-listed (0.077958ms)
✔ AC1: dod:kinds annotation grammar + default (1.553ms)
▶ AC3: template annotation is scoped to the tests + split commits items
  ✔ tests + kind-split commits lines carry annotations; lint/acs/checkboxes stay kind-agnostic (0.882291ms)
  ✔ packaged and runtime DoD templates are byte-identical (0.241292ms)
✔ AC3: template annotation is scoped to the tests + split commits items (1.250167ms)
▶ AC2/AC7: preflight filters DoD + derived VC by kind
  ✔ code (default) renders the tests item AND its two-lane verification commands (294.777333ms)
  ✔ spike omits the tests item AND drops its derived test commands (226.92925ms)
  ✔ research omits the tests item AND drops its derived test commands (252.580292ms)
✔ AC2/AC7: preflight filters DoD + derived VC by kind (774.8035ms)
▶ AC4: check/close enumeration is body-derived; no phantom key
  ✔ filtered spike DoD has no `tests` key from parseFunctionalDodKeys (1.870125ms)
  ✔ code DoD still enumerates the `tests` key (0.263125ms)
✔ AC4: check/close enumeration is body-derived; no phantom key (2.332542ms)
▶ AC6: code-kind back-compat
  ✔ filterDodForKind drops only the epic-only derived-trail line for the code kind (0.151584ms)
  ✔ default output === explicit --kind code output, for each shape (1515.135416ms)
✔ AC6: code-kind back-compat (1515.487542ms)
▶ AC5: documentation ships
  ✔ both DoD templates carry an inline comment explaining the annotation (0.261334ms)
  ✔ functional-dod.md documents syntax, precedence, and rationale (0.429666ms)
✔ AC5: documentation ships (0.933833ms)
ℹ tests 14
ℹ suites 6
ℹ pass 14
ℹ fail 0
ℹ cancelled 0
ℹ skipped 0
ℹ todo 0
ℹ duration_ms 2299.663708
