✔ acKeyForLabel is 8 hex chars and deterministic (1.488542ms)
✔ acKeyForLabel strips aitm-verified cmd="..." and aitm-ac-evidence before hashing (0.1085ms)
✔ parseEvidenceAcs returns only verified AC lines with commands + key (1.384834ms)
✔ parseEvidenceAcs ignores plain criteria with no aitm-verified declaration (0.24125ms)
✔ parseEvidenceAcs recognizes a migrated consolidated aitm-verified declaration (#391) (0.369375ms)
✔ parseEvidenceAcs reads cmd + proof from a single combined aitm-verified marker (#481) (0.120625ms)
✔ stampAcEvidenceMarker upserts run-props onto the single marker, idempotently (0.487292ms)
✔ stampAcEvidenceMarker records run-props on the single aitm-verified marker (#481) (0.139292ms)
✔ parseAcEvidence reads the new fully-quoted form (#379) (0.089166ms)
✔ parseAcEvidence still reads the legacy half-quoted colon form (#379 back-compat) (0.108167ms)
✔ stampAcEvidenceMarker preserves a declaration with an embedded double-quote (#481) (0.125958ms)
✔ stampAcEvidenceMarker strips a legacy sibling and records on the single marker (#481) (0.135625ms)
✔ stampAcEvidenceMarker throws when label has no evidence-bearing AC (0.2525ms)
✔ parseAcEvidence reads back a stamped marker (0.051958ms)
✔ gateEvidenceTick refuses unticked verified AC with no stamp (0.106792ms)
✔ gateEvidenceTick passes once the AC is stamped (0.087042ms)
✔ gateEvidenceTick passes an already-ticked verified AC (unticking allowed) (0.048667ms)
✔ gateEvidenceTick passes a plain AC with no verifier (0.053083ms)
✔ gateEvidenceTick leaves the Functional DoD path intact (regression) (0.627875ms)
✔ #443 reproduces the #429 refusal — non-standard AC command missing from Verification Commands (0.411167ms)
✔ #443 stampAcEvidenceAndReconcile clears the refusal and keeps the AC marker (0.413833ms)
✔ #443 stampAcEvidenceAndReconcile is idempotent — no duplicate VC entry on re-run (0.192708ms)
✔ #443 reconcile scopes to the stamped AC — an unrelated AC gap is left untouched (0.115875ms)
ℹ tests 23
ℹ suites 0
ℹ pass 23
ℹ fail 0
ℹ cancelled 0
ℹ skipped 0
ℹ todo 0
ℹ duration_ms 11.307667
