✔ a refusing guard cannot return an empty refusal collection (1.087625ms)
✔ a successful guard cannot carry a refusal (0.140708ms)
✔ a successful guard cannot carry malformed refusals (0.125417ms)
✔ a refusing guard cannot carry a sparse refusal collection (0.113834ms)
✔ a successful guard cannot carry a sparse warning collection (0.172292ms)
✔ a successful guard cannot carry a human request (0.14175ms)
✔ a guard cannot impersonate a guidance-admission warning producer (0.368125ms)
✔ the refusal lint freezes constructor call sites inside registered guards (5.554375ms)
✔ the refusal lint freezes imported constructor call sites (1.473167ms)
✔ the lifecycle registry enumerates the complete bare action vocabulary (0.161667ms)
✔ the remediation registry is closed and rejects bypasses (0.310583ms)
✔ the decision vocabulary exposes its version and reserved boundary producers (1.073167ms)
✔ authority resources include honest local session sources while remaining closed (0.038ms)
✔ observed session and worktree mismatches are valid closed v2 blockers (0.198334ms)
✔ an inventoried legacy refusal normalizes without interpreting its reason (0.141375ms)
✔ action navigation fails closed for non-ready and unknown actions (0.052041ms)
✔ unknown action ids remain explicit in an indeterminate decision envelope (2.013375ms)
✔ typed remediation failures never fall back to the legacy adapter (0.10425ms)
✔ manual-only blocker codes reject executable remediations (0.107208ms)
✔ the vocabulary digest changes when a canonical definition changes (1.722333ms)
✔ ready decisions require explicit empty operational collections (0.284041ms)
✔ blocked decisions bind typed remediation to the matching human request (0.840166ms)
✔ authority failures require typed unique subjects when one source has multiple targets (0.466958ms)
✔ snapshot evidence is unique, in-window, issue-bound, and digest-bound (0.611833ms)
✔ terminal decisions use null action and terminal guidance without inventing execution (0.342666ms)
✔ functional DoD normalizations enforce their closed ordered decision contract (0.346667ms)
✔ operational warnings preserve order and reject cross-domain code reuse (0.505958ms)
✔ decision blockers reject producers outside the frozen guard inventory (0.452583ms)
✔ the guard boundary preserves multiple typed refusals and human requests (0.472875ms)
✔ a frozen multi-branch legacy guard emits one conservative manual refusal (0.235833ms)
✔ thrown guards become guard-error (0.147833ms)
✔ malformed guards become guard-result-invalid (0.077416ms)
✔ the parser-based refusal lint freezes added and edited legacy sites (1.571584ms)
✔ the refusal lint rejects undeclared and cross-domain codes (0.858833ms)
ℹ tests 34
ℹ suites 0
ℹ pass 34
ℹ fail 0
ℹ cancelled 0
ℹ skipped 0
ℹ todo 0
ℹ duration_ms 31.781292
