✔ classifyBash: test runners (1.860083ms)
✔ classifyBash: build commands (0.198125ms)
✔ classifyBash: git commit (0.294375ms)
✔ classifyBash: READ_* for benign commands (0.219542ms)
✔ classifyBash: redirect write target classified by path (1.448334ms)
✔ classifyBash: tee write target (0.439084ms)
✔ classifyBash: heredoc write target (0.231459ms)
✔ classifyBash: shell metachars inside quoted args do not trigger write detection (0.215334ms)
✔ classifyBash: touch/mkdir code path (0.145833ms)
✔ STATE_MATRIX: matches epic #61 allow-list verbatim (0.487833ms)
✔ isAllowed: every state allows READ_* (0.082917ms)
✔ isAllowed: develop allows everything (0.053ms)
✔ isAllowed: plan refuses WRITE_CODE / COMMIT_CODE / WRITE_OTHER / RUN_BUILD (0.038667ms)
✔ isAllowed: refine refuses WRITE_CODE / COMMIT_CODE / RUN_TESTS / RUN_BUILD (0.029542ms)
✔ isAllowed: test refuses WRITE_CODE; allows tests/build (0.039417ms)
✔ isAllowed: review allows docs + issues only (no code) (0.03175ms)
✔ isAllowed: done allows READ_* only (0.032625ms)
✔ isAllowed: no-active-task policy (state == null) (0.03025ms)
✔ isAllowed: unknown state refuses everything except READ_* via no-fallback (0.025125ms)
✔ loadPolicy: missing file returns DEFAULT_POLICY (56.019667ms)
✔ loadPolicy: present file is parsed (52.512125ms)
✔ loadPolicy: invalid json falls back to DEFAULT_POLICY (52.813958ms)
✔ classifyEdit: respects custom policy (0.197708ms)
✔ classifyBash: respects custom policy testRunners/buildCommands (0.121208ms)
✔ COMMIT_DOCS is allowed only with an active drafting or Develop state (0.055375ms)
✔ invocation directory uses supplied workdir then cwd with relative bases (56.244ms)
✔ mutation target requires both lexical and physical worktree containment (54.122ms)
✔ direct command parser preserves sequential -C and bounds Plan syntax (0.28125ms)
✔ ambient Git selectors and config injection cannot grant document commits (0.1535ms)
✔ staged document contract checks modes and rename sides (0.276333ms)
✔ real staged index classifies regular Markdown and mixed source separately (148.089209ms)
✔ compound document staging cannot hide a source write (0.522ms)
✔ read-only Git config and worktree queries stay read-only (0.393458ms)
✔ command and env wrappers preserve nested shell mutations (0.192541ms)
✔ nested shell discovery enforces executable mutations but ignores printed text (0.130292ms)
✔ draft documents are permitted in backlog without granting implementation (0.118917ms)
✔ draft documents are permitted in refine without granting implementation (0.027875ms)
✔ draft documents are permitted in ready-for-plan without granting implementation (0.022042ms)
✔ contained issue scratch shell writes have their own activity without hiding source or git (0.592667ms)
✔ quoted here-document data does not become shell authority (0.498666ms)
✔ cat compound headers and draft suffixes do not inherit data authority (0.661916ms)
✔ draft compounds refuse uninspectable source-mutating suffixes (0.347708ms)
✔ documentation admission rejects uninspectable output redirects (0.1185ms)
✔ document writes never conceal additional writer operands (0.126208ms)
✔ document admission inspects single commands and wrappers (0.109ms)
✔ redirect identity is checked before quote masking (0.064208ms)
ℹ tests 46
ℹ suites 0
ℹ pass 46
ℹ fail 0
ℹ cancelled 0
ℹ skipped 0
ℹ todo 0
ℹ duration_ms 436.260958
