✔ a body with no agent-review evidence is incomplete (0.726875ms)
✔ a passing gate stamp completes the state action (0.07325ms)
✔ a hand-ticked box with no run evidence is NOT complete (0.060458ms)
✔ the evidence marker completes the action whether or not the box is ticked (0.111333ms)
✔ an aitm-review-failed marker makes the action incomplete even alongside a pass stamp (0.182667ms)
✔ clearing the failure marker restores completeness (0.148458ms)
✔ empty and non-string bodies are incomplete, not crashes (0.059875ms)
✔ approve refuses when the gate has not run, and writes nothing (3.211333ms)
✔ approve refuses a live waiver without a matching terminal waived Review outcome (0.724083ms)
✔ approve reports ambiguous timing authority instead of claiming review never ran (1.389917ms)
✔ approve accepts exact terminal waived Review authority without fabricating pass evidence (395.104708ms)
✔ approve default clock uses canonical millisecond ISO for waiver boundary checks (158.290708ms)
✔ approve refuses legacy abbreviated Test evidence for exact-head waiver authority (0.871417ms)
✔ approve rechecks waiver authority after driver collection before writing (0.666917ms)
✔ approve rechecks waiver authority inside the fresh-base write attempt (91.902458ms)
✔ approve refuses a waiver when HEAD changes during driver collection (0.884833ms)
✔ approve binds waived authority to the Test receipt rather than local HEAD alone (0.594917ms)
✔ approve refuses a waiver stamp when the fresh body scope changed after validation (84.482167ms)
✔ approve refuses a waiver stamp when the fresh Test receipt changes without a scope change (106.289667ms)
✔ approve still checks waiver scope when fresh pass evidence appears concurrently (132.679541ms)
✔ approve refuses a waiver stamp when a fresh failure carrier appears after validation (89.065291ms)
✔ approve refuses while an objection is unresolved (0.697166ms)
✔ approve proceeds once the state action has passed (122.017125ms)
✔ ordinary approval refuses when fresh pass evidence disappears before the write (115.583583ms)
✔ the wrong-state check still precedes the completeness check (0.14225ms)
ℹ tests 25
ℹ suites 0
ℹ pass 25
ℹ fail 0
ℹ cancelled 0
ℹ skipped 0
ℹ todo 0
ℹ duration_ms 1309.899167
approve: lifecycle-tick-noop: 'passed-final-review' label not matched — body may use legacy heading or customized DoD
approve: lifecycle-tick-noop: 'passed-final-review' label not matched — body may use legacy heading or customized DoD
approve: lifecycle-tick-noop: 'passed-final-review' label not matched — body may use legacy heading or customized DoD
approve: lifecycle-tick-noop: 'passed-final-review' label not matched — body may use legacy heading or customized DoD
approve: lifecycle-tick-noop: 'passed-final-review' label not matched — body may use legacy heading or customized DoD
approve: lifecycle-tick-noop: 'passed-final-review' label not matched — body may use legacy heading or customized DoD
approve: lifecycle-tick-noop: 'passed-final-review' label not matched — body may use legacy heading or customized DoD
approve: lifecycle-tick-noop: 'passed-final-review' label not matched — body may use legacy heading or customized DoD
approve: lifecycle-tick-noop: 'passed-final-review' label not matched — body may use legacy heading or customized DoD
