✔ parseEnteredStages reads both marker grammars in body order (1.569959ms)
✔ parseEnteredStages tolerates a non-string and returns [] (0.071625ms)
✔ #1211: parseEnteredStages projects historical second-stage markers to R4P (0.073292ms)
✔ buildReviewContext exposes body, comments, and parsed markers (0.255958ms)
✔ buildReviewContext coerces a non-array comments to [] (0.129792ms)
✔ runAgentReviewGate returns a vacuous pass with an empty registry (0.134458ms)
✔ runAgentReviewGate surfaces a failing validator and its context (0.129ms)
✔ buildReviewFailedBlock wraps failures between the marker sentinels (0.134167ms)
✔ buildReviewFailedBlock renders a placeholder when there are no failures (0.069542ms)
✔ stampReviewFailed appends the marker and is idempotent (0.2955ms)
✔ clearReviewFailed removes the block and is idempotent when absent (0.075167ms)
✔ hasReviewFailed reports presence (0.054625ms)
✔ #1004 — a prose sentence quoting both delimiters inline does not strand or corrupt a genuine review-failed block (0.086917ms)
✔ an unterminated standalone start is not reported or cleared as a complete failure block (0.045709ms)
ℹ tests 14
ℹ suites 0
ℹ pass 14
ℹ fail 0
ℹ cancelled 0
ℹ skipped 0
ℹ todo 0
ℹ duration_ms 6.948041
