▶ bodyGatesEntryGuardTest
  ✔ exports stable id (0.386625ms)
  ✔ fails open when toState does not match (0.382041ms)
  ✔ fails open when body is missing or empty (0.356583ms)
  ✔ passes on quiet body and on body that only trips verification-commands (0.558292ms)
  ✔ refuses with blockers array when body trips dependency-map (0.188584ms)
  ✔ accepts an explicit deep-dive waiver but retains the dependency gate (0.286125ms)
✔ bodyGatesEntryGuardTest (2.804875ms)
▶ bodyGatesEntryGuardReview
  ✔ exports stable id (0.095959ms)
  ✔ fails open on toState mismatch and missing body (0.106333ms)
  ✔ passes on quiet body (0.1695ms)
  ✔ refuses when verification-commands are unchecked (review enforces full gates) (0.197125ms)
  ✔ filters waived deep-dive rules without filtering Review verification (0.193667ms)
✔ bodyGatesEntryGuardReview (0.913083ms)
▶ bodyGatesEntryGuardDone
  ✔ exports stable id (0.067542ms)
  ✔ fails open on toState mismatch and missing body (0.09575ms)
  ✔ refuses when unchecked checkboxes remain in body (0.725125ms)
  ✔ surfaces lifecycle warn payload when lifecycleCheckboxesRequired=false (0.207917ms)
  ✔ refuses with lifecycle-incomplete when lifecycleCheckboxesRequired=true (default) (0.0795ms)
✔ bodyGatesEntryGuardDone (1.2645ms)
▶ BODY_GATES_ENTRY_GUARD_IDS
  ✔ exposes the three ids in stable order (0.0445ms)
✔ BODY_GATES_ENTRY_GUARD_IDS (0.071459ms)
ℹ tests 17
ℹ suites 4
ℹ pass 17
ℹ fail 0
ℹ cancelled 0
ℹ skipped 0
ℹ todo 0
ℹ duration_ms 8.736875
