✔ INVARIANT_MARKER_PATTERNS includes the canonical invariant marker set (0.628166ms)
✔ resident-action ledger advance is narrow and phase monotonic (2.472084ms)
✔ resident-action waiver is terminal for an attempt and may be retried on a later attempt (0.985542ms)
✔ same-visit spill to inline is refused but new-visit reset is permitted (0.3025ms)
✔ same-visit inline to spill and spill to spill are permitted (0.211542ms)
✔ inline marker and final-body limits accept the boundary and refuse overflow (0.405542ms)
✔ findLostMarkers treats the advancing ledger marker as presence-only (1.38175ms)
✔ findLostMarkers returns empty list when next preserves all markers (0.200291ms)
✔ findLostMarkers reports no loss when last-known-state pair collapses to the new single marker (#378) (0.092959ms)
✔ findLostMarkers still reports loss when the new single last-known-state marker is dropped entirely (#378) (0.115625ms)
✔ findLostMarkers reports a single-kind marker by name when dropped (0.070208ms)
✔ findLostMarkers protects the durable epic orchestration plan (0.073625ms)
✔ findLostMarkers reports each lost aitm-entered-<stage> individually (0.075916ms)
✔ #1206: historical second-stage marker bytes remain append-only audit residue (0.348583ms)
✔ findLostMarkers reports multiple single-kind markers when several drop (0.060708ms)
✔ findLostMarkers tolerates empty/null base/next without throwing (0.054416ms)
✔ findLostMarkers ignores markers that were never in base (0.049125ms)
✔ findNewMalformedVerifiedCmds flags a newly-introduced malformed declaration (0.240167ms)
✔ findNewMalformedVerifiedCmds passes a newly-introduced well-formed declaration (0.103666ms)
✔ findNewMalformedVerifiedCmds does not flag a pre-existing malformed declaration (0.044083ms)
✔ findAcsWithoutVerifierOrInvalidTag flags a {tbd}-sentinel verifier as malformed-verifier (0.597167ms)
✔ findAcsWithoutVerifierOrInvalidTag distinguishes malformed-verifier from no-verifier and test-all-verifier (0.374834ms)
✔ findAcsWithoutVerifierOrInvalidTag classifies a #670-shaped verifier-less AC as no-verifier (0.076417ms)
✔ findAcsWithoutVerifierOrInvalidTag honors the invalid — non-demonstrable opt-out over a sentinel verifier (0.437959ms)
✔ findAcsWithoutVerifierOrInvalidTag treats aitm-ac-waived as a valid opt-out (0.040583ms)
✔ findAcsWithoutVerifierOrInvalidTag still passes verified-cmd and invalid-tag ACs (no regression) (0.448917ms)
✔ reviewed Scope policy is protected as an invariant; pointer remains distinct from execution proof (0.047791ms)
ℹ tests 27
ℹ suites 0
ℹ pass 27
ℹ fail 0
ℹ cancelled 0
ℹ skipped 0
ℹ todo 0
ℹ duration_ms 14.062541
