✔ bare tick (no proof marker) is rejected with CheckboxProofMissingError (2.653292ms)
✔ tick with same-line aitm-verified-at marker is accepted (1.368125ms)
✔ tick with same-line aitm-dod-evidence marker is accepted (close-pipeline shape) (0.529208ms)
✔ allowUnverifiedTicks: true bypasses the guard for legitimate edge cases (0.256625ms)
✔ marker on line N+1 does NOT validate a tick on line N (co-location required) (0.228166ms)
✔ tick with same-line canonical aitm-ac-evidence marker is accepted (#383) (0.264125ms)
✔ verifier DECLARATION (aitm-verified-by) alone is still rejected (#383 no-weakening) (0.167459ms)
✔ cmd-only consolidated aitm-verified declaration alone is rejected (#391) (0.234917ms)
✔ consolidated aitm-verified with ts/sha is accepted as proof (#391) (0.284917ms)
✔ tick with same-line NEW fully-quoted aitm-dod-evidence marker is accepted (#379) (0.280416ms)
✔ tick with same-line NEW fully-quoted aitm-ac-evidence marker is accepted (#379) (0.186917ms)
✔ partial aitm-ac-evidence fragment (no exec fields) is still rejected (#383 strictness) (0.464875ms)
ℹ tests 12
ℹ suites 0
ℹ pass 12
ℹ fail 0
ℹ cancelled 0
ℹ skipped 0
ℹ todo 0
ℹ duration_ms 12.847083
