✔ nested epic evidence retains every required child and explicit nondelivery disposition at exact target (1.856083ms)
✔ timing proof captures exact child lineage census at an immutable target without a fabricated record ID (0.443375ms)
✔ skipped or ambiguous lineage never creates accepted timing delivery evidence (0.271792ms)
✔ resolveDoneTargetBranch: child resolves to its epic parent branch (0.072792ms)
✔ resolveDoneTargetBranch: child honors its parent epic recorded branch (0.084875ms)
✔ close graph adapter carries recorded parent authority and canonical fallback (0.3395ms)
✔ close graph adapter carries malformed parent authority as a fail-closed error (0.307792ms)
✔ #1486: close graph adapter delegates authority and preserves rich child records (0.335834ms)
✔ resolveDoneTargetBranch: standalone story degenerates to trunk (no regression) (0.0685ms)
✔ resolveDoneTargetBranch: honors a custom trunk name (0.107166ms)
✔ resolveDoneTargetBranch: grandchild resolves to sub-epic branch when it survives (0.087292ms)
✔ resolveDoneTargetBranch: walks up to root-epic branch when sub-epic branch is gone (0.06525ms)
✔ resolveDoneTargetBranch: walks all the way to trunk when every ancestor branch is gone (0.061208ms)
✔ lineageDoneGate: no commit-trail → skip (0.119292ms)
✔ lineageDoneGate: empty trail marker → skip (0.102042ms)
✔ lineageDoneGate: root epic without an own commit trail still proves children on trunk (12.14575ms)
✔ lineageDoneGate: child with [#N] reachable on its epic branch → passes (6.986208ms)
✔ lineageDoneGate: child not on parent branch → refuses naming the branch (7.225458ms)
✔ lineageDoneGate: standalone story scopes attribution to trunk (9.223625ms)
✔ lineageDoneGate: root epic proves every child commit on trunk even while its branch survives (6.474ms)
✔ lineageDoneGate: root epic excludes a closed not-planned child on trunk (7.12325ms)
✔ lineageDoneGate: root epic refuses naming children whose commit is not on trunk (4.882958ms)
✔ lineageDoneGate: nested epic proves its child trail on the parent even while its own branch survives (3.897417ms)
✔ lineageDoneGate: nested epic uses its surviving parent when its own branch is missing (4.434584ms)
✔ lineageDoneGate: nested epic fallback still refuses an incomplete child trail (4.161958ms)
✔ lineageDoneGate: root epic falls back to the configured trunk when its branch is gone (0.172208ms)
ℹ tests 26
ℹ suites 0
ℹ pass 26
ℹ fail 0
ℹ cancelled 0
ℹ skipped 0
ℹ todo 0
ℹ duration_ms 74.933583
