✔ markerPresentGate: absent → refuses (0.724959ms)
✔ markerPresentGate: present → passes (0.469542ms)
✔ shaFreshGate: matching prefix → passes (0.175375ms)
✔ shaFreshGate: marker stale → refuses with new-commit list (0.145208ms)
✔ chainIntegrityGate: full chain → passes (0.732417ms)
✔ chainIntegrityGate: missing test entry → chain-hole-at-test (0.174625ms)
✔ chainIntegrityGate: illegal arc → refuses (0.108916ms)
✔ chainIntegrityGate: new ts="..." grammar full chain → passes (#374) (0.350709ms)
✔ chainIntegrityGate: mixed grammar (legacy + new) full chain → passes (#374) (0.095167ms)
✔ issueDirtyGate: no trail comment → graceful skip (0.201459ms)
✔ issueDirtyGate: trail with empty marker → graceful skip (0.39475ms)
✔ issueDirtyGate: touched file dirty → refuse (0.340125ms)
✔ issueDirtyGate: dirty file not in touch-set → passes (0.158375ms)
✔ runCloseGates: full green → ok (0.462875ms)
✔ runCloseGates: stale marker SHA does NOT block close (Review→Done is HEAD-independent) (0.169209ms)
✔ runCloseGates: marker missing → marker-missing in blockers, sha-fresh skipped (0.115709ms)
ℹ tests 16
ℹ suites 0
ℹ pass 16
ℹ fail 0
ℹ cancelled 0
ℹ skipped 0
ℹ todo 0
ℹ duration_ms 8.954167
