All code-complete-gate tests passed.
✔ parseAcceptanceCriteria: returns null when no AC section (0.6295ms)
✔ parseAcceptanceCriteria: parses only ## Acceptance Criteria section, ignores DoD (0.806125ms)
✔ parseAcceptanceCriteria: recognizes a combined single-marker AC (cmd + run-props) as verified (#481) (0.193916ms)
✔ gateCodeComplete: combined single-marker AC passes the verification gate (#481) (2.104375ms)
✔ gateCodeComplete: resolves record authority exactly once instead of trusting legacy AC state (0.77325ms)
✔ gateCodeComplete: resolver refusal fails closed without legacy AC fallback (0.15575ms)
✔ gateCodeComplete: legacy and record contracts share the same AC policy matrix (1.501958ms)
✔ parseCommitShas: extracts comma-separated SHAs (0.155458ms)
✔ parseCommitShas: empty marker → [] (0.152125ms)
✔ findCommitTrailComment: finds comment with both heading and marker (0.164417ms)
✔ gateCodeComplete: all-passing → ok:true (0.226041ms)
✔ gateCodeComplete: missing AC section → blocker (0.131208ms)
✔ gateCodeComplete: unticked AC → blocker (0.141334ms)
✔ gateCodeComplete: ticked without aitm-verified-by → blocker (0.096042ms)
✔ gateCodeComplete: aitm-verified cmd="TBD" treated as unverified (0.133167ms)
✔ gateCodeComplete: missing commit-trail comment → blocker (0.13ms)
✔ gateCodeComplete: empty aitm-commits marker → blocker (0.093792ms)
✔ gateCodeComplete: dirty file in touch-set → blocker names file (0.124166ms)
✔ gateCodeComplete: lifecycle DoD unticked ignored when functional ACs pass (0.085208ms)
✔ gateCodeComplete: docs-only body takes the commit-trail path, not the deliverable lane (#923) (0.163667ms)
✔ gateCodeComplete: docs-only with NO commit trail still blocks (not deliverable-waived) (#923) (0.088375ms)
ℹ tests 21
ℹ suites 0
ℹ pass 21
ℹ fail 0
ℹ cancelled 0
ℹ skipped 0
ℹ todo 0
ℹ duration_ms 14.22325
