✔ every catalog record satisfies the normalized public help schema (2.418875ms)
✔ Story Origin creation contract is consistent across help and sanctioned rules (#892) (0.973ms)
✔ normalization never fabricates required command semantics (0.157042ms)
✔ normalization preserves malformed nested values for validation to reject (0.159208ms)
✔ schema rejects misspelled command-surface taxonomy values (0.113666ms)
✔ duplicate canonical source records fail before catalog construction (0.272125ms)
✔ catalog names and aliases are globally unique and resolve canonically (0.167083ms)
✔ every help-required shipped entry point resolves to a catalog record (0.420625ms)
✔ every routed standalone record maps back to a shipped standalone entry point (0.1245ms)
✔ every package bin identity resolves to its classified target (0.262708ms)
✔ representative maintenance metadata matches real parser contracts (0.230583ms)
✔ high-risk routed metadata enumerates parser arguments and special exits (0.170792ms)
✔ retired review commands and wrappers are absent from the AITM catalog (0.046916ms)
✔ every task verb has an explicit positional contract (0.178333ms)
✔ every task verb has explicit parser-accurate semantics and exit metadata (0.525041ms)
✔ every routed verb is represented in the aggregate agent catalog (0.073791ms)
✔ every agent-callable task record has a real router identity (0.0965ms)
ℹ tests 17
ℹ suites 0
ℹ pass 17
ℹ fail 0
ℹ cancelled 0
ℹ skipped 0
ℹ todo 0
ℹ duration_ms 10.207
