✔ forward move with all prior markers → allow (1.39225ms)
✔ first forward move (backlog→refine) with backlog marker → allow (0.120667ms)
✔ forward move missing immediately-prior marker → refuse, names it (0.250666ms)
✔ forward move with a two-back hole (refine missing on plan→develop) → refuse (0.095583ms)
✔ forward move with multiple prior holes → refuse, lists all missing (0.082458ms)
✔ rework develop→plan → skip (0.133708ms)
✔ rework review→develop → skip (0.140083ms)
✔ rework plan→backlog → skip (0.074375ms)
✔ re-entry develop after a test bounce (test→develop) → skip (0.131417ms)
✔ empty fromState (offline, no live Status) → skip (0.118166ms)
✔ unknown target stage → skip (0.424042ms)
✔ same-state move → skip (0.0585ms)
✔ force override on a prefix hole → bypass, carries missing + message (0.093ms)
✔ force override is a no-op when there is no hole → allow (0.04975ms)
✔ re-entry visit markers (aitm-entered-develop-2) count as present (0.077791ms)
ℹ tests 15
ℹ suites 0
ℹ pass 15
ℹ fail 0
ℹ cancelled 0
ℹ skipped 0
ℹ todo 0
ℹ duration_ms 6.965667
