✔ throws when cfg is missing (0.784667ms)
✔ throws when issueNumber is missing (0.499958ms)
✔ TASK_TRACKER_SKIP_DELTA=1 posts the bypass note and returns skipped (1.162333ms)
✔ skip-delta swallows a throwing postComment and still returns skipped (0.117167ms)
✔ board path parses estimate + duration strings to seconds (0.368166ms)
✔ board path degrades a blank/malformed duration to null (0.121291ms)
✔ board fetch throwing is swallowed, leaving estimate null (0.105584ms)
✔ estimate falls back to the issue-field DB when no projectId (0.295541ms)
✔ drivers are pulled from a Review Notes comment (0.422709ms)
✔ a throwing fetchComments is swallowed (0.150584ms)
✔ a throwing postComment yields status:error with the message (0.442042ms)
✔ default helpers run when deps.exec is injected (no postComment/fetchComments) (0.245084ms)
✔ defaultFetchComments returns [] when exec throws (post still succeeds) (0.101209ms)
ℹ tests 13
ℹ suites 0
ℹ pass 13
ℹ fail 0
ℹ cancelled 0
ℹ skipped 0
ℹ todo 0
ℹ duration_ms 8.502667
⚠ review-delta: comment post failed: post-fail
