coverage-approve.test.mjs: defined
✔ runApprove: throws without issueNumber (1.132459ms)
✔ runApprove: throws without cfg (0.102375ms)
✔ runApprove: assertBound may throw (0.097084ms)
✔ runApprove: wrong-state when not in review (0.232958ms)
✔ runApprove: already-approved when marker present (38.364917ms)
✔ runApprove: human path with drivers posts Review Notes (35.547625ms)
✔ runApprove: human path with no drivers posts nothing (31.316292ms)
✔ runApprove: full-auto path inserts footnote and posts auto notes (36.253083ms)
✔ runApprove: review-notes post failure does not block approval (28.573792ms)
✔ runApprove: lifecycle-noop warns but still approves (485.947292ms)
✔ runApprove: default fetch/comment/project helpers run offline (192.867333ms)
✔ runApprove: default promptDrivers resolves [] off a TTY (107.329375ms)
✔ detectFullAuto: not fired when reviewer set, interactive, no CI (0.130083ms)
✔ detectFullAuto: fired via reviewer-unset (0.079209ms)
✔ detectFullAuto: fired via TT_FULL_AUTO (0.043834ms)
✔ detectFullAuto: fired via tty=false (0.045666ms)
✔ detectFullAuto: fired via CI (0.0485ms)
✔ verbApprove: no issue number → usage, exit 1 (0.293709ms)
✔ verbApprove: TT_SKIP_NETWORK=1 → exit 1 (0.127584ms)
✔ verbApprove: IssueLockError → exit 7 (17.191792ms)
✔ verbApprove: generic error → exit 1 (14.343958ms)
✔ verbApprove: wrong-state → exit 3 (21.463042ms)
✔ verbApprove: approved → stdout, no exit (55.223542ms)
✔ verbApprove: already-approved → stdout, no exit (52.234833ms)
ℹ tests 24
ℹ suites 0
ℹ pass 24
ℹ fail 0
ℹ cancelled 0
ℹ skipped 0
ℹ todo 0
ℹ duration_ms 1123.62975
⚠ approve: review-notes post failed: comment boom
