coverage-demote.test.mjs: defined
✔ runDemote: throws without issueNumber (0.859667ms)
✔ runDemote: throws without cfg (0.116833ms)
✔ runDemote: assertBound is invoked and may throw (0.148834ms)
✔ runDemote: no recorded + no live → error (board item missing) (0.313625ms)
✔ runDemote: no recorded + live → bootstrap, then demoted (1.790209ms)
✔ runDemote: live disagrees with recorded → drift-refused (0.105084ms)
✔ runDemote: unknown recorded state → error (0.077875ms)
✔ runDemote: legal-but-non-source state → invalid-source-refused (0.080542ms)
✔ runDemote: move-state nonzero exit → transition-failed (0.09775ms)
✔ runDemote: recorded test, live test, move ok → demoted (no bootstrap) (0.216042ms)
✔ runDemote: recorded review → demoted from review (0.11625ms)
✔ runDemote: default fetch + live-state deps run via fake gh → demoted (306.804334ms)
✔ verbDemote: no issue number → usage, exit 1 (0.329875ms)
✔ verbDemote: demoted → stdout, no exit (0.159ms)
✔ verbDemote: bootstrap demoted → stdout notes bootstrap (0.152917ms)
✔ verbDemote: drift-refused → stderr, exit 4 (0.104667ms)
✔ verbDemote: invalid-source-refused → stderr, exit 4 (0.321416ms)
✔ verbDemote: transition-failed → stderr, exit code (0.088708ms)
✔ verbDemote: error status → stderr, exit 1 (0.058458ms)
✔ verbDemote: runDemote throws → stderr, exit 1 (0.080292ms)
✔ runDemote: no --rework → rework-required (refuses before any fetch) (0.063584ms)
✔ verbDemote: rework-required → stderr, exit 4 (0.064625ms)
ℹ tests 22
ℹ suites 0
ℹ pass 22
ℹ fail 0
ℹ cancelled 0
ℹ skipped 0
ℹ todo 0
ℹ duration_ms 315.718333
