coverage-plan.test.mjs: defined
✔ runPlan: throws without cfg (0.843ms)
✔ runPlan: throws on non-positive issue# (0.26825ms)
✔ runPlan: assertBound is invoked and may throw (0.140292ms)
✔ runPlan: current is not R4P → wrong-state (no promote) (0.265084ms)
✔ runPlan: unknown live state → wrong-state message names "unknown" (0.111667ms)
✔ runPlan: R4P → promoted (promote called with issue#) (0.561375ms)
✔ runPlan: default getLiveState via fake gh → promoted (283.950042ms)
✔ verbPlan: no issue number → usage, exit 2 (0.304625ms)
✔ verbPlan: R4P → promoted, no exit (0.146792ms)
✔ verbPlan: wrong-state → stderr, exit 1 (0.187ms)
✔ verbPlan: runPlan throws → stderr, exit 1 (0.128666ms)
ℹ tests 11
ℹ suites 0
ℹ pass 11
ℹ fail 0
ℹ cancelled 0
ℹ skipped 0
ℹ todo 0
ℹ duration_ms 290.229833
