✔ buildDeferredReviewRow: null spec → null (0.544375ms)
✔ buildDeferredReviewRow: flush kind → buildFlushRow row (16.62625ms)
✔ buildDeferredReviewRow: row kind → buildRow row (0.160834ms)
✔ no target → exit 1 (24.329417ms)
✔ preflight refusal → exit 4 (21.714125ms)
✔ validateBody gate refusal → exit 4 (33.084ms)
✔ non-empty clean gate body passes validateBody (no refusal) (89.583625ms)
✔ dod-verified guard refusal → exit 4 (else timing branch) (18.190458ms)
✔ HEAD drift from aitm-test-started → exit 4 (20.204083ms)
✔ unbacked checkbox → failures revert to Develop, exit 3 (18.032708ms)
✔ epic child not in review → exit 3 (16.964625ms)
✔ completeness guard refusal → exit 4 (20.909334ms)
✔ runMoveState refuses the review move → propagates its status (17.972833ms)
✔ success: all checks pass → moves to Review, prompts approval (45.666416ms)
✔ success via else branch (target not the active session) (66.448083ms)
ℹ tests 15
ℹ suites 0
ℹ pass 15
ℹ fail 0
ℹ cancelled 0
ℹ skipped 0
ℹ todo 0
ℹ duration_ms 414.264208
