▶ current-schema User Story authoring
  ✔ epic omission renders an empty leading User Story section (239.078625ms)
  ✔ epic renders the supplied Connextra story without placeholders (258.328875ms)
  ✔ sub-issue omission renders an empty leading User Story section (239.459375ms)
  ✔ sub-issue renders the supplied Connextra story without placeholders (244.101417ms)
  ✔ solo omission renders an empty leading User Story section (232.074959ms)
  ✔ solo renders the supplied Connextra story without placeholders (255.313542ms)
  ✔ defect omission renders an empty leading User Story section (254.769166ms)
  ✔ defect renders the supplied Connextra story without placeholders (275.874958ms)
  ✔ stub preserves its intentionally sparse body without a User Story section (223.37775ms)
  ✔ exact canonical template survives intake unchanged (329.5925ms)
  ✔ malformed and partially filled story fragments fail before rendering (1270.85675ms)
✔ current-schema User Story authoring (3825.162208ms)
▶ current-schema Acceptance Criterion verifier authoring
  ✔ creation rejects legacy, empty, missing, and dangling verifier declarations (990.412916ms)
  ✔ creation accepts resolvable vc-list citations and non-demonstrable ACs (428.612209ms)
✔ current-schema Acceptance Criterion verifier authoring (1419.334666ms)
▶ current-schema public authoring contract
  ✔ create-issue --body-file --dry-run rejects missing stories and legacy AC verifiers (1324.684916ms)
  ✔ create-issue and preflight help advertise --user-story-file (284.434333ms)
  ✔ shared and provider guidance makes story input optional and retains vc-list AC citations (2.329083ms)
  ✔ pickup, review, and workflow guidance expose only the current AC citation contract (2.842333ms)
✔ current-schema public authoring contract (1614.702625ms)
✔ create-issue forwards --user-story-file before the remaining non-stub fragments (0.56125ms)
ℹ tests 18
ℹ suites 3
ℹ pass 18
ℹ fail 0
ℹ cancelled 0
ℹ skipped 0
ℹ todo 0
ℹ duration_ms 6862.72475
