✔ attaches bounded intent and absolute locations while stripping only live intent (2.670375ms)
✔ missing and invalid task intent are diagnostic metadata for historical readers (0.350417ms)
✔ classifies fixed decomposition thresholds with must-split precedence (0.48325ms)
✔ preserves missing values instead of treating them as zero (0.09075ms)
✔ extracts only exact numbered H3 tasks and explicit verifier syntax (0.409084ms)
✔ matches task keywords case-insensitively and retains duplicate numbers for validation (0.135042ms)
✔ ignores fenced examples, zero-number tasks, and empty task titles (0.446917ms)
✔ requires CommonMark closing-fence syntax before exposing structures (0.757417ms)
✔ does not treat a four-space-indented backtick run as a fence opener (0.6945ms)
✔ ignores task headings and commands hidden inside HTML comments (0.351667ms)
✔ preserves pinned task body bytes while hiding comments from command extraction (0.172959ms)
✔ ignores verifier examples inside multiline code spans and ordinary fences (0.122458ms)
✔ does not let a verification label authorize a later ordinary fence (0.081375ms)
✔ preserves verifier source order and accepts labeled tilde fences (0.068708ms)
✔ linked plan metadata prefers Implementation-plan and strips a commit suffix (0.283333ms)
✔ linked plan metadata skips placeholder values (0.108542ms)
✔ linked plan metadata ignores sections hidden inside HTML comments (0.085208ms)
✔ linked plan metadata ignores fenced examples (0.063459ms)
✔ selects exactly one bounded task from the active Source-plan (0.550417ms)
✔ fails closed for duplicate fields, unknown headings, and duplicate tasks (0.422875ms)
✔ refuses conflicting inherited selectors and keeps whole-plan text without a selector (0.664167ms)
✔ resolvePlanPath contains paths to the repository and reports unavailable inputs (70.767083ms)
✔ accepts a complete visible decomposition waiver (1.43425ms)
✔ rejects missing, duplicated, and malformed decomposition waiver fields (0.417458ms)
✔ rejects duplicate decomposition waiver sections (0.136458ms)
✔ rejects a complete waiver hidden inside an HTML comment (0.052166ms)
✔ rejects a complete waiver presented only as a fenced example (0.065417ms)
✔ escaped and unmatched backticks do not expose hidden structures (0.0955ms)
✔ multiline code spans stop at Markdown block boundaries (0.86825ms)
✔ multiline code spans remain active across soft line breaks (0.274667ms)
ℹ tests 30
ℹ suites 0
ℹ pass 30
ℹ fail 0
ℹ cancelled 0
ℹ skipped 0
ℹ todo 0
ℹ duration_ms 98.779584
