▶ #498 formatDefectHint
  ✔ formats `aitm-defect-hint: <verb> <reason>` (0.489042ms)
  ✔ collapses a multi-line reason to one line (0.092ms)
  ✔ returns empty string when verb is empty or blank (0.060625ms)
  ✔ omits the reason when blank, keeping just the verb (0.055875ms)
  ✔ length-caps an overlong reason with an ellipsis (0.12625ms)
✔ #498 formatDefectHint (1.420625ms)
▶ #498 appendDefectHint
  ✔ appends exactly one trailer line to existing text (0.086375ms)
  ✔ returns the text unchanged when the trailer would be empty (0.068708ms)
✔ #498 appendDefectHint (0.245ms)
▶ #498 emission sites
  ✔ gh-edit-guard --body refusal carries the trailer (0.947542ms)
  ✔ gh-edit-guard --body-file refusal carries the trailer (0.194292ms)
  ✔ MarkerLossError exposes a defectHint matching the grammar (0.188666ms)
  ✔ SeederMarkerMissingError exposes a defectHint matching the grammar (0.10325ms)
✔ #498 emission sites (1.614208ms)
ℹ tests 11
ℹ suites 3
ℹ pass 11
ℹ fail 0
ℹ cancelled 0
ℹ skipped 0
ℹ todo 0
ℹ duration_ms 6.901666
