✔ observed merge receipt preserves a proposed squash intent (5.188709ms)
✔ ordinary v1 intent/v1 receipt and warning v2 receipt remain readable (1.054958ms)
✔ #1755 attribution-waived v2 intent/v3 receipt remain readable (3.024458ms)
✔ pending squash intent refuses a provider-reported merge without a receipt (7.801916ms)
✔ no grant retains the original merge-method refusal (2.512ms)
✔ wrong accepted SHA refuses without terminal writes (1.157875ms)
✔ wrong PR base target refuses without terminal writes (1.78125ms)
✔ unreachable merge refuses without terminal writes (1.410042ms)
✔ unmerged PR remains pending without a receipt or terminal write (1.284416ms)
✔ malformed persisted intent refuses without a receipt (0.901625ms)
✔ Task 8 precedence: method mismatch plus invalid merge SHA reports merge-commit-sha (1.20425ms)
✔ Task 8 precedence: method mismatch plus invalid mergedAt reports merged-at (1.306ms)
✔ Task 8 precedence: method mismatch plus unknown Git topology reports merge-method-unknown (1.86375ms)
✔ one-issue local-trunk proposal cannot waive a PR delivery failure (0.406125ms)
ℹ tests 14
ℹ suites 0
ℹ pass 14
ℹ fail 0
ℹ cancelled 0
ℹ skipped 0
ℹ todo 0
ℹ duration_ms 41.2625
