✔ #1490: PR #1489 real default-squash body recovers without a trailer (3.854125ms)
✔ #1490: PR #1487 real default-squash body recovers without a trailer (0.434291ms)
✔ #1490: a multi-token default body carrying every expected token recovers (0.292958ms)
✔ #1583: an authorized secondary target recovers when another authorized token leads (0.229917ms)
✔ #1583: an absent target is rejected before external recovery (0.387042ms)
✔ #1583: an unauthorized title-leading token is refused (0.252541ms)
✔ #1490: a missing expected secondary token is refused (0.192292ms)
✔ #1490: an extra unauthorized token is refused (0.181334ms)
✔ #1490: a title not leading with the top-level token is refused (0.265834ms)
✔ #1490: a nonterminal Attribution line does not fall through to the default-body proof (0.276375ms)
✔ #1490: a duplicated Attribution line does not fall through to the default-body proof (0.21125ms)
✔ #1490: an indented canonical-looking trailer does not fall through (0.152334ms)
✔ #1490: a canonical trailer on external recovery still succeeds (0.1585ms)
ℹ tests 13
ℹ suites 0
ℹ pass 13
ℹ fail 0
ℹ cancelled 0
ℹ skipped 0
ℹ todo 0
ℹ duration_ms 11.548
