✔ #1490: a multi-commit external squash whose head is a merge commit is proven (3.704792ms)
✔ #1490: a multi-commit external squash of ordinary commits is proven (0.347167ms)
✔ #1490: a multi-commit rebase is refused because its parent is a fresh rewrite (0.404834ms)
✔ #1490: tree equality alone does not prove a squash (0.136083ms)
✔ #1490: a merged tree differing from the accepted tree is refused (0.133292ms)
✔ #1490: an incomplete or unbound source inventory is refused (0.16925ms)
✔ #1490: an ordinary two-parent merge is classified as a merge, never a squash (0.185125ms)
✔ #1490: a fast-forward is refused (0.173ms)
✔ #1490: an inventory and evidence of differing length are refused (0.201833ms)
✔ #1490: a reordered inventory and evidence pairing is refused (0.184291ms)
✔ #1490: a duplicated source OID is refused (0.137083ms)
✔ #1490: an accepted head that does not terminate the inventory is refused (0.121375ms)
✔ #1490: evidence missing required structure is refused (0.095833ms)
ℹ tests 13
ℹ suites 0
ℹ pass 13
ℹ fail 0
ℹ cancelled 0
ℹ skipped 0
ℹ todo 0
ℹ duration_ms 10.642083
