✔ preflight returns the exact frozen delivery plan for one accepted head (2.140083ms)
✔ preflight preserves typed waived review authority without a passed marker (0.252625ms)
✔ preflight rejects malformed typed review authority (0.330792ms)
✔ preflight rejects a well-formed waived authority at the wrong head (0.124083ms)
✔ preflight requires every named snapshot field explicitly (0.206833ms)
✔ preflight fails closed for active issue mismatch (0.078583ms)
✔ preflight fails closed for paused timer (0.057625ms)
✔ preflight fails closed for non-Review project state (0.052083ms)
✔ preflight fails closed for closed issue (0.084791ms)
✔ preflight fails closed for unassigned issue (0.114916ms)
✔ preflight fails closed for missing Agent Review Passed evidence (0.067541ms)
✔ preflight fails closed for missing human or Full-Auto approval evidence (0.070792ms)
✔ preflight fails closed for child lineage (0.109584ms)
✔ preflight fails closed for zero pull requests (0.065875ms)
✔ preflight fails closed for multiple pull requests (0.062333ms)
✔ preflight fails closed for closed pull request (0.060625ms)
✔ preflight fails closed for draft pull request (0.068417ms)
✔ preflight fails closed for wrong pull request base (0.059333ms)
✔ preflight fails closed for wrong pull request head branch (0.054375ms)
✔ preflight fails closed for local head mismatch (0.046416ms)
✔ preflight fails closed for remote pull request head mismatch leaves zero accepted-head pull requests (0.050333ms)
✔ preflight fails closed for Test receipt head mismatch (0.043709ms)
✔ preflight fails closed for accepted review head mismatch (0.039333ms)
✔ preflight fails closed for issue-scoped dirty overlap (0.048584ms)
✔ preflight fails closed for unknown mergeability (0.043292ms)
✔ preflight fails closed for unreadable required checks (0.046583ms)
✔ preflight fails closed for non-green required check (0.052333ms)
✔ preflight fails closed for required check from another head (0.043834ms)
✔ preflight fails closed for repository-disallowed merge method (0.0645ms)
✔ preflight fails closed for missing commit attribution (0.252375ms)
✔ preflight refuses unknown nested evidence instead of normalizing it (0.256583ms)
✔ provider action preserves the exact authorized intent bytes (2.453708ms)
✔ provider action accepts every delivery-verifiable merge method authorized by configuration (0.660792ms)
✔ delivery preflight refuses configured rebase before an action can be authorized (0.086042ms)
✔ provider action emission re-hashes intent text and rejects recovered drift (0.327ms)
✔ pure delivery policy modules contain no process execution boundary (0.387458ms)
ℹ tests 36
ℹ suites 0
ℹ pass 36
ℹ fail 0
ℹ cancelled 0
ℹ skipped 0
ℹ todo 0
ℹ duration_ms 14.106958
