✔ waived v2 intent has exact scope and cannot project as an ordinary v1 intent (5.419458ms)
✔ a second intent ID cannot consume the same waiver operation (1.731375ms)
✔ waived v3 receipt selection is explicit and preserves immutable provenance (3.973625ms)
✔ builders produce exact versioned schemas, hashes, and deeply frozen values (0.269041ms)
✔ #1619: warning-bearing receipts use exact v2 bytes while warning-free receipts stay v1 (0.890625ms)
✔ #1619: receipt v2 refuses malformed warning data and divergent warning receipts (0.691083ms)
✔ external recovery intent retains strict observed history bytes without provider correlation (0.191208ms)
✔ intent and receipt records round trip every supported merge method (0.785333ms)
✔ intent and receipt records reject merge methods outside the supported set (0.296792ms)
✔ comments contain one canonical marker and preserve authoritative server metadata (0.439667ms)
✔ intent comments round trip when bounded payload strings contain delivery marker names (0.213583ms)
✔ receipt comments round trip when bounded payload strings contain delivery marker names (0.13025ms)
✔ intent comments reject a second inline hidden delivery marker (0.193208ms)
✔ receipt comments reject a second inline hidden delivery marker (0.189ms)
✔ builders reject extra keys, malformed identities, unbounded strings, and invalid SHAs (2.199084ms)
✔ repository names accept the normal form and reject more than 256 UTF-8 bytes (0.219417ms)
✔ parser rejects malformed marker-like comments and noncanonical record bytes (0.638333ms)
✔ parser enforces repository, issue, PR, exact record keys, and server createdAt correlation (0.579834ms)
✔ transaction parser ignores only a fully valid historical PR record (0.73125ms)
✔ projection computes superseded effective state and the live matching receipt (0.73525ms)
✔ projection rejects duplicate IDs, missing links, cycles, forks, and multiple live tips (2.649208ms)
✔ projection rejects a replacement that names an intent appearing later in comment order (1.343875ms)
✔ projection rejects same-key divergent authorized bytes (0.815333ms)
✔ projection rejects orphaned, mismatched, duplicate, and conflicting receipts (1.547459ms)
✔ receipt authority follows comment order while retaining superseded-intent receipts (0.843625ms)
✔ generic delivery waiver schema is explicit and never inferred from attribution fields (0.176458ms)
ℹ tests 26
ℹ suites 0
ℹ pass 26
ℹ fail 0
ℹ cancelled 0
ℹ skipped 0
ℹ todo 0
ℹ duration_ms 33.004458
