✔ #1619: merged recovery accepts wholly absent source attribution with a warning (3.411125ms)
✔ #1619: merged recovery refuses partial, malformed, duplicate, or conflicting attribution (0.426458ms)
✔ #1619: preflight failures expose the failed predicate and a supported recovery action (0.249041ms)
✔ waived merge without attribution trailer produces a labeled v3 receipt input (8.484ms)
✔ waived merge with only the exact terminal trailer carries no warning (1.693834ms)
✔ waived merge refuses conflicting trailer, changed inventory, or changed exception record (1.741167ms)
✔ waived merge refuses unauthorized body token before an exact terminal trailer (0.472042ms)
✔ waived merge refuses whitespace-prefixed conflicting trailer before an exact terminal trailer (0.458417ms)
✔ waived merge refuses whitespace-prefixed duplicate claim with authorized tokens (0.501416ms)
✔ verifies multi-issue squash attribution from exact inspected commit bytes (0.339167ms)
✔ external recovery accepts one canonical inspected attribution line (0.447209ms)
✔ external recovery accepts exact GitHub default merge attribution for the accepted head (0.458333ms)
✔ external recovery refuses inexact or non-merge default merge attribution evidence (1.029208ms)
✔ external recovery verifies an advanced observed local head against accepted authority (0.131709ms)
✔ external recovery keeps its exact input schema and authority equality checks (0.314083ms)
✔ external recovery rejects noncanonical inspected attribution lines (0.495833ms)
✔ #1619: verification failures expose distinct immutable-evidence predicates (0.340458ms)
ℹ tests 17
ℹ suites 0
ℹ pass 17
ℹ fail 0
ℹ cancelled 0
ℹ skipped 0
ℹ todo 0
ℹ duration_ms 26.177083
