✔ reserves intent before one POST and resumes exact confirmed transaction (5.073833ms)
✔ one operation cannot change intent or burn after consumption (2.749167ms)
✔ unresolved receipt request is indeterminate and never posts again (2.310958ms)
✔ lost intent POST response permits exact readback but never a second POST (0.903917ms)
✔ unresolved intent request blocks all later POSTs and burn (1.118375ms)
✔ different operation cannot reserve an already owned original intent (0.607375ms)
✔ unrelated operation advances tip without changing the first burn OID (3.320666ms)
✔ a later exact receipt readback resolves the original pending request (4.678792ms)
✔ first burn refuses without a current authority and full verification port (0.434708ms)
✔ v3 readback refuses a divergent comment with the same intent and operation (0.253ms)
✔ v4 readback refuses a divergent receipt for the same operation (1.876708ms)
✔ first burn rejects stale grant or failed non-waived verification without CAS (1.272958ms)
✔ completed operation still reconciles its exact intent beside the v4 receipt (2.444292ms)
ℹ tests 13
ℹ suites 0
ℹ pass 13
ℹ fail 0
ℹ cancelled 0
ℹ skipped 0
ℹ todo 0
ℹ duration_ms 36.895916
