✔ fresh exact waiver verifies all live predicates and returns provisional facts only (2.408209ms)
✔ pinned waiver reproduces stored receipt input without current grant lookup (2.6695ms)
✔ generic waiver refuses mismatched schemas and fabricated mode flags as input-contract (0.304625ms)
✔ a second failed predicate refuses the provisional waiver (0.394959ms)
✔ provider and Git disagreement is a hard evidence refusal (0.598042ms)
✔ malformed provider method and unknown topology remain hard refusals (0.683292ms)
✔ pinned provider field may disappear while receipt retains authorized observation (2.677791ms)
✔ pinned topology changes and conflicting new provider observations refuse (2.681916ms)
✔ pinned evidence requires a complete real burn and cannot use a fake OID (2.593417ms)
✔ fresh waiver preserves an absent provider method as null (0.360208ms)
✔ confirmed v3 candidate can be reverified provisionally before a burn (0.384583ms)
✔ unrelated trunk advancement remains valid when the merge stays reachable (1.574084ms)
✔ fresh waiver refuses a contradictory original intent timestamp (0.18375ms)
✔ pinned null provider observation remains null when metadata later appears (2.0545ms)
✔ typed current-grant ambiguity retains its hard ID and indeterminate outcome (0.34875ms)
✔ valid local head divergence can use accepted-head waiver with accepted PR/Test/Review head intact (0.945875ms)
✔ valid merge-before-original-intent chronology can use one intent-integrity waiver (0.421458ms)
✔ observed commit bytes divergence can use one commit-attribution waiver (0.414208ms)
✔ conflicting accepted authorities stays hard despite a matching catalog-eligible grant (0.789791ms)
✔ unmerged PR stays hard despite a matching catalog-eligible grant (0.569375ms)
✔ wrong PR target stays hard despite a matching catalog-eligible grant (0.588125ms)
✔ unreachable merge stays hard despite a matching catalog-eligible grant (0.674333ms)
✔ unknown branch disposition stays hard despite a matching catalog-eligible grant (0.500125ms)
✔ two distinct eligible failures refuse before any provisional receipt (0.266542ms)
✔ commit-attribution waiver never accepts a conflicting issue claim (1.027208ms)
✔ single missing final attribution can use the exact commit-attribution waiver (0.643875ms)
✔ missing final attribution and changed bytes count as one waived requirement ID (0.45575ms)
✔ pinned v3/v4 missing-trailer waiver reconstructs an exact warning-free receipt (2.677917ms)
ℹ tests 28
ℹ suites 0
ℹ pass 28
ℹ fail 0
ℹ cancelled 0
ℹ skipped 0
ℹ todo 0
ℹ duration_ms 34.480333
