
✅ DISCUSSION RESOLVED — #405 · implementation may commence
✔ hasDiscussMarker: bare token alone on a line → true (0.689209ms)
✔ hasDiscussMarker: whitespace-padded bare token → true (#479 AC1) (0.073458ms)
✔ hasDiscussMarker: inline prose mention → false (#479 AC2) (0.072625ms)
✔ hasDiscussMarker: backticked mention, even alone on a line → false (#479 AC3) (0.062416ms)
✔ hasDiscussMarker: prefixed / quoted lines → false (#479 AC4) (0.076209ms)
✔ hasDiscussMarker: trivial / no-bare-token bodies → false (#479 AC5) (0.058916ms)
✔ markDiscussed: strips the bare line-alone marker + stamps audit marker (0.302042ms)
✔ markDiscussed: leaves inline / prose / backticked mentions untouched (#479 AC6) (0.093292ms)
✔ markDiscussed: removes the whole bare-token line (no stray blank line) (0.0805ms)
✔ markDiscussed: idempotent on second call, single audit marker (0.123709ms)
✔ markDiscussed: a body with only inline mentions still stamps once, strips nothing (0.070542ms)
✔ markDiscussed: preserves invariant markers (1.344417ms)
✔ round-trip: a bare marker is detected, then resolved, then not detected (0.066083ms)
✔ finalizeDiscussion: scope splice + token consume in one write; prose mention survives (2.741917ms)
✔ finalizeDiscussion: rejects empty scope (0.276375ms)
✔ hasDiscussRequest: detects the durable request marker; disjoint from aitm-discussed (0.076917ms)
✔ hasDiscussedMarker: detects completion; disjoint from request (0.049833ms)
✔ isDiscussPending: token OR request marker while not yet discussed (0.057917ms)
✔ convergeDiscuss: strips token, ensures exactly one request marker (0.089208ms)
✔ convergeDiscuss: idempotent — byte-stable fixed point on re-run (0.051083ms)
✔ convergeDiscuss: collapses duplicate request markers to one (0.042208ms)
✔ convergeDiscuss: marker-only body keeps the marker, stays pending (0.413709ms)
✔ convergeDiscuss: already-discussed body is returned unchanged (0.06575ms)
✔ convergeDiscuss: no signal → unchanged (0.047334ms)
✔ markDiscussed: also strips the durable request marker on completion (0.061417ms)
✔ markDiscussed: converge → complete round-trip strips both carriers (0.051542ms)
✔ convergeDiscuss: preserves invariant markers (0.120208ms)
✔ template parity: user-request.yml hardcodes the token; task/bug do not (1.193833ms)
ℹ tests 28
ℹ suites 0
ℹ pass 28
ℹ fail 0
ℹ cancelled 0
ℹ skipped 0
ℹ todo 0
ℹ duration_ms 13.109542
