▶ AC1: docs-only is a commit-bearing valid kind
  ✔ docs-only ∈ VALID_KINDS (0.339958ms)
  ✔ docs-only ∉ NO_COMMIT_KINDS (0.0675ms)
  ✔ the four no-commit kinds are unchanged (0.385958ms)
✔ AC1: docs-only is a commit-bearing valid kind (1.341292ms)
▶ AC2: docs-only kind marker round-trips
  ✔ normalizeKind accepts docs-only (case/space insensitive) (0.109083ms)
  ✔ setIssueKindMarker → parseIssueKind round-trips docs-only (0.429333ms)
  ✔ code (default) still writes no marker (0.094208ms)
✔ AC2: docs-only kind marker round-trips (0.748667ms)
▶ diff classifier: isDocPath / diffIsDocsOnly / docsKindDropsTests
  ✔ isDocPath: .md, .markdown, and docs/ dirs are docs; code is not (0.172792ms)
  ✔ diffIsDocsOnly: empty set is NOT docs-only (default-deny) (0.077916ms)
  ✔ diffIsDocsOnly: all-doc → true; any non-doc → false (0.080417ms)
  ✔ docsKindDropsTests: only docs-only kind + provably docs-only diff (0.09325ms)
✔ diff classifier: isDocPath / diffIsDocsOnly / docsKindDropsTests (0.579375ms)
▶ AC3: docs-only diff drops the functional tests item
  ✔ filterDodForKindAndDiff drops dod:functional:tests for docs-only diff (0.29275ms)
  ✔ preflight --kind docs-only with a docs-only changed-paths-file omits tests + suite VCs (280.884917ms)
✔ AC3: docs-only diff drops the functional tests item (281.374792ms)
▶ AC4: a mixed (non-doc) diff keeps the tests item for docs-only kind
  ✔ filterDodForKindAndDiff keeps tests when a code path is present (0.130291ms)
  ✔ preflight --kind docs-only with a functional path keeps tests + suite VCs (247.517333ms)
  ✔ docs-only kind WITHOUT a changed-paths-file keeps tests (safe default) (273.252833ms)
✔ AC4: a mixed (non-doc) diff keeps the tests item for docs-only kind (521.178833ms)
▶ AC5: an unknown extension counts as functional (default-deny)
  ✔ filterDodForKindAndDiff keeps tests for an unknown extension (0.148541ms)
  ✔ preflight --kind docs-only with only an unknown-extension path keeps tests (307.357667ms)
✔ AC5: an unknown extension counts as functional (default-deny) (307.701167ms)
▶ AC6: lint/format items survive for docs-only kind
  ✔ the lint+format line survives even when tests is dropped (0.21925ms)
  ✔ preflight docs-only render still emits the lint item (228.533333ms)
✔ AC6: lint/format items survive for docs-only kind (228.953084ms)
▶ AC7: docs-only is commit-bearing (attributed like code)
  ✔ isNoCommitKind is false for a docs-only-marked body (0.166834ms)
  ✔ isNoCommitKind stays true for the no-commit kinds (0.117333ms)
✔ AC7: docs-only is commit-bearing (attributed like code) (0.397542ms)
▶ AC8: workflow.md documents docs-only kind + diff-decides rule
  ✔ names the docs-only kind, the #865 story, and the decide-by-diff principle (0.481834ms)
✔ AC8: workflow.md documents docs-only kind + diff-decides rule (0.533458ms)
▶ back-compat: no conditional drop off the docs-only path
  ✔ code render is identical to filterDodForKind (0.08775ms)
  ✔ docs-only kind with a null/empty diff equals filterDodForKind (keeps tests) (0.08575ms)
✔ back-compat: no conditional drop off the docs-only path (0.254959ms)
ℹ tests 24
ℹ suites 10
ℹ pass 24
ℹ fail 0
ℹ cancelled 0
ℹ skipped 0
ℹ todo 0
ℹ duration_ms 1347.2955
