✔ AC1: an epic is refused develop-exit without a reconciliation marker (2.076709ms)
✔ AC1: the refusal is the ONLY blocker on an otherwise-complete epic (0.598625ms)
✔ AC2: the same epic passes develop-exit once the marker is stamped (0.281958ms)
✔ AC2: stamping does not disturb the kind marker or the deliverable marker (0.123166ms)
✔ AC2: setEpicAcReconciled is idempotent — a second stamp adds no second marker (0.102666ms)
✔ AC2: hasEpicAcReconciledMarker honors a bare, un-timestamped marker (0.058333ms)
✔ AC3: a code-kind issue is unaffected by the new gate (0.370625ms)
✔ AC3: the other no-commit kinds are unaffected — they have no children to reconcile (0.209958ms)
✔ AC4: the marker is registered as a body invariant (0.130875ms)
✔ AC4: dropping the marker is reported as a lost invariant (1.75525ms)
✔ AC4: the invariant entry is mirrored into the gh-edit-guard registry (1.15425ms)
✔ AC5: the refusal names the reconciliation act, not merely the missing marker (0.174792ms)
✔ AC5: the refusal explains WHY reconciliation is a develop-exit event (0.103792ms)
✔ guard-rail: the marker cannot substitute for a missing deliverable (0.160875ms)
✔ guard-rail: reconciliation does not excuse an unticked AC (0.984209ms)
ℹ tests 15
ℹ suites 0
ℹ pass 15
ℹ fail 0
ℹ cancelled 0
ℹ skipped 0
ℹ todo 0
ℹ duration_ms 12.6265
