✔ findNextEligibleChild excludes a child whose blocker is not Done (0.95425ms)
✔ findNextEligibleChild prefers a child that blocks a sibling (blocking-first) (0.125708ms)
✔ findNextEligibleChild keeps rank-ascending tiebreak among equals (0.085541ms)
✔ findNextEligibleChild makes a child eligible once its blocker is Done (0.0705ms)
✔ enrichChildrenWithBlockedBy attaches native dependency readiness per child (0.60925ms)
✔ enrichChildrenWithBlockedBy fails closed when evidence fetch fails (0.320291ms)
✔ wipAdvanceDecision: allows first child out of R4P (no active sibling) (0.126667ms)
✔ wipAdvanceDecision: refuses a second child while one already advances (0.07825ms)
✔ wipAdvanceDecision: dependencies do not bypass the sequential local budget (0.105541ms)
✔ wipAdvanceDecision: a blocked active sibling still consumes the local budget (0.143458ms)
✔ wipAdvanceDecision: Done siblings never count as advancing (0.081625ms)
✔ planRefineWipGate: solo issue (no parent) bypasses (0.141125ms)
✔ planRefineWipGate: refuses when an epic sibling already advances (193.770625ms)
✔ planRefineWipGate: fails closed when sibling fetch throws (0.134791ms)
✔ childCreationAllowedAtEpicState admits the R4P lifecycle state (0.068292ms)
✔ developEpicTestChildrenGate passes for non-epic (no children) (0.111084ms)
✔ developEpicTestChildrenGate refuses when any child is at backlog (0.209042ms)
✔ developEpicTestChildrenGate refuses when any child is at assigned (0.038667ms)
✔ developEpicTestChildrenGate refuses when any child is at refine (0.047084ms)
✔ developEpicTestChildrenGate refuses when any child is at plan (0.102666ms)
✔ developEpicTestChildrenGate refuses when any child is at develop (0.036041ms)
✔ developEpicTestChildrenGate refuses when any child is at test (0.0595ms)
✔ developEpicTestChildrenGate passes when every child is done (0.0595ms)
✔ developEpicTestChildrenGate refuses when every child is only at review (0.0525ms)
✔ developEpicTestChildrenGate refuses a mix of review and terminal children (0.083916ms)
✔ developEpicTestChildrenGate names every nonterminal offender, not just the first (0.08ms)
✔ developEpicTestChildrenGate refuses mixed-case "REVIEW" (0.05775ms)
✔ developEpicTestChildrenGate surfaces fetch failure as blocker (0.098ms)
✔ developEpicTestChildrenGate accepts mixed-case "DONE" (0.058084ms)
✔ developEpicTestChildrenGate requires cfg and issueNumber (0.248875ms)
ℹ tests 30
ℹ suites 0
ℹ pass 30
ℹ fail 0
ℹ cancelled 0
ℹ skipped 0
ℹ todo 0
ℹ duration_ms 201.878209
