✔ native-blocked R4P child stays current for epic admission but waits for its predecessor (3.727625ms)
✔ configured-project mapping ignores legacy blocker markers as dependency authority (0.69475ms)
✔ configured-project child mapping carries current refinement and terminal evidence (0.472209ms)
✔ configured-project mapping rejects stale refinement evidence and board-rank drift (0.375667ms)
✔ epic admission and terminal delivery fail closed on incomplete descriptors and board drift (0.280291ms)
✔ strict local WIP cannot be disabled by project configuration (1.914916ms)
✔ epic Plan admission requires every executable child at R4P or later with refinement evidence (0.221834ms)
✔ R4P state enforces epic child admission before entering Plan (0.096625ms)
✔ next-child selection uses only dependency-ready R4P children and rank (0.123625ms)
✔ next-child selection fails closed while any sibling is locally active (0.121459ms)
✔ local WIP policy has no blocker exception while another child is active (0.483084ms)
✔ epic Test admission requires Done or an accepted closed disposition (0.313375ms)
✔ pull-next advances one dependency-ready R4P child exactly one edge and then stops (11.353292ms)
✔ pull-next refuses to start another local child while a sibling is active (0.183792ms)
✔ operator help, architecture, and pickup guidance describe R4P child staging (3.014166ms)
✔ epic child enumeration exhausts every GraphQL page and refuses cursor ambiguity (0.98875ms)
✔ configured child project membership and fields paginate exhaustively (0.384875ms)
ℹ tests 17
ℹ suites 0
ℹ pass 17
ℹ fail 0
ℹ cancelled 0
ℹ skipped 0
ℹ todo 0
ℹ duration_ms 28.243708
