✔ forecast-ready marker is canonical, replaceable during Plan, and readable by the exit gate (0.821125ms)
✔ Plan authority converges Refine history, board Estimate/Size, body fields, and forecast read-back (1.185959ms)
✔ Plan authority rejects an off-grid forecast before its first write (0.395958ms)
✔ Plan authority rejects a legacy v1 forecast before its first write (0.1755ms)
✔ Plan authority publishes the normalized forecast Refine baseline (0.274792ms)
✔ concurrent Plan convergence claims the forecast generation and appends it once (11.067083ms)
✔ every interrupted seam replays convergently without duplicating the forecast (1.335458ms)
✔ already-converged replay performs no writes (0.255ms)
✔ Develop or frozen forecasts reject supersession outside audited demote/replan (0.237083ms)
✔ conflicting non-superseded forecasts fail closed (0.171375ms)
✔ audited Plan re-entry may supersede exactly one prior active forecast (0.180334ms)
✔ adaptive execution refreshes rubric, builds forecast, creates an envelope, and converges authority (0.222917ms)
✔ legacy baseline adoption freezes only an exact matching Develop projection (0.22625ms)
✔ legacy baseline adoption refuses mismatches, existing evidence, or non-Develop state (0.198875ms)
ℹ tests 14
ℹ suites 0
ℹ pass 14
ℹ fail 0
ℹ cancelled 0
ℹ skipped 0
ℹ todo 0
ℹ duration_ms 19.8835
