✔ production estimation transport uses the #1070 store without direct REST comment code (0.710334ms)
✔ production estimation transport resolves the issue node and writes through GraphQL (0.516875ms)
✔ record construction generates canonical ULIDs and validates the complete envelope (5.288541ms)
✔ current forecast, outcome, and rubric payloads validate their exact schemas (0.888458ms)
✔ published v1 forecasts with fractional hours remain readable but cannot be newly created (1.632834ms)
✔ forecast rejects invalid sizes, WBS identity/totals, stage totals, and P80 ordering (0.225792ms)
✔ forecast rejects arbitrary fractions on every published estimate surface (0.42175ms)
✔ outcomes require a frozen forecast and coherent non-negative actuals (0.161291ms)
✔ rubrics require unique outcome identities and coherent samples (0.148834ms)
✔ published v1 rubrics without planning thresholds remain readable for migration (0.170958ms)
✔ known estimation record types are validated and correlated by the canonical envelope (0.979666ms)
✔ visible renderers expose evidence while presentation edits leave payload hashes unchanged (1.955792ms)
✔ immutable estimation writes use the comment store and accept success only after read-back (1.539125ms)
ℹ tests 13
ℹ suites 0
ℹ pass 13
ℹ fail 0
ℹ cancelled 0
ℹ skipped 0
ℹ todo 0
ℹ duration_ms 18.669375
