▶ unitTestPath
  ✔ maps a lib source file to its unit test path (0.551458ms)
  ✔ maps a root-level source file (0.074333ms)
  ✔ maps a verb source file (0.065083ms)
  ✔ returns null for a test file (no self-discovery) (0.056083ms)
  ✔ returns null for any path ending in .test.mjs (0.05575ms)
  ✔ two source files in different dirs with the same basename map to distinct tests (0.067541ms)
  ✔ maps a package-root module into the core bucket (0.099458ms)
✔ unitTestPath (1.731083ms)
▶ findUnitTests
  ✔ exposes source-to-test matches for explainable selector composition (1.026875ms)
  ✔ returns repo-root-relative paths for source files whose unit test exists (0.315666ms)
  ✔ silently skips source files whose unit test does not exist (0.281625ms)
  ✔ handles mixed present/absent cases (0.280917ms)
  ✔ ignores test files in the input list (0.474625ms)
  ✔ deduplicates when two source files map to the same test (0.611041ms)
  ✔ returns empty array for empty input (0.343708ms)
  ✔ resolves a subsystem-nested unit test by basename (#868 nesting-aware) (0.083208ms)
  ✔ prefers the complete source-relative canonical match over a basename collision (0.065042ms)
  ✔ rejects ambiguous basename fallback matches (0.046583ms)
✔ findUnitTests (3.831584ms)
▶ merge + dedup with direct test files
  ✔ direct test already in diff — discovered duplicate is suppressed (0.362792ms)
  ✔ discovered test not in direct diff — appended after direct changes (0.247ms)
✔ merge + dedup with direct test files (0.69225ms)
ℹ tests 19
ℹ suites 3
ℹ pass 19
ℹ fail 0
ℹ cancelled 0
ℹ skipped 0
ℹ todo 0
ℹ duration_ms 63.078917
