✔ detectLinkedWorktree: git-dir under /worktrees/ → true; plain .git → false (0.937375ms)
✔ makeCloseTrunkRefResolver: worktree → origin/trunk, main → trunk, cfg.trunkRef wins (0.493875ms)
✔ resolveOpenPrNumber: parses the first open PR head match; null on none/error (0.204667ms)
✔ enableFullAutoMergeForClose: not full-auto → skipped, no gh calls (0.416958ms)
✔ enableFullAutoMergeForClose: missing PR never implies a local lane (0.175625ms)
✔ enableFullAutoMergeForClose: child delivery skips before inspecting the epic PR (0.108125ms)
✔ enableFullAutoMergeForClose: unknown lineage fails closed before PR discovery (0.106792ms)
✔ enableFullAutoMergeForClose: PR present + fullAutoMerge unconfigured → fail-closed (0.064917ms)
✔ fetchParentIssueStrict returns the live parent and propagates lookup failure (0.323833ms)
✔ close no longer imports or calls the legacy PR executor (0.466417ms)
✔ enableFullAutoMergeForClose: provider action refuses direct execution (0.098584ms)
✔ enableFullAutoMergeForClose: retired gh-auto-merge fails closed without merge execution (0.069542ms)
✔ enableFullAutoMergeForClose: local-trunk-lane authorized → local-lane (no gh merge) (0.062958ms)
✔ enableFullAutoMergeForClose: unauthorized local lane fails without PR discovery (0.050875ms)
✔ enableFullAutoMergeForClose: retired gh route is never reached (0.068375ms)
ℹ tests 15
ℹ suites 0
ℹ pass 15
ℹ fail 0
ℹ cancelled 0
ℹ skipped 0
ℹ todo 0
ℹ duration_ms 7.352167
