✔ equivalent legacy and directory contracts produce the same immutable core model (6.513292ms)
✔ normalized ACs preserve evidence declarations and the historic parser export (1.710917ms)
✔ normalized DoD items preserve evidence declarations for both source kinds (0.847958ms)
✔ evidence projections preserve equivalent logical evidence across source kinds (1.259292ms)
✔ evidence adapter resolves once, honors directory authority, and fails closed (2.167333ms)
✔ Functional DoD projections preserve canonical keys and unknown logical IDs (1.337709ms)
✔ Functional DoD adapter resolves exactly once and propagates failures (0.328792ms)
✔ directory authority failures never fall back to a valid legacy body (1.473667ms)
✔ normalized record output preserves stable ordering, state, references, and immutability (8.487042ms)
✔ legacy compatibility IDs and ordering are deterministic (0.204708ms)
✔ body-gate adapter makes equivalent legacy and directory VC decisions (2.462917ms)
✔ body-gate adapter resolves once and refuses directory failures without body fallback (1.437666ms)
ℹ tests 12
ℹ suites 0
ℹ pass 12
ℹ fail 0
ℹ cancelled 0
ℹ skipped 0
ℹ todo 0
ℹ duration_ms 32.630125
