▶ guard-parity: review→done
  ✔ accept fixture: skipped — see fixture _reason (0.809542ms)
  ✔ refuse fixture: markerPresentGate refuses missing dod-verified marker (0.607458ms)
✔ guard-parity: review→done (1.98975ms)
▶ guard-parity: backlog→refine via-state-objects
  ✔ accept fixture: state-object walk passes when Priority is set (2.8805ms)
  ✔ missing Priority does not block entry into active Refine (0.710666ms)
  ✔ parity: state-object refusal set equals registry refusal set (0.998041ms)
✔ guard-parity: backlog→refine via-state-objects (4.918417ms)
▶ guard-parity: refine→ready-for-plan via-state-objects
  ✔ refuse fixture: aggregate state-object refusals match library refusals (3.503041ms)
  ✔ parity: state-object refusal set equals registry refusal set (1.052791ms)
✔ guard-parity: refine→ready-for-plan via-state-objects (4.817208ms)
ℹ tests 7
ℹ suites 3
ℹ pass 7
ℹ fail 0
ℹ cancelled 0
ℹ skipped 0
ℹ todo 0
ℹ duration_ms 14.187792
