▶ unfinished stories through the production early registry
  ✔ missing heading passes Refine exit with every unrelated guard enabled (4.757084ms)
  ✔ missing heading emits no story warning at Refine entry (0.901166ms)
  ✔ blank passes Refine exit with every unrelated guard enabled (0.69525ms)
  ✔ blank emits no story warning at Refine entry (0.126167ms)
  ✔ template passes Refine exit with every unrelated guard enabled (0.270959ms)
  ✔ template emits no story warning at Refine entry (0.11525ms)
✔ unfinished stories through the production early registry (7.639583ms)
▶ guard-parity: backlog→refine
  ✔ accept fixture: refine-preflight ok on a well-formed fresh issue (0.681625ms)
  ✔ refuse fixture: validateBody refusal-set agrees across paths (0.145583ms)
✔ guard-parity: backlog→refine (0.942ms)
▶ guard-parity: refine→ready-for-plan
  ✔ accept fixture: preflight + exit gate agree on ok (1.286292ms)
  ✔ refuse fixture: blocker sets are identical between paths (0.426625ms)
✔ guard-parity: refine→ready-for-plan (1.814958ms)
▶ guard-parity: backlog→refine via-registry
  ✔ accept fixture: runGuards passes when Priority is set (2.655917ms)
  ✔ missing Priority does not block entry into active Refine (0.3225ms)
✔ guard-parity: backlog→refine via-registry (3.126417ms)
▶ guard-parity: refine→ready-for-plan via-registry
  ✔ refuse fixture: aggregate registry refusals match library refusals (0.896917ms)
✔ guard-parity: refine→ready-for-plan via-registry (0.984709ms)
ℹ tests 13
ℹ suites 5
ℹ pass 13
ℹ fail 0
ℹ cancelled 0
ℹ skipped 0
ℹ todo 0
ℹ duration_ms 23.336875
