▶ guard-bootstrap: entry-field adapter registration
  ✔ the obsolete pre-refine Priority adapter is not registered (0.384416ms)
  ✔ planEntryFieldsBody and planEntryFieldsBoard are registered at refine.exit (0.0915ms)
  ✔ re-bootstrap is idempotent (0.177167ms)
✔ guard-bootstrap: entry-field adapter registration (1.2245ms)
▶ refineEntryFieldsPriority adapter
  ✔ refuses on missing Priority and joins blockers into reason (0.32925ms)
  ✔ passes on Priority present (0.113791ms)
  ✔ refuses with a structured reason when ctx is malformed (0.134083ms)
✔ refineEntryFieldsPriority adapter (0.751958ms)
▶ planEntryFieldsBody adapter
  ✔ returns refinementPlan as derived data on success (0.467ms)
  ✔ joins multiple blockers with "; " when underlying gate refuses (0.1975ms)
✔ planEntryFieldsBody adapter (0.818375ms)
▶ planEntryFieldsBoard adapter
  ✔ refuses on missing Rank and joins blockers (0.79775ms)
✔ planEntryFieldsBoard adapter (0.853ms)
ℹ tests 9
ℹ suites 4
ℹ pass 9
ℹ fail 0
ℹ cancelled 0
ℹ skipped 0
ℹ todo 0
ℹ duration_ms 7.611666
