✔ Plan guards accept only their explicitly waived requirements (1.734667ms)
✔ deep-dive waiver retains the independent Pickup Directive gate (0.453833ms)
✔ Planned Estimate and forecast waivers remain independent (0.681625ms)
✔ adaptive Plan exit refuses when ready forecast drifted after approval freeze (0.417333ms)
✔ adaptive Plan exit refuses a ready forecast that was never frozen at approval (0.176666ms)
✔ v1 Plan projection requires one ready forecast matching board and body authority (0.254417ms)
✔ configured adaptive Plan refuses marker-free exit even when the legacy appendix is valid (0.145041ms)
✔ v1 Plan projection uses production raw-comment pagination when no reader is injected (5.484208ms)
✔ planApprovedGuard: body with marker → ok (0.122916ms)
✔ planApprovedGuard: missing marker, toState=develop → refuse (0.167458ms)
✔ planApprovedGuard: missing marker, toState=refine (rollback) → ok (0.066292ms)
✔ planApprovedGuard: missing marker, toState absent → falls through (refuse) (0.0615ms)
✔ planApprovedGuard: empty/undefined body → refuse (0.042625ms)
✔ planApprovedGuard follows documented automatic/manual session precedence (0.063458ms)
✔ planEpicChildrenGuard: toState=refine (rollback) → ok regardless of children (0.145542ms)
✔ planEpicChildrenGuard: missing cfg/issueNumber → fail-open (0.095167ms)
✔ planEpicChildrenGuard: solo issue (no children) → ok (0.114125ms)
✔ planEpicChildrenGuard: epic with all children at R4P → ok (0.3765ms)
✔ planEpicChildrenGuard: epic with backlog child → refuse (0.098166ms)
✔ planExitVcPresenceGuard: body with a parseable VC entry → ok (0.215334ms)
✔ planExitVcPresenceGuard: no VC section, toState=develop → refuse (0.073875ms)
✔ planExitVcPresenceGuard: VC heading present but no parseable entry → refuse (0.039834ms)
✔ planExitVcPresenceGuard: unchecked entry still passes (presence, not completion) (0.071083ms)
✔ planExitVcPresenceGuard: toState=refine (rollback) → ok regardless of body (0.029458ms)
✔ planExitVcPresenceGuard: undefined body → fail-open (0.027917ms)
✔ STATES.plan.exitGuards: includes plan-exit-vc-presence (0.037458ms)
✔ runGuards(plan,develop): no VC section → surfaces plan-exit-vc-presence refusal (12.769917ms)
✔ STATES.plan.exitGuards: includes plan-exit-plan-approved (0.096125ms)
✔ STATES.plan.exitGuards: includes plan-exit-epic-children-r4p-or-beyond (0.070834ms)
✔ STATES.plan.exitGuards: blockedBy runs before plan-exit guards (0.052167ms)
✔ runGuards(plan,develop): missing plan-approved marker → refusal (228.855792ms)
✔ runGuards(plan,refine): rollback bypasses plan-exit guards (0.357792ms)
✔ runGuards(plan,develop): marker present + solo issue → ok (3.930916ms)
ℹ tests 33
ℹ suites 0
ℹ pass 33
ℹ fail 0
ℹ cancelled 0
ℹ skipped 0
ℹ todo 0
ℹ duration_ms 261.021083
