✔ strict UTF-8 decoding rejects malformed byte sequences before YAML parsing (0.842125ms)
✔ position index counts UTF-16 code units after emoji and normalizes CRLF and lone CR (0.47475ms)
✔ event parser retains raw nested field ranges independently of decoded scalar values (2.069917ms)
✔ event parser rejects duplicate mapping keys before construction loses the first value (0.203083ms)
✔ event parser rejects anchors, aliases, tags, and quoted or plain merge keys (0.372875ms)
✔ quoted field ranges include raw quotes after a folded block scalar (0.334375ms)
✔ validator reports independent unknown fields with exact UTF-16 field positions (1.165292ms)
✔ validator rejects duplicate IDs and unregistered agent operations without dropping either error (0.414417ms)
✔ value-level diagnostics use raw instruction-key and binding-value positions (20.041ms)
✔ an instruction cannot query or execute a registered action outside its entry binding (14.764417ms)
✔ documentation references resolve shipped paths and reject traversal (0.725459ms)
✔ validator checks registry bindings, typed examples and documentation anchors independently (1.096875ms)
✔ source byte limit is checked before a syntactically malformed oversized document is parsed (0.69775ms)
✔ five fingerprints isolate agent, human, semantic and raw-file edits (0.817625ms)
✔ packaged seed validates offline with all core IDs, five digests and catalog headroom (14.132125ms)
✔ packaged genesis provenance names the empty v1 semantic baseline rather than a placeholder (12.273334ms)
✔ parser, schema and seed are in the published production package contract (0.976541ms)
✔ active source profile refuses an untracked or misplaced override while candidate stays inspectable (36.268667ms)
✔ fatal source diagnostics retain the requested source profile (0.147708ms)
✔ duplicate registered bindings are rejected even though both references resolve (11.232084ms)
✔ field and proxy budgets emit independent limit diagnostics (2.0675ms)
✔ each structural limit rejects its limit-plus-one catalog (503.886625ms)
ℹ tests 22
ℹ suites 0
ℹ pass 22
ℹ fail 0
ℹ cancelled 0
ℹ skipped 0
ℹ todo 0
ℹ duration_ms 630.016333
