✔ lifecycleSatisfaction: all absent when labels absent (1.022208ms)
✔ lifecycleSatisfaction: ticked when checkbox is [x] (0.471916ms)
✔ lifecycleSatisfaction: audited when fullAutoApproved & passed-final-review missing (0.114458ms)
✔ lifecycleSatisfaction: optout when marker present and label missing (0.096875ms)
✔ lifecycleSatisfaction: ticked beats audited (0.094541ms)
✔ parseLifecycleOptouts: parses multiple keys, lowercases (0.0625ms)
✔ assertLifecycleSatisfied: required + passed-final-review missing → block (0.338ms)
✔ assertLifecycleSatisfied: only close-owned keys missing → pass (0.519667ms)
✔ #982 canonical satisfaction reads review and housekeeping as one logical set (0.152209ms)
✔ assertLifecycleSatisfied: required + all ticked → pass (0.130042ms)
✔ assertLifecycleSatisfied: required=false never blocks (0.144292ms)
✔ assertLifecycleSatisfied: audit marker satisfies passed-final-review only (0.10675ms)
✔ assertLifecycleSatisfied: opt-outs unblock per key (0.075709ms)
ℹ tests 13
ℹ suites 0
ℹ pass 13
ℹ fail 0
ℹ cancelled 0
ℹ skipped 0
ℹ todo 0
ℹ duration_ms 8.36375
