✔ task-owner exposes issue, project, and session scopes (1.042084ms)
✔ background-convergence exposes only issue and project scopes (0.075791ms)
✔ task-owner preserves the exact legacy tail (0.103416ms)
✔ background convergence excludes every session effect (0.081875ms)
✔ task-owner is the default profile (0.099042ms)
✔ every falsy profile except undefined fails closed (0.315834ms)
✔ non-string profiles fail closed even when string coercion names a known profile (0.073458ms)
✔ unknown profiles fail closed (0.077541ms)
✔ moveState refuses an unknown profile before any saga effect (0.309916ms)
✔ moveState refuses an unsupported review authority before any saga effect (0.146458ms)
✔ runMoveStateHost refuses an unknown profile before argv policy (17.508541ms)
✔ runMoveStateHost refuses an unsupported review authority before argv policy (15.717459ms)
✔ runMoveStateInProcess forwards typed profile and review authority without argv flags (0.493666ms)
✔ runMoveStateInProcess preserves task-owner and null authority defaults (0.1885ms)
ℹ tests 14
ℹ suites 0
ℹ pass 14
ℹ fail 0
ℹ cancelled 0
ℹ skipped 0
ℹ todo 0
ℹ duration_ms 44.245208
