▶ natCommentRequired — diff-aware predicate (#940)
  ✔ docs-only + code-touching diff → required (0.841708ms)
  ✔ docs-only + provably docs-only diff → skipped (0.132125ms)
  ✔ docs-only + empty diff → required (default-deny) (0.0645ms)
  ✔ docs-only + undefined diff → required (default-deny) (0.063917ms)
  ✔ code kind → required regardless of diff (kind-only fallback) (0.076208ms)
  ✔ no-commit kind (spike) → not required regardless of diff (0.054541ms)
  ✔ valid no-new-tests declaration → not required (honest #944 escape) (0.192334ms)
  ✔ docs-only + no-new-tests declaration → not required (escape wins) (0.093167ms)
✔ natCommentRequired — diff-aware predicate (#940) (2.177167ms)
▶ buildReviewContext threads changedPaths (#940)
  ✔ normalizes an array changed-path set onto the context (0.583875ms)
  ✔ missing changedPaths defaults to [] (default-deny) (0.386583ms)
  ✔ non-array changedPaths coerces to [] (0.060709ms)
✔ buildReviewContext threads changedPaths (#940) (1.143458ms)
▶ required-comments consumes context.changedPaths (#940)
  ✔ docs-only + code diff → NAT comment required (failure reported) (0.442542ms)
  ✔ docs-only + docs-only diff → NAT requirement skipped (no failure) (0.093875ms)
  ✔ docs-only + missing diff → required (default-deny) (0.065791ms)
  ✔ code kind → required regardless of diff (0.097375ms)
  ✔ threads end-to-end: buildReviewContext output drives the validator (0.099042ms)
✔ required-comments consumes context.changedPaths (#940) (0.928792ms)
ℹ tests 16
ℹ suites 3
ℹ pass 16
ℹ fail 0
ℹ cancelled 0
ℹ skipped 0
ℹ todo 0
ℹ duration_ms 8.244625
