✔ parseTestEntriesFromDiff: new test addition (2.115833ms)
✔ parseTestEntriesFromDiff: modified existing test re-emits its declaration line as an addition (0.176084ms)
✔ parseTestEntriesFromDiff: test.skip declaration (0.126ms)
✔ parseTestEntriesFromDiff: multiple files in one diff (0.228917ms)
✔ parseTestEntriesFromDiff: empty/non-matching diff produces zero entries (0.070333ms)
✔ collectTestDiffEntries: dedupes across SHAs and skips failing SHAs (0.500541ms)
✔ buildNewAutomatedTestsComment: returns null on empty input (0.222375ms)
✔ buildNewAutomatedTestsComment: groups entries by file under the heading (0.286042ms)
✔ buildNewAutomatedTestsComment: appends the explanatory footer when entries exist (0.455166ms)
✔ buildNewAutomatedTestsComment: empty input returns null with no footer (0.164458ms)
✔ buildNewAutomatedTestsComment: body with footer still satisfies the dedupe startsWith predicate (0.284208ms)
✔ postNewAutomatedTestsComment: posts a dedicated comment when entries are found (1.7605ms)
✔ postNewAutomatedTestsComment: finds tests added by a non-tip attributed commit (1.323834ms)
✔ postNewAutomatedTestsComment: falls back to trace SHAs when attribution fails (0.610459ms)
✔ postNewAutomatedTestsComment: no test files changed means no comment posted (1.629042ms)
✔ postNewAutomatedTestsComment: no commit trail comment is a no-op (1.157125ms)
✔ postNewAutomatedTestsComment: skips if a New Automated Tests comment already exists (0.193708ms)
✔ parseTestEntriesFromDiff: it() declaration is captured (#901) (0.065458ms)
✔ parseTestEntriesFromDiff: it.skip/.only/.todo declarations are captured (#901) (0.086458ms)
✔ parseTestEntriesFromDiff: describe-nested it() is captured (#901) (0.056792ms)
✔ parseTestEntriesFromDiff: describe() and lookalike identifiers produce no phantom entries (#901) (0.0395ms)
ℹ tests 21
ℹ suites 0
ℹ pass 21
ℹ fail 0
ℹ cancelled 0
ℹ skipped 0
ℹ todo 0
ℹ duration_ms 26.905958
