✔ claim is idempotent for the same issue and session (252.495459ms)
✔ claim refuses a missing worktree path instead of resolving the process cwd (76.238709ms)
✔ one session switching issues atomically releases its prior issue (1103.081ms)
✔ another session cannot claim the held issue and diagnostics name the holder (127.945708ms)
✔ another session cannot share a physical worktree (134.926042ms)
✔ corrupt authority data fails closed (81.908167ms)
✔ heartbeat updates only an exact session claim (55.703583ms)
✔ SessionStart touch atomically adopts an absent row and heartbeats an exact row (62.059334ms)
✔ SessionStart touch cannot adopt over an existing issue holder (51.993041ms)
✔ release is exact-session scoped while force release is issue scoped (61.235333ms)
✔ terminal release is locked to the original close timestamp (61.820125ms)
✔ rollback restores the exact prior rows after a downstream bind failure (72.560459ms)
✔ rollback cannot erase a later valid claim (76.762458ms)
ℹ tests 13
ℹ suites 0
ℹ pass 13
ℹ fail 0
ℹ cancelled 0
ℹ skipped 0
ℹ todo 0
ℹ duration_ms 2230.5775
