▶ planExitPlanMetadataGuard (#892)
  ✔ refuses a missing Plan Metadata heading (0.613917ms)
  ✔ refuses an empty Plan Metadata section (0.215083ms)
  ✔ refuses comment-only and prose-only content (0.143792ms)
  ✔ refuses nested headings even when a preceding field is substantive (0.064875ms)
  ✔ accepts a substantive flat planning field (0.42575ms)
  ✔ refuses provenance-only fields that belong in Story Origin (0.103458ms)
  ✔ does not cross into the adjacent Pickup Directive section (0.249209ms)
  ✔ skips non-Develop transitions and fails open without a body (0.101834ms)
✔ planExitPlanMetadataGuard (#892) (2.611042ms)
▶ Plan state wiring (#892)
  ✔ registers the guard on Plan exit before VC presence (0.269959ms)
✔ Plan state wiring (#892) (0.369333ms)
ℹ tests 9
ℹ suites 2
ℹ pass 9
ℹ fail 0
ℹ cancelled 0
ℹ skipped 0
ℹ todo 0
ℹ duration_ms 6.627709
