## Definition of Done
<!--
Each item below MUST be individually verified by running the declared
verifier. Do not bulk-check. Do not preemptively check. The visible checkbox
is the sign-off; the hidden `aitm-dod-evidence:<key>` marker is the evidence
trail. `/task check` refuses to tick a stampable Functional DoD item without
its marker; run `/task dod-stamp <key>` to produce one. The two derived keys
(`acs`, `checkboxes`) are auto-stamped by `/task close` from the body itself.
See `skill/shared/rules/functional-dod.md` for the full contract.

Lifecycle items are verified during Review. Housekeeping items are finalized
during Close; their separate headings make the owning workflow phase explicit.

Kind-aware items (#681): append a `dod:kinds` HTML-comment annotation to scope
an item to a set of issue kinds. `exclude="spike,research"` renders the item for
every kind EXCEPT those listed; `include="code"` renders it only for the listed
kinds; an item with no annotation applies to every kind (the default). The
`tests` item is excluded for the no-code kinds `spike` and `research`, which ship
findings rather than code and would otherwise carry a test-suite DoD item and a
`npm run test:all` verification command they can never satisfy. Filtering happens
at render time in `preflight-issue.mjs`; a filtered-out item is simply absent, so
no phantom evidence marker is ever required for it.

Diff-decides for `docs-only` (#865): the `tests` item deliberately does NOT
static-exclude `docs-only`. A `docs-only` issue can quietly touch code, so the
kind alone must not launder it out of the suite. Instead the `tests` item is
dropped only when the render is `--kind docs-only` AND a supplied
`--changed-paths-file` proves the `trunk...HEAD` diff is documentation-only
(default-deny: any unclassified/empty/mixed diff keeps the item). "The kind
declares, the diff decides."
-->

### Functional (verified at Test)

- [ ] All automated tests pass <!-- aitm-verified cmd="`npm test` `npm run test:slow`" --> <!-- dod:functional:tests --> <!-- dod:kinds exclude="spike,research" -->
- [ ] Lint and format checks pass <!-- aitm-verified cmd="`npm run lint` `npm run format:check`" --> <!-- dod:functional:lint -->
- [ ] All changes committed; commit messages follow project convention <!-- aitm-verified cmd="`git log --oneline -1`" --> <!-- dod:functional:commits --> <!-- dod:kinds exclude="epic" -->
- [ ] Acceptance criteria met (including additions from deep dive) <!-- dod:functional:acs -->
- [ ] Issue body checkboxes ticked <!-- dod:functional:checkboxes -->

### Lifecycle (verified at Review)

- [ ] Agent Review Passed
- [ ] Final Review Passed

### Housekeeping (verified at Close)

- [ ] Story closed and moved to Done
- [ ] Timing data flushed to issue

---

## Pickup Directive — MANDATORY, DO NOT SKIP
> Follow: `.ai-task-manager/templates/pickup-directive.md`
<!-- aitm-body-version version="1" -->
✔ epic preflight handles omitted story intake (261.984041ms)
✔ epic preflight handles blank story intake (266.211542ms)
✔ epic preflight handles template story intake (236.366875ms)
✔ epic preflight handles valid story intake (220.494417ms)
✔ epic preflight handles malformed story intake (226.292083ms)
✔ epic preflight handles administrative story intake (252.114875ms)
✔ solo preflight handles omitted story intake (253.993ms)
✔ solo preflight handles blank story intake (234.019834ms)
✔ solo preflight handles template story intake (272.657458ms)
✔ solo preflight handles valid story intake (253.411458ms)
✔ solo preflight handles malformed story intake (237.315042ms)
✔ solo preflight handles administrative story intake (280.579292ms)
✔ sub-issue preflight handles omitted story intake (271.999166ms)
✔ sub-issue preflight handles blank story intake (439.473167ms)
✔ sub-issue preflight handles template story intake (1159.623083ms)
✔ sub-issue preflight handles valid story intake (274.841334ms)
✔ sub-issue preflight handles malformed story intake (436.276208ms)
✔ sub-issue preflight handles administrative story intake (235.287084ms)
✔ defect preflight handles omitted story intake (261.32675ms)
✔ defect preflight handles blank story intake (259.15775ms)
✔ defect preflight handles template story intake (213.416333ms)
✔ defect preflight handles valid story intake (304.780125ms)
✔ defect preflight handles malformed story intake (239.785083ms)
✔ defect preflight handles administrative story intake (349.035166ms)
▶ preflight-issue --shape lint wiring
  ✔ rejects && in an AC aitm-verified cmd marker with exit 12 (397.37875ms)
  ✔ accepts a clean AC with a current vc-list citation (314.350292ms)
✔ preflight-issue --shape lint wiring (712.200541ms)
▶ preflight-issue --shape Story Origin flat-section validation (#892)
  ✔ rejects a Story Origin fragment containing an embedded heading (264.108042ms)
  ✔ still accepts a single leading Story Origin heading for compatibility (273.476417ms)
  ✔ rejects a stale project template override that drops Story Origin (361.71075ms)
✔ preflight-issue --shape Story Origin flat-section validation (#892) (899.870125ms)
▶ preflight-issue --shape Plan Metadata flat-section validation (#892)
  ✔ rejects a Plan Metadata fragment containing an embedded heading (278.40575ms)
  ✔ accepts one compatible leading Plan Metadata heading (303.286667ms)
✔ preflight-issue --shape Plan Metadata flat-section validation (#892) (581.98875ms)
▶ preflight-issue --shape stub (#426)
  ✔ renders without scope/ac/plan-metadata files, using placeholders (178.609916ms)
  ✔ seeds the Scope section from --idea-file (210.88425ms)
✔ preflight-issue --shape stub (#426) (389.787584ms)
▶ preflight-issue --shape Verification Commands seeding (#410)
  ✔ seeds a ## Verification Commands section that makes the body a fixed point of the evidence audit (262.533458ms)
✔ preflight-issue --shape Verification Commands seeding (#410) (262.703625ms)
▶ preflight-issue --kind docs-only render (#865 diff-decides / #923)
  ✔ default-deny: docs-only with NO --changed-paths-file KEEPS the tests DoD item (243.337666ms)
  ✔ docs-only + provably documentation-only diff DROPS the tests item + its VC seeds (244.159333ms)
  ✔ docs-only + a diff that touches code KEEPS the tests item (default-deny) (232.72075ms)
✔ preflight-issue --kind docs-only render (#865 diff-decides / #923) (720.556959ms)
▶ normalizePlanMetadata (#416)
  ✔ bolds a simple word label (0.350333ms)
  ✔ bolds a hyphenated label (0.097375ms)
  ✔ is idempotent on already-bold labels (0.036417ms)
  ✔ leaves non-label lines unchanged (0.03225ms)
  ✔ handles multi-line input, bolding only label lines (0.035792ms)
  ✔ bolds a bulleted word label, preserving the bullet (#488) (0.030125ms)
  ✔ bolds a bulleted hyphenated label, colon outside the span (#488) (0.040042ms)
  ✔ is idempotent on an already-bold bulleted label (#488) (0.134333ms)
  ✔ bolds a realistic bulleted metadata block, leaving prose untouched (#488) (0.169292ms)
✔ normalizePlanMetadata (#416) (1.339458ms)
ℹ tests 46
ℹ suites 7
ℹ pass 46
ℹ fail 0
ℹ cancelled 0
ℹ skipped 0
ℹ todo 0
ℹ duration_ms 11017.409375
