✔ refinement snapshot records and validates current scope, AC, fields, dependencies, labels, and provenance (3.194458ms)
✔ refinement snapshot fails closed when refinement inputs or labels become stale (0.348334ms)
✔ refinement snapshot schema 3 excludes legacy blocker carriers from authority (0.257958ms)
✔ the Refine success hook may remove transient rationale without invalidating the durable snapshot (0.363292ms)
✔ refinement snapshot refuses incomplete refinement evidence (0.543458ms)
✔ Refine exit guard requires a current snapshot and allows owner-optional R4P parking (0.499375ms)
✔ Refine exit guard refuses body snapshot fields that disagree with the live board (0.186ms)
✔ Refine exit guard refuses a missing live Rank instead of coercing it to rank zero (0.679916ms)
✔ runRefine stamps the snapshot from the final body and exact live labels (26.542375ms)
✔ runRefine refuses R4P and later states before changing fields or body (0.416417ms)
✔ cancel-plan is the sole governed Plan to R4P one-edge action (0.156666ms)
✔ cancel-plan clears Plan-only artifacts while preserving refinement evidence and fields (1.767958ms)
✔ cancel-plan refuses a stale refinement snapshot before any mutation (0.220041ms)
✔ cancel-plan restores Refine fields after legitimate Plan re-estimation drift (0.355417ms)
✔ cancel-plan still refuses non-estimation refinement field drift (0.128417ms)
✔ cancel-plan refuses concurrent configured-project field drift before any artifact mutation (0.168708ms)
✔ cancel-plan refuses a missing live Rank instead of coercing it to rank zero (0.157333ms)
✔ cancel-plan remains a hub-only handler with no direct executable entrypoint (0.031459ms)
✔ cancel-plan restores original Plan artifacts without clobbering concurrent body edits (0.43425ms)
✔ cancel-plan reconciles a thrown mover and restores Plan artifacts when Status stayed Plan (0.38875ms)
✔ successful cancellation removes the old Planned Estimate appendix (0.272958ms)
✔ early Plan cancellation succeeds when no Planned Estimate appendix exists yet (0.335666ms)
✔ Plan cancellation succeeds when best-effort Refine estimate comment posting failed (0.253167ms)
✔ cancel-plan refuses before body mutation when Planned Estimate read-back is stale (20.494708ms)
✔ cancel-plan accepts a nonzero delegate when live Status reached R4P (1.396ms)
✔ cancel-plan refuses every source except Plan without writing (0.304458ms)
ℹ tests 26
ℹ suites 0
ℹ pass 26
ℹ fail 0
ℹ cancelled 0
ℹ skipped 0
ℹ todo 0
ℹ duration_ms 69.348625
