✔ collectAssignedInventory exhaustively pages and rejects a repeated cursor (1.429625ms)
▶ collectAssignedInventory fails closed on malformed pagination and ambiguous identities
  ✔ missing next cursor (0.22375ms)
  ✔ changing total count (0.117917ms)
  ✔ duplicate repository issue identity (0.187625ms)
  ✔ incomplete assignee page (0.117375ms)
  ✔ pagination safety limit (0.170542ms)
✔ collectAssignedInventory fails closed on malformed pagination and ambiguous identities (1.92125ms)
✔ inspectReadyForPlanMigration is zero-write and rejects a mixed two-scan identity set (11.917583ms)
✔ inspectReadyForPlanMigration rejects unexpected or identity-conflicting Status options (0.216791ms)
✔ applyReadyForPlanMigration journals read-back before option/config cutover and resumes (31.673958ms)
✔ apply refuses assignee drift before option rename (29.006791ms)
✔ apply requires the configured Backlog option id in item read-back (14.745084ms)
✔ saved-view verification requires assigned filters and a Status board (0.535041ms)
✔ new journal stores the immutable plan for post-rename resume (23.227375ms)
✔ a completed journal returns a complete idempotent result (11.890125ms)
✔ operator migration documentation records the exact cutover and saved-view contracts (0.989333ms)
✔ recovery reporting names the exact durable phase and retry command (0.147834ms)
✔ dry run always inspects live inventory while apply resumes the durable plan (0.109333ms)
ℹ tests 18
ℹ suites 0
ℹ pass 18
ℹ fail 0
ℹ cancelled 0
ℹ skipped 0
ℹ todo 0
ℹ duration_ms 133.374292
