✔ gate passes for a non-epic (no children) (0.899041ms)
✔ gate passes when every child is done (0.183291ms)
✔ gate refuses when a child is still at review (0.140125ms)
✔ gate refuses when any child is at backlog (0.099958ms)
✔ gate refuses when any child is at assigned (0.072333ms)
✔ gate refuses when any child is at refine (0.060959ms)
✔ gate refuses when any child is at plan (0.057042ms)
✔ gate refuses when any child is at develop (0.0605ms)
✔ gate refuses when any child is at test (0.064042ms)
✔ gate refuses when any child is at review (0.098375ms)
✔ gate accepts mixed-case "DONE" (0.095334ms)
✔ gate surfaces fetch failure as a blocker (0.143667ms)
✔ gate requires cfg and issueNumber (0.424084ms)
✔ guard exposes the expected id (0.051958ms)
✔ short-circuits when toState is not "done" (e.g. bounce-back to develop) (0.156667ms)
✔ short-circuits when ctx is missing cfg (0.04375ms)
✔ short-circuits when ctx is missing issueNumber (0.036792ms)
✔ passes when gate returns ok (0.048583ms)
✔ surfaces gate refusal with reason + blockers (0.06225ms)
✔ omitted toState (legacy call site) still invokes the gate (0.048375ms)
✔ defaults reason to the generic key when the gate omits blockers (0.082125ms)
ℹ tests 21
ℹ suites 0
ℹ pass 21
ℹ fail 0
ℹ cancelled 0
ℹ skipped 0
ℹ todo 0
ℹ duration_ms 6.978083
