✔ Review validates a Test receipt and seeds standard results without spawning commands (3.898625ms)
✔ Review refuses a Test receipt after live Verification Commands change (8.98675ms)
✔ Review seeds targeted commands only when the Test receipt recorded them (0.457833ms)
✔ Review fails closed on SHA drift (0.436ms)
✔ Review fails closed on config drift (0.339834ms)
✔ Review fails closed on lockfile drift (0.280083ms)
✔ Review fails closed when a required complete lane is absent (0.261542ms)
✔ receipt refusal uses the audited Test-to-Develop rework path (0.535583ms)
✔ Review fails closed when HEAD cannot be resolved for a v1 receipt (0.278458ms)
✔ Review and its Test-exit guard reject a malformed v1 marker instead of falling back (0.534625ms)
✔ Review retains marker-only compatibility when no v1 receipt exists (0.078583ms)
✔ a reviewer probe appends separate review evidence without mutating the Test receipt (0.434042ms)
✔ a reviewer probe drops prior Review evidence from a different fingerprint (0.444416ms)
✔ Review probe mode executes an allowlisted command and persists read-back evidence (0.798541ms)
✔ Review probe mode persists a red probe and returns failure (0.484084ms)
✔ Review probe parser accepts repeatable quoted values and rejects a missing value (0.445375ms)
ℹ tests 16
ℹ suites 0
ℹ pass 16
ℹ fail 0
ℹ cancelled 0
ℹ skipped 0
ℹ todo 0
ℹ duration_ms 26.303875
