✔ s.active === target: C6 no longer calls flushActiveToGH (deferral seam removed) (23.893458ms)
✔ a paused binding opens a timing segment before automated Review work (24.63625ms)
✔ review handoff policy pauses only when human approval is required (0.1635ms)
✔ s.active === target: safePostTiming NOT called before SKIP_NETWORK block (18.949166ms)
✔ hasAgentTiming branch: safePostTiming NOT called before SKIP_NETWORK block (24.311625ms)
✔ else branch: safePostTiming NOT called before SKIP_NETWORK block (22.47825ms)
✔ gate-failure timeline: the only timing row is review:failed (0.712125ms)
✔ gate-failure timeline: the marker stamp precedes the review:failed row (0.120667ms)
✔ gate-failure timeline: no state-change row is emitted at all (D2) (0.137875ms)
✔ gate-failure timeline: no demote is driven, with or without extraArgs (D3) (0.172333ms)
✔ gate-failure timeline: a mutate throw is best-effort and does not lose the row (0.320625ms)
✔ gate-pass timeline: the only timing row is review:passed (0.109291ms)
✔ #1458 — resident pass prepares durable evidence before the pass callback (1.373959ms)
✔ gate-pass timeline: the row description records the validator set and result=pass (0.119625ms)
✔ gate-pass timeline: an empty validator set is recorded as "none", still result=pass (0.082ms)
✔ gate-pass timeline: no failure or state-change row leaks from the pass path (0.069958ms)
ℹ tests 16
ℹ suites 0
ℹ pass 16
ℹ fail 0
ℹ cancelled 0
ℹ skipped 0
ℹ todo 0
ℹ duration_ms 127.711667
