✔ web tick preserves unadopted legacy behavior without evidence I/O (6.050833ms)
✔ hatch tick preserves unadopted legacy behavior without evidence I/O (0.385125ms)
✔ old generated tick preserves unadopted legacy behavior without evidence I/O (0.216875ms)
✔ unchecked legacy preserves unadopted legacy behavior without evidence I/O (0.171667ms)
✔ explicit current record always validates retained manifest and files despite accepted Test (2.020917ms)
✔ adopted policy unchecked narrative blocks without a current record (0.337417ms)
✔ adopted policy proofless checked narrative blocks without a current record (0.250667ms)
✔ unchecked explicit target validates its current record then blocks (0.564834ms)
✔ policy machine-bearing targets remain owned by the existing machine route (1.0935ms)
✔ readiness distinguishes wrong section (0.415083ms)
✔ readiness distinguishes verifier target pointer (0.228833ms)
✔ readiness distinguishes malformed pointer (0.262084ms)
✔ readiness distinguishes changed target bytes (0.690542ms)
✔ readiness distinguishes changed branch (0.333167ms)
✔ readiness distinguishes changed HEAD (0.374625ms)
✔ readiness distinguishes wrong comment author (0.44975ms)
✔ readiness distinguishes edited current comment (0.249708ms)
✔ readiness distinguishes deleted current comment (0.261875ms)
✔ readiness distinguishes rate-limited read (0.200917ms)
✔ readiness distinguishes changed artifact bytes (0.622667ms)
✔ readiness distinguishes unavailable artifact reader (1.026542ms)
✔ readiness distinguishes non-bound checkout (0.816291ms)
✔ readiness distinguishes missing invokingDir (0.265375ms)
✔ directory lane returns before parser or any evidence read (0.928167ms)
✔ fenced and multiline-comment examples are inert even without root Scope (1.119ms)
✔ guard preserves typed blocker args and remediation without accepted-Test bypass (0.915083ms)
✔ copying a current pointer to another checkbox refuses duplicate lineage (0.441584ms)
✔ unadopted legacy text has no new parser obligations (0.410958ms)
✔ adopted target must have one visible label across all live issue checkboxes (0.622459ms)
✔ record-retained manifest label must equal the current visible target label (1.057416ms)
✔ policy does not adopt phase-owned Agent Review Passed (0.193083ms)
✔ explicit reviewed pointer refuses phase-owned Agent Review Passed (0.153958ms)
✔ policy does not adopt phase-owned Final Review Passed (0.109667ms)
✔ explicit reviewed pointer refuses phase-owned Final Review Passed (0.107208ms)
✔ policy does not adopt phase-owned Passed final human review (0.1525ms)
✔ explicit reviewed pointer refuses phase-owned Passed final human review (0.145042ms)
✔ policy does not adopt phase-owned Story closed and moved to Done (0.158542ms)
✔ explicit reviewed pointer refuses phase-owned Story closed and moved to Done (0.157083ms)
✔ policy does not adopt phase-owned Timing data flushed to issue (0.10625ms)
✔ explicit reviewed pointer refuses phase-owned Timing data flushed to issue (0.127667ms)
✔ policy does not adopt phase-owned Deep dive complete (0.126667ms)
✔ explicit reviewed pointer refuses phase-owned Deep dive complete (0.161208ms)
✔ policy does not adopt phase-owned Discussion complete (0.25125ms)
✔ explicit reviewed pointer refuses phase-owned Discussion complete (0.214209ms)
✔ guard accepts the actual registry repo context field (0.181334ms)
✔ checked narrative mention of a verifier name still requires reviewed evidence (0.158875ms)
ℹ tests 46
ℹ suites 0
ℹ pass 46
ℹ fail 0
ℹ cancelled 0
ℹ skipped 0
ℹ todo 0
ℹ duration_ms 31.490833
