✔ initial record is installed after comment readback; equivalent checked request is fully validated no-op (13.113291ms)
✔ uncheck retains pointer; validated recheck reuses its original record (2.041917ms)
✔ changed request refreshes checked target in one lineage with predecessor (2.529333ms)
✔ body failure preserves orphan and retry reconciles it before another create (3.477ms)
✔ manifest mutation after comment creation refuses body write, even for checked no-op (0.631583ms)
✔ generic writes cannot fabricate/remove/move pointer, or bypass recheck with unverified hatch (1.592291ms)
✔ generic policy changes and malformed reviewed prefixes stay protected (0.221666ms)
✔ reviewed options reject all unsupported mixtures before I/O (0.170625ms)
✔ fresh unrelated edit survives; same-target concurrent successor refuses without a body write (2.192875ms)
✔ CAS retry rebases unrelated changes and repeats validation (2.108ms)
✔ recording preflight refusals create no comment (1.627458ms)
✔ authority or comment changes after create refuse before write (1.582292ms)
✔ same-target content edit keeps pointer but requires a new validated record (2.305042ms)
✔ generic capability-shaped objects cannot authorize reviewed writes (0.175334ms)
✔ same-target successor observed during async fresh validation is not overwritten (0.53225ms)
✔ generic async mutation cannot bypass reviewed marker protection (0.139875ms)
✔ whitespace cannot bypass special-label exclusion; manifest uses exact visible label (0.136417ms)
✔ recording refuses phase-owned lifecycle and special-label targets before comments (0.537083ms)
✔ recording refuses copied lineage before creating a successor (0.713875ms)
ℹ tests 19
ℹ suites 0
ℹ pass 19
ℹ fail 0
ℹ cancelled 0
ℹ skipped 0
ℹ todo 0
ℹ duration_ms 40.678
