✔ close evidence accepts a docs-only Test receipt with three recorded lane skips (3.944ms)
✔ close evidence refuses a receipt when live Verification Commands changed (0.7575ms)
✔ close evidence keeps all five classifications required without a valid lane skip (0.200083ms)
✔ close evidence distinguishes no Test receipt for the exact final SHA (0.08425ms)
✔ close evidence distinguishes multiple Test receipts for the exact final SHA (0.196875ms)
✔ the close outcome runtime needs no override for the #1146-equivalent fixture (6.7495ms)
✔ the close outcome runtime accepts a resolved historical delivery SHA (1.342292ms)
✔ the close outcome runtime without a resolver still selects the current branch head (0.287833ms)
✔ the close outcome runtime rejects a non-function verification SHA resolver (0.152458ms)
▶ the close outcome runtime rejects malformed resolved verification SHAs
  ✔ null (0.168625ms)
  ✔ uppercase (0.110292ms)
  ✔ non-SHA (0.14225ms)
✔ the close outcome runtime rejects malformed resolved verification SHAs (0.732625ms)
ℹ tests 13
ℹ suites 0
ℹ pass 13
ℹ fail 0
ℹ cancelled 0
ℹ skipped 0
ℹ todo 0
ℹ duration_ms 18.704917
