✔ matrix refusal happens before resident or boundary effects (1.6975ms)
✔ self-target forward resumes residents before returning noop (0.174708ms)
✔ actions-only resumes residents and never requests a boundary (0.117292ms)
✔ a waived resident is terminal and distinct while forward progression continues (0.251916ms)
✔ ordinary forward completes residents before requesting one boundary (0.175458ms)
✔ reverse and bypass skip current residents (0.218834ms)
✔ force carries skipped resident IDs without resolving them (0.140208ms)
✔ ordinary forward returns dormant for incomplete or damaged resident work (0.1575ms)
✔ source drift refuses before the legacy boundary (0.158917ms)
✔ legacy refusal results preserve every diagnostic field (0.275042ms)
✔ unknown boundary results fail closed and never enter target residents (0.120208ms)
✔ guard and transition consume one snapshot vintage inside the boundary lock (0.295834ms)
✔ boundary lock translates acquisition failure without rewriting callback provenance (0.44675ms)
✔ boundary lock exposes hold-time percentiles and applies a bounded p95 retry budget (0.114542ms)
✔ damage carry is written only after a clean gate and is the sole transition-context addition (0.19625ms)
✔ a crash after confirmed movement converges by resuming the durable target (0.175791ms)
ℹ tests 16
ℹ suites 0
ℹ pass 16
ℹ fail 0
ℹ cancelled 0
ℹ skipped 0
ℹ todo 0
ℹ duration_ms 9.029667
