✔ Review cursor preserves waived resident outcomes as a distinct terminal status (0.945166ms)
✔ movement intent is evidence-free, normalized, and immutable (0.422583ms)
✔ move context freezes the final snapshot and skipped-action audit (0.148833ms)
✔ confirmed movement selects the target from all five signals (0.32375ms)
✔ no single move-completion signal may be omitted (0.182875ms)
✔ marker-ahead-of-board is an incomplete move that must be replayed (0.202875ms)
✔ Status at target without the terminal sentinel remains incomplete (0.170959ms)
✔ sentinel post-condition contradiction is drift (0.089208ms)
✔ modern visit identity selects the marker transition ID and diagnoses missing commit provenance (0.346042ms)
✔ legacy visit identity uses state, visit suffix, and durable occurrence but not timestamp (0.190292ms)
✔ snapshot freshness is field-scoped and immutable (0.38825ms)
✔ provenance copies and deeply freezes details (0.094708ms)
✔ ledger codecs are canonical, strict, and preserve inline heads (0.894375ms)
✔ spill collection race retries once from the fresh body pointer (1.742459ms)
✔ current-attempt hydration follows at most three point-read links (0.914375ms)
✔ a still-current missing spill is an observation diagnostic, not a hydration throw (0.435583ms)
✔ offline hydration performs no GitHub operation (0.364458ms)
✔ spill-head comments round-trip independently of body pointers (0.138167ms)
ℹ tests 18
ℹ suites 0
ℹ pass 18
ℹ fail 0
ℹ cancelled 0
ℹ skipped 0
ℹ todo 0
ℹ duration_ms 13.219333
