✔ the production lifecycle keeps eight states and canonically names Ready for Planning (0.785416ms)
✔ the factory machine projects navigation only through lifecycle policy (0.119625ms)
✔ the baseline names the canonical eight states in production order (0.067834ms)
✔ all three lifecycle projections explicitly cover all 64 ordered pairs (0.109833ms)
✔ the executable matrix matches pre-refactor transition validation for every pair (0.35425ms)
✔ the entry-history matrix matches the current marker-history edge set (0.171ms)
✔ the timing-history matrix matches the current strict timing walk (3.232834ms)
✔ same-state requests are executable no-ops but remain valid history rows (0.114667ms)
✔ reverse and history-only distinctions remain explicit (0.113666ms)
✔ action eligibility and delegation match current verb exports (0.1435ms)
✔ refine entry and self-run policy match injected production behavior (3.457792ms)
✔ bootstrap policy resolves live state and refuses a missing board item (162.674334ms)
ℹ tests 12
ℹ suites 0
ℹ pass 12
ℹ fail 0
ℹ cancelled 0
ℹ skipped 0
ℹ todo 0
ℹ duration_ms 180.201291
[task-tracker] WARN: required project field "Start Time" (cfg.fieldStartTime) is not configured — board stamp skipped. Re-run `scripts/gh/init-project-config.sh` to discover and persist field ids.
