✔ absent: waived=false gate=false r4p=false (1.088958ms)
✔ current: waived=false gate=false r4p=false (1.217958ms)
✔ legacy: waived=false gate=false r4p=false (0.260625ms)
✔ partial: waived=false gate=false r4p=false (0.979708ms)
✔ source: waived=false gate=false r4p=false (3.743959ms)
✔ story: waived=false gate=false r4p=false (0.611ms)
✔ intent: waived=false gate=false r4p=false (0.396542ms)
✔ absent: waived=false gate=false r4p=true (0.059875ms)
✔ current: waived=false gate=false r4p=true (0.648167ms)
✔ legacy: waived=false gate=false r4p=true (0.233667ms)
✔ partial: waived=false gate=false r4p=true (0.115125ms)
✔ source: waived=false gate=false r4p=true (0.908084ms)
✔ story: waived=false gate=false r4p=true (1.194958ms)
✔ intent: waived=false gate=false r4p=true (0.278792ms)
✔ absent: waived=false gate=true r4p=false (0.098958ms)
✔ current: waived=false gate=true r4p=false (2.049292ms)
✔ legacy: waived=false gate=true r4p=false (0.364416ms)
✔ partial: waived=false gate=true r4p=false (0.217292ms)
✔ source: waived=false gate=true r4p=false (1.629917ms)
✔ story: waived=false gate=true r4p=false (1.320166ms)
✔ intent: waived=false gate=true r4p=false (0.77725ms)
✔ absent: waived=false gate=true r4p=true (0.614291ms)
✔ current: waived=false gate=true r4p=true (0.724584ms)
✔ legacy: waived=false gate=true r4p=true (0.125167ms)
✔ partial: waived=false gate=true r4p=true (0.049291ms)
✔ source: waived=false gate=true r4p=true (1.248083ms)
✔ story: waived=false gate=true r4p=true (2.929875ms)
✔ intent: waived=false gate=true r4p=true (0.464708ms)
✔ absent: waived=true gate=false r4p=false (0.055458ms)
✔ current: waived=true gate=false r4p=false (0.37925ms)
✔ legacy: waived=true gate=false r4p=false (0.087292ms)
✔ partial: waived=true gate=false r4p=false (0.055334ms)
✔ source: waived=true gate=false r4p=false (0.350375ms)
✔ story: waived=true gate=false r4p=false (0.588208ms)
✔ intent: waived=true gate=false r4p=false (0.355375ms)
✔ absent: waived=true gate=false r4p=true (0.048958ms)
✔ current: waived=true gate=false r4p=true (0.296875ms)
✔ legacy: waived=true gate=false r4p=true (0.038458ms)
✔ partial: waived=true gate=false r4p=true (0.033083ms)
✔ source: waived=true gate=false r4p=true (0.252666ms)
✔ story: waived=true gate=false r4p=true (0.243625ms)
✔ intent: waived=true gate=false r4p=true (2.384875ms)
✔ absent: waived=true gate=true r4p=false (0.060459ms)
✔ current: waived=true gate=true r4p=false (0.221125ms)
✔ legacy: waived=true gate=true r4p=false (0.03525ms)
✔ partial: waived=true gate=true r4p=false (0.0985ms)
✔ source: waived=true gate=true r4p=false (0.2485ms)
✔ story: waived=true gate=true r4p=false (0.245542ms)
✔ intent: waived=true gate=true r4p=false (0.297667ms)
✔ absent: waived=true gate=true r4p=true (0.028291ms)
✔ current: waived=true gate=true r4p=true (0.254042ms)
✔ legacy: waived=true gate=true r4p=true (0.033916ms)
✔ partial: waived=true gate=true r4p=true (0.054541ms)
✔ source: waived=true gate=true r4p=true (0.209583ms)
✔ story: waived=true gate=true r4p=true (0.239541ms)
✔ intent: waived=true gate=true r4p=true (0.214ms)
✔ demotion exits before reading body or sources (1.810333ms)
✔ a malformed present approval cannot masquerade as an absent marker (0.07275ms)
✔ case-insensitive legacy and malformed approvals cannot bypass the binding guard (0.086125ms)
✔ invalid prose precedes intent reads and async resolver failures are repairable refusals (1.49975ms)
ℹ tests 60
ℹ suites 0
ℹ pass 60
ℹ fail 0
ℹ cancelled 0
ℹ skipped 0
ℹ todo 0
ℹ duration_ms 48.039792
