✔ #1490: durable evidence identifies the replacement at its seven-step prefix (2.316583ms)
✔ #1490: an ordinary close has no recovery evidence and is reported as absence (0.356792ms)
✔ #1490: two records naming one replacement are ambiguous, never picked between (0.365625ms)
✔ #1490: a record whose accepted SHA disagrees with the body is not a match (0.21175ms)
✔ #1490: a record rendered for a DIFFERENT issue REFUSES rather than being ignored (0.376292ms)
✔ #1490: the verb treats that refusal as "unproven", so the binding step still refuses (0.092ms)
✔ #1490: every non-conflict status stays exactly as the inspector permitted it (0.071458ms)
✔ #1490: conflict on an ORDINARY close still refuses — the default is unchanged (0.056166ms)
✔ #1490: conflict on a recovery-backed replacement with its OWN claim proceeds (0.067083ms)
✔ #1490: a recovery-backed replacement does NOT forgive a foreign or stale claim (0.211042ms)
✔ #1490: the verb decides the binding step through the shared policy (0.15975ms)
✔ #1490: the authorized conflict arm HEADS the status chain (0.107583ms)
ℹ tests 12
ℹ suites 0
ℹ pass 12
ℹ fail 0
ℹ cancelled 0
ℹ skipped 0
ℹ todo 0
ℹ duration_ms 9.440458
