✔ draft validation accepts only unfinished drafts or quality substantive prose (2.143333ms)
✔ substantive authoring rejects administrative prose without erasing stories (0.623167ms)
✔ AC1: buildUserStoryLines composes three prefixed, non-placeholder lines (0.857292ms)
✔ AC1: existing Connextra lead-in is kept verbatim, not double-prefixed (0.087917ms)
✔ AC1: empty or placeholder input is rejected (0.092292ms)
✔ AC2: inserts `## User Story` ahead of an existing leading section (0.347875ms)
✔ AC2: markers above the first heading are preserved (0.158291ms)
✔ AC2: empty body produces a valid, leading User Story section (0.10325ms)
✔ AC3: replaces a placeholder User Story in place without duplicating the heading (0.264084ms)
✔ AC3: re-running with identical input reproduces the same bytes (0.126375ms)
✔ AC3: markers inside the section are preserved on replace (0.087542ms)
✔ AC4: catalog registers `user-story` with the `story` alias (0.114708ms)
✔ AC4: dispatch switch has matching `user-story` and `story` case labels (0.760125ms)
ℹ tests 13
ℹ suites 0
ℹ pass 13
ℹ fail 0
ℹ cancelled 0
ℹ skipped 0
ℹ todo 0
ℹ duration_ms 9.804416
