✔ requires explicit valid evaluator configuration (2.375041ms)
✔ only draft mode accepts empty or canonical template prose (1.167583ms)
✔ reports the nine closed story codes in specification order (0.861791ms)
✔ aggregates independent violations without duplicate codes in draft and approval (0.124291ms)
✔ requires exact prefixes and three substantive lines without bullets (0.154542ms)
✔ hashes normalized lines but preserves internal spacing and excludes marker lines (1.236375ms)
✔ all body validation surfaces retain raw first-H2 semantics around fenced decoys (0.960334ms)
✔ the evaluator recognizes a tab-separated raw H2 before the User Story (0.082959ms)
✔ an empty raw H2 marker cannot consume the next line as its heading (0.095333ms)
✔ the issue-body verifier retains tab-separated raw H2 position enforcement (0.124917ms)
✔ the historical guard shares tab-separated raw H2 position enforcement (0.067125ms)
✔ anchored phrase families accept meaningful delivery, agent and traceability roles (0.117792ms)
✔ offline corpus has exactly 24 honestly observed repairs and renderer negatives (1.720041ms)
✔ all scope levels parse original inline-code field values with normalized indentation and CRLF (0.865708ms)
✔ rejects missing, duplicate, unknown, empty, continuation and nested intent fields (0.629833ms)
✔ ignores fenced, commented and inline-code heading decoys without losing line alignment (0.906291ms)
✔ one-based inclusive parser bounds exclude neighboring intent blocks (0.470083ms)
✔ rendering and fixed-key hashing validate exactly four single-line fields (0.315417ms)
✔ linked task then linked root then unlinked deep dive select the closed authority (4.722958ms)
✔ linked authority never falls back on absent, unreadable, mismatched or malformed observations (5.441875ms)
✔ the actual mirrored details wrapper preserves deep-dive intent authority and digest (1.010583ms)
✔ a mirrored closing wrapper does not excuse missing fields or arbitrary continuations (0.792458ms)
✔ hidden closing wrapper decoys do not establish the structural deep-dive boundary (0.485041ms)
✔ selector conflicts and same-path aliases have identical decomposition and intent decisions (1.357708ms)
✔ only Plan Metadata supplies selectors; blank, template and duplicate selectors fail closed (1.738916ms)
✔ masked extractor selector round-trips exactly and raw inline-code headings suggest exact candidates (0.345ms)
✔ diagnostics bound untrusted excerpts and duplicate tasks cannot select authority (0.386458ms)
✔ inline-code-only continuations are refused instead of silently folded or discarded (0.0515ms)
✔ unknown object-prototype labels produce a normal malformed-intent refusal (0.043042ms)
✔ an intent field containing only an HTML comment is empty (0.044292ms)
✔ heading-shaped labels hidden by inline code never become live fields (0.0405ms)
✔ duplicate active plan references fail closed instead of selecting the first observation (0.126542ms)
✔ root authority cannot hide malformed nested content by truncating at a deeper heading (0.0795ms)
✔ selector repair diagnostics name the matching task candidate, not an unrelated first task (0.132459ms)
✔ duplicate linked references cannot disagree between decomposition and intent selection (0.226125ms)
✔ intent authority rejects conflicting duplicate Source-plan references: docs/plan.md, docs/conflict.md (0.158958ms)
✔ decomposition rejects conflicting duplicate Source-plan references: docs/plan.md, docs/conflict.md (0.16675ms)
✔ intent authority rejects conflicting duplicate Source-plan references: docs/conflict.md, docs/plan.md (0.260583ms)
✔ decomposition rejects conflicting duplicate Source-plan references: docs/conflict.md, docs/plan.md (0.127833ms)
✔ multiline inline code cannot hide a nonempty continuation after the four fields (0.064708ms)
✔ prototype-named extra fields refuse without throwing or extending the four-field contract (0.046875ms)
ℹ tests 41
ℹ suites 0
ℹ pass 41
ℹ fail 0
ℹ cancelled 0
ℹ skipped 0
ℹ todo 0
ℹ duration_ms 38.843167
