✔ citeCommands: reuses an existing VC entry position, no append (AC1) (1.080958ms)
✔ citeCommands: appends an absent command and cites its new 1-based position (AC2) (0.094667ms)
✔ citeCommands: multi-command mixes reuse + append into a citation run (AC4) (0.079792ms)
✔ citeCommands: a command cited twice appends once and cites one position (0.18175ms)
✔ buildEvidenceBackfill: cites an existing VC command without re-listing it (AC1) (1.937ms)
✔ buildEvidenceBackfill: appends an absent command and cites its new position (AC2) (0.20475ms)
✔ buildEvidenceBackfill: no raw command is embedded in the AC markers (0.137083ms)
✔ buildEvidenceBackfill: cited positions round-trip through the read-side resolver (0.667334ms)
✔ buildEvidenceBackfill: citation-authored ACs pass the Refine→Plan demonstrability gate (0.896875ms)
✔ buildEvidenceBackfill: parseEvidenceChecklist resolves the cited commands back to literals (0.254583ms)
✔ buildEvidenceBackfill: second pass is a no-op (idempotent) (0.144875ms)
✔ multi-command citation ticks only when every cited command passes (AC4) (0.83875ms)
✔ multi-command citation stays unticked when one cited command fails (AC4) (0.150583ms)
✔ legacy embedded command still resolves as evidence (AC5) (0.321791ms)
✔ legacy embedded command remains demonstrable to the gate (AC5) (0.143458ms)
✔ legacy embedded command still auto-ticks on green (AC5) (0.147209ms)
ℹ tests 16
ℹ suites 0
ℹ pass 16
ℹ fail 0
ℹ cancelled 0
ℹ skipped 0
ℹ todo 0
ℹ duration_ms 15.555166
