✔ clean fast-forward path: sync-skip, rebase child, test, ff, cleanup (0.901583ms)
✔ #1611: cleanup detaches a configured upstream before safe child deletion (0.132792ms)
✔ nested epic follows the same recursive merge-back path into its immediate epic parent (0.469166ms)
✔ grandparent advanced: epic is rebased onto trunk before the child merge (0.13ms)
✔ rebase conflict on the child refuses before any merge (0.304958ms)
✔ post-rebase test failure refuses the merge and skips cleanup (0.117083ms)
✔ #864: the test-runner runs bounded sections, not the retired test:all (0.460792ms)
✔ refuses a non-child issue (0.373875ms)
✔ requires child, git, and a test runner (0.246417ms)
✔ #1485: graph mapping preserves a valid parent custom branch (1.443167ms)
✔ #1601: graph mapping preserves the current issue custom branch and worktree (0.370125ms)
✔ #1601: malformed and ambiguous current issue authority map to authorityError (0.321792ms)
✔ #1485: a parent body with no authority marker preserves canonical fallback (0.106375ms)
✔ #1485: a root node with no parent carries no authority fields (0.064542ms)
✔ #1485: malformed and ambiguous parent authority map to parentAuthorityError (0.173042ms)
✔ #1485: a non-null parent with an unavailable body refuses (0.0835ms)
✔ #1485: graph loader prefetches child and immediate epic by issue number (0.145791ms)
✔ #1601: production graph loading reads own and parent worktree authority separately (0.198167ms)
✔ #1485: a node outside the prefetched set fails closed rather than being fabricated (0.07375ms)
✔ #1486: merge-back delegates authority and parent fetching to the shared adapter (0.365167ms)
✔ #1601: a recorded custom child branch drives rebase, merge, and cleanup (0.196709ms)
✔ #1601: recorded child path and checked-out branch mismatches refuse before mutation (0.188458ms)
✔ #1485: a recorded custom epic branch drives rebase, checkout, and fast-forward (0.111792ms)
✔ #1485: parent authority failure refuses before any git or test-runner call (0.095458ms)
✔ #1485: the CLI wires the prefetched keyed graph, not a constant single node (0.3205ms)
ℹ tests 25
ℹ suites 0
ℹ pass 25
ℹ fail 0
ℹ cancelled 0
ℹ skipped 0
ℹ todo 0
ℹ duration_ms 22.501
