▶ states-skeleton: raw factory definitions
  ✔ exports only the three active method lists plus the canonical id (1.536542ms)
  ✔ builds one immutable machine in lifecycle order (0.192834ms)
✔ states-skeleton: raw factory definitions (4.915167ms)
▶ states-skeleton: STATES map
  ✔ contains exactly the eight kanban states (0.130417ms)
  ✔ STATES map is frozen (0.059458ms)
  ✔ getState returns each state and throws on unknown (0.241083ms)
  ✔ factory and compatibility surfaces preserve one guard identity (0.087209ms)
✔ states-skeleton: STATES map (0.679333ms)
▶ states-skeleton: per-state container shape
  ✔ backlog: exports { name, entryGuards, exitGuards, onEnter } (0.227333ms)
  ✔ refine: exports { name, entryGuards, exitGuards, onEnter } (0.065709ms)
  ✔ ready-for-plan: exports { name, entryGuards, exitGuards, onEnter } (0.099417ms)
  ✔ plan: exports { name, entryGuards, exitGuards, onEnter } (0.094875ms)
  ✔ develop: exports { name, entryGuards, exitGuards, onEnter } (0.05725ms)
  ✔ test: exports { name, entryGuards, exitGuards, onEnter } (0.068042ms)
  ✔ review: exports { name, entryGuards, exitGuards, onEnter } (0.043125ms)
  ✔ done: exports { name, entryGuards, exitGuards, onEnter } (0.033084ms)
  ✔ done is terminal: no exit guards (0.076208ms)
  ✔ enforces open blockers only when work leaves Ready for Planning or later (0.105416ms)
✔ states-skeleton: per-state container shape (1.154875ms)
▶ states-skeleton: FORWARD_CHAIN
  ✔ covers every forward edge in the kanban (0.077916ms)
✔ states-skeleton: FORWARD_CHAIN (0.121917ms)
ℹ tests 17
ℹ suites 4
ℹ pass 17
ℹ fail 0
ℹ cancelled 0
ℹ skipped 0
ℹ todo 0
ℹ duration_ms 10.805709
