✔ assign claims an unassigned pre-Develop story without changing Status (4.982834ms)
✔ assign transfers a locally-owned story to one different owner while preserving Status (0.598125ms)
✔ assign refuses foreign and multiple ownership before mutation (0.284583ms)
✔ assign treats a thrown add with a matching read-back as ambiguous and never compensates (0.187541ms)
✔ assign never destructively compensates a successful but provenance-ambiguous add (0.516958ms)
✔ transfer does not destructively compensate after the prior owner was removed (0.226334ms)
✔ assign never mutates when the durable audit reservation fails (0.373042ms)
✔ assign is idempotent for the requested singleton owner (0.145959ms)
✔ assign retries a pending completion audit without repeating ownership mutation (0.79725ms)
✔ assign reports audit-pending after verified mutation when completion write fails (0.550041ms)
✔ transfer retry repairs completion audit from the original owner workstation (0.237208ms)
✔ audit retry correlates by transaction id instead of suppressing a newer identical intent (0.130417ms)
✔ transfer retry never completes a pending transaction for a different requested target (0.07925ms)
✔ ownership verb refusals give the operator a concrete recovery action (3.669916ms)
✔ Done preserves final ownership and refuses transfer (0.153083ms)
ℹ tests 15
ℹ suites 0
ℹ pass 15
ℹ fail 0
ℹ cancelled 0
ℹ skipped 0
ℹ todo 0
ℹ duration_ms 66.959791
