✔ resolveBoardTarget: explicit #N wins over active issue (0.704333ms)
✔ resolveBoardTarget: falls back to the active issue (0.078792ms)
✔ resolveBoardTarget: null when neither is present (0.414625ms)
✔ verbBoard: prints "#N board Status: <state>" from the pinned reader (39.173958ms)
✔ verbBoard: reports not-on-board when the pinned reader returns null (36.699ms)
✔ verbBoard: usage error and non-zero exit when no target resolvable (33.285708ms)
✔ evaluateGhProject: blocks `gh project item-list <n> --owner` (0.26275ms)
✔ evaluateGhProject: blocks other gh project forms (view, item-add) (0.12ms)
✔ evaluateGhProject: a bare mention of "gh project" in prose does not trip (0.092959ms)
✔ evaluateGhProject: blocks a ProjectV2 query pinning a non-bound id (0.195208ms)
✔ evaluateGhProject: allows a ProjectV2 query pinning only the bound id (0.093833ms)
✔ evaluateGhProject: blocks a ProjectV2 query with no pinned id (client filter) (0.077417ms)
✔ evaluateGhProject: fails closed when boundProjectId is unreadable (null) (0.054167ms)
✔ evaluateGhProject: ignores non-project gh api graphql (issues, sub-issues) (0.133292ms)
✔ evaluateGhProject: ignores unrelated commands (0.074958ms)
ℹ tests 15
ℹ suites 0
ℹ pass 15
ℹ fail 0
ℹ cancelled 0
ℹ skipped 0
ℹ todo 0
ℹ duration_ms 117.193417
