✔ prefix-collision: toggling the shorter label does not touch the longer line (1.297667ms)
✔ round-trip: toggling an exact-match unchecked line flips to [x] then back to [ ] (0.152958ms)
✔ regex metacharacters in the label are matched literally (0.1085ms)
✔ missing label returns not-found and does not throw (0.076333ms)
✔ batch: multi-label toggle accumulates in one body (0.494125ms)
✔ batch: mixed found / already-checked / not-found reported independently; not-found does not drop the batch (0.117667ms)
✔ batch: single label behaves like the legacy single-label toggle (0.085834ms)
✔ batch: empty label list is a no-op returning the body unchanged (0.069709ms)
✔ #411 bare visible label ticks a marker-bearing line (0.122375ms)
✔ #411 full-line argument (label + markers) still ticks the line (backward compat) (0.172333ms)
✔ #411 marker-bearing line retains its trailing markers after toggle (0.088583ms)
✔ #411 ambiguous: two lines sharing a stripped label yield ambiguous and tick neither (0.055416ms)
✔ #411 batch reports ambiguous independently without dropping other labels (0.096833ms)
✔ reviewed option mixtures refuse before state, batch, or directory I/O (0.577792ms)
ℹ tests 14
ℹ suites 0
ℹ pass 14
ℹ fail 0
ℹ cancelled 0
ℹ skipped 0
ℹ todo 0
ℹ duration_ms 7.528625
