Closed #1624.
#1624 is already fully closed; no terminal writes were repeated.
✔ production authority readers verify the owned audit report and live recovery issue (4.633916ms)
✔ sources audited no-commit and current delivery evidence before body replacement (6.400958ms)
✔ derives and verifies the protected-base integration topology before mutation (2.469875ms)
✔ refuses an integration head whose trunk parent is not reachable (0.388125ms)
✔ refuses when gate-resolved test authority differs from the accepted transaction (1.390042ms)
✔ refuses when a missing recorded worktree makes clean inspection unavailable (1.492333ms)
✔ refuses when a git inspection error makes clean inspection unavailable (0.859583ms)
✔ requires the fresh target body to remain epic with the recorded deliverable URL (2.772625ms)
✔ revalidates no-commit authority against the fresh versioned-mutation base (1.207916ms)
✔ reuses a durable correction record after interruption without a second comment (2.129916ms)
✔ resumes the durable replacement after board and issue transitions (3.048292ms)
✔ a completed correction retry is idempotent after binding ownership is gone (1.372083ms)
✔ a completed correction retry still requires exact replacement and current SHA authority (1.448041ms)
✔ a completed correction retry rejects a duplicate recovery identity (2.46575ms)
✔ the close verb replaces the audited transaction and resumes the unchanged saga (63.392625ms)
✔ false-delivery evidence permits outcome correction only for its replacement (1.591583ms)
ℹ tests 16
ℹ suites 0
ℹ pass 16
ℹ fail 0
ℹ cancelled 0
ℹ skipped 0
ℹ todo 0
ℹ duration_ms 100.997
