coverage-commit-trace.test.mjs: defined
✔ runCommitTrace: happy path threads info through injected deps (18.117ms)
✔ runCommitTrace: strips leading # from issueNumber (8.186584ms)
✔ runCommitTrace: throws without issueNumber (0.949083ms)
✔ runCommitTrace: throws without cfg.repo (0.317292ms)
✔ runCommitTrace: falls back to getProjectDir() when projectDir omitted (262.49175ms)
✔ verbCommitTrace: no target → usage, exit 1 (1.2885ms)
✔ verbCommitTrace: discover bucket active + no positional → usage, exit 1 (0.333417ms)
✔ verbCommitTrace: positional target but runCommitTrace throws → catch, exit 1 (0.341791ms)
✔ verbCommitTrace: target resolved from state.active, then catch → exit 1 (0.321ms)
ℹ tests 9
ℹ suites 0
ℹ pass 9
ℹ fail 0
ℹ cancelled 0
ℹ skipped 0
ℹ todo 0
ℹ duration_ms 296.884208
Usage: /task commit-trace #N
Usage: /task commit-trace #N
commit-trace: commit-trace: cfg.repo is required
Usage: /task commit-trace #N
