coverage-evidence-markers.test.mjs: defined
✔ runEvidenceMarkers: audit clean body → status clean (1.214792ms)
✔ runEvidenceMarkers: audit issues body → status issues-found (0.248208ms)
✔ runEvidenceMarkers: defaults to audit mode when mode omitted (0.110791ms)
✔ runEvidenceMarkers: backfill changed body → writes via mutateBody (1.13325ms)
✔ runEvidenceMarkers: backfill dry-run does not write (0.133416ms)
✔ runEvidenceMarkers: backfill with unchanged body skips write (0.126667ms)
✔ runEvidenceMarkers: backfill without mapping → ambiguous (0.0965ms)
✔ runEvidenceMarkers: unknown mode throws (0.259459ms)
✔ runEvidenceMarkers: throws without issueNumber (0.125208ms)
✔ runEvidenceMarkers: throws without cfg.repo (0.115334ms)
✔ verbEvidenceMarkers: no issue number → usage, exit 1 (0.232375ms)
✔ verbEvidenceMarkers: backfill without --map-file → exit 2 (0.112625ms)
missing-evidence: bare ac
missing-verification-command: npm test
stale-verification-command: npm run lint
evidence-markers: issues-found
✔ verbEvidenceMarkers: audit issues body prints audit, status issues-found (197.871041ms)
evidence-markers: clean
✔ verbEvidenceMarkers: audit clean body → exits normally (14.815833ms)
evidence-markers: dry-run
✔ verbEvidenceMarkers: backfill dry-run with map-file (16.330417ms)
missing-evidence: needs backfill
✔ verbEvidenceMarkers: backfill ambiguous → exit 3 (15.139625ms)
ℹ tests 16
ℹ suites 0
ℹ pass 16
ℹ fail 0
ℹ cancelled 0
ℹ skipped 0
ℹ todo 0
ℹ duration_ms 253.630417
Usage: /task evidence-markers <audit|backfill> #N [--map-file mappings.json] [--dry-run]
evidence-markers backfill requires --map-file <json>
ambiguous-evidence: needs backfill
