coverage-plan-approve.test.mjs: defined
✔ runPlanApprove: throws without issueNumber (1.036458ms)
✔ runPlanApprove: throws without cfg (0.088666ms)
✔ runPlanApprove: not in plan state → wrong-state (0.162917ms)
✔ runPlanApprove: forbidden compound command in AC → forbidden-command (23.415333ms)
✔ runPlanApprove: both markers present → already-approved (no write) (96.67275ms)
✔ runPlanApprove: clean body → approved, mutate stamps both markers (177.371875ms)
✔ runPlanApprove: approval present, entry missing → re-stamped-entry (139.6045ms)
✔ verbPlanApprove: no issue number → usage, exit 1 (1.233833ms)
✔ verbPlanApprove: TT_SKIP_NETWORK set → refuses, exit 1 (0.268166ms)
✔ verbPlanApprove: approved → stdout, no exit (23.161667ms)
✔ verbPlanApprove: already-approved → stdout, no exit (31.278042ms)
✔ verbPlanApprove: re-stamped-entry → stdout, no exit (29.340833ms)
✔ verbPlanApprove: repaired adaptive approval → stdout, no exit (22.64ms)
✔ verbPlanApprove: missing adaptive forecast → stderr, exit 13 (22.411666ms)
✔ verbPlanApprove: wrong-state → stderr, exit 3 (20.755209ms)
✔ verbPlanApprove: forbidden-command → stderr, exit 12 (17.78175ms)
✔ verbPlanApprove: runPlanApprove throws → stderr, exit 1 (19.977958ms)
✔ verbPlanApprove: story binding refusal has stable diagnostics and nonzero exit (17.679875ms)
✔ verbPlanApprove: directory binding refusal has stable diagnostics and nonzero exit (15.794667ms)
✔ verbPlanApprove: persistence binding refusal has stable diagnostics and nonzero exit (19.952958ms)
✔ verbPlanApprove: fresh-directory binding refusal has stable diagnostics and nonzero exit (18.906834ms)
✔ verbPlanApprove: legacy binding repair reports renewal (16.947208ms)
ℹ tests 22
ℹ suites 0
ℹ pass 22
ℹ fail 0
ℹ cancelled 0
ℹ skipped 0
ℹ todo 0
ℹ duration_ms 724.162417
