✔ deliver source has no terminal lifecycle dependency (1.387208ms)
✔ #1512 default adapter resolves @me to an eligible human reviewer (0.97475ms)
✔ #1512 default adapter normalizes exact-head PR review evidence (0.277667ms)
✔ default live PR snapshot records a server-confirmed deleted source branch (1.86425ms)
✔ #1635 merged PR attribution uses the full commit subject when GitHub truncates messageHeadline (0.395875ms)
✔ default PR adapter proves a complete paginated commit inventory (0.731125ms)
✔ default PR adapter rejects initial head mismatch (0.391875ms)
✔ default PR adapter rejects head drift between pages (0.152125ms)
✔ #1390 default PR adapter canonicalizes live GitHub second-precision mergedAt (0.257625ms)
✔ #1390 default PR adapter rejects missing or malformed mergedAt (0.319875ms)
✔ default merge-history inspector returns exact parents and authorized commit bytes (0.208375ms)
✔ #1389 default comment adapter canonicalizes live GitHub second-precision timestamps (0.164667ms)
✔ #1389 default comment adapter rejects malformed GitHub timestamps (0.080875ms)
✔ #1413 default delivery adapter excludes optional and historical PR checks (0.300333ms)
✔ #1413 default delivery adapter preserves pending required checks as non-green (0.18075ms)
✔ #1504 default delivery adapter reads an explicit absent required-check policy (0.169833ms)
✔ #1504 absent required checks remain unreadable after pull-request head drift (0.11525ms)
✔ #1504 default delivery adapter propagates unrelated exit-one check failures (0.192958ms)
ℹ tests 18
ℹ suites 0
ℹ pass 18
ℹ fail 0
ℹ cancelled 0
ℹ skipped 0
ℹ todo 0
ℹ duration_ms 12.98025
