✔ advanced local head refuses historical recovery without a prior intent (3.125125ms)
✔ advanced local head explicitly reconstructs a missing intent after proving historical delivery (8.128125ms)
▶ historical reconstruction and every retry enforce manual approval of the accepted historical SHA
  ✔ 0 records: missing approval (0.700083ms)
  ✔ 0 records: stale local-head approval (0.339708ms)
  ✔ 0 records: exact accepted-head approval (1.150292ms)
  ✔ 1 records: missing approval (0.35475ms)
  ✔ 1 records: stale local-head approval (0.317958ms)
  ✔ 1 records: exact accepted-head approval (1.317125ms)
  ✔ 2 records: missing approval (0.504125ms)
  ✔ 2 records: stale local-head approval (0.385625ms)
  ✔ 2 records: exact accepted-head approval (0.960083ms)
  ✔ 3 records: missing approval (0.309583ms)
  ✔ 3 records: stale local-head approval (0.333875ms)
  ✔ 3 records: exact accepted-head approval (1.009ms)
✔ historical reconstruction and every retry enforce manual approval of the accepted historical SHA (10.629416ms)
✔ ordinary prior-intent historical recovery retains its existing manual-review behavior (2.784ms)
✔ historical reconstruction retries a persisted 1-record prefix without duplicates (1.332833ms)
✔ historical reconstruction retries a persisted 2-record prefix without duplicates (1.214625ms)
✔ historical reconstruction retries a persisted 3-record prefix without duplicates (1.054709ms)
✔ historical reconstruction recovers a lost reconciliation POST response without duplicate records (0.988708ms)
▶ historical reconstruction retries require explicit authority and fresh provider/Git proof
  ✔ 1 records: missing flag (0.185791ms)
  ✔ 1 records: changed reason (0.189958ms)
  ✔ 1 records: placeholder reason (0.166292ms)
  ✔ 1 records: changed declaration (0.152209ms)
  ✔ 1 records: unreachable merge (0.374416ms)
  ✔ 1 records: changed topology (0.359625ms)
  ✔ 1 records: changed live bytes (0.380542ms)
  ✔ 2 records: missing flag (0.242541ms)
  ✔ 2 records: changed reason (0.374875ms)
  ✔ 2 records: placeholder reason (0.350208ms)
  ✔ 2 records: changed declaration (0.290292ms)
  ✔ 2 records: unreachable merge (0.377542ms)
  ✔ 2 records: changed topology (0.314959ms)
  ✔ 2 records: changed live bytes (0.446375ms)
  ✔ 3 records: missing flag (0.284208ms)
  ✔ 3 records: changed reason (0.961625ms)
  ✔ 3 records: placeholder reason (0.396ms)
  ✔ 3 records: changed declaration (0.266083ms)
  ✔ 3 records: unreachable merge (0.353125ms)
  ✔ 3 records: changed topology (0.255625ms)
  ✔ 3 records: changed live bytes (0.447542ms)
✔ historical reconstruction retries require explicit authority and fresh provider/Git proof (8.590625ms)
▶ historical reconstruction refuses missing, malformed, or mismatched v2 retry provenance
  ✔ missing (0.345333ms)
  ✔ malformed (0.380459ms)
  ✔ v1 only (0.246334ms)
  ✔ wrong origin (0.227541ms)
  ✔ wrong issue (0.230792ms)
  ✔ wrong repository (0.237ms)
  ✔ wrong PR (0.217083ms)
  ✔ wrong accepted SHA (0.270541ms)
  ✔ wrong merge SHA (0.247208ms)
  ✔ wrong configured method (0.2365ms)
  ✔ wrong observed method (0.264541ms)
  ✔ wrong reason (0.321875ms)
  ✔ false divergence (0.283166ms)
✔ historical reconstruction refuses missing, malformed, or mismatched v2 retry provenance (4.62725ms)
✔ historical reconstruction refuses unmerged PR without any ledger writes (0.189625ms)
✔ historical reconstruction refuses unreachable merge without any ledger writes (0.20575ms)
✔ historical reconstruction refuses unattributable topology without any ledger writes (0.161542ms)
✔ historical reconstruction refuses declared method mismatch without any ledger writes (0.139875ms)
✔ historical reconstruction refuses missing flag without any ledger writes (0.107625ms)
✔ historical reconstruction refuses failed trunk fetch without any ledger writes (0.216333ms)
✔ historical reconstruction refuses provider method mismatch without any ledger writes (0.176667ms)
✔ historical reconstruction refuses invalid attribution without any ledger writes (0.233084ms)
✔ advanced local head refuses an external recovery intent (0.375583ms)
ℹ tests 65
ℹ suites 0
ℹ pass 65
ℹ fail 0
ℹ cancelled 0
ℹ skipped 0
ℹ todo 0
ℹ duration_ms 52.650042
