✔ first open-PR call posts one exact intent before emitting one action and exits 20 (14.411459ms)
✔ configured rebase refuses before durable intent or provider action output (0.633542ms)
✔ lost POST response reconciles the server-visible dedupe key without posting again (1.279ms)
✔ same dedupe key with divergent authorized bytes fails closed (0.621375ms)
✔ same-head pending intent reruns live preflight and re-emits byte-identical JSON (1.405042ms)
✔ merged exact head is independently verified and receives one durable receipt (3.267417ms)
✔ merged verification rejects a missing merge SHA (1.990875ms)
✔ merged verification rejects the wrong recorded pre-merge head (0.89375ms)
✔ merged delivery refuses a test SHA disagreement without appending a receipt (0.830959ms)
✔ merged delivery refuses a review SHA disagreement without appending a receipt (0.781625ms)
✔ merged verification rejects an exposed merge-method mismatch (1.557292ms)
✔ merged verification rejects a live-history merge-method mismatch (2.353792ms)
✔ merged verification rejects an indistinguishable live-history merge method (1.26875ms)
✔ ordinary delivery still requires live merge bytes to equal the prior authorization (1.224333ms)
✔ configured merge verifies an exact two-parent live-history shape (3.035375ms)
✔ merged verification rejects unknown branch disposition observations (4.525208ms)
✔ merged verification fails closed when the authoritative trunk fetch fails (1.231708ms)
✔ merged verification rejects a merge result unreachable from fetched origin/trunk (1.04225ms)
✔ ordinary intent rejects a merge timestamp earlier than the server intent timestamp (1.674417ms)
✔ ambiguous provider outcome reconciles an open PR as the same action-required intent (1.046042ms)
✔ ambiguous provider outcome reconciles a merged PR from live state, not provider output (2.606709ms)
✔ repeated exact receipt re-verifies live PR and trunk without creating another comment (2.83925ms)
✔ advanced local head recovers one historical receipt from a prior durable intent (1.312375ms)
✔ advanced local head refuses historical recovery while the accepted PR is open (0.701541ms)
✔ advanced local head requires accepted Agent Review and standing approval (1.338125ms)
✔ advanced local head refuses wrong-SHA Test or Review evidence (1.203834ms)
✔ advanced local head enforces intent-time ordering and trunk reachability (1.519916ms)
✔ advanced local head rejects divergent prior intent repository bytes (1.623875ms)
✔ advanced local head rejects divergent prior intent issue bytes (1.019209ms)
✔ advanced local head rejects divergent prior intent pull request bytes (0.783875ms)
✔ advanced local head rejects divergent prior intent base bytes (0.856792ms)
✔ advanced local head rejects divergent prior intent branch bytes (0.9975ms)
✔ advanced local head rejects divergent prior intent head bytes (0.784166ms)
✔ advanced local head rejects divergent prior intent method bytes (0.796042ms)
✔ advanced local head rejects divergent prior intent attribution bytes (0.855292ms)
✔ advanced local head rejects divergent prior intent title bytes (0.748166ms)
✔ advanced local head rejects divergent prior intent message bytes (0.97225ms)
✔ advanced local head refuses historical recovery when Full-Auto delivery is disabled (1.323041ms)
✔ advanced local head rejects duplicate and divergent historical receipts (2.162917ms)
✔ lost receipt POST response is reconciled from the single server-visible receipt (1.158208ms)
✔ conflicting receipts fail closed before any new comment is created (1.334292ms)
✔ already-merged external recovery appends an external intent and receipt without an action (0.975167ms)
✔ external recovery proves a configured squash from complete single-source history (0.79725ms)
✔ external recovery accepts exact legacy escaped attribution (1.888209ms)
▶ external recovery refuses altered legacy escaped attribution
  ✔ missing (0.769334ms)
  ✔ altered (0.359709ms)
  ✔ duplicated (0.392208ms)
  ✔ physical newlines (0.306166ms)
  ✔ altered title (0.371792ms)
  ✔ non-squash (0.647417ms)
  ✔ multiple tokens (0.35075ms)
✔ external recovery refuses altered legacy escaped attribution (3.904667ms)
✔ external recovery refuses ambiguous one-parent rewritten history with missing method observation (0.284084ms)
✔ external recovery refuses ambiguous one-parent rewritten history with null method observation (0.213375ms)
✔ external recovery strictly rejects malformed provider merge-method evidence (0.244709ms)
✔ external recovery rejects a provider method observation that mismatches configuration (0.327375ms)
✔ external recovery structurally verifies a two-parent merge without provider method evidence (1.033458ms)
✔ ordinary prior-intent squash remains verifiable without provider method evidence (1.893166ms)
✔ external recovery records observed merge bytes instead of synthesizing provider bytes (1.346791ms)
✔ external recovery refuses empty-title observed commit bytes before writing (0.6805ms)
✔ external recovery refuses control-character-title observed commit bytes before writing (0.342333ms)
✔ external recovery refuses control-character-message observed commit bytes before writing (0.263916ms)
✔ failed first external recovery writes nothing and a corrected retry succeeds (1.123917ms)
✔ external recovery derives required attribution from PR history when post-merge range is empty (0.867541ms)
✔ repeated external recovery re-verifies as already delivered without timestamp reclassification (4.963291ms)
✔ changed head requires fresh Test and review evidence then supersedes the prior intent (1.433167ms)
✔ child lineage returns an explicit non-provider result without provider or terminal effects (0.098209ms)
✔ unknown lineage fails closed instead of being classified as child delivery (0.088958ms)
✔ requested issue number never substitutes for a missing active binding (0.134708ms)
ℹ tests 69
ℹ suites 0
ℹ pass 69
ℹ fail 0
ℹ cancelled 0
ℹ skipped 0
ℹ todo 0
ℹ duration_ms 104.536584
