✔ runDemote hard-refuses with no --rework (from review) (0.700084ms)
✔ runDemote hard-refuses with no --rework (from test) (0.076ms)
✔ runDemote treats a whitespace-only --rework as absent (0.067334ms)
✔ runDemote with a real --rework from a legal source demotes and threads the reason (0.504541ms)
✔ runDemote still refuses an illegal source even with --rework (0.182041ms)
✔ defaultRunMoveState appends --demote and --demote-reason when a reason is present (0.323583ms)
✔ defaultRunMoveState omits --demote-reason when the reason is blank (0.149125ms)
✔ parseArgs extracts issue number and --rework in both forms (0.47875ms)
✔ #932 demote-strips-VC-evidence: uncheck + drop run-props, keep declaration (0.989125ms)
✔ #932 demote-preserves-protected: no invariant marker is lost (1.549209ms)
✔ #932 re-promote-restamps-new-sha: stripped item re-stamps against the new HEAD, not the old (0.369875ms)
✔ #932 demote-with-nothing-to-strip: a body with only declarations is a safe no-op (0.225125ms)
✔ #1557 compatibility repair accepts only the exact valid stranded provenance tuple (0.917708ms)
✔ #932 runDemote wires invalidateEvidence into the state-recording mutate and reports it (1.874167ms)
✔ #848 AC6: demote LEGAL_FROM/DEMOTE_TARGET unchanged by the park addition (0.109792ms)
ℹ tests 15
ℹ suites 0
ℹ pass 15
ℹ fail 0
ℹ cancelled 0
ℹ skipped 0
ℹ todo 0
ℹ duration_ms 16.358167
