✔ extractKind pulls the --kind value and leaves title tokens intact (0.93525ms)
✔ extractKind returns null kind and unchanged rest when --kind absent (AC3) (0.074ms)
✔ extractKind consumes only the first --kind occurrence (0.06575ms)
✔ extractKind drops a trailing --kind with no value (0.084166ms)
✔ extractKind tolerates a non-array (0.067125ms)
✔ createNewIssue appends --kind to the spawned argv when kind is set (0.2095ms)
✔ createNewIssue omits --kind from argv when kind is null (AC3) (0.105375ms)
✔ createNewIssue omits --kind from argv when kind is an empty string (0.066291ms)
✔ createNewIssue no-kind argv is byte-identical to the default-arg call (AC3) (0.097541ms)
✔ createNewIssue never forwards cfg.defaultLabels into the argv (#748 Defect A) (0.111458ms)
✔ findUnknownFlags reports every unrecognized flag token (#748 Defect B) (0.126625ms)
✔ findUnknownFlags returns [] for a plain title (#748 Defect B) (0.062709ms)
✔ findUnknownFlags returns [] for kind-stripped title tokens (#748 Defect B) (0.054125ms)
✔ findUnknownFlags flags a short -x option token (#748 Defect B) (0.046542ms)
✔ findUnknownFlags tolerates a non-array (0.0455ms)
ℹ tests 15
ℹ suites 0
ℹ pass 15
ℹ fail 0
ℹ cancelled 0
ℹ skipped 0
ℹ todo 0
ℹ duration_ms 6.840292
