✔ runPullNext refuses when epic is not in develop (0.823208ms)
✔ pull-next live-state reads use the exact configured-project snapshot (0.103875ms)
✔ runPullNext returns no-children for epic with no sub-issues (0.126208ms)
✔ runPullNext returns no-eligible when no R4P children exist (2.737041ms)
✔ runPullNext promotes lowest-rank R4P child (4.2785ms)
✔ #1260 pulled epic child names the bound epic integration branch (0.257792ms)
✔ #1260 solo-story planning guidance remains current trunk (0.073541ms)
✔ #1260 missing epic branch authority fails closed to generic epic guidance (1.612542ms)
✔ #1260 default epic branch resolver reads the already-bound project directory (0.314125ms)
✔ runPullNext refuses false success when the selected child did not reach Plan (0.191042ms)
✔ runPullNext delegates the selected child through the real promote bind seam (#1114) (98.427459ms)
✔ selected-child promotion reuses its held lock instead of entering the locking verb wrapper (0.380042ms)
✔ direct promote remains fail-closed on a mismatched bind (#1114) (0.291292ms)
✔ runPullNext skips a child whose external native dependency is not Done (3.199833ms)
✔ runPullNext selects a child when its external native dependency is Done (3.0325ms)
✔ runPullNext audits the epic before child selection (#758) (2.929ms)
✔ runPullNext refuses ambiguous epic audit drift (0.16275ms)
✔ runPullNext refuses every pull when any child descriptor is incomplete (0.113708ms)
✔ runPullNext holds shared parent authority across selection and promotion (3.127ms)
✔ runPullNext does not audit when the epic is not in develop (#758) (0.121625ms)
✔ runPullNext requires epicNumber and cfg (0.129959ms)
✔ runPullNext surfaces fetch failures (0.115875ms)
ℹ tests 22
ℹ suites 0
ℹ pass 22
ℹ fail 0
ℹ cancelled 0
ℹ skipped 0
ℹ todo 0
ℹ duration_ms 126.765333
