✔ reconcile accept-live: drifted issue writes new state + reconciled audit marker (4.873375ms)
✔ reconcile accept-live: test → develop invalidates stale demotion proof and reports it (#1037) (1.385291ms)
✔ reconcile accept-live: review → develop invalidates stale demotion proof and reports it (#1037) (0.241208ms)
✔ reconcile accept-live preserves execution proof for forward drift (#1037) (0.226792ms)
✔ reconcile accept-live preserves execution proof for unrelated rollback (#1037) (0.18375ms)
✔ reconcile accept-live stamps aitm-entered-<live> when absent (#174) (0.377208ms)
✔ reconcile accept-live is idempotent for entry marker (#174) (0.197875ms)
✔ reconcile accept-live: legacy Assigned status stamps canonical R4P evidence (#436, #1211) (0.239834ms)
✔ reconcile revert-to-recorded: recorded BEHIND live refuses forward-only, names accept-live (#740) (0.109167ms)
✔ reconcile: no drift refused (70.942458ms)
✔ reconcile: missing mode returns error (0.148292ms)
✔ reconcile: unknown mode returns error (0.075167ms)
✔ reconcile revert-to-recorded: no recorded state → error (0.078041ms)
✔ reconcile accept-live: no live state → error (0.122209ms)
✔ reconcile accept-live: preserves forward markers as history + adds visit marker (#181) (0.306708ms)
✔ reconcile revert-to-recorded: does NOT strip future entry markers (0.152416ms)
✔ reconcile revert: transition-failed when move-state exits non-zero (0.069584ms)
ℹ tests 17
ℹ suites 0
ℹ pass 17
ℹ fail 0
ℹ cancelled 0
ℹ skipped 0
ℹ todo 0
ℹ duration_ms 90.939834
