✔ Review installs the agent-validation resident action by direct reference (2.935625ms)
✔ fresh Agent Review Passed evidence completes the current Review visit (1.297167ms)
✔ an objection persists failed evidence and returns failed without a board move (3.312917ms)
✔ resident semantic review reloads policy only for missing waivable planning sections (0.71375ms)
✔ a current semantic-review waiver returns waived without running validators or mutations (0.648625ms)
✔ waived semantic review emits a truthful durable timeline row (0.988959ms)
✔ waived semantic review retires the active failure carrier without stamping pass evidence (0.466ms)
✔ verify revalidates a durable waiver and treats revocation as incomplete (1.149458ms)
✔ verify re-runs a durable waiver whose terminal row lacks exact-head authority (0.367709ms)
✔ verify pauses when Review comments are unreadable or no reader exists (0.351458ms)
✔ waived semantic review refuses unusable authority before clearing a failure carrier (0.292291ms)
✔ waived semantic review requires the failure-retirement capability before posting (0.0945ms)
✔ waived semantic review preserves the failure carrier when the terminal row is only queued (0.073833ms)
✔ waived semantic review preserves the failure carrier when posted evidence fails readback (0.110625ms)
✔ verify re-runs a durable waiver when a stale failure carrier still needs retirement (0.091166ms)
✔ Review entry is forward while an in-Review retry is actions-only (0.937542ms)
✔ an in-Review retry executes only the Cursor actions-only trigger (0.278958ms)
✔ Review classifies resident and boundary Cursor outcomes without swallowing failures (0.160375ms)
✔ Review reports waived semantic work without claiming verification passed (0.254ms)
✔ resume, switch, and the dispatcher carry the Review resident wake (0.25275ms)
✔ #1488: verbStart delegates to verbResume and does not re-issue the Review wake (0.168834ms)
✔ #1488: the wake decision exempts the start verb and no other (0.364791ms)
✔ #1488: resume and rebind still wake Review residents (0.150125ms)
✔ a passing Review probe continues into actions-only resident execution (0.098875ms)
✔ a gate objection performs NO board move — the issue stays in Review (0.292375ms)
✔ the failure timeline is exactly: stamp the marker, then post review:failed (0.448458ms)
✔ the review:failed row says the issue stays in Review, not that it reverted (0.213791ms)
✔ the marker stamp is best-effort — a mutate throw does not lose the row (0.4665ms)
✔ the failure path never passes --demote to anything (0.570542ms)
✔ verbReview delegates the authoritative Test → Review move and gate to the Cursor (0.399625ms)
✔ there is exactly ONE authoritative move-to-review call site (0.068167ms)
✔ emitReviewGateFailureTimeline no longer destructures runMoveState (0.398ms)
✔ the operator is told to fix in place and re-run, not to fix in Develop (0.195875ms)
✔ the resident action consumes the Cursor-hydrated body and comments snapshot (0.1735ms)
✔ both gate outcome paths derive their write from the post-move body (0.100958ms)
ℹ tests 35
ℹ suites 0
ℹ pass 35
ℹ fail 0
ℹ cancelled 0
ℹ skipped 0
ℹ todo 0
ℹ duration_ms 42.239542
