
> @kburson/ai-task-manager@1.0.0 test:slow
> node scripts/run-tests.mjs --lane slow

▶ lane=slow (52 files)

▶ scripts/tests/slow/review/co-review-boundaries.test.mjs ... ok (13.0s)
▶ scripts/tests/slow/task-tracker/core/ci-lane-wiring.test.mjs ... ok (50ms)
▶ scripts/tests/slow/task-tracker/core/fleet-registry-concurrent.test.mjs ... ok (4.9s)
▶ scripts/tests/slow/task-tracker/core/lifecycle-traversal-e2e.test.mjs ... ok (68ms)
▶ scripts/tests/slow/task-tracker/core/maintenance-scripts-strict-argv.test.mjs ... ok (1.1s)
▶ scripts/tests/slow/task-tracker/core/packaged-tail-profile-consumer.test.mjs ... ok (1.7s)
▶ scripts/tests/slow/task-tracker/core/verify-develop.test.mjs ... ok (847ms)
▶ scripts/tests/slow/task-tracker/lib/ac-evidence-gate.test.mjs ... ok (1.1s)
▶ scripts/tests/slow/task-tracker/lib/action-capture-integration.test.mjs ... ok (1.7s)
▶ scripts/tests/slow/task-tracker/lib/activity-guard.test.mjs ... ok (3.8s)
▶ scripts/tests/slow/task-tracker/lib/agent-guard.test.mjs ... ok (770ms)
▶ scripts/tests/slow/task-tracker/lib/agentic-help-runtime.test.mjs ... ok (50.2s)
▶ scripts/tests/slow/task-tracker/lib/aitm-dispatcher.test.mjs ... ok (2.3s)
▶ scripts/tests/slow/task-tracker/lib/body-write-roundtrip.test.mjs ... ok (47ms)
▶ scripts/tests/slow/task-tracker/lib/chore-mode-activity-guard.test.mjs ... ok (515ms)
▶ scripts/tests/slow/task-tracker/lib/cli.test.mjs ... ok (6.8s)
▶ scripts/tests/slow/task-tracker/lib/commit-trail-handler.test.mjs ... ok (1.8s)
▶ scripts/tests/slow/task-tracker/lib/config-completeness-invariant.test.mjs ... ok (185ms)
▶ scripts/tests/slow/task-tracker/lib/coverage-close-gates.test.mjs ... ok (4.0s)
▶ scripts/tests/slow/task-tracker/lib/coverage-hook-handler.test.mjs ... ok (2.6s)
▶ scripts/tests/slow/task-tracker/lib/coverage-orchestrator-lock.test.mjs ... ok (662ms)
▶ scripts/tests/slow/task-tracker/lib/create-issue.test.mjs ... ok (2.3s)
▶ scripts/tests/slow/task-tracker/lib/demonstrable-ac-gate.test.mjs ... ok (53ms)
▶ scripts/tests/slow/task-tracker/lib/dirty-review-promote-false-success.test.mjs ... ok (784ms)
▶ scripts/tests/slow/task-tracker/lib/dirty-workspace-gate.test.mjs ... ok (4.4s)
▶ scripts/tests/slow/task-tracker/lib/discover-autosave.test.mjs ... ok (156ms)
▶ scripts/tests/slow/task-tracker/lib/ensure-wave-parent.test.mjs ... ok (3.8s)
▶ scripts/tests/slow/task-tracker/lib/epic-children-review-lifecycle.test.mjs ... ok (353ms)
▶ scripts/tests/slow/task-tracker/lib/epic-tree.test.mjs ... ok (1.3s)
▶ scripts/tests/slow/task-tracker/lib/gate-message-attribution.test.mjs ... ok (297ms)
▶ scripts/tests/slow/task-tracker/lib/gates.test.mjs ... ok (4.5s)
▶ scripts/tests/slow/task-tracker/lib/init-status-palette.test.mjs ... ok (5.5s)
▶ scripts/tests/slow/task-tracker/lib/issue-authoring.test.mjs ... ok (839ms)
▶ scripts/tests/slow/task-tracker/lib/lifecycle.test.mjs ... ok (2.5s)
▶ scripts/tests/slow/task-tracker/lib/log-issue-time.test.mjs ... ok (1.8s)
▶ scripts/tests/slow/task-tracker/lib/move-state-approval-gate.test.mjs ... ok (6.4s)
▶ scripts/tests/slow/task-tracker/lib/move-state-gate.test.mjs ... ok (4.9s)
▶ scripts/tests/slow/task-tracker/lib/move-state.test.mjs ... ok (1.5s)
▶ scripts/tests/slow/task-tracker/lib/move-state/board-field-readback.test.mjs ... ok (2.9s)
▶ scripts/tests/slow/task-tracker/lib/proof-gate-reconciliation.test.mjs ... ok (690ms)
▶ scripts/tests/slow/task-tracker/lib/ready-for-plan-live-migration.test.mjs ... ok (214ms)
▶ scripts/tests/slow/task-tracker/lib/review-approval-prompt.test.mjs ... ok (14.9s)
▶ scripts/tests/slow/task-tracker/lib/verb-preflight-wiring.test.mjs ... ok (1.1s)
▶ scripts/tests/slow/task-tracker/lib/worktree-isolation.test.mjs ... ok (2.7s)
▶ scripts/tests/slow/task-tracker/lib/worktree-seed-integration.test.mjs ... ok (926ms)
▶ scripts/tests/slow/task-tracker/verbs/close-lifecycle-tick.test.mjs ... ok (88ms)
▶ scripts/tests/slow/task-tracker/verbs/coverage-close.test.mjs ... ok (2.8s)
▶ scripts/tests/slow/task-tracker/verbs/deadlock-regression.test.mjs ... ok (356ms)
▶ scripts/tests/slow/task-tracker/verbs/promote-verb.test.mjs ... ok (552ms)
▶ scripts/tests/slow/task-tracker/verbs/recovery-path-independence.test.mjs ... ok (289ms)
▶ scripts/tests/slow/task-tracker/verbs/state-marker-single-writer.test.mjs ... ok (336ms)
▶ scripts/tests/slow/task-tracker/verbs/verb-test-remove-worktree.test.mjs ... ok (168ms)

▶ scheduling: 0 pure unit file(s) at pool concurrency 9 (peak 0); 0 direct-subprocess file(s) at pool concurrency 2 (peak 0); 2 explicit-safe slow file(s) at pool concurrency 2 (peak 2); 50 explicit-unsafe/integration/unmarked-slow file(s) serial

run-tests: lane 'slow' bounded sections: slow-parallel=50.2s/600s (2 files); serial=104.3s/600s (50 files); aggregate=154.5s

All 52 test files passed.
