Checking formatting...
[warn] bin/aitm.mjs
[warn] guidance/admission.mjs
[warn] scripts/task-tracker/lib/command-surface/catalog.mjs
[warn] scripts/task-tracker/lib/runtime-migration-timing.mjs
[warn] scripts/task-tracker/lib/runtime-process-census.mjs
[warn] scripts/task-tracker/lib/runtime-record-catalog.mjs
[warn] scripts/task-tracker/lib/runtime-writer-census.mjs
[warn] scripts/task-tracker/task-tracker.mjs
[warn] scripts/task-tracker/verbs/help-data.mjs
[warn] scripts/task-tracker/verbs/migrate-runtime.mjs
[warn] scripts/tests/helpers/runtime-root-fixture.mjs
[warn] scripts/tests/integration/task-tracker/lib/runtime-bootstrap-cli.test.mjs
[warn] scripts/tests/integration/task-tracker/lib/runtime-capabilities.test.mjs
[warn] scripts/tests/integration/task-tracker/lib/runtime-migration-catalog.test.mjs
[warn] scripts/tests/integration/task-tracker/lib/runtime-operation-lock.test.mjs
[warn] scripts/tests/unit/task-tracker/lib/runtime-migration-timing.test.mjs
[warn] scripts/tests/unit/task-tracker/lib/runtime-process-census.test.mjs
[warn] scripts/tests/unit/task-tracker/lib/runtime-writer-census.test.mjs
[warn] Code style issues found in 18 files. Run Prettier with --write to fix.
