✔ migration bootstrap admits exact registered forms without reading corrupt runtime (91.317875ms)
✔ bootstrap rejects wrong executable, wrappers, extra tokens and ambiguous arguments (0.455ms)
✔ bootstrap accepts exact-hash legacy trust planning and never requires volatile input on resume (19.950333ms)
✔ bootstrap rejects artifact-root identity even when it contains a real Git repository (35.768541ms)
✔ bootstrap compares executable physical identity and rejects copied package entrypoints (39.086958ms)
✔ writer leases are durable, scoped and removed after successful or failed operations (277.288208ms)
✔ fencing drains existing leases and prevents new writers without accepting unknown older writers (322.958958ms)
✔ known cooperative in-flight writers drain under a fence while unknown older processes refuse (214.205958ms)
✔ nested synchronous and asynchronous writers share the outer lease through publication (179.852875ms)
✔ corrupt and aliased fence records cannot be treated as an absent fence (93.621958ms)
✔ unknown coordinator ownership is retained rather than reclaimed by age (100.648625ms)
✔ coordinator release preserves replaced ownership instead of unlinking another owner (54.673958ms)
✔ malformed owners and foreign-root lease records fail closed before fencing (81.225041ms)
✔ a separate live process lease drains before migration can become quiescent (259.092083ms)
✔ synchronous writers retain a lease through byte publication and return synchronously (179.356625ms)
ℹ tests 15
ℹ suites 0
ℹ pass 15
ℹ fail 0
ℹ cancelled 0
ℹ skipped 0
ℹ todo 0
ℹ duration_ms 1989.490708
