✔ production root aliases refuse artifact-contained forged authority before state access (248.834333ms)
✔ production root aliases refuse physical artifact aliases (73.164625ms)
✔ same physical worktree override resolves root from a subdirectory (156.205458ms)
✔ foreign overrides require exact registered admission and conflicting aliases refuse (542.486417ms)
✔ shadowed unsafe aliases never escape validation (157.142125ms)
✔ a marker directory with only HEAD is not a Git identity (22.196333ms)
✔ registered foreign admission is scoped and requires a fresh linked Git worktree (566.487667ms)
✔ an unavailable unrelated registered worktree does not poison a valid root (452.024ms)
✔ a linked checkout cannot import a main root located under artifacts (136.986ms)
✔ durable layout separates linked local state from main shared state without creating stores (36.640875ms)
✔ uninitialized durable storage refuses without importing volatile state (19.152458ms)
✔ durable reads validate real queue generations and individual authority fields (74.572791ms)
✔ durable reads refuse corrupt control, unsupported schema and partial publication (77.444333ms)
✔ activated stores require valid records and never recover authority from volatile bytes (193.654791ms)
✔ runtime overrides reject volatile, foreign and physical alias destinations (129.16675ms)
✔ runtime override ancestry checks repeated directory components (38.00775ms)
✔ a dangling control alias refuses before uninitialized-store classification (31.583042ms)
✔ a final runtime record alias refuses even when its target exists (42.938917ms)
ℹ tests 18
ℹ suites 0
ℹ pass 18
ℹ fail 0
ℹ cancelled 0
ℹ skipped 0
ℹ todo 0
ℹ duration_ms 3026.879417
