✔ poolConcurrency reserves one core and never drops below 1 (0.74925ms)
✔ subprocessPoolConcurrency is capped at two and floored at one (0.129458ms)
✔ slowPoolConcurrency is independently capped at two and floored at one (0.1085ms)
✔ runPool honors the reduced subprocess cap and preserves input order (24.32925ms)
✔ runPool keeps at most `concurrency` invocations in flight (63.280167ms)
✔ runPool returns results in input order despite reversed completion (49.513125ms)
✔ runPool handles an empty entry list (0.174041ms)
✔ runPool caps concurrency at the entry count for tiny lists (11.379041ms)
✔ runPool brackets every concurrent side effect (leak guard remains sound) (24.3345ms)
✔ spawnTestChild shapes a clean exit like spawnSync (148.039125ms)
✔ spawnTestChild reports a non-zero exit code (163.715417ms)
✔ spawnTestChild timeout kills the child and surfaces ETIMEDOUT (266.444834ms)
✔ spawnTestChild enforces maxBuffer and surfaces ENOBUFS (68.225708ms)
✔ spawnTestChild propagates the caller-owned env policy to the child (96.325542ms)
✔ spawnTestChild resolves (never rejects) on a spawn failure (0.230958ms)
ℹ tests 15
ℹ suites 0
ℹ pass 15
ℹ fail 0
ℹ cancelled 0
ℹ skipped 0
ℹ todo 0
ℹ duration_ms 921.894541
