Closed #9184. Delivery merge-method waived (requirement=delivery.verification.merge-method).
✔ no grant preserves the original merged method refusal without terminal writes (9.406916ms)
✔ exact grant produces one v3 intent, immutable burn, one v4 receipt, and idempotent retry (43.246916ms)
✔ synthetic historical waiver reaches the close receipt gate with method visibly waived (80.037125ms)
✔ grant expiry after v3 intent readback refuses the burn and leaves no receipt (8.412541ms)
✔ revocation observed at the effect boundary leaves the confirmed intent unburned (8.2165ms)
✔ two independent verification failures refuse before intent reservation (2.393417ms)
✔ scope drift before intent reservation prevents any journal write (3.313458ms)
✔ fresh approval after pre-reservation issue re-scoping selects the revised grant (13.386042ms)
✔ scope drift after v3 readback leaves approval unburned and no receipt (5.454791ms)
✔ confirmed burn and receipt remain replayable after the grant expires (24.231708ms)
✔ advanced local HEAD still replays the pinned v4 receipt without publication (26.598209ms)
✔ advanced local HEAD resumes an exact confirmed burn before receipt publication (23.079208ms)
✔ completed receipt uses pinned provider observation when retry read omits it (35.106375ms)
✔ revocation recorded after the burn leaves the historical receipt verifiable (33.82325ms)
✔ unresolved receipt publication burns approval and never posts on retry (25.577291ms)
✔ two concurrent deliver contenders project one v3 successor and one burn (16.637542ms)
✔ lost v3 intent response is resolved from exact comment readback (17.249208ms)
✔ another host completing v4 between intent confirmation and readback is adopted exactly (28.44275ms)
✔ two authorized operations naming one predecessor refuse before either reserves it (5.714333ms)
✔ stale per-host grant views for distinct operations still reserve one predecessor (23.253167ms)
ℹ tests 20
ℹ suites 0
ℹ pass 20
ℹ fail 0
ℹ cancelled 0
ℹ skipped 0
ℹ todo 0
ℹ duration_ms 439.192375
