✔ action capture exposes one stable schema identifier (0.560583ms)
✔ classifies governed issue mutation families (0.556333ms)
✔ classifies project, GraphQL, and REST mutations (0.22075ms)
✔ classifies GitHub reads without inventing a mutation kind (0.128583ms)
✔ enablement and issue storage are anchored in the main worktree (34.806917ms)
✔ writes an ordered intent before a separate outcome without changing exact safe bytes (20.971292ms)
✔ stores exact request files alongside argv and stdin metadata (15.270334ms)
✔ keeps hashes and sizes but omits credential-bearing request and response bytes (18.532333ms)
✔ isolates issues and repositories while allocating stable unique sequences (22.363167ms)
✔ prepares a shim environment only for an enabled active issue (51.233208ms)
✔ operator control enables, reports, summarizes, and disables the active issue corpus (62.041625ms)
✔ summarizes complete and incomplete actions, serialized bytes, payload bytes, and largest action (30.32625ms)
ℹ tests 12
ℹ suites 0
ℹ pass 12
ℹ fail 0
ℹ cancelled 0
ℹ skipped 0
ℹ todo 0
ℹ duration_ms 264.453541
