✔ ready execution persists the current projection with proof-introduction authority and verified readback (7.447042ms)
✔ the versioned mutation callback remains synchronous so proof guards inspect its body (1.049042ms)
✔ the real versioned body boundary rejects the same proof-introducing edit without evidenceStamp (5.212833ms)
✔ blocked fresh readiness preserves its envelope with pending normalization (2.21625ms)
✔ blocked fresh readiness preserves its envelope without pending normalization (0.183167ms)
✔ indeterminate fresh readiness preserves its envelope with pending normalization (0.34775ms)
✔ indeterminate fresh readiness preserves its envelope without pending normalization (0.23075ms)
✔ real registry completeness labels survive normalization (0.2995ms)
✔ indeterminate readiness on a fresh versioned base is retained before persistence (0.575041ms)
✔ malformed non-ready envelope is invalid with normalization (0.377875ms)
✔ malformed non-ready envelope is invalid without normalization (0.080125ms)
✔ successful normalization keeps persisted truth when readback becomes blocked (0.6955ms)
✔ a thrown fresh authority evaluation is drift, not a write transport failure (0.437458ms)
✔ post-write readback failure refuses while preserving the fact that a write occurred (0.314833ms)
✔ write transport failure is named and stops before post-write authority or later effects (0.1845ms)
✔ changed execution HEAD refuses even if projected decision intent would be identical (0.074542ms)
✔ a changed HEAD during a versioned retry refuses before another push (0.448417ms)
✔ an empty authority body is a failed readback, never an idempotent no-op (0.085875ms)
✔ a version conflict re-evaluates the fresh body and refuses a now-blocked retry (2.334666ms)
✔ a non-overlapping version conflict recomputes and preserves the concurrent edit (1.512584ms)
✔ readback rejects a proof marker attributed to the wrong execution HEAD (0.459125ms)
✔ test-to-review rescan preserves projected refusal before any derived write (3.231791ms)
✔ a concurrent HEAD change wins over an otherwise valid blocked retry (0.614584ms)
✔ remaining projection drift wins over a blocked post-write guard (0.371791ms)
✔ normalization retains warnings and human requests separately from normalization warnings (2.0025ms)
ℹ tests 25
ℹ suites 0
ℹ pass 25
ℹ fail 0
ℹ cancelled 0
ℹ skipped 0
ℹ todo 0
ℹ duration_ms 46.273084
