✔ direct Review and Test-state Promote share ready evidence without effects (7.193958ms)
✔ Review routing uses its complete collector even when generic guards are available (1.10075ms)
✔ Review guards receive project config and a read-only dependency reconciliation port (0.710667ms)
▶ Review explanation refuses stale HEAD, unreadable evidence, and board drift
  ✔ stale HEAD (1.377375ms)
  ✔ unreadable preflight (0.815625ms)
  ✔ board drift (0.7865ms)
✔ Review explanation refuses stale HEAD, unreadable evidence, and board drift (3.320666ms)
✔ Review preserves simultaneous typed preflight refusals without exposing prose (2.248667ms)
✔ Review retains independent preflight and completeness blockers together (0.984875ms)
✔ Review does not accept a contradictory successful preflight carrying refusals (0.795834ms)
✔ Review refuses a stale exact-HEAD Test receipt even when preflight and guards pass (1.17225ms)
✔ Review execution refuses a stale Test receipt after a ready collector decision (92.957584ms)
✔ Review refuses a preflight computed from a different issue-body revision (1.16225ms)
✔ Review reports a projected Functional DoD normalization without persistence (3.195666ms)
✔ Review guards receive the current directory-backed Test evidence from preflight (0.703917ms)
✔ Review refuses contradictory directory Test evidence read at one boundary (1.001167ms)
✔ real Test-to-Review guards refuse missing exact-HEAD Test proof and incomplete ACs (354.000916ms)
✔ Review resident reruns only incomplete evidence and does not recommend close (1.692541ms)
✔ Review-state Promote delegates to Close rather than a Review rerun (3.057625ms)
✔ live Review read adapter refreshes issue, board, HEAD, and preflight at this boundary (1.454833ms)
✔ live Review-state adapter selects a rerun only after current semantic policy is read (2.289834ms)
✔ live Review-state policy read failure is typed indeterminate, never a rerun grant (0.869ms)
✔ initial Review authority read failure is typed indeterminate (0.1105ms)
✔ resident ledger comment reader fetches the exact GitHub comment read-only (0.148875ms)
✔ active semantic waiver with failed Review marker selects self-rerun (1.259125ms)
✔ Review re-entry with a clean older ledger head still selects current resident work (1.902958ms)
ℹ tests 26
ℹ suites 0
ℹ pass 26
ℹ fail 0
ℹ cancelled 0
ℹ skipped 0
ℹ todo 0
ℹ duration_ms 486.824041

⛔ Refusing to move #1667 to Review:
   BLOCKED: Test receipt SHA no longer matches HEAD

Resolve the blockers above, then retry `/task review #1667`.

