✔ rebind remains a cursor trigger, not a session action (1.063333ms)
✔ read-only bind reports skipped required authority as indeterminate (2.952084ms)
✔ the execution TT_SKIP_NETWORK setting skips required explanation reads (0.778625ms)
✔ disabled assignee match remains ready only with complete matching board and marker (2.28025ms)
✔ disabled assignee match does not conceal a missing board read (0.521417ms)
✔ a body without a last-known-state marker is indeterminate (0.841959ms)
✔ a board and body-marker disagreement blocks bind readiness (0.797625ms)
✔ a mismatched worktree blocks bind readiness (0.671083ms)
✔ an unreadable worktree match is indeterminate, not ready (0.450625ms)
✔ a conflicting occupancy blocks bind before any claim (0.617375ms)
✔ an implicit resume cannot target a different active issue (0.858709ms)
✔ no-argument resume is not ready without a paused session (0.500625ms)
✔ no-argument resume is ready for its paused last issue (0.38025ms)
✔ migration freeze blocks a complete session decision without a side effect (0.447042ms)
✔ enabled ownership check blocks a foreign owner (0.7155ms)
✔ enabled ownership check blocks multiple owners and treats unknown identity as indeterminate (0.847916ms)
✔ a conflicting local configuration observation cannot yield a ready decision (1.238042ms)
✔ missing repository configuration is indeterminate even with a complete board fixture (1.028875ms)
✔ observed state drift and migration freeze agree with the execution preflight (1.4235ms)
✔ production session reads and execution refresh the same changed board authority (2.205542ms)
✔ cold numeric bind, switch, and explicit resume select the same fresh target (5.837042ms)
✔ foreign ownership blocks both production explanation and execution preflight (1.276083ms)
✔ another issue occupying the target worktree blocks readiness and the real claim (125.499041ms)
✔ a body changing between scope selection and observation is indeterminate (1.152583ms)
✔ a readable stub body without scope sections is an issue-body authority failure (0.802625ms)
✔ real injected resume execution refreshes freeze and preserves its exit 14 refusal (463.673292ms)
✔ early promotion readiness retains an unmapped complete-guard refusal (20.107458ms)
✔ typed plan approval remediation survives complete guard projection (24.052708ms)
✔ unknown and conflicting early state authority never yields a target grant (0.448042ms)
✔ early promotion readiness follows all four canonical forward edges (116.038292ms)
✔ a migration freeze discovered after explanation blocks early promotion readiness (0.550333ms)
✔ terminal Done has no executable early promotion target (0.085375ms)
✔ later promotion delegate stays pending with a valid navigation blocker (0.110125ms)
✔ skipped remote authority cannot yield ready early promotion (0.083917ms)
✔ TT_SKIP_NETWORK also skips early promotion authority without a caller flag (0.097167ms)
✔ read-only dependency readiness does not reconcile disposition (17.389667ms)
✔ a ready early explanation is not a grant after dependency readiness changes (25.01825ms)
✔ a migration freeze activated before locked execution refuses without reading or moving (0.099334ms)
✔ early readiness shares execution session policy and story-intent resolver (0.225625ms)
✔ a real plan-approval guard refuses the same missing marker in explanation and execution (1.058042ms)
✔ complete production early registry retains field, parent, dependency, contiguity, and plan refusals (10247.411875ms)
✔ production evaluator routes a complete bind collector and finishes one v2 attempt (4.845625ms)
✔ production evaluator routes complete early promotion without an effect (26.492875ms)
✔ production evaluator routes explicit resume through complete session authority (2.090208ms)
✔ v2 navigation rejects rebind and unresolved state while keeping Done terminal (11.34575ms)
✔ terminal Done refuses an effect, stale authority, and rebind without a false grant (2.368875ms)
✔ a ready v2 explanation never authorizes stale promotion execution (38.81675ms)
✔ v2 early promotion preserves typed plan-approval remediation and human request (24.224166ms)
✔ matching recorded and live state selects one canonical early edge (22.367959ms)
✔ missing effect ledger does not erase unknown navigation authority (1.620292ms)
✔ session navigation refuses a stale proposed state despite internally matching board and marker (2.179083ms)
✔ network-skipped early promotion emits valid v2 uncertainty without remote reads (0.710875ms)
ℹ tests 52
ℹ suites 0
ℹ pass 52
ℹ fail 0
ℹ cancelled 0
ℹ skipped 0
ℹ todo 0
ℹ duration_ms 11216.376792
