▶ direct Test and Develop Promote explain the same ready entry without effects
  ✔ direct Test from Develop (6.334042ms)
  ✔ direct Test self-rerun from Test (1.118709ms)
  ✔ Promote from Develop (0.698417ms)
✔ direct Test and Develop Promote explain the same ready entry without effects (8.74425ms)
✔ accepted directory-backed Test evidence does not require legacy VCs or sandbox (1.154041ms)
✔ Review-state Test request is not advertised as runnable (0.762916ms)
✔ Test entry needs an explicit project directory for command and provider authority (0.72775ms)
✔ Test entry resolves the bound project directory when the caller omits it (0.566458ms)
✔ Test explanation reports missing Verification Commands without effects (0.829417ms)
✔ Test entry preserves simultaneous declaration and Develop-exit refusals (0.8805ms)
✔ Test entry aggregates independent binding and declaration blockers (1.152875ms)
▶ Test explanation reports mismatched HEAD, binding, and malformed receipt authority
  ✔ worktree HEAD (0.738208ms)
  ✔ session binding (0.510792ms)
  ✔ claimed receipt (0.600625ms)
✔ Test explanation reports mismatched HEAD, binding, and malformed receipt authority (2.212292ms)
✔ Test explanation names an unavailable required authority read and makes no effects (0.550917ms)
✔ network-skipped Test entry is indeterminate without an empty observation attempt (0.243125ms)
✔ malformed observed HEAD is indeterminate, not blocked or ready (0.512333ms)
✔ a required workflow-policy read failure remains indeterminate for Test entry (0.788292ms)
✔ a configured provider rejected by execution is blocked in Test explanation (0.627625ms)
✔ real Develop-exit guards explain the affected AC and repair on Test and Promote (3139.382ms)
✔ Test entry retains registered guard warnings while remaining blocked (0.712333ms)
✔ a missing Develop-final receipt is runnable resident work, not completed proof (0.535959ms)
✔ a ready Test explanation does not predetermine a later red locked execution (3.874833ms)
✔ production Test read adapter rechecks live body and board at a fresh boundary (0.8725ms)
✔ production adapter rejects directory evidence whose accepted record epoch is stale (0.754791ms)
✔ the locked Test wrapper supplies the production preflight by default (0.076291ms)
✔ locked Test execution refuses a freshly blocked entry before any sandbox effect (0.115542ms)
ℹ tests 28
ℹ suites 0
ℹ pass 28
ℹ fail 0
ℹ cancelled 0
ℹ skipped 0
ℹ todo 0
ℹ duration_ms 3169.094542
