✔ dispatchOnEnterActions: SKIP_NETWORK short-circuits (0.602583ms)
✔ dispatchOnEnterActions: runs onEnter actions and swallows a throwing one (0.925334ms)
✔ dispatchOnEnterActions: outer catch absorbs an import/lookup failure (0.156834ms)
✔ refreshKanbanStateCache: non-stage stateArg short-circuits (0.119875ms)
✔ refreshKanbanStateCache: refreshes cache for the matching active task (75.612833ms)
✔ refreshKanbanStateCache: no session id → skip, and mismatched active → skip (30.87725ms)
✔ refreshKanbanStateCache: catch absorbs a throwing collaborator (0.190833ms)
✔ unparkDoneDependents: non-done move short-circuits (0.193625ms)
✔ unparkDoneDependents: summarizes cleared + errored releases (0.197459ms)
✔ unparkDoneDependents: enforcement catch absorbs a throw (0.190917ms)
✔ syncTrackerState: syncs the tracker ledger for the new state (221.350416ms)
✔ syncEventFields: SKIP_NETWORK short-circuits (0.150917ms)
✔ syncEventFields: dispatches the update-event-fields subprocess via ctx.pexec (23.466792ms)
✔ syncEventFields: a throwing pexec surfaces a warning, no rethrow (20.597166ms)
✔ endTaskTracking: non-done move short-circuits (0.244583ms)
✔ endTaskTracking: fires the local task-tracker end on the move to done (18.173583ms)
ℹ tests 16
ℹ suites 0
ℹ pass 16
ℹ fail 0
ℹ cancelled 0
ℹ skipped 0
ℹ todo 0
ℹ duration_ms 397.971458
[move-state] #10: onEnter action "boom" failed: action failed
[move-state] #10: onEnter dispatch failed: states module boom
[move-state] #10: kanbanState cache refresh failed: session lookup boom
[unpark] #10: partial reconciliation for 12: boom
[unpark] #10: partial reconciliation for ?: x
[unpark] #10: enforcement failed: unpark down
warning: Start Time field sync failed: sync failed line
more
  To repair: node scripts/gh/update-event-fields.mjs 10 develop --item-id undefined
