coverage-source-edit-gate.test.mjs: ok
✔ normalizePath: empty → empty, relative → posix, outside → abs (0.644959ms)
✔ isAllowlistedPath: empty false, .tmp/ true, scratch true, src false (0.091166ms)
✔ decide: non-gated tool → allow (0.2255ms)
✔ decide: chore-mode → allow bypass (0.345542ms)
✔ decide: allowlisted path → allow (0.092833ms)
✔ decide: no bound issue → block (0.077667ms)
✔ decide: pre-develop state → block state-gate (0.115916ms)
✔ decide: historical On Deck state remains a pre-develop block (0.755875ms)
✔ decide: develop but markers missing → block marker-gate (0.301083ms)
✔ decide: develop + both markers → allow (0.426833ms)
✔ loadBoundIssue: no state file → null (224.732875ms)
✔ loadBoundIssue: numeric active → #N (28.899292ms)
✔ loadBoundIssue: discover/plan sentinels → null (57.710875ms)
✔ cacheFilePath: lands under .ai-task-manager/.cache (0.122916ms)
✔ readCache: missing file → null; write then read → hit (25.908291ms)
✔ readCache: wrong issue → null (28.132708ms)
✔ readCache: stale entry → null (28.913458ms)
✔ fetchIssueSignals: shared exact-project snapshot supplies state and ownership (41.097708ms)
✔ fetchIssueSignals: name shape → canonical state (40.14475ms)
✔ fetchIssueSignals: historical display name and legacy config key map to Ready for Planning (59.40125ms)
✔ resolveIssueSignals: cache miss fetches then warms cache (61.61875ms)
✔ runHook: non-gated tool → allow (0.310791ms)
✔ runHook: no project dir → allow (0.736625ms)
✔ runHook: chore-mode bypass (0.489583ms)
✔ runHook: bound + develop + markers via injected resolve → allow (0.189042ms)
✔ runHook: resolve throws → falls through to refuse pre-develop default (0.207125ms)
✔ runHook: findProjectDir honours env override (46.301208ms)
ℹ tests 27
ℹ suites 0
ℹ pass 27
ℹ fail 0
ℹ cancelled 0
ℹ skipped 0
ℹ todo 0
ℹ duration_ms 705.583708
