✔ two clones share one durable intent, burn OID, and receipt (4817.436875ms)
✔ remote identity mismatch refuses before a push (140.979625ms)
✔ separate processes race two burn grants and retain one immutable burn (1946.135ms)
✔ burn push crash checkpoints reconcile one burn and never publish a receipt (5176.692167ms)
✔ lost burn push response reconciles exactly one remote burn (2126.697833ms)
✔ fresh authority refuses expired or revoked grant after intent reservation (2387.074209ms)
✔ two operations racing one original intent yield one reservation and one POST (1837.330166ms)
✔ branch write refusal leaves no journal ref or provider comment (565.356834ms)
✔ validated reader refuses a force reset of a seen journal (981.589375ms)
✔ reader rejects an unknown schema anywhere in remote history (1155.87975ms)
✔ production adapter rejects a local remote without explicit test allowance (101.902209ms)
✔ same owner and repository on a different host cannot be journal authority (104.5795ms)
✔ configured second push URL refuses before any journal I/O (105.520417ms)
✔ fresh clone does not recreate deleted journal when exact intent comment survives (967.111834ms)
✔ fresh clone rejects a pinned burn OID missing from rewound history (1987.16275ms)
✔ separate processes publish one v3 intent and one v4 receipt across two clones (4177.523792ms)
✔ intent request survives process crashes without a second POST (5945.779292ms)
✔ receipt request survives process crashes without a second POST (21242.6145ms)
ℹ tests 18
ℹ suites 0
ℹ pass 18
ℹ fail 0
ℹ cancelled 0
ℹ skipped 0
ℹ todo 0
ℹ duration_ms 55772.897959
