✔ hookStampKey hashes the complete normalized identity without exposing the sid (0.918875ms)
✔ claimHookStamp deduplicates exact identities and anchors sibling worktrees together (163.866208ms)
✔ claimHookStamp propagates non-EEXIST write errors (31.548416ms)
✔ isPausedTask: returns true when entry status is "paused" (0.107292ms)
✔ isPausedTask: returns false when entry status is "active" (0.184125ms)
✔ isPausedTask: returns false when entry status is "done" (0.128083ms)
✔ isPausedTask: returns false when entry is absent (post-close) (0.062083ms)
✔ isPausedTask: returns false when lastActive is null (0.057875ms)
✔ isPausedTask: returns false when lastActive is undefined (0.068583ms)
✔ isPausedTask: returns false when fleet is null (0.119416ms)
✔ isPausedTask: returns false when entry has no status field (0.067166ms)
✔ isTerminalIssueState: true for CLOSED (case-insensitive, padded) (0.09025ms)
✔ isTerminalIssueState: false for OPEN and unknown/nullish (fail-open) (0.122541ms)
✔ fetchIssueState: returns trimmed state from injected runner (0.24225ms)
✔ fetchIssueState: returns null on runner error (offline fail-open) (0.167875ms)
✔ fetchIssueState: returns null for non-numeric / missing active ref (0.077708ms)
✔ fetchIssueState: returns null when runner yields empty stdout (0.067709ms)
✔ claimRecoveryOnce: first call wins, second call for same path loses (16.153958ms)
✔ claimRecoveryOnce: a fresh path in the same dir wins independently (17.629542ms)
✔ buildOrphanRecoveryRowSpecs: below threshold posts a single active session-end-recovery row (0.164709ms)
✔ buildOrphanRecoveryRowSpecs: at the threshold still posts the active row (boundary is exclusive) (0.046833ms)
✔ buildOrphanRecoveryRowSpecs: above threshold posts an honest pause/resumed pair, no fabricated active time (0.052416ms)
✔ terminal state lookup accepts the actual hash-prefixed binding reference (0.077ms)
ℹ tests 23
ℹ suites 0
ℹ pass 23
ℹ fail 0
ℹ cancelled 0
ℹ skipped 0
ℹ todo 0
ℹ duration_ms 236.921458
