✔ body verifier accepts draft prose while retaining the heading: blank (4.367833ms)
✔ body verifier accepts draft prose while retaining the heading: template (0.45225ms)
✔ body verifier compares the expected story payload, including empty drafts (0.903833ms)
✔ verifyIssueBody: canonical body passes (0.530875ms)
✔ verifyIssueBody: requires a complete current-schema User Story (0.399667ms)
✔ verifyIssueBody: requires User Story to be the first H2 section (0.182416ms)
✔ verifyIssueBody: rejects legacy and missing AC verifier declarations (0.322417ms)
✔ verifyIssueBody: missing Scope (0.196833ms)
✔ verifyIssueBody: ## Problem accepted in place of ## Scope (0.188417ms)
✔ verifyIssueBody: missing Story Origin (0.169875ms)
✔ verifyIssueBody: empty or prose-only Story Origin is malformed (0.385666ms)
✔ verifyIssueBody: metadata sections reject nested headings (0.185209ms)
✔ verifyIssueBody: flatness check accepts heading whitespace and CRLF grammar (0.088542ms)
✔ verifyIssueBody: missing Plan Metadata (0.072834ms)
✔ verifyIssueBody: Story Origin must precede Plan Metadata (0.071417ms)
✔ verifyIssueBody: Scope must precede Story Origin (0.069625ms)
✔ verifyIssueBody: DoD present but missing ### Functional subheader (0.075125ms)
✔ verifyIssueBody: DoD present but missing ### Lifecycle subheader (0.070958ms)
✔ verifyIssueBody: missing Acceptance Criteria (0.047917ms)
✔ verifyIssueBody: missing Definition of Done (0.061ms)
✔ verifyIssueBody: missing Pickup Directive heading (0.163125ms)
✔ verifyIssueBody: malformed Pickup Directive (heading present, Follow line missing) (0.121208ms)
✔ verifyIssueBody: empty body lists every required section (0.054417ms)
✔ verifyIssueBody: tolerates lifecycle marker blocks between sections (0.076291ms)
✔ round-trip: preflight --shape sub-issue output passes verifyIssueBody (253.591417ms)
✔ epic creator handles omitted story before external writes (500.3175ms)
✔ epic creator handles blank story before external writes (477.945334ms)
✔ epic creator handles template story before external writes (539.895ms)
✔ epic creator handles valid story before external writes (476.005125ms)
✔ epic creator handles malformed story before external writes (517.609709ms)
✔ epic creator handles administrative story before external writes (457.15475ms)
✔ solo creator handles omitted story before external writes (502.966834ms)
✔ solo creator handles blank story before external writes (510.051083ms)
✔ solo creator handles template story before external writes (478.73625ms)
✔ solo creator handles valid story before external writes (624.208083ms)
✔ solo creator handles malformed story before external writes (439.253125ms)
✔ solo creator handles administrative story before external writes (436.415875ms)
✔ sub-issue creator handles omitted story before external writes (689.333666ms)
✔ sub-issue creator handles blank story before external writes (524.833375ms)
✔ sub-issue creator handles template story before external writes (469.216875ms)
✔ sub-issue creator handles valid story before external writes (471.71775ms)
✔ sub-issue creator handles malformed story before external writes (533.557542ms)
✔ sub-issue creator handles administrative story before external writes (899.6ms)
✔ defect creator handles omitted story before external writes (539.300917ms)
✔ defect creator handles blank story before external writes (3064.161292ms)
✔ defect creator handles template story before external writes (636.579666ms)
✔ defect creator handles valid story before external writes (679.275625ms)
✔ defect creator handles malformed story before external writes (524.226458ms)
✔ defect creator handles administrative story before external writes (670.455208ms)
✔ create-issue --body-file: refuses non-canonical body with exit 4 (351.389792ms)
✔ create-issue --body-file --internal + env: bypasses verifier (645.194416ms)
✔ create-issue --body-file --internal without env: still refused (412.878417ms)
✔ create-issue --body-file: canonical body passes verifier and creates issue (742.847209ms)
ℹ tests 53
ℹ suites 0
ℹ pass 53
ℹ fail 0
ℹ cancelled 0
ℹ skipped 0
ℹ todo 0
ℹ duration_ms 18087.903625
