✔ preflight permits unassigned team work through Plan without Full-Auto claiming (39.724ms)
✔ preflight blocks foreign multiple and lost in-flight ownership (43.9855ms)
✔ reconcile ownership-only preflight blocks foreign ownership but permits drift repair (17.40925ms)
✔ Plan exit Full-Auto defers notice and assignment until the post-guard commit boundary (1.079375ms)
✔ Plan exit always schedules under-lock revalidation for an existing local owner (0.15975ms)
✔ Plan exit refuses stale non-Plan snapshots before and under the issue lock (0.369916ms)
✔ Plan exit under-lock revalidation refuses ownership changed after guard aggregation (0.175584ms)
✔ Plan exit interactive mode prompts with zero assignment mutation (0.141417ms)
✔ interactive Plan revalidation never turns a lost owner into a Full-Auto claim (0.141166ms)
✔ Plan revalidation refreshes authenticated identity under lock (0.194167ms)
✔ Plan exit refuses a foreign or multiple owner before notice or mutation (0.187791ms)
✔ Plan exit commit treats thrown assignment transport as ambiguous despite matching read-back (0.249958ms)
✔ source edits in Develop require the exact singleton local owner (0.633584ms)
✔ foreign-owner source-edit recovery renders an executable issue argument (0.08475ms)
✔ raw gh assignee edits are refused in favor of governed ownership verbs (2.755209ms)
ℹ tests 15
ℹ suites 0
ℹ pass 15
ℹ fail 0
ℹ cancelled 0
ℹ skipped 0
ℹ todo 0
ℹ duration_ms 111.789958
