Paused #1857: +0 active min, +0 words. Use "/task resume" to resume.
nothing to pause
Paused #1857: +0 active min, +0 words. Use "/task resume" to resume.
nothing to pause
✔ review reproduction: legacy session cursor survives first actor flush (325.815791ms)
✔ explicit pause after Test handoff is idempotent (237.463917ms)
✔ explicit pause after Review handoff is idempotent (234.092416ms)
✔ production Test sandbox admits real Git identity outside artifact roots (125.424125ms)
✔ upgrade cursor is scoped to the state-owning project, not ambient root (132.677916ms)
✔ upgrade refuses invalid own cursor and never imports global timing history (118.812291ms)
Stopped #1857: +0 active min, +0 words. Use "/task resume <N>" to return to it later.
✔ paused binding does not publish unmatched stop (646.950792ms)
✔ paused binding does not publish unmatched switch-out:#1861 (240.486333ms)
✔ paused binding does not publish unmatched switch-out (215.223084ms)
ℹ tests 9
ℹ suites 0
ℹ pass 9
ℹ fail 0
ℹ cancelled 0
ℹ skipped 0
ℹ todo 0
ℹ duration_ms 2281.35425
