✔ normal R4P source exit guards refuse an open blocker (2.337083ms)
✔ exit-disabled guard selection omits R4P exit guards but retains Backlog entry guards (1.849042ms)
✔ entry-disabled guard selection retains source exit guards but omits target entry guards (0.997333ms)
▶ Shelve backward guard policy requires the exact authenticated transition signals
  ✔ exact Shelve R4P demotion to Backlog omits only source exit guards (0.104458ms)
  ✔ caller-controlled Shelve context without in-process authority retains the full pipeline (0.061709ms)
  ✔ missing Shelve context retains the full pipeline (0.05775ms)
  ✔ different verb context retains the full pipeline (0.043ms)
  ✔ missing demote flag retains the full pipeline (0.05325ms)
  ✔ different source retains the full pipeline (0.067125ms)
  ✔ different target retains the full pipeline (0.071041ms)
✔ Shelve backward guard policy requires the exact authenticated transition signals (1.021917ms)
✔ normal forward R4P to Plan still refuses open blockers and parent sequencing (1.174959ms)
✔ caller-controlled Shelve environment cannot omit R4P exits without in-process authority (0.7935ms)
✔ default Shelve mover supplies the opaque in-process guard authority (0.2815ms)
ℹ tests 14
ℹ suites 0
ℹ pass 14
ℹ fail 0
ℹ cancelled 0
ℹ skipped 0
ℹ todo 0
ℹ duration_ms 15.768833
