✔ case (a): Edit refused in Backlog state (1.051833ms)
✔ case (a) variants: refine + plan also refused (0.134667ms)
✔ case (b): Edit refused in Develop without both deep-dive markers (0.239166ms)
✔ case (c): Edit permitted in Develop with both markers stamped (0.084333ms)
✔ case (c) variants #805: test/review/done REFUSE WRITE_CODE despite markers (0.973167ms)
✔ case (d): Edit on `.tmp/**` permitted regardless of state (0.11125ms)
✔ case (e): chore-mode active → arbitrary path Edit permitted (0.066541ms)
✔ NotebookEdit is gated (same as Edit/Write) (0.076208ms)
✔ non-gated tools always allowed (0.161083ms)
✔ no bound issue + not chore-mode + non-allowlisted path → block (0.146208ms)
✔ normalizePath converts absolute paths to project-relative POSIX (0.077792ms)
✔ isAllowlistedPath matches every documented prefix (0.092292ms)
✔ ALLOWLIST_PREFIXES is the documented set (0.413333ms)
✔ runHook returns allow when project-dir cannot be found (0.556959ms)
✔ runHook blocks in backlog state via injected signal resolver (1.426167ms)
✔ runHook bypasses entire signal fetch when chore-mode is active (0.292417ms)
✔ runHook tolerates signal fetch failure (falls through to decide) (0.236042ms)
✔ runHook allowlists scratch without needing a bound issue or signals (0.099041ms)
✔ native apply_patch envelope classifies every target with ordinary source-edit rules (0.451084ms)
✔ malformed native apply_patch envelope fails closed before ordinary allowances (0.128458ms)
✔ #658: fetchIssueSignals detects the ts="..." property grammar (139.105791ms)
✔ #658: fetchIssueSignals still detects the legacy colon grammar (58.631459ms)
✔ #658: fetchIssueSignals reads false when neither grammar is present (55.813959ms)
✔ Plan artifact authoring is independent of ownership; scripts and source remain gated (0.283375ms)
✔ installed guard targets refuse before chore and scratch exits (0.072417ms)
✔ target ancestry refuses an alias through an installed guard tree (38.57225ms)
✔ Plan source-edit hook accepts owned Markdown from observed worktree (57.522834ms)
✔ bound backlog draft permits documents across ownership while source stays gated (0.262083ms)
✔ bound refine draft permits documents across ownership while source stays gated (0.056083ms)
✔ bound ready-for-plan draft permits documents across ownership while source stays gated (0.04425ms)
ℹ tests 30
ℹ suites 0
ℹ pass 30
ℹ fail 0
ℹ cancelled 0
ℹ skipped 0
ℹ todo 0
ℹ duration_ms 362.100459
