▶ hybrid affected-test selection
  ✔ selects direct and transitive static-import consumers with explanations (536.578167ms)
  ✔ always includes changed and newly discovered tests (224.995625ms)
  ✔ maps changed fixture helpers through the import graph (217.495ms)
  ✔ keeps the basename mapper as a compatibility signal (213.971584ms)
  ✔ expands manifest globs and retains duplicate selection reasons (233.253667ms)
  ✔ lane escalation selects complete declared lanes conservatively (222.43625ms)
  ✔ checked-in manifest escalates every shared verification authority (1590.307666ms)
  ✔ records a no-impact explanation for every otherwise-unmatched path (187.810333ms)
  ✔ a deleted test escalates its former lane instead of disappearing (179.133958ms)
  ✔ an otherwise-unmapped deleted source escalates every lane conservatively (209.343041ms)
✔ hybrid affected-test selection (3816.664208ms)
▶ manifest fail-closed validation
  ✔ rejects schema (0.336417ms)
  ✔ rejects escaping source (0.142792ms)
  ✔ rejects unknown lane (0.09325ms)
  ✔ rejects empty reason (0.071ms)
  ✔ rejects unmatched test glob (204.696083ms)
✔ manifest fail-closed validation (205.660125ms)
▶ checked-in current-tree selection
  ✔ #1413: every literal checked-in manifest test path exists (0.261834ms)
  ✔ a test content edit selects itself and the current-tree guard (101.064417ms)
  ✔ a deleted integration test selects the current-tree guard and retains its former lane (31.187125ms)
  ✔ a rename selects the current-tree guard while the old path retains lane escalation (28.289917ms)
  ✔ the current tree baseline selects the current-tree guard (28.202417ms)
✔ checked-in current-tree selection (189.209ms)
ℹ tests 20
ℹ suites 3
ℹ pass 20
ℹ fail 0
ℹ cancelled 0
ℹ skipped 0
ℹ todo 0
ℹ duration_ms 4218.773917
