✔ runtime persists incomplete outcome with canonical Test proof then reuses it after valid close tail (35.205625ms)
✔ incomplete runtime refuses missing or wrong-head Test proof and wrong forecast (1.050791ms)
✔ closed actor engagement before Develop is not dropped from completion totals (3.573708ms)
✔ Close accepts unknown totals only through real canonical runtime verification (10.057625ms)
✔ Close refuses caller unavailable flags, wrong linkage and failed verification (3.383583ms)
✔ Close rechecks explicit incomplete projection despite stale numeric fields and preserves marker failures (3.590208ms)
✔ Close rejects changed canonical source and ambiguous outcome records on retry (15.249125ms)
✔ forecast-free mixed actor history produces durable legacy-none evidence without inventing a forecast (5.157ms)
✔ forecast-free eligibility refuses malformed or partial adaptive claims and absent Test proof (0.551125ms)
✔ legacy Plan approval without any forecast claim remains eligible for legacy-none (2.380167ms)
✔ genuine forecast-free issue-resident delivery carries no invented Test command (7.806334ms)
✔ legacy-none refuses a concurrent forecast after immutable outcome publication (10.592625ms)
✔ resident delivery refuses wrong receipt identity or missing accepted heads (5.39675ms)
✔ real Git issue-resident lanes prove zero issue commits without an invented sandbox (249.617875ms)
ℹ tests 14
ℹ suites 0
ℹ pass 14
ℹ fail 0
ℹ cancelled 0
ℹ skipped 0
ℹ todo 0
ℹ duration_ms 357.152792
