✔ source issue with children retains its own frozen forecast and exact Test lane (22.990708ms)
✔ fresh delivery kind must match the body used to select forecast and accounting (1.344541ms)
✔ parent-approved cascade reaches lawful child Close through fresh authority and immutable telemetry (12.069042ms)
✔ docs-only telemetry preserves genuine lint/format and recorded test lane skips (3.540458ms)
✔ explicit predecessor correction preserves old bytes and refuses changed original timing evidence (6.903625ms)
✔ immutable predecessor v2 retries its original contract without fabricating v3 proof (6.220041ms)
✔ root epic local-trunk timing uses its actual completed burn receipt and empty parent Test commands (3.424458ms)
✔ outcome publication revalidates actual delivery authority after immutable write (1.880958ms)
✔ child resident runtime preserves existing no-provider delivery with exact Test and posted deliverable (5.206834ms)
✔ child runtime couples actual lineage evidence with exact source Test proof and fresh retry (165.787542ms)
✔ skipped child wrapper without fresh lineage cannot become delivered timing authority (0.578333ms)
✔ root epic runtime consumes freshly verified merged receipt with empty parent Test commands (7.094709ms)
✔ no-commit proof rejects another checkout head and any issue-attributed commits (139.456458ms)
ℹ tests 13
ℹ suites 0
ℹ pass 13
ℹ fail 0
ℹ cancelled 0
ℹ skipped 0
ℹ todo 0
ℹ duration_ms 379.694375
