✔ Shelve exports the Backlog target and Refine/R4P source boundary (0.822917ms)
✔ strict Shelve argv accepts one explicit stale-blocker refresh flag (0.298792ms)
✔ strict Shelve argv refuses a duplicate stale-blocker refresh flag (0.275625ms)
✔ runShelve preserves ordinary transaction intent when no migration flag is supplied (0.292125ms)
✔ runShelve threads explicit stale-blocker migration intent into the transaction (0.126333ms)
✔ Shelve reports the explicit stale-blocker migration in its success audit output (23.837709ms)
✔ strict Shelve argv retains deterministic unknown-argument refusal (0.185208ms)
✔ runShelve refuses blank reasons before binding, network, or writes (0.159459ms)
✔ park is only a compatibility alias for the same Shelve transaction (0.148875ms)
✔ Park retains alias-aware usage, success, and refusal diagnostics (43.047667ms)
✔ direct Shelve and Park executable entrypoints are inert and require the hub (774.839542ms)
✔ Shelve is canonical across routing, catalog, and executable entrypoints (0.27875ms)
✔ Shelve uses target preflight and one issue lock before entering the transaction (0.295292ms)
ℹ tests 13
ℹ suites 0
ℹ pass 13
ℹ fail 0
ℹ cancelled 0
ℹ skipped 0
ℹ todo 0
ℹ duration_ms 847.710792
