✔ preflight shows delivery revisions but evaluates only ordinary policy (18.799292ms)
✔ preflight discloses expired delivery grants as blocked without writes (2.227167ms)
✔ arguments require one explicit issue and explicit supported target (0.468625ms)
✔ public command routing stays explicit and bypasses binding preflight (0.275041ms)
✔ preflight aggregates current blockers, future evidence, external unknowns, and authority provenance (2.4255ms)
✔ external uncertainty is indeterminate while complete evidence is conditionally compatible (0.631916ms)
✔ authority revision reporting derives superseded disposition from the validated chain (0.96025ms)
✔ snapshot read failures retain the complete indeterminate report schema in both views (0.238667ms)
✔ an empty dependency snapshot satisfies the current dependency invariant (0.240459ms)
✔ preflight treats documented automatic plan authorization as satisfied, not waived (0.301625ms)
✔ production runtime derives ownership, binding, and state-contiguity evidence read-only (0.367916ms)
✔ workflow exception show remains read-only and does not resolve or append authority (0.600542ms)
ℹ tests 12
ℹ suites 0
ℹ pass 12
ℹ fail 0
ℹ cancelled 0
ℹ skipped 0
ℹ todo 0
ℹ duration_ms 35.400334
