▶ parseTestFiles
  ✔ returns empty array for empty diff output (0.699125ms)
  ✔ returns empty array for whitespace-only output (0.075ms)
  ✔ parses a single test file (0.109042ms)
  ✔ parses multiple test files and strips surrounding whitespace (0.119042ms)
  ✔ ignores blank lines in the middle of output (0.075333ms)
✔ parseTestFiles (2.192667ms)
▶ buildTestCommands
  ✔ maps each file to a node --test invocation (0.085458ms)
  ✔ returns empty array for empty file list (0.063542ms)
✔ buildTestCommands (0.240041ms)
▶ mergeTestFiles (C2 — source-to-unit-test merge)
  ✔ returns direct list when no discovered tests (0.111917ms)
  ✔ appends discovered tests after direct changes (0.058666ms)
  ✔ deduplicates when a discovered test is already in direct list (0.083542ms)
  ✔ direct list order is preserved; discovered appended (0.0715ms)
  ✔ returns empty when both lists are empty (0.045334ms)
✔ mergeTestFiles (C2 — source-to-unit-test merge) (0.507458ms)
▶ collectTestFiles (#855 — untracked test files must not be skipped)
  ✔ discovers a brand-new, never-`git add`-ed *.test.mjs file (108.076ms)
  ✔ excludes an untracked *.test.mjs file under a .gitignore-d path (97.713583ms)
  ✔ runs a tracked, modified test file exactly once (no duplicate from the untracked union) (101.66125ms)
  ✔ unions a tracked-modified file with a new untracked file, deduplicated (122.685084ms)
  ✔ a discovered untracked test file that fails makes `node --test` exit non-zero (243.305958ms)
  ✔ returns empty array in a repo with no test files at all (105.134333ms)
✔ collectTestFiles (#855 — untracked test files must not be skipped) (778.909542ms)
▶ collectChangedPaths (#1089 — deleted and renamed paths stay visible)
  ✔ includes a deleted tracked source path (119.503417ms)
  ✔ includes both the old and new sides of a tracked rename (118.217916ms)
✔ collectChangedPaths (#1089 — deleted and renamed paths stay visible) (237.845709ms)
▶ empty-change semantics
  ✔ empty diff produces no-op — exit early without running node --test (0.128958ms)
✔ empty-change semantics (0.183417ms)
▶ main-module guard (#867 — import has no side effects)
  ✔ importing the module in a child process runs no gate step and exits fast (163.684041ms)
  ✔ isMainModule() returns false when the module is imported (0.179208ms)
✔ main-module guard (#867 — import has no side effects) (163.936083ms)
▶ stage-aware command plans (#1089)
  ✔ iteration scopes autofix and format to changed paths (0.257917ms)
  ✔ iteration never plans full lint or complete test lanes (0.082ms)
  ✔ finalization owns full lint and format-check exactly once (0.107042ms)
✔ stage-aware command plans (#1089) (0.508ms)
▶ runDevelopVerification (#1089)
  ✔ iteration runs scoped checks plus selected tests without any complete lane (0.769333ms)
  ✔ iteration excludes deleted and rename-old paths from fixers but keeps impact inputs (0.155708ms)
  ✔ fails closed when a non-empty non-JavaScript change plans no command (#1250) (0.090292ms)
  ✔ treats an empty changeset as the only green zero-command outcome (#1250) (0.064333ms)
  ✔ runs declared steps in order and preserves their audit metadata (#1250) (0.466958ms)
  ✔ validates the whole declaration before spawning and stops at first red (#1250) (0.191625ms)
  ✔ runs explicit project-provider iteration steps with stable kinds (#1218) (0.277541ms)
  ✔ runs the project provider final floor and records provider identity (#1218) (0.713834ms)
  ✔ refuses an invalid project provider before spawning any Develop step (#1218) (0.12175ms)
  ✔ reports the declared kind on first red and aborts later project steps (#1218) (0.163583ms)
  ✔ finalization requires clean committed state and returns a receipt (0.15125ms)
  ✔ finalization refuses a dirty starting tree before spawning commands (0.068167ms)
  ✔ finalization refuses when a command changes tracked files (0.0895ms)
✔ runDevelopVerification (#1089) (3.517666ms)
▶ full lint covers spell/markdown gates (#529 multiset regression)
  ✔ package.json `lint` chains `lint:spell` (0.084792ms)
  ✔ package.json `lint` chains `lint:md` (0.0605ms)
  ✔ `lint:spell` invokes cspell over source + markdown (0.043375ms)
  ✔ Develop finalization runs the same full `npm run lint` that includes lint:spell (0.096042ms)
✔ full lint covers spell/markdown gates (#529 multiset regression) (0.403625ms)
ℹ tests 43
ℹ suites 10
ℹ pass 43
ℹ fail 0
ℹ cancelled 0
ℹ skipped 0
ℹ todo 0
ℹ duration_ms 1199.082166
