✔ AC1: `aitm` and `aitm help` print a grouped, names-only registry (603.196209ms)
✔ AC2: verb delegation passes the child exit code through unchanged (1323.546209ms)
✔ AC3: `aitm <script-name>` routes to the exposed standalone script (457.950625ms)
✔ doctor is a standalone script and never a task-tracker verb (277.125458ms)
✔ dispatcher delegates with the action-capture environment for the selected command (0.840125ms)
✔ AC4: help/? forward to the target which self-documents (546.189ms)
✔ AC5: move-state is excluded with a documented rationale (0.248833ms)
✔ AC6: plumbing scripts are excluded and carry a do-not-invoke header (3.53475ms)
✔ AC7: every exposed script self-documents on help (3110.174292ms)
✔ AC8: docs do not instruct direct node_modules script invocation (11.1355ms)
✔ AC9: package.json registers the aitm bin at bin/aitm.mjs (0.309167ms)
✔ registry REPO_ROOT matches the test-derived root (8.510333ms)
ℹ tests 12
ℹ suites 0
ℹ pass 12
ℹ fail 0
ℹ cancelled 0
ℹ skipped 0
ℹ todo 0
ℹ duration_ms 6355.131625
