✔ promote: refine→R4P is a direct move-state call with refine-estimate hook (267.610166ms)
✔ promote: refine→R4P refused when full refine-estimate signals are missing (89.587583ms)
✔ promote: refine→R4P refuses when Acceptance Criteria drift after snapshot (119.012959ms)
✔ promote: refine→R4P refused when refine-exit gate returns blockers (#147) (140.374084ms)
✔ promote: backlog→refine stamps Start time on success (#147, #1211) (81.513875ms)
✔ promote: backlog→refine is a direct move-state call without a Priority gate (67.370542ms)
✔ promote: plan→develop is a direct move-state call when planned-estimate appendix is present (95.45225ms)
✔ promote: plan→develop surfaces an empty Plan Metadata refusal before move-state (103.96475ms)
✔ promote: plan→develop refused when refine-estimate comment is missing (#134) (93.021667ms)
✔ promote: plan→develop refused when any sub-issue still in Backlog (#135) (102.09725ms)
✔ promote: plan→develop refuses only children without current R4P-or-later evidence (80.16ms)
✔ promote: refine→plan refused when an epic child is PAST refine (#149 — lead-rule) (211.485291ms)
✔ promote: plan→develop refused when planned-estimate appendix is missing (#134) (279.262583ms)
✔ promote: develop→test delegates to /task test (#137) (181.299042ms)
✔ promote: develop→test refused when CODE_COMPLETE gate returns blockers (#136) (111.43475ms)
✔ promote: develop→test allowed when CODE_COMPLETE gate passes (#136) (135.75375ms)
✔ promote: test→review delegates to the review verb (82.735416ms)
✔ promote: test→review refused when aitm-dod-verified marker is missing (#210 Fix C) (77.450292ms)
✔ promote: test→review REFUSED when a non-lifecycle checkbox is still unticked (#257) (110.923292ms)
✔ promote: test→review ALLOWED when dod-verified present and every checkbox ticked (#257) (66.050375ms)
✔ promote: review→done delegates to /task close (57.929541ms)
✔ promote: review→done reports transition-failed when close exits 0 but board stays review (#710) (57.665125ms)
✔ promote: historical Assigned body canonicalizes to R4P before drift comparison (55.600959ms)
✔ promote: terminal refusal on done (7.927459ms)
✔ promote: drift refused when live ≠ recorded (7.281125ms)
✔ promote: bootstrap when lastKnownState absent — syncs to live, then promotes (54.732834ms)
✔ promote: transition-failed when alias verb exits non-zero — no metadata update (74.878208ms)
✔ promote: delegate non-zero but board reached target → promoted-with-warning (#175) (73.72575ms)
✔ promote: delegate non-zero, board at target, marker stale → repair write fires (#175) (78.07175ms)
✔ promote: delegate non-zero, marker repair write fails → audit comment posted (#175, #168) (63.471125ms)
✔ promote: alias=test exit non-zero, board at target, NO aitm-dod-verified → promoted-with-warning, no rollback (#271 regression guard) (62.204958ms)
✔ promote: delegate non-zero AND board drifted to non-target → transition-failed (#175) (61.954708ms)
✔ promote: drift-reconcile is a no-op when live state matches recorded after failure (60.647208ms)
✔ promote: drift-reconcile survives getLiveState throwing on the post-failure read (61.245333ms)
✔ promote: error when recorded state is unknown (7.726666ms)
✔ promote: no longer writes a move:<target> audit row (#128 — chokepoint emits paired phase rows) (64.679083ms)
ℹ tests 36
ℹ suites 0
ℹ pass 36
ℹ fail 0
ℹ cancelled 0
ℹ skipped 0
ℹ todo 0
ℹ duration_ms 3409.080458
[state-recording] issue #1752 marker write to "test" FAILED after 2 attempts: simulated gh failure
