orchestrators.test.mjs: ok
✔ move-state: agent-context call (no env, no TTY) is refused with exit 3 (151.609834ms)
✔ move-state: chokepoint call (AITM_INTERNAL=1) moves and prints confirmation (165.399959ms)
✔ move-state: illegal matrix transition is refused with exit 5 (149.764166ms)
✔ move-state: valid forward transition (refine → ready-for-plan) succeeds (150.451083ms)
✔ promote: recorded=done is terminal-refused (forward-only) (10.713625ms)
✔ promote: board/recorded divergence is drift-refused with both states (8.27575ms)
✔ promote: no recorded marker and no live board item is an error (8.555541ms)
✔ promote: unknown recorded state is an error (8.063833ms)
✔ promote: delegate-timeout policy — test gets none, close gets a bounded budget (0.152375ms)
✔ close: no active task and no target prints "no active task" and does nothing (20.059292ms)
✔ close: an active review issue runs the terminal done move after the wrap rows (86.460541ms)
ℹ tests 11
ℹ suites 0
ℹ pass 11
ℹ fail 0
ℹ cancelled 0
ℹ skipped 0
ℹ todo 0
ℹ duration_ms 763.748917
