▶ buildPlanMetadataBackfill Story Origin migration (#892)
  ✔ moves legacy provenance into Story Origin and preserves planning fields and markers (2.048875ms)
  ✔ merges missing provenance into an existing Story Origin without overriding it (0.333708ms)
  ✔ replaces empty Story Origin placeholders with populated legacy values (0.247208ms)
  ✔ replaces comment-only Story Origin placeholders with populated legacy values (0.154208ms)
  ✔ removes an entire multiline Story Origin placeholder when restoring a legacy value (0.155583ms)
  ✔ removes an entire multiline legacy provenance placeholder from Plan Metadata (0.248041ms)
  ✔ skips a clean split body byte-for-byte (0.1375ms)
  ✔ skips a body without Plan Metadata (0.086542ms)
  ✔ is idempotent after relocating legacy provenance (0.132125ms)
  ✔ preserves values from legacy colon-inside-bold provenance labels (0.142958ms)
  ✔ inserts a populated Story Origin when legacy Plan Metadata has no provenance (0.147292ms)
  ✔ derives a missing Story Origin kind from the authoritative issue-kind marker (0.109417ms)
  ✔ relocates an existing Story Origin immediately before Plan Metadata (0.137167ms)
  ✔ migrates the legacy canonical Parent epic relationship as parent (0.099458ms)
✔ buildPlanMetadataBackfill Story Origin migration (#892) (5.11125ms)
ℹ tests 14
ℹ suites 1
ℹ pass 14
ℹ fail 0
ℹ cancelled 0
ℹ skipped 0
ℹ todo 0
ℹ duration_ms 12.081333
