coverage-heal-entry-markers.test.mjs: ok
✔ checkOnlyExitCode: error precedence, plan, clean (0.569708ms)
✔ stripStageMarkers removes entry + legacy/new audit markers (0.721334ms)
✔ #1206: stripStageMarkers does not rewrite historical second-stage audit bytes (0.320875ms)
✔ detectIllegalArcs: <2 markers empty; legal chain empty; illegal flagged (0.523292ms)
✔ outOfOrderHealableStages flags a stage newer than a later stage (0.109916ms)
✔ backlogCreatedAtFallback: bumps refine when it collides; throws on bad createdAt (1.283ms)
✔ planStageHeal: backfill for missing entry with a later marker (0.36225ms)
✔ planStageHeal: restamp for out-of-order entry (0.147584ms)
✔ planStageHeal: audit-only for present-but-unaudited entry (0.245167ms)
✔ planStageHeal: skip when unparseable entry ts (property-grammar form) (0.205959ms)
✔ planStageHeal: backlog createdAt fallback when refine sits at createdAt (0.151541ms)
✔ planStageHeal: non-backlog with no feasible interval rethrows (0.10825ms)
✔ planStageHeal: skip when nothing to heal (0.131792ms)
✔ fetchOpenIssues maps numbers to strings via stub gh (0.196958ms)
✔ fetchIssue returns parsed JSON via stub gh (0.068959ms)
✔ writeBody writes a temp file, edits, and unlinks (unlink error swallowed) (0.137167ms)
✔ postComment shells gh issue comment (0.069834ms)
✔ healOne: skip when body is a clean audited chain (0.968084ms)
✔ healOne: dry-run returns plan without writing (0.26875ms)
✔ #1206: apply preserves an out-of-order historical second-stage marker byte-for-byte (0.133ms)
✔ healOne: apply writes body + posts comment (0.785917ms)
✔ healOne: apply restamp path (out-of-order) rewrites body (0.309375ms)
✔ healOne: illegal-arcs only (no heals) reported (0.178834ms)
✔ main: --apply and --check-only are mutually exclusive → exit 2 (0.309375ms)
✔ main: dry-run over explicit issues prints all result branches (0.166709ms)
✔ main: apply prints applied, and healOne throw becomes error (0.130792ms)
✔ main: no explicit issues scans open issues via fetchOpenIssues (0.073625ms)
✔ main: --check-only exits with checkOnlyExitCode (0.067333ms)
ℹ tests 28
ℹ suites 0
ℹ pass 28
ℹ fail 0
ℹ cancelled 0
ℹ skipped 0
ℹ todo 0
ℹ duration_ms 16.567541
