coverage-heal-refine-entry-marker.test.mjs: ok
✔ needsBackfill: later marker present but refine-entry missing → true (1.068875ms)
✔ needsBackfill: refine-entry + later but no audit → true (audit-only) (0.133208ms)
✔ needsBackfill: refine-entry + later + audit → false (clean) (0.069291ms)
✔ needsBackfill: refine-entry only, no later stage → false (0.056625ms)
✔ needsBackfill: empty body → false (0.0565ms)
✔ needsBackfill: new-grammar audit marker satisfies the audit check (0.068166ms)
✔ fetchOpenIssues: maps gh json to string numbers (0.468ms)
✔ fetchIssue: parses gh view json (0.093584ms)
✔ writeBody: writes tmp, invokes gh edit --body-file, unlinks (0.166167ms)
✔ writeBody: unlink failure is swallowed (best-effort cleanup) (0.144583ms)
✔ postComment: shells gh issue comment --body (0.099625ms)
✔ healOne: skip when body clean (entry+later+audit) (0.134375ms)
✔ healOne: plan (dry-run) entry+audit mode uses createdAt (0.138583ms)
✔ healOne: plan (dry-run) audit-only mode reuses existing entry ts (0.100583ms)
✔ healOne: apply entry+audit writes body + posts comment (0.900666ms)
✔ healOne: apply audit-only posts the audit-marker comment (0.268625ms)
✔ main: single-issue dry-run prints "would backfill" plan line (0.272959ms)
✔ main: apply prints backfilled + skip lines, no dry-run footer (0.138833ms)
✔ main: healOne throw is captured as an error line on stderr (0.099ms)
✔ main: no issue args → scans open issues via fetchOpenIssues (0.073167ms)
ℹ tests 20
ℹ suites 0
ℹ pass 20
ℹ fail 0
ℹ cancelled 0
ℹ skipped 0
ℹ todo 0
ℹ duration_ms 12.227875
