coverage-migrate-fields-encoding.test.mjs: ok
✔ transformBody: legacy fence → migrated to single-line aitm-fields (0.948167ms)
✔ transformBody: single new-encoding block → no-op (0.072834ms)
✔ transformBody: legacy block with invalid fence → unchanged w/ reason (0.089125ms)
✔ fetchBody: returns gh stdout body (0.088583ms)
✔ writeBody: mkdtemp + write + gh edit + rm cleanup (0.164375ms)
✔ scanOpenIssues: parses gh search json → numbers (0.407958ms)
✔ scanOpenIssues: gh failure → [] with err note (0.111958ms)
✔ migrateOne: no change → reports, no write (0.114083ms)
✔ migrateOne: dry-run → would-migrate, no write (0.099542ms)
✔ migrateOne: live → writes migrated body (0.135583ms)
✔ main: missing repo → err + exit 2 (0.14975ms)
✔ main: no targets → usage + exit 2 (0.07425ms)
✔ main: explicit numbers + --scan union, migrateOne per target, error captured (0.157417ms)
ℹ tests 13
ℹ suites 0
ℹ pass 13
ℹ fail 0
ℹ cancelled 0
ℹ skipped 0
ℹ todo 0
ℹ duration_ms 10.443667
