✔ auto both/review provide repeatable standing authority; off and reset revoke/re-evaluate it (2.097291ms)
✔ approval evidence must be current-head and genuine human approval remains independent (0.115292ms)
✔ fresh Test and Agent Review cannot rebind an approval from an older head (1.340125ms)
✔ stale Full-Auto body evidence cannot survive auto off or reset (0.134625ms)
✔ standing Full-Auto authorizes immutable A while a reused branch is observed at B (0.330792ms)
✔ reconstructs intent authority only from an advanced merged historical delivery (0.315291ms)
✔ historical reconstruction rejects an extra intent property at its exact-key boundary (0.074041ms)
✔ historical reconstruction refuses authority that is not an advanced, clean merged delivery (0.275333ms)
✔ Full-Auto changes only review authorization; delivery safety gates still refuse independently (0.338625ms)
✔ runApprove remains the audited producer of Full-Auto approval evidence (499.761ms)
✔ stale human approval cannot be silently rebound after head drift (240.548417ms)
ℹ tests 11
ℹ suites 0
ℹ pass 11
ℹ fail 0
ℹ cancelled 0
ℹ skipped 0
ℹ todo 0
ℹ duration_ms 748.249375
approve: lifecycle-tick-noop: 'passed-final-review' label not matched — body may use legacy heading or customized DoD
approve: lifecycle-tick-noop: 'passed-final-review' label not matched — body may use legacy heading or customized DoD
approve: lifecycle-tick-noop: 'passed-final-review' label not matched — body may use legacy heading or customized DoD
approve: lifecycle-tick-noop: 'passed-final-review' label not matched — body may use legacy heading or customized DoD
