✔ row builders preserve unavailable estimates and explicit current actor interval (15.56825ms)
✔ first attributed flush keeps own word delta after larger unrelated legacy cursor (2.038916ms)
✔ different actors may start independently and immutable replay appends only once (0.43775ms)
✔ queue freezes original evidence before failed publication and never reattributes it (0.26675ms)
✔ builder second-resolution timestamp retains exact millisecond interval for accounting (0.545459ms)
✔ whole-issue terminal suppression remains unconditional for attributed rows (0.374458ms)
✔ same interval with a different lifecycle event is a conflict, not a dropped replay (0.72575ms)
✔ canonical timing source requires a complete unambiguous issue comment census (0.422459ms)
✔ canonical timing source ignores quoted heading mentions in unrelated records (0.145833ms)
✔ attributed publication reconciles ambiguous success against canonical exact-row replay (0.816792ms)
✔ attributed publication refuses ambiguous census and unobserved writes (0.434458ms)
✔ attributed creation requires fresh unique canonical identity and matching issue (0.454541ms)
ℹ tests 12
ℹ suites 0
ℹ pass 12
ℹ fail 0
ℹ cancelled 0
ℹ skipped 0
ℹ todo 0
ℹ duration_ms 26.424875
