set-priority — Set the Priority field on an issue (optionally cascading to sub-issues).

  Purpose:       Set the Priority field on an issue (optionally cascading to sub-issues).
  Group:         GitHub
  Usage:         aitm set-priority <issue#> <p0|p1|p2|p3> [--cascade]
  Audience:      AI/operator setting priority. Priorities: p0|p1|p2|p3.
  Arguments:     <issue#>, <p0|p1|p2|p3>, --cascade
  Preconditions: AI/operator setting priority. Priorities: p0|p1|p2|p3.
  Effects:       Set the Priority field on an issue (optionally cascading to sub-issues).
  Output:        Prints each issue whose project Priority field was updated.
  Exit codes:    0=priority update completed; 1=usage, configuration, or GitHub update failed
  Examples:      npx aitm set-priority 1023 p1; npx aitm set-priority 1005 p2 --cascade
  Related:       set-rank, project-tether

Invoke via the package or orchestrator command name:
  npx aitm set-priority <issue#> <p0|p1|p2|p3> [--cascade]
✔ help route emits self-doc and exits 0 (1.349792ms)
✔ missing args → usage, exit 1 (0.157042ms)
✔ non-numeric issue → usage, exit 1 (0.107ms)
✔ unknown priority → exit 1 (0.216208ms)
✔ missing projectId/priorityFieldId (network on) → exit 1 (0.11275ms)
✔ missing option id for the priority (network on) → exit 1 (0.09325ms)
✔ TT_SKIP_NETWORK short-circuit logs the check mark, no gh call (0.173625ms)
✔ network happy path resolves item and issues item-edit (0.203209ms)
✔ network item not found → skip, no gh call (0.110917ms)
✔ cascade with two sub-issues sets priority on parent + each child (0.206ms)
✔ cascade with no sub-issues logs "No sub-issues found" (0.113375ms)
✔ cascade sub-issue query throwing is swallowed → No sub-issues found (0.129584ms)
✔ getProjectItemId returns the matching project item id (0.102333ms)
✔ getProjectItemId returns "" when no node matches / nodes missing (0.064834ms)
✔ setPriority skipNetwork branch just logs (0.059875ms)
ℹ tests 15
ℹ suites 0
ℹ pass 15
ℹ fail 0
ℹ cancelled 0
ℹ skipped 0
ℹ todo 0
ℹ duration_ms 10.645209
