✔ a refusing guard cannot return an empty refusal collection (1.314417ms)
✔ a successful guard cannot carry a refusal (0.215958ms)
✔ a successful guard cannot carry malformed refusals (0.139ms)
✔ a refusing guard cannot carry a sparse refusal collection (0.124458ms)
✔ a successful guard cannot carry a sparse warning collection (0.196583ms)
✔ a successful guard cannot carry a human request (0.1305ms)
✔ a guard cannot impersonate a guidance-admission warning producer (0.687791ms)
✔ the refusal lint freezes constructor call sites inside registered guards (5.686291ms)
✔ the refusal lint freezes imported constructor call sites (1.76025ms)
✔ the lifecycle registry enumerates the complete bare action vocabulary (0.234583ms)
✔ the remediation registry is closed and rejects bypasses (0.352375ms)
✔ the decision vocabulary exposes its version and reserved boundary producers (1.250875ms)
✔ authority resources include honest local session sources while remaining closed (0.044417ms)
✔ observed session and worktree mismatches are valid closed v2 blockers (0.218834ms)
✔ an inventoried legacy refusal normalizes without interpreting its reason (0.146917ms)
✔ action navigation fails closed for non-ready and unknown actions (0.061167ms)
✔ unknown action ids remain explicit in an indeterminate decision envelope (1.821541ms)
✔ typed remediation failures never fall back to the legacy adapter (0.090916ms)
✔ manual-only blocker codes reject executable remediations (0.103208ms)
✔ the vocabulary digest changes when a canonical definition changes (2.149416ms)
✔ ready decisions require explicit empty operational collections (0.296084ms)
✔ blocked decisions bind typed remediation to the matching human request (1.178958ms)
✔ authority failures require typed unique subjects when one source has multiple targets (0.850833ms)
✔ snapshot evidence is unique, in-window, issue-bound, and digest-bound (0.594959ms)
✔ terminal decisions use null action and terminal guidance without inventing execution (0.255416ms)
✔ functional DoD normalizations enforce their closed ordered decision contract (0.416ms)
✔ operational warnings preserve order and reject cross-domain code reuse (0.319708ms)
✔ decision blockers reject producers outside the frozen guard inventory (0.07675ms)
✔ the guard boundary preserves multiple typed refusals and human requests (0.411625ms)
✔ a frozen multi-branch legacy guard emits one conservative manual refusal (0.357334ms)
✔ thrown guards become guard-error (0.1505ms)
✔ malformed guards become guard-result-invalid (0.0765ms)
✔ the parser-based refusal lint freezes added and edited legacy sites (0.957708ms)
✔ the refusal lint rejects undeclared and cross-domain codes (0.53675ms)
ℹ tests 34
ℹ suites 0
ℹ pass 34
ℹ fail 0
ℹ cancelled 0
ℹ skipped 0
ℹ todo 0
ℹ duration_ms 33.122167
