✔ classifyBash: test runners (1.842ms)
✔ classifyBash: build commands (0.192792ms)
✔ classifyBash: git commit (0.324125ms)
✔ classifyBash: READ_* for benign commands (0.420791ms)
✔ classifyBash: redirect write target classified by path (1.791375ms)
✔ classifyBash: tee write target (0.348208ms)
✔ classifyBash: heredoc write target (0.218667ms)
✔ classifyBash: shell metachars inside quoted args do not trigger write detection (0.215333ms)
✔ classifyBash: touch/mkdir code path (0.14075ms)
✔ STATE_MATRIX: matches epic #61 allow-list verbatim (0.5055ms)
✔ isAllowed: every state allows READ_* (0.082708ms)
✔ isAllowed: develop allows everything (0.049458ms)
✔ isAllowed: plan refuses WRITE_CODE / COMMIT_CODE / WRITE_OTHER / RUN_BUILD (0.244792ms)
✔ isAllowed: refine refuses WRITE_CODE / COMMIT_CODE / RUN_TESTS / RUN_BUILD (0.065834ms)
✔ isAllowed: test refuses WRITE_CODE; allows tests/build (0.042875ms)
✔ isAllowed: review allows docs + issues only (no code) (0.038417ms)
✔ isAllowed: done allows READ_* only (0.04125ms)
✔ isAllowed: no-active-task policy (state == null) (0.033166ms)
✔ isAllowed: unknown state refuses everything except READ_* via no-fallback (0.026959ms)
✔ loadPolicy: missing file returns DEFAULT_POLICY (58.250333ms)
✔ loadPolicy: present file is parsed (50.895958ms)
✔ loadPolicy: invalid json falls back to DEFAULT_POLICY (51.736708ms)
✔ classifyEdit: respects custom policy (0.202791ms)
✔ classifyBash: respects custom policy testRunners/buildCommands (0.124458ms)
✔ COMMIT_DOCS is allowed only with an active drafting or Develop state (0.055208ms)
✔ invocation directory uses supplied workdir then cwd with relative bases (60.281625ms)
✔ mutation target requires both lexical and physical worktree containment (58.094917ms)
✔ direct command parser preserves sequential -C and bounds Plan syntax (0.483167ms)
✔ ambient Git selectors and config injection cannot grant document commits (0.208709ms)
✔ staged document contract checks modes and rename sides (0.293209ms)
✔ real staged index classifies regular Markdown and mixed source separately (159.853791ms)
✔ compound document staging cannot hide a source write (0.489625ms)
✔ read-only Git config and worktree queries stay read-only (0.362875ms)
✔ command and env wrappers preserve nested shell mutations (0.177291ms)
✔ nested shell discovery enforces executable mutations but ignores printed text (0.118125ms)
✔ draft documents are permitted in backlog without granting implementation (0.051416ms)
✔ draft documents are permitted in refine without granting implementation (0.025209ms)
✔ draft documents are permitted in ready-for-plan without granting implementation (0.050333ms)
✔ contained issue scratch shell writes have their own activity without hiding source or git (0.768041ms)
✔ quoted here-document data does not become shell authority (0.4485ms)
✔ cat compound headers and draft suffixes do not inherit data authority (0.588667ms)
✔ draft compounds refuse uninspectable source-mutating suffixes (0.274625ms)
✔ documentation admission rejects uninspectable output redirects (0.074917ms)
✔ document writes never conceal additional writer operands (0.108875ms)
✔ document admission inspects single commands and wrappers (0.1405ms)
✔ redirect identity is checked before quote masking (0.066833ms)
ℹ tests 46
ℹ suites 0
ℹ pass 46
ℹ fail 0
ℹ cancelled 0
ℹ skipped 0
ℹ todo 0
ℹ duration_ms 456.542791
