✔ a body with no agent-review evidence is incomplete (1.015125ms)
✔ a passing gate stamp completes the state action (0.088583ms)
✔ a hand-ticked box with no run evidence is NOT complete (0.067667ms)
✔ the evidence marker completes the action whether or not the box is ticked (0.1285ms)
✔ an aitm-review-failed marker makes the action incomplete even alongside a pass stamp (0.208792ms)
✔ clearing the failure marker restores completeness (0.174833ms)
✔ empty and non-string bodies are incomplete, not crashes (0.066042ms)
✔ approve refuses when the gate has not run, and writes nothing (3.128417ms)
✔ approve refuses a live waiver without a matching terminal waived Review outcome (0.671541ms)
✔ approve reports ambiguous timing authority instead of claiming review never ran (1.160958ms)
✔ approve accepts exact terminal waived Review authority without fabricating pass evidence (298.6525ms)
✔ approve default clock uses canonical millisecond ISO for waiver boundary checks (118.11625ms)
✔ approve refuses legacy abbreviated Test evidence for exact-head waiver authority (0.778125ms)
✔ approve rechecks waiver authority after driver collection before writing (0.643708ms)
✔ approve rechecks waiver authority inside the fresh-base write attempt (100.744958ms)
✔ approve refuses a waiver when HEAD changes during driver collection (0.805833ms)
✔ approve binds waived authority to the Test receipt rather than local HEAD alone (0.464334ms)
✔ approve refuses a waiver stamp when the fresh body scope changed after validation (129.599ms)
✔ approve refuses a waiver stamp when the fresh Test receipt changes without a scope change (106.211125ms)
✔ approve still checks waiver scope when fresh pass evidence appears concurrently (90.012375ms)
✔ approve refuses a waiver stamp when a fresh failure carrier appears after validation (85.551083ms)
✔ approve refuses while an objection is unresolved (0.678417ms)
✔ approve proceeds once the state action has passed (147.737542ms)
✔ ordinary approval refuses when fresh pass evidence disappears before the write (126.209417ms)
✔ the wrong-state check still precedes the completeness check (0.171209ms)
ℹ tests 25
ℹ suites 0
ℹ pass 25
ℹ fail 0
ℹ cancelled 0
ℹ skipped 0
ℹ todo 0
ℹ duration_ms 1217.448375
approve: lifecycle-tick-noop: 'passed-final-review' label not matched — body may use legacy heading or customized DoD
approve: lifecycle-tick-noop: 'passed-final-review' label not matched — body may use legacy heading or customized DoD
approve: lifecycle-tick-noop: 'passed-final-review' label not matched — body may use legacy heading or customized DoD
approve: lifecycle-tick-noop: 'passed-final-review' label not matched — body may use legacy heading or customized DoD
approve: lifecycle-tick-noop: 'passed-final-review' label not matched — body may use legacy heading or customized DoD
approve: lifecycle-tick-noop: 'passed-final-review' label not matched — body may use legacy heading or customized DoD
approve: lifecycle-tick-noop: 'passed-final-review' label not matched — body may use legacy heading or customized DoD
approve: lifecycle-tick-noop: 'passed-final-review' label not matched — body may use legacy heading or customized DoD
approve: lifecycle-tick-noop: 'passed-final-review' label not matched — body may use legacy heading or customized DoD
