✔ parseEnteredStages reads both marker grammars in body order (1.90225ms)
✔ parseEnteredStages tolerates a non-string and returns [] (0.093417ms)
✔ #1211: parseEnteredStages projects historical second-stage markers to R4P (0.084416ms)
✔ buildReviewContext exposes body, comments, and parsed markers (0.289167ms)
✔ buildReviewContext coerces a non-array comments to [] (0.175459ms)
✔ runAgentReviewGate returns a vacuous pass with an empty registry (0.167708ms)
✔ runAgentReviewGate surfaces a failing validator and its context (0.1545ms)
✔ buildReviewFailedBlock wraps failures between the marker sentinels (0.164917ms)
✔ buildReviewFailedBlock renders a placeholder when there are no failures (0.073292ms)
✔ stampReviewFailed appends the marker and is idempotent (0.344416ms)
✔ clearReviewFailed removes the block and is idempotent when absent (0.931334ms)
✔ hasReviewFailed reports presence (2.469834ms)
✔ #1004 — a prose sentence quoting both delimiters inline does not strand or corrupt a genuine review-failed block (2.29825ms)
✔ an unterminated standalone start is not reported or cleared as a complete failure block (0.244208ms)
ℹ tests 14
ℹ suites 0
ℹ pass 14
ℹ fail 0
ℹ cancelled 0
ℹ skipped 0
ℹ todo 0
ℹ duration_ms 20.423208
