✔ normalizes scattered markers — hoists state/version to top, gathers the rest under the anchor (1.447084ms)
✔ preserves every marker — set-equality before and after (no marker lost) (0.543875ms)
✔ is idempotent — re-running on the normalized body reports a clean pass with no further rewrite (0.128167ms)
✔ does not move inline markers — AC vc-list, VC id, and DoD dod: stay on their content lines (0.101375ms)
✔ fails when the AITM Progress Markers anchor heading is absent — names the reason, no normalized (0.088792ms)
✔ an already-canonical body is a fixed point (pass, no normalized) (0.1035ms)
✔ #994 — a bracketed aitm-review-failed block survives normalization intact, so clearReviewFailed removes the whole thing including its prose (6.186125ms)
✔ an unterminated review-failed start keeps every following line opaque through EOF (0.110375ms)
✔ #1111 keeps the #1109 plan-approved reproduction inside its backtick fence (0.678625ms)
✔ #1111 ignores fenced anchor lookalikes and normalizes live markers after backtick and tilde fences (0.415458ms)
✔ #1111 a fenced unterminated review-failure example cannot suppress later live normalization (0.139583ms)
✔ existing marker-organization behavior for standalone (non-paired) aitm-* markers is unchanged (0.13725ms)
✔ bootstrap registers the validator on the shared singleton (3.997459ms)
ℹ tests 13
ℹ suites 0
ℹ pass 13
ℹ fail 0
ℹ cancelled 0
ℹ skipped 0
ℹ todo 0
ℹ duration_ms 17.8565
