✔ new sessions and project defaults are Full-Auto for all three review boundaries (0.568792ms)
✔ explicit project policy remains authoritative over Full-Auto defaults (0.077125ms)
✔ legacy two-gate project config keeps explicit values and defaults PR review to auto (0.060125ms)
✔ legacy parent metadata survives session round trips without changing gate values (2.532209ms)
✔ binding source contains no legacy first-bind auto-mode prompt (0.230375ms)
✔ reset clears all three overrides and returns to Full-Auto defaults (0.139625ms)
✔ case 6: two session IDs do not see each other's overrides (0.12275ms)
✔ case 7: sweepOrphans deletes files older than maxAgeMs and leaves younger ones (0.161583ms)
✔ fresh and legacy session files hydrate the third nullable override (0.112083ms)
✔ manual and auto choices update one gate additively (0.504084ms)
✔ precedence: session override takes precedence over project config (0.068208ms)
✔ Review handoff honors the session final-task override over project policy (0.103959ms)
ℹ tests 12
ℹ suites 0
ℹ pass 12
ℹ fail 0
ℹ cancelled 0
ℹ skipped 0
ℹ todo 0
ℹ duration_ms 12.39575
