✔ guard exposes the expected id (0.625625ms)
✔ short-circuits when fromState !== "backlog" (0.46825ms)
✔ short-circuits when toState !== "refine" (0.495583ms)
✔ short-circuits when ctx missing cfg (0.069417ms)
✔ short-circuits when ctx missing issueNumber (0.062792ms)
✔ passes when issue has no parent (leaf / top-level epic) (0.0825ms)
✔ passes when parent state is "refine" (0.088709ms)
✔ passes when parent state is "plan" (0.076958ms)
✔ passes when parent state is "develop" (mid-develop discovery work) (0.075666ms)
✔ refuses when parent state is "backlog" (0.201958ms)
✔ refuses when parent state is "test" (0.069916ms)
✔ refuses when parent state is "review" (0.060125ms)
✔ refuses when parent state is "done" (0.054125ms)
✔ passes when parent state is null (parent not on board / transient read failure) (0.069625ms)
✔ fail-closed when fetchParentIssue throws (#565) (0.098ms)
✔ fail-closed when readParentStatus throws (#565) (0.11775ms)
✔ mixed-case parent state still matches (normalized) (0.053542ms)
✔ legacy call site without fromState/toState still invokes deps (0.09125ms)
ℹ tests 18
ℹ suites 0
ℹ pass 18
ℹ fail 0
ℹ cancelled 0
ℹ skipped 0
ℹ todo 0
ℹ duration_ms 7.17325
