✔ INVARIANT_MARKER_PATTERNS includes the canonical invariant marker set (0.660959ms)
✔ resident-action ledger advance is narrow and phase monotonic (2.688ms)
✔ resident-action waiver is terminal for an attempt and may be retried on a later attempt (0.426083ms)
✔ same-visit spill to inline is refused but new-visit reset is permitted (0.54675ms)
✔ same-visit inline to spill and spill to spill are permitted (0.235625ms)
✔ inline marker and final-body limits accept the boundary and refuse overflow (0.440792ms)
✔ findLostMarkers treats the advancing ledger marker as presence-only (1.532292ms)
✔ findLostMarkers returns empty list when next preserves all markers (0.3955ms)
✔ findLostMarkers reports no loss when last-known-state pair collapses to the new single marker (#378) (0.191375ms)
✔ findLostMarkers still reports loss when the new single last-known-state marker is dropped entirely (#378) (0.145667ms)
✔ findLostMarkers reports a single-kind marker by name when dropped (0.083ms)
✔ findLostMarkers protects the durable epic orchestration plan (0.238625ms)
✔ findLostMarkers reports each lost aitm-entered-<stage> individually (0.233458ms)
✔ #1206: historical second-stage marker bytes remain append-only audit residue (0.599833ms)
✔ findLostMarkers reports multiple single-kind markers when several drop (0.109333ms)
✔ findLostMarkers tolerates empty/null base/next without throwing (0.076ms)
✔ findLostMarkers ignores markers that were never in base (0.06725ms)
✔ findNewMalformedVerifiedCmds flags a newly-introduced malformed declaration (0.288ms)
✔ findNewMalformedVerifiedCmds passes a newly-introduced well-formed declaration (0.121708ms)
✔ findNewMalformedVerifiedCmds does not flag a pre-existing malformed declaration (0.045833ms)
✔ findAcsWithoutVerifierOrInvalidTag flags a {tbd}-sentinel verifier as malformed-verifier (0.674666ms)
✔ findAcsWithoutVerifierOrInvalidTag distinguishes malformed-verifier from no-verifier and test-all-verifier (1.011333ms)
✔ findAcsWithoutVerifierOrInvalidTag classifies a #670-shaped verifier-less AC as no-verifier (0.0625ms)
✔ findAcsWithoutVerifierOrInvalidTag honors the invalid — non-demonstrable opt-out over a sentinel verifier (0.516333ms)
✔ findAcsWithoutVerifierOrInvalidTag treats aitm-ac-waived as a valid opt-out (0.056ms)
✔ findAcsWithoutVerifierOrInvalidTag still passes verified-cmd and invalid-tag ACs (no regression) (0.454167ms)
✔ reviewed Scope policy is protected as an invariant; pointer remains distinct from execution proof (0.046917ms)
ℹ tests 27
ℹ suites 0
ℹ pass 27
ℹ fail 0
ℹ cancelled 0
ℹ skipped 0
ℹ todo 0
ℹ duration_ms 18.450166
