✔ bare tick (no proof marker) is rejected with CheckboxProofMissingError (4.411417ms)
✔ tick with same-line aitm-verified-at marker is accepted (1.120917ms)
✔ tick with same-line aitm-dod-evidence marker is accepted (close-pipeline shape) (0.280333ms)
✔ allowUnverifiedTicks: true bypasses the guard for legitimate edge cases (0.175833ms)
✔ marker on line N+1 does NOT validate a tick on line N (co-location required) (0.181416ms)
✔ tick with same-line canonical aitm-ac-evidence marker is accepted (#383) (0.237ms)
✔ verifier DECLARATION (aitm-verified-by) alone is still rejected (#383 no-weakening) (0.160125ms)
✔ cmd-only consolidated aitm-verified declaration alone is rejected (#391) (0.220084ms)
✔ consolidated aitm-verified with ts/sha is accepted as proof (#391) (0.282167ms)
✔ tick with same-line NEW fully-quoted aitm-dod-evidence marker is accepted (#379) (0.197167ms)
✔ tick with same-line NEW fully-quoted aitm-ac-evidence marker is accepted (#379) (0.166917ms)
✔ partial aitm-ac-evidence fragment (no exec fields) is still rejected (#383 strictness) (0.162208ms)
ℹ tests 12
ℹ suites 0
ℹ pass 12
ℹ fail 0
ℹ cancelled 0
ℹ skipped 0
ℹ todo 0
ℹ duration_ms 16.007583
