✔ every catalog record satisfies the normalized public help schema (2.555709ms)
✔ Story Origin creation contract is consistent across help and sanctioned rules (#892) (0.978333ms)
✔ normalization never fabricates required command semantics (0.15825ms)
✔ normalization preserves malformed nested values for validation to reject (0.165209ms)
✔ schema rejects misspelled command-surface taxonomy values (0.112708ms)
✔ duplicate canonical source records fail before catalog construction (0.258ms)
✔ catalog names and aliases are globally unique and resolve canonically (0.199541ms)
✔ every help-required shipped entry point resolves to a catalog record (0.519083ms)
✔ every routed standalone record maps back to a shipped standalone entry point (0.169958ms)
✔ every package bin identity resolves to its classified target (0.350875ms)
✔ representative maintenance metadata matches real parser contracts (0.287292ms)
✔ high-risk routed metadata enumerates parser arguments and special exits (0.162625ms)
✔ retired review commands and wrappers are absent from the AITM catalog (0.043667ms)
✔ every task verb has an explicit positional contract (0.177708ms)
✔ every task verb has explicit parser-accurate semantics and exit metadata (0.719708ms)
✔ every routed verb is represented in the aggregate agent catalog (0.101459ms)
✔ every agent-callable task record has a real router identity (0.1135ms)
ℹ tests 17
ℹ suites 0
ℹ pass 17
ℹ fail 0
ℹ cancelled 0
ℹ skipped 0
ℹ todo 0
ℹ duration_ms 11.509542
