✔ commitsOnTrunkGate: attributed commit exists on trunk → ok (137.320958ms)
✔ commitsOnTrunkGate: no attributed commit on trunk → refuse with message-based code (78.890458ms)
✔ commitsOnTrunkGate: recorded SHA unreachable but token on trunk → ok (no deadlock) (66.019ms)
✔ commitsOnTrunkGate: no trail comment → graceful skip (0.153291ms)
✔ commitsOnTrunkGate: empty marker → graceful skip (0.113833ms)
✔ commitsOnTrunkGate: trunk ref unresolved → refuse with helpful message (47.294667ms)
✔ commitsOnTrunkGate: attribution lookup failure → surfaced blocker (52.277ms)
✔ commitsOnTrunkGate: cfg.trunkRef takes precedence, attribution scoped to it (46.900792ms)
✔ commitsOnTrunkGate (#927): fetches before it resolves, then attributes against origin/trunk (0.331958ms)
✔ commitsOnTrunkGate (#927): a fetch failure is non-fatal — still resolves and closes (0.222625ms)
✔ runCloseGates: no attributed commit on trunk composes into blockers (5.246667ms)
✔ runCloseGates: attributed commit on trunk → trunk gate passes, full gate passes (3.909875ms)
ℹ tests 12
ℹ suites 0
ℹ pass 12
ℹ fail 0
ℹ cancelled 0
ℹ skipped 0
ℹ todo 0
ℹ duration_ms 443.083292
