✔ forward move with all prior markers → allow (1.81325ms)
✔ first forward move (backlog→refine) with backlog marker → allow (0.160125ms)
✔ forward move missing immediately-prior marker → refuse, names it (0.300625ms)
✔ forward move with a two-back hole (refine missing on plan→develop) → refuse (0.140042ms)
✔ forward move with multiple prior holes → refuse, lists all missing (0.092708ms)
✔ rework develop→plan → skip (0.065667ms)
✔ rework review→develop → skip (0.052375ms)
✔ rework plan→backlog → skip (0.066083ms)
✔ re-entry develop after a test bounce (test→develop) → skip (0.079584ms)
✔ empty fromState (offline, no live Status) → skip (0.086166ms)
✔ unknown target stage → skip (0.401667ms)
✔ same-state move → skip (0.065458ms)
✔ force override on a prefix hole → bypass, carries missing + message (0.098041ms)
✔ force override is a no-op when there is no hole → allow (0.053834ms)
✔ re-entry visit markers (aitm-entered-develop-2) count as present (0.056792ms)
ℹ tests 15
ℹ suites 0
ℹ pass 15
ℹ fail 0
ℹ cancelled 0
ℹ skipped 0
ℹ todo 0
ℹ duration_ms 8.162542
