coverage-approve.test.mjs: defined
✔ runApprove: throws without issueNumber (0.868083ms)
✔ runApprove: throws without cfg (0.084583ms)
✔ runApprove: assertBound may throw (0.086542ms)
✔ runApprove: wrong-state when not in review (0.242083ms)
✔ runApprove: already-approved when marker present (34.545792ms)
✔ runApprove: human path with drivers posts Review Notes (40.392042ms)
✔ runApprove: human path with no drivers posts nothing (31.675333ms)
✔ runApprove: full-auto path inserts footnote and posts auto notes (33.921166ms)
✔ runApprove: review-notes post failure does not block approval (35.783375ms)
✔ runApprove: lifecycle-noop warns but still approves (408.756292ms)
✔ runApprove: default fetch/comment/project helpers run offline (230.751208ms)
✔ runApprove: default promptDrivers resolves [] off a TTY (89.729458ms)
✔ detectFullAuto: not fired when reviewer set, interactive, no CI (0.132667ms)
✔ detectFullAuto: fired via reviewer-unset (0.05325ms)
✔ detectFullAuto: fired via TT_FULL_AUTO (0.044917ms)
✔ detectFullAuto: fired via tty=false (0.046542ms)
✔ detectFullAuto: fired via CI (0.054458ms)
✔ verbApprove: no issue number → usage, exit 1 (0.289667ms)
✔ verbApprove: TT_SKIP_NETWORK=1 → exit 1 (0.132042ms)
✔ verbApprove: IssueLockError → exit 7 (16.887666ms)
✔ verbApprove: generic error → exit 1 (17.47175ms)
✔ verbApprove: wrong-state → exit 3 (16.602291ms)
✔ verbApprove: approved → stdout, no exit (60.418417ms)
✔ verbApprove: already-approved → stdout, no exit (62.816625ms)
ℹ tests 24
ℹ suites 0
ℹ pass 24
ℹ fail 0
ℹ cancelled 0
ℹ skipped 0
ℹ todo 0
ℹ duration_ms 1085.938875
⚠ approve: review-notes post failed: comment boom
