coverage-plan.test.mjs: defined
✔ runPlan: throws without cfg (0.731833ms)
✔ runPlan: throws on non-positive issue# (0.18075ms)
✔ runPlan: assertBound is invoked and may throw (0.113208ms)
✔ runPlan: current is not R4P → wrong-state (no promote) (0.149875ms)
✔ runPlan: unknown live state → wrong-state message names "unknown" (0.09475ms)
✔ runPlan: R4P → promoted (promote called with issue#) (0.442667ms)
✔ runPlan: default getLiveState via fake gh → promoted (321.410709ms)
✔ verbPlan: no issue number → usage, exit 2 (0.355042ms)
✔ verbPlan: R4P → promoted, no exit (0.172334ms)
✔ verbPlan: wrong-state → stderr, exit 1 (0.234917ms)
✔ verbPlan: runPlan throws → stderr, exit 1 (0.153417ms)
ℹ tests 11
ℹ suites 0
ℹ pass 11
ℹ fail 0
ℹ cancelled 0
ℹ skipped 0
ℹ todo 0
ℹ duration_ms 327.742208
