coverage-stamp-start-time.test.mjs: defined
✔ stampStartTime: missing cfg throws (0.784833ms)
✔ stampStartTime: missing issueNumber throws (0.099541ms)
✔ stampStartTime: no Start-time field configured → skipped (0.158875ms)
✔ stampStartTime: resolveItem rejects → error (0.449625ms)
✔ stampStartTime: no project item → skipped (0.111958ms)
✔ stampStartTime: existing non-empty value → idempotent (0.126375ms)
✔ stampStartTime: blank existing value falls through to a fresh stamp (1.117917ms)
✔ stampStartTime: writeField resolves → stamped with formatted value (0.137375ms)
✔ stampStartTime: writeField rejects → error (0.117333ms)
✔ defaultResolveItem: returns the node matching cfg.projectId (0.174333ms)
✔ defaultResolveItem: no matching project → null (0.088417ms)
✔ defaultResolveItem: empty / missing nodes → null (0.062ms)
ℹ tests 12
ℹ suites 0
ℹ pass 12
ℹ fail 0
ℹ cancelled 0
ℹ skipped 0
ℹ todo 0
ℹ duration_ms 14.050417
[task-tracker] WARN: required project field "Start Time" (cfg.fieldStartTime) is not configured — board stamp skipped. Re-run `scripts/gh/init-project-config.sh` to discover and persist field ids.
