✔ throws when target is missing (1.258667ms)
✔ StateRecordingFailedError carries issueNumber/target/cause and message (0.153125ms)
✔ legacy path: noop when body === bodyBefore (no write attempted) (0.407791ms)
✔ legacy path: success on first attempt (no warn, no audit) (0.115792ms)
✔ legacy path: first attempt throws, retry succeeds (+warn, no audit) (0.128875ms)
✔ legacy path: both attempts throw → warn + audit comment posted (auditPosted:true) (0.118542ms)
✔ legacy path: both attempts throw AND audit-post throws → auditPosted:false (0.12125ms)
✔ findRecordingFailureFromComments: non-array input returns null (0.087875ms)
✔ findRecordingFailureFromComments: no marker → null; skips missing/invalid dates (0.161459ms)
✔ findRecordingFailureFromComments: returns most-recent match with parsed target (0.32975ms)
✔ findRecordingFailureFromComments: sinceMs filters out older matches (0.060083ms)
✔ findRecordingFailureFromComments: match with no parseable target yields target:null (0.082541ms)
ℹ tests 12
ℹ suites 0
ℹ pass 12
ℹ fail 0
ℹ cancelled 0
ℹ skipped 0
ℹ todo 0
ℹ duration_ms 7.147208
