✔ #1490: PR #1489 real default-squash body recovers without a trailer (6.106541ms)
✔ #1490: PR #1487 real default-squash body recovers without a trailer (0.366167ms)
✔ #1490: a multi-token default body carrying every expected token recovers (0.274583ms)
✔ #1583: an authorized secondary target recovers when another authorized token leads (0.320791ms)
✔ #1583: an absent target is rejected before external recovery (0.40025ms)
✔ #1583: an unauthorized title-leading token is refused (0.260459ms)
✔ #1490: a missing expected secondary token is refused (0.192208ms)
✔ #1490: an extra unauthorized token is refused (0.1785ms)
✔ #1490: a title not leading with the top-level token is refused (0.205625ms)
✔ #1490: a nonterminal Attribution line does not fall through to the default-body proof (1.073041ms)
✔ #1490: a duplicated Attribution line does not fall through to the default-body proof (0.310959ms)
✔ #1490: an indented canonical-looking trailer does not fall through (0.212834ms)
✔ #1490: a canonical trailer on external recovery still succeeds (0.385ms)
ℹ tests 13
ℹ suites 0
ℹ pass 13
ℹ fail 0
ℹ cancelled 0
ℹ skipped 0
ℹ todo 0
ℹ duration_ms 17.508667
