✔ preflight returns the exact frozen delivery plan for one accepted head (2.319917ms)
✔ preflight preserves typed waived review authority without a passed marker (0.239542ms)
✔ preflight rejects malformed typed review authority (0.310792ms)
✔ preflight rejects a well-formed waived authority at the wrong head (0.124167ms)
✔ preflight requires every named snapshot field explicitly (0.191375ms)
✔ preflight fails closed for active issue mismatch (0.077125ms)
✔ preflight fails closed for paused timer (0.069208ms)
✔ preflight fails closed for non-Review project state (0.057125ms)
✔ preflight fails closed for closed issue (0.072917ms)
✔ preflight fails closed for unassigned issue (0.104958ms)
✔ preflight fails closed for missing Agent Review Passed evidence (0.068708ms)
✔ preflight fails closed for missing human or Full-Auto approval evidence (0.063291ms)
✔ preflight fails closed for child lineage (0.111167ms)
✔ preflight fails closed for zero pull requests (0.1235ms)
✔ preflight fails closed for multiple pull requests (0.0855ms)
✔ preflight fails closed for closed pull request (0.056875ms)
✔ preflight fails closed for draft pull request (0.045334ms)
✔ preflight fails closed for wrong pull request base (0.048959ms)
✔ preflight fails closed for wrong pull request head branch (0.051584ms)
✔ preflight fails closed for local head mismatch (0.046083ms)
✔ preflight fails closed for remote pull request head mismatch leaves zero accepted-head pull requests (0.044167ms)
✔ preflight fails closed for Test receipt head mismatch (0.041959ms)
✔ preflight fails closed for accepted review head mismatch (0.042333ms)
✔ preflight fails closed for issue-scoped dirty overlap (0.043ms)
✔ preflight fails closed for unknown mergeability (0.044625ms)
✔ preflight fails closed for unreadable required checks (0.048875ms)
✔ preflight fails closed for non-green required check (0.080584ms)
✔ preflight fails closed for required check from another head (0.06975ms)
✔ preflight fails closed for repository-disallowed merge method (0.057ms)
✔ preflight fails closed for missing commit attribution (0.144833ms)
✔ preflight refuses unknown nested evidence instead of normalizing it (0.260834ms)
✔ provider action preserves the exact authorized intent bytes (2.127959ms)
✔ provider action accepts every delivery-verifiable merge method authorized by configuration (0.473334ms)
✔ delivery preflight refuses configured rebase before an action can be authorized (0.099666ms)
✔ provider action emission re-hashes intent text and rejects recovered drift (0.375958ms)
✔ pure delivery policy modules contain no process execution boundary (0.506083ms)
ℹ tests 36
ℹ suites 0
ℹ pass 36
ℹ fail 0
ℹ cancelled 0
ℹ skipped 0
ℹ todo 0
ℹ duration_ms 14.528625
