✔ waived v2 intent has exact scope and cannot project as an ordinary v1 intent (5.276041ms)
✔ a second intent ID cannot consume the same waiver operation (1.327333ms)
✔ waived v3 receipt selection is explicit and preserves immutable provenance (2.537917ms)
✔ builders produce exact versioned schemas, hashes, and deeply frozen values (0.243083ms)
✔ #1619: warning-bearing receipts use exact v2 bytes while warning-free receipts stay v1 (0.764708ms)
✔ #1619: receipt v2 refuses malformed warning data and divergent warning receipts (0.620125ms)
✔ external recovery intent retains strict observed history bytes without provider correlation (0.163125ms)
✔ intent and receipt records round trip every supported merge method (0.620833ms)
✔ intent and receipt records reject merge methods outside the supported set (0.195375ms)
✔ comments contain one canonical marker and preserve authoritative server metadata (0.349875ms)
✔ intent comments round trip when bounded payload strings contain delivery marker names (0.202708ms)
✔ receipt comments round trip when bounded payload strings contain delivery marker names (0.113333ms)
✔ intent comments reject a second inline hidden delivery marker (0.177417ms)
✔ receipt comments reject a second inline hidden delivery marker (0.183458ms)
✔ builders reject extra keys, malformed identities, unbounded strings, and invalid SHAs (1.745291ms)
✔ repository names accept the normal form and reject more than 256 UTF-8 bytes (0.137125ms)
✔ parser rejects malformed marker-like comments and noncanonical record bytes (0.515041ms)
✔ parser enforces repository, issue, PR, exact record keys, and server createdAt correlation (0.597541ms)
✔ transaction parser ignores only a fully valid historical PR record (0.613333ms)
✔ projection computes superseded effective state and the live matching receipt (0.6135ms)
✔ projection rejects duplicate IDs, missing links, cycles, forks, and multiple live tips (1.439958ms)
✔ projection rejects a replacement that names an intent appearing later in comment order (0.503916ms)
✔ projection rejects same-key divergent authorized bytes (0.355292ms)
✔ projection rejects orphaned, mismatched, duplicate, and conflicting receipts (0.845916ms)
✔ receipt authority follows comment order while retaining superseded-intent receipts (0.659792ms)
✔ generic delivery waiver schema is explicit and never inferred from attribution fields (0.150709ms)
ℹ tests 26
ℹ suites 0
ℹ pass 26
ℹ fail 0
ℹ cancelled 0
ℹ skipped 0
ℹ todo 0
ℹ duration_ms 25.693458
