✔ #1619: merged recovery accepts wholly absent source attribution with a warning (2.628083ms)
✔ #1619: merged recovery refuses partial, malformed, duplicate, or conflicting attribution (0.42425ms)
✔ #1619: preflight failures expose the failed predicate and a supported recovery action (0.248583ms)
✔ waived merge without attribution trailer produces a labeled v3 receipt input (3.959084ms)
✔ waived merge with only the exact terminal trailer carries no warning (0.983291ms)
✔ waived merge refuses conflicting trailer, changed inventory, or changed exception record (1.987458ms)
✔ waived merge refuses unauthorized body token before an exact terminal trailer (0.482042ms)
✔ waived merge refuses whitespace-prefixed conflicting trailer before an exact terminal trailer (0.39175ms)
✔ waived merge refuses whitespace-prefixed duplicate claim with authorized tokens (0.440125ms)
✔ verifies multi-issue squash attribution from exact inspected commit bytes (0.398208ms)
✔ external recovery accepts one canonical inspected attribution line (0.45775ms)
✔ external recovery accepts exact GitHub default merge attribution for the accepted head (0.376958ms)
✔ external recovery refuses inexact or non-merge default merge attribution evidence (0.85025ms)
✔ external recovery verifies an advanced observed local head against accepted authority (0.120709ms)
✔ external recovery keeps its exact input schema and authority equality checks (0.285709ms)
✔ external recovery rejects noncanonical inspected attribution lines (0.495083ms)
✔ #1619: verification failures expose distinct immutable-evidence predicates (0.343084ms)
ℹ tests 17
ℹ suites 0
ℹ pass 17
ℹ fail 0
ℹ cancelled 0
ℹ skipped 0
ℹ todo 0
ℹ duration_ms 19.700708
