✔ reserves intent before one POST and resumes exact confirmed transaction (3.196541ms)
✔ one operation cannot change intent or burn after consumption (1.944ms)
✔ unresolved receipt request is indeterminate and never posts again (1.916041ms)
✔ lost intent POST response permits exact readback but never a second POST (0.450375ms)
✔ unresolved intent request blocks all later POSTs and burn (0.362666ms)
✔ different operation cannot reserve an already owned original intent (0.381167ms)
✔ unrelated operation advances tip without changing the first burn OID (1.663416ms)
✔ a later exact receipt readback resolves the original pending request (2.12375ms)
✔ first burn refuses without a current authority and full verification port (0.351666ms)
✔ v3 readback refuses a divergent comment with the same intent and operation (0.202583ms)
✔ v4 readback refuses a divergent receipt for the same operation (1.087167ms)
✔ first burn rejects stale grant or failed non-waived verification without CAS (1.350792ms)
✔ completed operation still reconciles its exact intent beside the v4 receipt (1.990541ms)
ℹ tests 13
ℹ suites 0
ℹ pass 13
ℹ fail 0
ℹ cancelled 0
ℹ skipped 0
ℹ todo 0
ℹ duration_ms 21.332208
