
✅ DISCUSSION RESOLVED — #405 · implementation may commence
✔ hasDiscussMarker: bare token alone on a line → true (0.601375ms)
✔ hasDiscussMarker: whitespace-padded bare token → true (#479 AC1) (0.068375ms)
✔ hasDiscussMarker: inline prose mention → false (#479 AC2) (0.079167ms)
✔ hasDiscussMarker: backticked mention, even alone on a line → false (#479 AC3) (0.057792ms)
✔ hasDiscussMarker: prefixed / quoted lines → false (#479 AC4) (0.060083ms)
✔ hasDiscussMarker: trivial / no-bare-token bodies → false (#479 AC5) (0.056042ms)
✔ markDiscussed: strips the bare line-alone marker + stamps audit marker (0.286916ms)
✔ markDiscussed: leaves inline / prose / backticked mentions untouched (#479 AC6) (0.092375ms)
✔ markDiscussed: removes the whole bare-token line (no stray blank line) (0.075916ms)
✔ markDiscussed: idempotent on second call, single audit marker (0.118417ms)
✔ markDiscussed: a body with only inline mentions still stamps once, strips nothing (0.071083ms)
✔ markDiscussed: preserves invariant markers (1.288959ms)
✔ round-trip: a bare marker is detected, then resolved, then not detected (0.056583ms)
✔ finalizeDiscussion: scope splice + token consume in one write; prose mention survives (2.337958ms)
✔ finalizeDiscussion: rejects empty scope (0.244875ms)
✔ hasDiscussRequest: detects the durable request marker; disjoint from aitm-discussed (0.0635ms)
✔ hasDiscussedMarker: detects completion; disjoint from request (0.044458ms)
✔ isDiscussPending: token OR request marker while not yet discussed (0.062084ms)
✔ convergeDiscuss: strips token, ensures exactly one request marker (0.089417ms)
✔ convergeDiscuss: idempotent — byte-stable fixed point on re-run (0.058875ms)
✔ convergeDiscuss: collapses duplicate request markers to one (0.042208ms)
✔ convergeDiscuss: marker-only body keeps the marker, stays pending (0.459209ms)
✔ convergeDiscuss: already-discussed body is returned unchanged (0.079167ms)
✔ convergeDiscuss: no signal → unchanged (0.036875ms)
✔ markDiscussed: also strips the durable request marker on completion (0.048667ms)
✔ markDiscussed: converge → complete round-trip strips both carriers (0.04425ms)
✔ convergeDiscuss: preserves invariant markers (0.071625ms)
✔ template parity: user-request.yml hardcodes the token; task/bug do not (0.98475ms)
ℹ tests 28
ℹ suites 0
ℹ pass 28
ℹ fail 0
ℹ cancelled 0
ℹ skipped 0
ℹ todo 0
ℹ duration_ms 11.990542
