✔ AC1: epic with a `not planned` child and an unstruck AC is refused (1.236125ms)
✔ AC1: the refusal is keyed on the disposition, not on the child being closed at all (0.149125ms)
✔ AC2: the same epic passes once the AC is explicitly struck (1.089417ms)
✔ AC2: an AC that was delivered anyway also clears it (tick satisfies, no strike needed) (0.175458ms)
✔ AC3: an epic whose children all closed `completed` is unaffected (0.151458ms)
✔ AC3: a non-epic issue is never gated, even with a wontfixed child and a dangling AC (0.074708ms)
✔ AC3: an epic with no children at all passes (0.0775ms)
✔ AC4: merely unchecking an AC does not satisfy the gate (0.192875ms)
✔ AC4: a strike is recognized on an UNCHECKED box (a struck AC is not "done") (0.091417ms)
✔ AC4: parseAcStrike reads child/reason/ts, and tolerates a bare child form (0.246625ms)
✔ AC5: the refusal names the wontfixed child and every dangling AC (0.151792ms)
✔ normalizeCloseReason maps GitHub enum casing, and only for CLOSED issues (0.074166ms)
✔ the fetcher query selects stateReason and body, and carries recovery additively (1.101917ms)
✔ aitm-ac-struck is registered as an append-only invariant marker (2.240542ms)
✔ aitm-ac-struck is mirrored into the gh-edit-guard registry (0.202125ms)
✔ the guard is scoped to review→done and fails open on absent context (0.1185ms)
✔ the guard surfaces the gate refusal verbatim (0.126542ms)
✔ a children fetch failure is a refusal, not a silent pass (0.102917ms)
✔ the guard is registered on the review state exit chain, after the done-check (12.070167ms)
ℹ tests 19
ℹ suites 0
ℹ pass 19
ℹ fail 0
ℹ cancelled 0
ℹ skipped 0
ℹ todo 0
ℹ duration_ms 24.122667
