✔ findNextEligibleChild excludes a child whose blocker is not Done (0.726583ms)
✔ findNextEligibleChild prefers a child that blocks a sibling (blocking-first) (0.10425ms)
✔ findNextEligibleChild keeps rank-ascending tiebreak among equals (0.078875ms)
✔ findNextEligibleChild makes a child eligible once its blocker is Done (0.064ms)
✔ enrichChildrenWithBlockedBy attaches native dependency readiness per child (0.522042ms)
✔ enrichChildrenWithBlockedBy fails closed when evidence fetch fails (0.157042ms)
✔ wipAdvanceDecision: allows first child out of R4P (no active sibling) (0.091375ms)
✔ wipAdvanceDecision: refuses a second child while one already advances (0.06725ms)
✔ wipAdvanceDecision: dependencies do not bypass the sequential local budget (0.097875ms)
✔ wipAdvanceDecision: a blocked active sibling still consumes the local budget (0.119333ms)
✔ wipAdvanceDecision: Done siblings never count as advancing (0.069583ms)
✔ planRefineWipGate: solo issue (no parent) bypasses (0.128583ms)
✔ planRefineWipGate: refuses when an epic sibling already advances (404.658375ms)
✔ planRefineWipGate: fails closed when sibling fetch throws (0.218875ms)
✔ childCreationAllowedAtEpicState admits the R4P lifecycle state (0.092416ms)
✔ developEpicTestChildrenGate passes for non-epic (no children) (0.124458ms)
✔ developEpicTestChildrenGate refuses when any child is at backlog (0.284583ms)
✔ developEpicTestChildrenGate refuses when any child is at assigned (0.046208ms)
✔ developEpicTestChildrenGate refuses when any child is at refine (0.048292ms)
✔ developEpicTestChildrenGate refuses when any child is at plan (0.062916ms)
✔ developEpicTestChildrenGate refuses when any child is at develop (0.037792ms)
✔ developEpicTestChildrenGate refuses when any child is at test (0.060625ms)
✔ developEpicTestChildrenGate passes when every child is done (0.059416ms)
✔ developEpicTestChildrenGate refuses when every child is only at review (0.071375ms)
✔ developEpicTestChildrenGate refuses a mix of review and terminal children (0.090083ms)
✔ developEpicTestChildrenGate names every nonterminal offender, not just the first (0.114666ms)
✔ developEpicTestChildrenGate refuses mixed-case "REVIEW" (0.059792ms)
✔ developEpicTestChildrenGate surfaces fetch failure as blocker (0.0955ms)
✔ developEpicTestChildrenGate accepts mixed-case "DONE" (0.042833ms)
✔ developEpicTestChildrenGate requires cfg and issueNumber (0.292125ms)
ℹ tests 30
ℹ suites 0
ℹ pass 30
ℹ fail 0
ℹ cancelled 0
ℹ skipped 0
ℹ todo 0
ℹ duration_ms 412.146708
