✔ forecast-ready marker is canonical, replaceable during Plan, and readable by the exit gate (0.882ms)
✔ Plan authority converges Refine history, board Estimate/Size, body fields, and forecast read-back (1.628167ms)
✔ Plan authority rejects an off-grid forecast before its first write (0.665375ms)
✔ Plan authority rejects a legacy v1 forecast before its first write (0.241083ms)
✔ Plan authority publishes the normalized forecast Refine baseline (0.314084ms)
✔ concurrent Plan convergence claims the forecast generation and appends it once (11.431708ms)
✔ every interrupted seam replays convergently without duplicating the forecast (1.550417ms)
✔ already-converged replay performs no writes (0.26675ms)
✔ Develop or frozen forecasts reject supersession outside audited demote/replan (0.227875ms)
✔ conflicting non-superseded forecasts fail closed (0.162334ms)
✔ audited Plan re-entry may supersede exactly one prior active forecast (0.166167ms)
✔ adaptive execution refreshes rubric, builds forecast, creates an envelope, and converges authority (0.353458ms)
✔ legacy baseline adoption freezes only an exact matching Develop projection (0.43775ms)
✔ legacy baseline adoption refuses mismatches, existing evidence, or non-Develop state (0.245667ms)
ℹ tests 14
ℹ suites 0
ℹ pass 14
ℹ fail 0
ℹ cancelled 0
ℹ skipped 0
ℹ todo 0
ℹ duration_ms 21.722417
