▶ unitTestPath
  ✔ maps a lib source file to its unit test path (0.421625ms)
  ✔ maps a root-level source file (0.0725ms)
  ✔ maps a verb source file (0.061ms)
  ✔ returns null for a test file (no self-discovery) (0.053417ms)
  ✔ returns null for any path ending in .test.mjs (0.053875ms)
  ✔ two source files in different dirs with the same basename map to distinct tests (0.067542ms)
  ✔ maps a package-root module into the core bucket (0.061083ms)
✔ unitTestPath (1.413083ms)
▶ findUnitTests
  ✔ exposes source-to-test matches for explainable selector composition (0.916083ms)
  ✔ returns repo-root-relative paths for source files whose unit test exists (0.305167ms)
  ✔ silently skips source files whose unit test does not exist (0.26175ms)
  ✔ handles mixed present/absent cases (0.229625ms)
  ✔ ignores test files in the input list (0.232167ms)
  ✔ deduplicates when two source files map to the same test (0.369125ms)
  ✔ returns empty array for empty input (0.193292ms)
  ✔ resolves a subsystem-nested unit test by basename (#868 nesting-aware) (0.076375ms)
  ✔ prefers the complete source-relative canonical match over a basename collision (0.047917ms)
  ✔ rejects ambiguous basename fallback matches (0.04275ms)
✔ findUnitTests (2.923458ms)
▶ merge + dedup with direct test files
  ✔ direct test already in diff — discovered duplicate is suppressed (0.911875ms)
  ✔ discovered test not in direct diff — appended after direct changes (0.270167ms)
✔ merge + dedup with direct test files (1.248292ms)
ℹ tests 19
ℹ suites 3
ℹ pass 19
ℹ fail 0
ℹ cancelled 0
ℹ skipped 0
ℹ todo 0
ℹ duration_ms 58.515458
