✔ detectLinkedWorktree: git-dir under /worktrees/ → true; plain .git → false (0.674791ms)
✔ makeCloseTrunkRefResolver: worktree → origin/trunk, main → trunk, cfg.trunkRef wins (0.11525ms)
✔ resolveOpenPrNumber: parses the first open PR head match; null on none/error (0.358583ms)
✔ enableFullAutoMergeForClose: not full-auto → skipped, no gh calls (0.489625ms)
✔ enableFullAutoMergeForClose: missing PR never implies a local lane (0.209333ms)
✔ enableFullAutoMergeForClose: child delivery skips before inspecting the epic PR (0.102625ms)
✔ enableFullAutoMergeForClose: unknown lineage fails closed before PR discovery (0.114125ms)
✔ enableFullAutoMergeForClose: PR present + fullAutoMerge unconfigured → fail-closed (0.075667ms)
✔ fetchParentIssueStrict returns the live parent and propagates lookup failure (0.34325ms)
✔ close no longer imports or calls the legacy PR executor (0.61175ms)
✔ enableFullAutoMergeForClose: provider action refuses direct execution (0.111542ms)
✔ enableFullAutoMergeForClose: retired gh-auto-merge fails closed without merge execution (0.075917ms)
✔ enableFullAutoMergeForClose: local-trunk-lane authorized → local-lane (no gh merge) (0.06475ms)
✔ enableFullAutoMergeForClose: unauthorized local lane fails without PR discovery (0.053167ms)
✔ enableFullAutoMergeForClose: retired gh route is never reached (0.070709ms)
ℹ tests 15
ℹ suites 0
ℹ pass 15
ℹ fail 0
ℹ cancelled 0
ℹ skipped 0
ℹ todo 0
ℹ duration_ms 7.752084
