✔ equivalent legacy and directory contracts produce the same immutable core model (7.218208ms)
✔ normalized ACs preserve evidence declarations and the historic parser export (1.654292ms)
✔ normalized DoD items preserve evidence declarations for both source kinds (0.881084ms)
✔ evidence projections preserve equivalent logical evidence across source kinds (1.125458ms)
✔ evidence adapter resolves once, honors directory authority, and fails closed (1.463333ms)
✔ Functional DoD projections preserve canonical keys and unknown logical IDs (1.551ms)
✔ Functional DoD adapter resolves exactly once and propagates failures (0.343792ms)
✔ directory authority failures never fall back to a valid legacy body (1.261ms)
✔ normalized record output preserves stable ordering, state, references, and immutability (8.836083ms)
✔ legacy compatibility IDs and ordering are deterministic (0.224708ms)
✔ body-gate adapter makes equivalent legacy and directory VC decisions (2.336833ms)
✔ body-gate adapter resolves once and refuses directory failures without body fallback (1.92175ms)
ℹ tests 12
ℹ suites 0
ℹ pass 12
ℹ fail 0
ℹ cancelled 0
ℹ skipped 0
ℹ todo 0
ℹ duration_ms 32.760375
