▶ guard-parity: review→done
  ✔ accept fixture: skipped — see fixture _reason (0.855416ms)
  ✔ refuse fixture: markerPresentGate refuses missing dod-verified marker (0.477458ms)
✔ guard-parity: review→done (2.012084ms)
▶ guard-parity: backlog→refine via-state-objects
  ✔ accept fixture: state-object walk passes when Priority is set (2.61525ms)
  ✔ missing Priority does not block entry into active Refine (0.772209ms)
  ✔ parity: state-object refusal set equals registry refusal set (1.153667ms)
✔ guard-parity: backlog→refine via-state-objects (4.900667ms)
▶ guard-parity: refine→ready-for-plan via-state-objects
  ✔ refuse fixture: aggregate state-object refusals match library refusals (3.369417ms)
  ✔ parity: state-object refusal set equals registry refusal set (1.069125ms)
✔ guard-parity: refine→ready-for-plan via-state-objects (4.703542ms)
ℹ tests 7
ℹ suites 3
ℹ pass 7
ℹ fail 0
ℹ cancelled 0
ℹ skipped 0
ℹ todo 0
ℹ duration_ms 14.003708
