▶ guard-bootstrap: entry-field adapter registration
  ✔ the obsolete pre-refine Priority adapter is not registered (0.534542ms)
  ✔ planEntryFieldsBody and planEntryFieldsBoard are registered at refine.exit (0.101834ms)
  ✔ re-bootstrap is idempotent (0.060791ms)
✔ guard-bootstrap: entry-field adapter registration (1.449334ms)
▶ refineEntryFieldsPriority adapter
  ✔ refuses on missing Priority and joins blockers into reason (0.198542ms)
  ✔ passes on Priority present (0.095ms)
  ✔ refuses with a structured reason when ctx is malformed (0.110916ms)
✔ refineEntryFieldsPriority adapter (0.515166ms)
▶ planEntryFieldsBody adapter
  ✔ returns refinementPlan as derived data on success (0.585666ms)
  ✔ joins multiple blockers with "; " when underlying gate refuses (0.188208ms)
✔ planEntryFieldsBody adapter (0.9015ms)
▶ planEntryFieldsBoard adapter
  ✔ refuses on missing Rank and joins blockers (0.982458ms)
✔ planEntryFieldsBoard adapter (1.051292ms)
ℹ tests 9
ℹ suites 4
ℹ pass 9
ℹ fail 0
ℹ cancelled 0
ℹ skipped 0
ℹ todo 0
ℹ duration_ms 7.518541
