✔ Plan guards accept only their explicitly waived requirements (1.546083ms)
✔ deep-dive waiver retains the independent Pickup Directive gate (0.328458ms)
✔ Planned Estimate and forecast waivers remain independent (0.63725ms)
✔ adaptive Plan exit refuses when ready forecast drifted after approval freeze (0.409375ms)
✔ adaptive Plan exit refuses a ready forecast that was never frozen at approval (0.160917ms)
✔ v1 Plan projection requires one ready forecast matching board and body authority (0.213834ms)
✔ configured adaptive Plan refuses marker-free exit even when the legacy appendix is valid (0.09725ms)
✔ v1 Plan projection uses production raw-comment pagination when no reader is injected (5.086375ms)
✔ planApprovedGuard: body with marker → ok (0.11475ms)
✔ planApprovedGuard: missing marker, toState=develop → refuse (0.122291ms)
✔ planApprovedGuard: missing marker, toState=refine (rollback) → ok (0.077708ms)
✔ planApprovedGuard: missing marker, toState absent → falls through (refuse) (0.069667ms)
✔ planApprovedGuard: empty/undefined body → refuse (0.044375ms)
✔ planApprovedGuard follows documented automatic/manual session precedence (0.074875ms)
✔ planEpicChildrenGuard: toState=refine (rollback) → ok regardless of children (0.047292ms)
✔ planEpicChildrenGuard: missing cfg/issueNumber → fail-open (0.098292ms)
✔ planEpicChildrenGuard: solo issue (no children) → ok (0.108667ms)
✔ planEpicChildrenGuard: epic with all children at R4P → ok (0.340666ms)
✔ planEpicChildrenGuard: epic with backlog child → refuse (0.072083ms)
✔ planExitVcPresenceGuard: body with a parseable VC entry → ok (0.181959ms)
✔ planExitVcPresenceGuard: no VC section, toState=develop → refuse (0.0685ms)
✔ planExitVcPresenceGuard: VC heading present but no parseable entry → refuse (0.041333ms)
✔ planExitVcPresenceGuard: unchecked entry still passes (presence, not completion) (0.075375ms)
✔ planExitVcPresenceGuard: toState=refine (rollback) → ok regardless of body (0.043625ms)
✔ planExitVcPresenceGuard: undefined body → fail-open (0.037125ms)
✔ STATES.plan.exitGuards: includes plan-exit-vc-presence (0.039875ms)
✔ runGuards(plan,develop): no VC section → surfaces plan-exit-vc-presence refusal (9.941458ms)
✔ STATES.plan.exitGuards: includes plan-exit-plan-approved (0.075333ms)
✔ STATES.plan.exitGuards: includes plan-exit-epic-children-r4p-or-beyond (0.054125ms)
✔ STATES.plan.exitGuards: blockedBy runs before plan-exit guards (0.051334ms)
✔ runGuards(plan,develop): missing plan-approved marker → refusal (184.343208ms)
✔ runGuards(plan,refine): rollback bypasses plan-exit guards (0.337792ms)
✔ runGuards(plan,develop): marker present + solo issue → ok (5.122834ms)
ℹ tests 33
ℹ suites 0
ℹ pass 33
ℹ fail 0
ℹ cancelled 0
ℹ skipped 0
ℹ todo 0
ℹ duration_ms 213.49925
