✔ reviewExitReviewApprovedGuard: body with marker → ok (1.028625ms)
✔ reviewExitReviewApprovedGuard: missing marker, toState=done → refuse (0.191792ms)
✔ reviewExitReviewApprovedGuard: missing marker, toState=test (rollback) → ok (0.066542ms)
✔ reviewExitReviewApprovedGuard: empty body → refuse (0.057792ms)
✔ reviewExitCloseGatesGuard: toState=test (rollback) → ok regardless of body (0.094292ms)
✔ reviewExitCloseGatesGuard: missing cfg/issueNumber/body → fail-open (0.087041ms)
✔ reviewExitCloseGatesGuard: clean body + clean deps → ok (189.716084ms)
✔ reviewExitCloseGatesGuard: missing aitm-dod-verified marker → refuse (10.578166ms)
✔ reviewExitCloseGatesGuard: dirty overlap → refuse with close-dirty-touched blocker (10.730833ms)
✔ STATES.review.exitGuards: includes review-exit-review-approved (0.177042ms)
✔ STATES.review.exitGuards: includes review-exit-close-gates (0.081709ms)
✔ STATES.review.exitGuards: includes child-cannot-lead-epic-exit (0.05675ms)
✔ STATES.review.exitGuards: blockedBy runs before review-exit guards (0.087375ms)
✔ STATES.review.exitGuards: epic-children-done runs before close-gates (#877) (0.049708ms)
✔ runGuards(review,done): missing review-approved marker → refusal surfaces from registry (14.840333ms)
✔ runGuards(review,test): rollback bypasses review-exit-done guards (0.511625ms)
✔ runGuards(review,done): approved + clean deps → ok (11.42175ms)
✔ runGuards(review,done): no commits trail → dirtyCheckSkipped warn surfaces (0.512625ms)
ℹ tests 18
ℹ suites 0
ℹ pass 18
ℹ fail 0
ℹ cancelled 0
ℹ skipped 0
ℹ todo 0
ℹ duration_ms 243.417333
stub-gh: refused api graphql -f query=query { repository(owner: "owner", name: "name") { issue(number: 279) { parent { number body } subIssues(first: 100) { nodes { number title stateReason } } } } }
stub-gh: refused api graphql -f query=query { repository(owner: "owner", name: "name") { issue(number: 279) { parent { number body } subIssues(first: 100) { nodes { number title stateReason } } } } }
stub-gh: refused api graphql -f query=query { repository(owner: "owner", name: "name") { issue(number: 279) { parent { number body } subIssues(first: 100) { nodes { number title stateReason } } } } }
stub-gh: refused api graphql -f query=query { repository(owner: "owner", name: "name") { issue(number: 279) { parent { number body } subIssues(first: 100) { nodes { number title stateReason } } } } }
stub-gh: refused api graphql -f query=query { repository(owner: "owner", name: "name") { issue(number: 279) { parent { number body } subIssues(first: 100) { nodes { number title stateReason } } } } }
stub-gh: refused api graphql -f query=query { repository(owner: "owner", name: "name") { issue(number: 279) { parent { number body } subIssues(first: 100) { nodes { number title stateReason } } } } }
stub-gh: refused api graphql -f query=query { repository(owner: "owner", name: "name") { issue(number: 279) { parent { number body } subIssues(first: 100) { nodes { number title stateReason } } } } }
stub-gh: refused api graphql -f query=query { repository(owner: "owner", name: "name") { issue(number: 279) { parent { number body } subIssues(first: 100) { nodes { number title stateReason } } } } }
stub-gh: refused api graphql -f query=query { repository(owner: "owner", name: "name") { issue(number: 279) { parent { number body } subIssues(first: 100) { nodes { number title stateReason } } } } }
stub-gh: refused api graphql -f query=query { repository(owner: "owner", name: "name") { issue(number: 279) { parent { number body } subIssues(first: 100) { nodes { number title stateReason } } } } }
