✔ predicate flags a newly-introduced marker missing its sha (0.871667ms)
✔ predicate flags a newly-introduced marker missing its ts (0.093375ms)
✔ predicate flags a newly-introduced marker whose sha is neither hex nor sandbox (0.114541ms)
✔ predicate passes a well-formed short-sha marker (0.352541ms)
✔ predicate passes a well-formed full-sha marker (0.069459ms)
✔ predicate passes a sandbox-sentinel marker (0.061375ms)
✔ predicate ignores a marker carried through unchanged (only NEW markers checked) (0.067875ms)
✔ IncompleteProofError is the same class exported from both modules (0.05575ms)
✔ AC1 — flag-bearing stamp missing sha is rejected despite evidenceStamp:true (1.847791ms)
✔ AC2 — flag-bearing stamp missing ts is rejected (0.459916ms)
✔ AC3 — flag-bearing stamp with non-hex non-sandbox sha is rejected (0.138ms)
✔ AC4 — well-formed flag-bearing stamp (short sha) still passes (0.38925ms)
✔ AC4 — well-formed flag-bearing stamp (sandbox sentinel) still passes (0.125167ms)
ℹ tests 13
ℹ suites 0
ℹ pass 13
ℹ fail 0
ℹ cancelled 0
ℹ skipped 0
ℹ todo 0
ℹ duration_ms 8.922709
