✔ getHumanReviewer returns null when env unset or blank (0.56125ms)
✔ buildAuditCommentBody contains stable HTML marker and env-var name (0.208916ms)
✔ buildHumanReviewerMarker round-trips via HUMAN_REVIEWER_MARKER_RE (0.223875ms)
✔ HUMAN_REVIEWER_MARKER_RE still matches the legacy colon form (0.117916ms)
✔ Full-Auto path (env absent) posts audit comment with marker (0.452958ms)
✔ Full-Auto path is idempotent — does not duplicate audit comment (0.200209ms)
✔ Human-reviewer path (env set) stamps body marker, no comment (0.211333ms)
✔ Human-reviewer path is idempotent — does not double-stamp marker (0.0855ms)
✔ hasGenuineReviewApprovedMarker: true for non-full-auto marker, false for full-auto marker or absent (0.46ms)
▶ explicit review authority takes precedence over legacy reviewer environment detection
  ✔ genuine marker wins over a bypass context (0.183042ms)
  ✔ explicit bypass records Full-Auto even with a reviewer env (0.062583ms)
  ✔ human gate does not become Full-Auto when reviewer env is absent (0.096125ms)
✔ explicit review authority takes precedence over legacy reviewer environment detection (0.64225ms)
✔ explicit bypass audit names the bypass without claiming a reviewer signal was absent (0.173959ms)
✔ enforceFullAutoAudit rejects an unsupported explicit review authority (0.276333ms)
✔ resolveReviewAuthority accepts only the internal authority union (0.072375ms)
✔ body already carrying a genuine review-approved marker suppresses the Full-Auto audit even with env unset (0.098625ms)
✔ a full-auto-flagged review-approved marker does not suppress the audit (0.098416ms)
✔ Full-Auto path tolerates listComments throwing — posts comment anyway (0.095458ms)
✔ Full-Auto path returns error when postComment throws (0.098667ms)
ℹ tests 20
ℹ suites 0
ℹ pass 20
ℹ fail 0
ℹ cancelled 0
ℹ skipped 0
ℹ todo 0
ℹ duration_ms 8.453291
