✔ Incorporated authorization binds #1403 to its approved carrier-only ledger row (1.162834ms)
✔ Incorporated refuses any owner other than #1381 and any missing approved row (0.244209ms)
✔ PR #1404 is carrier evidence, never an ordinary delivery receipt (0.185458ms)
✔ malformed delivery claims prove conflict, not receipt absence (0.490209ms)
✔ an exact-head delivery receipt is positively detected and duplicate receipt history conflicts (4.873417ms)
✔ an exact-head receipt on a superseded intent is present and multiple exact receipts conflict (3.20525ms)
✔ a complete issue-local receipt on another PR is present, never filtered as absent (0.919375ms)
✔ missing accepted Review or Agent Review evidence refuses even when the carrier is merged (0.212875ms)
✔ missing current human or Full-Auto review standing refuses the accepted carrier SHA (0.228959ms)
✔ a closed issue needs a durable close transaction and COMPLETED reason (0.307084ms)
✔ legacy blocker carriers do not participate in Incorporated authorization (0.13475ms)
✔ first Incorporated close mutates in the governed order and creates no delivery receipt (7.370459ms)
✔ retry adopts the issue-local record and converges only missing terminal effects (4.150333ms)
✔ fully converged retry is a no-op (0.759416ms)
✔ durable checkpoints adopt completed live effects while running the uncheckpointed suffix (4.665583ms)
✔ partial and completed checkpoints preserve exact review authority for policy-free retries (0.605708ms)
✔ a durable transaction never overwrites contradictory terminal disposition (0.2515ms)
✔ a conflicting issue-local Incorporated record refuses before terminal mutation (0.127666ms)
✔ an orphan close checkpoint refuses before appending an Incorporated record (0.116834ms)
✔ invalid, discarded, pending, or retained timing refuses before terminal writes (1.286125ms)
ℹ tests 20
ℹ suites 0
ℹ pass 20
ℹ fail 0
ℹ cancelled 0
ℹ skipped 0
ℹ todo 0
ℹ duration_ms 36.36975
