✔ lifecycleSatisfaction: all absent when labels absent (0.972417ms)
✔ lifecycleSatisfaction: ticked when checkbox is [x] (0.339042ms)
✔ lifecycleSatisfaction: audited when fullAutoApproved & passed-final-review missing (0.10225ms)
✔ lifecycleSatisfaction: optout when marker present and label missing (0.083333ms)
✔ lifecycleSatisfaction: ticked beats audited (0.083792ms)
✔ parseLifecycleOptouts: parses multiple keys, lowercases (0.063167ms)
✔ assertLifecycleSatisfied: required + passed-final-review missing → block (0.307625ms)
✔ assertLifecycleSatisfied: only close-owned keys missing → pass (0.484334ms)
✔ #982 canonical satisfaction reads review and housekeeping as one logical set (0.151209ms)
✔ assertLifecycleSatisfied: required + all ticked → pass (0.110792ms)
✔ assertLifecycleSatisfied: required=false never blocks (0.094333ms)
✔ assertLifecycleSatisfied: audit marker satisfies passed-final-review only (0.085875ms)
✔ assertLifecycleSatisfied: opt-outs unblock per key (0.057125ms)
ℹ tests 13
ℹ suites 0
ℹ pass 13
ℹ fail 0
ℹ cancelled 0
ℹ skipped 0
ℹ todo 0
ℹ duration_ms 6.53
