✔ task-owner exposes issue, project, and session scopes (0.864958ms)
✔ background-convergence exposes only issue and project scopes (0.078042ms)
✔ task-owner preserves the exact legacy tail (0.108667ms)
✔ background convergence excludes every session effect (0.076625ms)
✔ task-owner is the default profile (0.10075ms)
✔ every falsy profile except undefined fails closed (0.3305ms)
✔ non-string profiles fail closed even when string coercion names a known profile (0.081875ms)
✔ unknown profiles fail closed (0.077167ms)
✔ moveState refuses an unknown profile before any saga effect (0.397ms)
✔ moveState refuses an unsupported review authority before any saga effect (0.177625ms)
✔ runMoveStateHost refuses an unknown profile before argv policy (19.656167ms)
✔ runMoveStateHost refuses an unsupported review authority before argv policy (45.0555ms)
✔ runMoveStateInProcess forwards typed profile and review authority without argv flags (0.592458ms)
✔ runMoveStateInProcess preserves task-owner and null authority defaults (0.201125ms)
ℹ tests 14
ℹ suites 0
ℹ pass 14
ℹ fail 0
ℹ cancelled 0
ℹ skipped 0
ℹ todo 0
ℹ duration_ms 81.165958
