▶ natCommentRequired — diff-aware predicate (#940)
  ✔ docs-only + code-touching diff → required (0.898708ms)
  ✔ docs-only + provably docs-only diff → skipped (0.133125ms)
  ✔ docs-only + empty diff → required (default-deny) (0.065375ms)
  ✔ docs-only + undefined diff → required (default-deny) (0.097583ms)
  ✔ code kind → required regardless of diff (kind-only fallback) (0.1795ms)
  ✔ no-commit kind (spike) → not required regardless of diff (0.075875ms)
  ✔ valid no-new-tests declaration → not required (honest #944 escape) (0.224125ms)
  ✔ docs-only + no-new-tests declaration → not required (escape wins) (0.1005ms)
✔ natCommentRequired — diff-aware predicate (#940) (2.619375ms)
▶ buildReviewContext threads changedPaths (#940)
  ✔ normalizes an array changed-path set onto the context (0.890625ms)
  ✔ missing changedPaths defaults to [] (default-deny) (0.605042ms)
  ✔ non-array changedPaths coerces to [] (0.107458ms)
✔ buildReviewContext threads changedPaths (#940) (1.748834ms)
▶ required-comments consumes context.changedPaths (#940)
  ✔ docs-only + code diff → NAT comment required (failure reported) (0.950375ms)
  ✔ docs-only + docs-only diff → NAT requirement skipped (no failure) (0.136041ms)
  ✔ docs-only + missing diff → required (default-deny) (0.306792ms)
  ✔ code kind → required regardless of diff (0.076833ms)
  ✔ threads end-to-end: buildReviewContext output drives the validator (0.118417ms)
✔ required-comments consumes context.changedPaths (#940) (1.715167ms)
ℹ tests 16
ℹ suites 3
ℹ pass 16
ℹ fail 0
ℹ cancelled 0
ℹ skipped 0
ℹ todo 0
ℹ duration_ms 10.001708
