▶ planExitPlanMetadataGuard (#892)
  ✔ refuses a missing Plan Metadata heading (0.640583ms)
  ✔ refuses an empty Plan Metadata section (0.228834ms)
  ✔ refuses comment-only and prose-only content (0.150292ms)
  ✔ refuses nested headings even when a preceding field is substantive (0.072292ms)
  ✔ accepts a substantive flat planning field (0.437ms)
  ✔ refuses provenance-only fields that belong in Story Origin (0.109375ms)
  ✔ does not cross into the adjacent Pickup Directive section (0.190625ms)
  ✔ skips non-Develop transitions and fails open without a body (0.083917ms)
✔ planExitPlanMetadataGuard (#892) (2.606875ms)
▶ Plan state wiring (#892)
  ✔ registers the guard on Plan exit before VC presence (0.131708ms)
✔ Plan state wiring (#892) (0.225417ms)
ℹ tests 9
ℹ suites 2
ℹ pass 9
ℹ fail 0
ℹ cancelled 0
ℹ skipped 0
ℹ todo 0
ℹ duration_ms 6.984167
