✔ waived authority preserves the exact exception revision and evaluated scope (2.992083ms)
✔ ordinary approval remains satisfied and fingerprints the exact approval marker (0.889334ms)
✔ approval fingerprint uses the same fence-aware marker that passed parsing (0.336875ms)
✔ recordedAt requires canonical millisecond UTC form (0.217333ms)
✔ disabled approval gate is not represented as satisfied approval (0.121958ms)
✔ required approval without a marker or waiver fails closed (0.117416ms)
✔ completion requires matching Develop entry and move-complete transition identities (0.997792ms)
✔ writer creates and exactly reads back one immutable authority record (0.542416ms)
✔ writer reconciles an ambiguous create transport from one exact listed record (0.653667ms)
✔ writer fails closed when ambiguous transport finds no exact record (0.331584ms)
✔ writer fails closed when ambiguous transport finds duplicate exact records (0.293542ms)
✔ modern approval audits require the authority codec transition ID grammar (0.471667ms)
ℹ tests 12
ℹ suites 0
ℹ pass 12
ℹ fail 0
ℹ cancelled 0
ℹ skipped 0
ℹ todo 0
ℹ duration_ms 12.402625
