✔ refinement snapshot records and validates current scope, AC, fields, dependencies, labels, and provenance (19.359542ms)
✔ refinement snapshot fails closed when refinement inputs or labels become stale (4.836084ms)
✔ refinement snapshot schema 3 excludes legacy blocker carriers from authority (0.832417ms)
✔ the Refine success hook may remove transient rationale without invalidating the durable snapshot (1.670333ms)
✔ refinement snapshot refuses incomplete refinement evidence (1.560875ms)
✔ Refine exit guard requires a current snapshot and allows owner-optional R4P parking (11.159458ms)
✔ Refine exit guard refuses body snapshot fields that disagree with the live board (30.83475ms)
✔ Refine exit guard refuses a missing live Rank instead of coercing it to rank zero (0.714125ms)
✔ runRefine stamps the snapshot from the final body and exact live labels (246.974958ms)
✔ runRefine refuses R4P and later states before changing fields or body (0.920833ms)
✔ cancel-plan is the sole governed Plan to R4P one-edge action (0.156125ms)
✔ cancel-plan clears Plan-only artifacts while preserving refinement evidence and fields (3.746666ms)
✔ cancel-plan refuses a stale refinement snapshot before any mutation (0.309583ms)
✔ cancel-plan restores Refine fields after legitimate Plan re-estimation drift (0.715208ms)
✔ cancel-plan still refuses non-estimation refinement field drift (0.312166ms)
✔ cancel-plan refuses concurrent configured-project field drift before any artifact mutation (0.738542ms)
✔ cancel-plan refuses a missing live Rank instead of coercing it to rank zero (0.31775ms)
✔ cancel-plan remains a hub-only handler with no direct executable entrypoint (0.04675ms)
✔ cancel-plan restores original Plan artifacts without clobbering concurrent body edits (0.602042ms)
✔ cancel-plan reconciles a thrown mover and restores Plan artifacts when Status stayed Plan (1.120666ms)
✔ successful cancellation removes the old Planned Estimate appendix (0.646209ms)
✔ early Plan cancellation succeeds when no Planned Estimate appendix exists yet (0.840375ms)
✔ Plan cancellation succeeds when best-effort Refine estimate comment posting failed (0.501083ms)
✔ cancel-plan refuses before body mutation when Planned Estimate read-back is stale (26.462125ms)
✔ cancel-plan accepts a nonzero delegate when live Status reached R4P (1.509541ms)
✔ cancel-plan refuses every source except Plan without writing (0.397958ms)
ℹ tests 26
ℹ suites 0
ℹ pass 26
ℹ fail 0
ℹ cancelled 0
ℹ skipped 0
ℹ todo 0
ℹ duration_ms 489.132667
