All refine-estimate-comment tests defined.
✔ hasPlannedAppendix detects header (1.064833ms)
✔ buildPlannedAppendix records delta=0 explicitly (0.238708ms)
✔ buildPlannedAppendix records non-zero delta with sign (0.119ms)
✔ buildPlannedAppendix normalizes Refine and Plan estimates before calculating delta (0.111167ms)
✔ v1 upsert replaces the Plan projection while preserving immutable Refine values (0.39975ms)
✔ buildPlannedAppendix uses placeholder rationale when blank (0.061625ms)
✔ findRefineEstimateComment matches the issue-number marker (0.169333ms)
✔ findRefineEstimateComment returns null when no comment matches (0.076417ms)
✔ ensureRefineEstimateComment is the same as findRefineEstimateComment (0.087709ms)
✔ appendPlannedEstimate PATCHes the comment when no appendix is present (0.357084ms)
✔ appendPlannedEstimate is idempotent — duplicate when appendix already present (0.225417ms)
✔ appendPlannedEstimate returns no-refine-comment when missing (0.09ms)
✔ appendPlannedEstimate captures PATCH failure (0.238167ms)
✔ planPlannedEstimateGate refuses when comment missing (0.156834ms)
✔ planPlannedEstimateGate refuses when appendix missing (0.075375ms)
✔ planPlannedEstimateGate accepts when comment + appendix present (0.151667ms)
✔ buildPlannedAppendix rejects scalar planned/current (0.235625ms)
✔ buildPlannedAppendix rejects null and arrays (0.07625ms)
✔ buildPlannedAppendix rejects empty object with no size or estimate (0.049667ms)
✔ appendPlannedEstimate rejects scalar planned/current before any I/O (0.112583ms)
✔ appendPlannedEstimate rejects null planned (0.0555ms)
✔ appendPlannedEstimate still works with valid { size, estimate } objects (0.107208ms)
✔ planPlannedEstimateGate refuses an all-em-dash data row (0.171708ms)
✔ planPlannedEstimateGate captures listComments failure (0.063791ms)
✔ repopulateEmptyPlannedAppendix rebuilds an all-em-dash appendix in place (0.186792ms)
✔ repopulateEmptyPlannedAppendix leaves a non-empty appendix untouched (0.057ms)
✔ repopulateEmptyPlannedAppendix reports no-appendix when none present (0.050584ms)
✔ repopulateEmptyPlannedAppendix reports no-refine-comment when missing (0.052416ms)
ℹ tests 28
ℹ suites 0
ℹ pass 28
ℹ fail 0
ℹ cancelled 0
ℹ skipped 0
ℹ todo 0
ℹ duration_ms 9.416584
