✔ all fields + labels present, no children → ok (1.776416ms)
✔ missing rank → blocker names rank (0.3095ms)
✔ empty labels → blocker (0.100458ms)
✔ missing startTime → blocker (0.117375ms)
✔ #245 — epic whose child is in backlog now PASSES (child-not-at-refine check removed) (0.0955ms)
✔ #245 — kept checks still fire: missing rank yields refine-exit-missing even for an epic (0.114083ms)
✔ compound CLI command in AC marker → refine-exit-forbidden-command blocker (0.930333ms)
✔ missing Pickup Directive heading → refine-exit-pickup-directive-missing blocker (0.126917ms)
✔ Pickup Directive heading present → no pickup-directive blocker (0.123875ms)
✔ Pickup Directive heading only inside <details> → still blocked (0.173209ms)
✔ AC with a {tbd}-sentinel verifier → refine-exit-demonstrable names the malformed verifier, not "no verifier" (1.295417ms)
✔ waived AC alongside a bare code AC → only the bare code AC is flagged demonstrable (0.170167ms)
✔ multiple missing fields produces multiple blockers (0.065042ms)
ℹ tests 13
ℹ suites 0
ℹ pass 13
ℹ fail 0
ℹ cancelled 0
ℹ skipped 0
ℹ todo 0
ℹ duration_ms 8.935042
