✔ gate passes for a non-epic (no children) (0.8585ms)
✔ gate passes when every child is done (0.171125ms)
✔ gate refuses when a child is still at review (0.140084ms)
✔ gate refuses when any child is at backlog (0.09725ms)
✔ gate refuses when any child is at assigned (0.071416ms)
✔ gate refuses when any child is at refine (0.059875ms)
✔ gate refuses when any child is at plan (0.064292ms)
✔ gate refuses when any child is at develop (0.061083ms)
✔ gate refuses when any child is at test (0.067333ms)
✔ gate refuses when any child is at review (0.09975ms)
✔ gate accepts mixed-case "DONE" (0.097125ms)
✔ gate surfaces fetch failure as a blocker (0.132375ms)
✔ gate requires cfg and issueNumber (0.256125ms)
✔ guard exposes the expected id (0.044792ms)
✔ short-circuits when toState is not "done" (e.g. bounce-back to develop) (0.135833ms)
✔ short-circuits when ctx is missing cfg (0.062375ms)
✔ short-circuits when ctx is missing issueNumber (0.03675ms)
✔ passes when gate returns ok (0.045084ms)
✔ surfaces gate refusal with reason + blockers (0.056333ms)
✔ omitted toState (legacy call site) still invokes the gate (0.047833ms)
✔ defaults reason to the generic key when the gate omits blockers (0.046375ms)
ℹ tests 21
ℹ suites 0
ℹ pass 21
ℹ fail 0
ℹ cancelled 0
ℹ skipped 0
ℹ todo 0
ℹ duration_ms 6.598167
