✔ web tick preserves unadopted legacy behavior without evidence I/O (4.015875ms)
✔ hatch tick preserves unadopted legacy behavior without evidence I/O (0.399833ms)
✔ old generated tick preserves unadopted legacy behavior without evidence I/O (0.265958ms)
✔ unchecked legacy preserves unadopted legacy behavior without evidence I/O (0.215791ms)
✔ explicit current record always validates retained manifest and files despite accepted Test (1.749875ms)
✔ adopted policy unchecked narrative blocks without a current record (0.305083ms)
✔ adopted policy proofless checked narrative blocks without a current record (0.260125ms)
✔ unchecked explicit target validates its current record then blocks (0.36975ms)
✔ policy machine-bearing targets remain owned by the existing machine route (0.340916ms)
✔ readiness distinguishes wrong section (0.40075ms)
✔ readiness distinguishes verifier target pointer (0.234167ms)
✔ readiness distinguishes malformed pointer (0.274958ms)
✔ readiness distinguishes changed target bytes (0.261834ms)
✔ readiness distinguishes changed branch (0.22175ms)
✔ readiness distinguishes changed HEAD (0.205833ms)
✔ readiness distinguishes wrong comment author (0.227041ms)
✔ readiness distinguishes edited current comment (0.185ms)
✔ readiness distinguishes deleted current comment (0.245334ms)
✔ readiness distinguishes rate-limited read (0.21825ms)
✔ readiness distinguishes changed artifact bytes (0.323417ms)
✔ readiness distinguishes unavailable artifact reader (0.300041ms)
✔ readiness distinguishes non-bound checkout (0.379542ms)
✔ readiness distinguishes missing invokingDir (0.203041ms)
✔ directory lane returns before parser or any evidence read (0.721791ms)
✔ fenced and multiline-comment examples are inert even without root Scope (0.3755ms)
✔ guard preserves typed blocker args and remediation without accepted-Test bypass (0.313667ms)
✔ copying a current pointer to another checkbox refuses duplicate lineage (0.202167ms)
✔ unadopted legacy text has no new parser obligations (0.171625ms)
✔ adopted target must have one visible label across all live issue checkboxes (0.389375ms)
✔ record-retained manifest label must equal the current visible target label (0.662333ms)
✔ policy does not adopt phase-owned Agent Review Passed (0.171041ms)
✔ explicit reviewed pointer refuses phase-owned Agent Review Passed (0.140458ms)
✔ policy does not adopt phase-owned Final Review Passed (0.107542ms)
✔ explicit reviewed pointer refuses phase-owned Final Review Passed (0.107667ms)
✔ policy does not adopt phase-owned Passed final human review (0.11725ms)
✔ explicit reviewed pointer refuses phase-owned Passed final human review (0.124125ms)
✔ policy does not adopt phase-owned Story closed and moved to Done (0.132625ms)
✔ explicit reviewed pointer refuses phase-owned Story closed and moved to Done (0.124333ms)
✔ policy does not adopt phase-owned Timing data flushed to issue (0.100833ms)
✔ explicit reviewed pointer refuses phase-owned Timing data flushed to issue (0.1125ms)
✔ policy does not adopt phase-owned Deep dive complete (0.126459ms)
✔ explicit reviewed pointer refuses phase-owned Deep dive complete (0.130833ms)
✔ policy does not adopt phase-owned Discussion complete (0.128833ms)
✔ explicit reviewed pointer refuses phase-owned Discussion complete (0.120375ms)
✔ guard accepts the actual registry repo context field (0.166834ms)
✔ checked narrative mention of a verifier name still requires reviewed evidence (0.152291ms)
ℹ tests 46
ℹ suites 0
ℹ pass 46
ℹ fail 0
ℹ cancelled 0
ℹ skipped 0
ℹ todo 0
ℹ duration_ms 22.212416
