✔ initial record is installed after comment readback; equivalent checked request is fully validated no-op (9.55ms)
✔ uncheck retains pointer; validated recheck reuses its original record (2.1455ms)
✔ changed request refreshes checked target in one lineage with predecessor (2.332125ms)
✔ body failure preserves orphan and retry reconciles it before another create (2.701625ms)
✔ manifest mutation after comment creation refuses body write, even for checked no-op (0.626542ms)
✔ generic writes cannot fabricate/remove/move pointer, or bypass recheck with unverified hatch (1.192042ms)
✔ generic policy changes and malformed reviewed prefixes stay protected (0.193958ms)
✔ reviewed options reject all unsupported mixtures before I/O (0.159292ms)
✔ fresh unrelated edit survives; same-target concurrent successor refuses without a body write (1.030959ms)
✔ CAS retry rebases unrelated changes and repeats validation (1.100958ms)
✔ recording preflight refusals create no comment (0.656584ms)
✔ authority or comment changes after create refuse before write (1.360417ms)
✔ same-target content edit keeps pointer but requires a new validated record (1.463542ms)
✔ generic capability-shaped objects cannot authorize reviewed writes (0.1315ms)
✔ same-target successor observed during async fresh validation is not overwritten (0.449541ms)
✔ generic async mutation cannot bypass reviewed marker protection (0.11775ms)
✔ whitespace cannot bypass special-label exclusion; manifest uses exact visible label (0.121916ms)
✔ recording refuses phase-owned lifecycle and special-label targets before comments (0.497417ms)
✔ recording refuses copied lineage before creating a successor (0.571542ms)
ℹ tests 19
ℹ suites 0
ℹ pass 19
ℹ fail 0
ℹ cancelled 0
ℹ skipped 0
ℹ todo 0
ℹ duration_ms 31.062333
