✔ recording authority resolves the bound checkout, live owner and authenticated actor (6.751666ms)
✔ authority refuses foreign invocation (2.64075ms)
✔ authority refuses wrong bound issue (2.381584ms)
✔ authority refuses detached branch (1.557708ms)
✔ authority refuses branch drift (1.947834ms)
✔ authority refuses missing assignment (2.43325ms)
✔ authority refuses ambiguous assignment (2.139667ms)
✔ authority refuses actor mismatch (1.580042ms)
✔ authority refuses Review stage (2.314166ms)
✔ local evidence hashes original manifest bytes including final LF (3.390125ms)
✔ artifacts refuse escape (1.505958ms)
✔ artifacts refuse final symlink (2.015125ms)
✔ artifacts refuse intermediate symlink (1.691208ms)
✔ artifacts refuse directory (2.372458ms)
✔ artifacts refuse changed bytes (2.245708ms)
✔ artifacts refuse hardlink aliases (2.793916ms)
✔ artifacts refuse HEAD drift (1.457208ms)
✔ manifest bytes must agree with both disk and parsed manifest (2.564208ms)
✔ read-only evidence context and bound manifest remain available outside recording stages (1.88675ms)
✔ device-like FIFO is refused before opening (8.16725ms)
✔ oversized artifacts stop at the bounded read and refuse (14.877125ms)
✔ path replacement during descriptor read refuses (3.4385ms)
ℹ tests 22
ℹ suites 0
ℹ pass 22
ℹ fail 0
ℹ cancelled 0
ℹ skipped 0
ℹ todo 0
ℹ duration_ms 76.465334
