✔ npm test is covered only when unit and integration are green (1.146208ms)
✔ npm test is not covered when a required lane is red (0.154583ms)
✔ focused command coverage uses shell-aware argument tokenization (0.227917ms)
✔ focused command matching preserves whitespace inside quoted arguments (0.116667ms)
✔ Review + valid receipt covering standard lanes → reuse (2.054208ms)
✔ Review + sha-mismatch receipt → refuse, do not run (0.330083ms)
✔ Review + missing receipt → refuse, do not run (0.127791ms)
✔ Test + valid receipt covering standard lanes → reuse (0.375042ms)
✔ stamp reuse refuses when live Verification Commands changed (1.117042ms)
✔ Test + no covering receipt → run (0.11825ms)
✔ Develop + test:slow → refuse without treating it as Review (0.1265ms)
✔ Review refuses a receipt whose issue or canonical command identity is invalid (0.238417ms)
✔ Review refuses malformed and fingerprint-invalid receipts independently (0.221375ms)
✔ Review refuses uncovered lint and focused commands instead of executing them (0.078167ms)
✔ unknown live state refuses verifier execution (0.464583ms)
✔ Develop does not reuse a Test receipt (0.160625ms)
✔ Done refuses uncovered execution without suggesting an unavailable demotion (0.315208ms)
✔ skill and pickup docs no longer order Review-stage standard-lane reruns (2.540042ms)
ℹ tests 18
ℹ suites 0
ℹ pass 18
ℹ fail 0
ℹ cancelled 0
ℹ skipped 0
ℹ todo 0
ℹ duration_ms 14.925917
