✔ matrix refusal happens before resident or boundary effects (1.503708ms)
✔ self-target forward resumes residents before returning noop (0.162916ms)
✔ actions-only resumes residents and never requests a boundary (0.109542ms)
✔ a waived resident is terminal and distinct while forward progression continues (0.216167ms)
✔ ordinary forward completes residents before requesting one boundary (0.150375ms)
✔ reverse and bypass skip current residents (0.208ms)
✔ force carries skipped resident IDs without resolving them (0.139791ms)
✔ ordinary forward returns dormant for incomplete or damaged resident work (0.154625ms)
✔ source drift refuses before the legacy boundary (0.165167ms)
✔ legacy refusal results preserve every diagnostic field (0.246417ms)
✔ unknown boundary results fail closed and never enter target residents (0.129542ms)
✔ guard and transition consume one snapshot vintage inside the boundary lock (0.300375ms)
✔ boundary lock translates acquisition failure without rewriting callback provenance (0.439542ms)
✔ boundary lock exposes hold-time percentiles and applies a bounded p95 retry budget (0.110834ms)
✔ damage carry is written only after a clean gate and is the sole transition-context addition (0.221667ms)
✔ a crash after confirmed movement converges by resuming the durable target (0.161667ms)
ℹ tests 16
ℹ suites 0
ℹ pass 16
ℹ fail 0
ℹ cancelled 0
ℹ skipped 0
ℹ todo 0
ℹ duration_ms 9.710708
