✔ fresh Cursor converges after before-genesis (12.166125ms)
✔ fresh Cursor converges after after-genesis (6.740375ms)
✔ fresh Cursor converges after before-intent (1.527542ms)
✔ fresh Cursor converges after after-intent (1.350917ms)
✔ fresh Cursor converges after before-provider-submission (1.482417ms)
✔ fresh Cursor converges after after-provider-submission (1.200125ms)
✔ fresh Cursor converges after before-resolved (1.149083ms)
✔ fresh Cursor converges after after-resolved (1.197375ms)
✔ fresh Cursor converges after before-body-head-advance (2.304708ms)
✔ fresh Cursor converges after after-body-head-advance (1.102541ms)
✔ fresh Cursor converges after before-spill-write (4.454833ms)
✔ fresh Cursor converges after after-spill-write (4.5285ms)
✔ fresh runner converges after before-waiting (2.5665ms)
✔ fresh runner converges after after-waiting (2.123083ms)
✔ fresh runner converges after before-failed (4.903041ms)
✔ fresh runner converges after after-failed (1.70975ms)
✔ fresh Cursor converges after after-confirmed-move (1.274209ms)
✔ fresh Cursor converges after before-target-hydration (0.99825ms)
✔ fresh Cursor converges after before-first-target-action (0.926625ms)
ℹ tests 19
ℹ suites 0
ℹ pass 19
ℹ fail 0
ℹ cancelled 0
ℹ skipped 0
ℹ todo 0
ℹ duration_ms 62.597625
