✔ Review cursor preserves waived resident outcomes as a distinct terminal status (0.828083ms)
✔ movement intent is evidence-free, normalized, and immutable (0.257291ms)
✔ move context freezes the final snapshot and skipped-action audit (0.107291ms)
✔ confirmed movement selects the target from all five signals (0.211209ms)
✔ no single move-completion signal may be omitted (0.109917ms)
✔ marker-ahead-of-board is an incomplete move that must be replayed (0.058417ms)
✔ Status at target without the terminal sentinel remains incomplete (0.073583ms)
✔ sentinel post-condition contradiction is drift (0.061042ms)
✔ modern visit identity selects the marker transition ID and diagnoses missing commit provenance (0.186208ms)
✔ legacy visit identity uses state, visit suffix, and durable occurrence but not timestamp (0.131166ms)
✔ snapshot freshness is field-scoped and immutable (0.26125ms)
✔ provenance copies and deeply freezes details (0.071541ms)
✔ ledger codecs are canonical, strict, and preserve inline heads (0.859917ms)
✔ spill collection race retries once from the fresh body pointer (2.233458ms)
✔ current-attempt hydration follows at most three point-read links (0.908458ms)
✔ a still-current missing spill is an observation diagnostic, not a hydration throw (0.253292ms)
✔ offline hydration performs no GitHub operation (0.200833ms)
✔ spill-head comments round-trip independently of body pointers (0.099125ms)
ℹ tests 18
ℹ suites 0
ℹ pass 18
ℹ fail 0
ℹ cancelled 0
ℹ skipped 0
ℹ todo 0
ℹ duration_ms 10.648333
