✔ absent: waived=false gate=false r4p=false (1.603875ms)
✔ current: waived=false gate=false r4p=false (1.7625ms)
✔ legacy: waived=false gate=false r4p=false (0.27875ms)
✔ partial: waived=false gate=false r4p=false (0.112417ms)
✔ source: waived=false gate=false r4p=false (1.973916ms)
✔ story: waived=false gate=false r4p=false (5.219959ms)
✔ intent: waived=false gate=false r4p=false (3.952083ms)
✔ absent: waived=false gate=false r4p=true (0.357291ms)
✔ current: waived=false gate=false r4p=true (5.300042ms)
✔ legacy: waived=false gate=false r4p=true (0.463375ms)
✔ partial: waived=false gate=false r4p=true (1.007458ms)
✔ source: waived=false gate=false r4p=true (7.565459ms)
✔ story: waived=false gate=false r4p=true (2.58475ms)
✔ intent: waived=false gate=false r4p=true (0.366459ms)
✔ absent: waived=false gate=true r4p=false (0.114542ms)
✔ current: waived=false gate=true r4p=false (0.4825ms)
✔ legacy: waived=false gate=true r4p=false (0.084958ms)
✔ partial: waived=false gate=true r4p=false (0.056084ms)
✔ source: waived=false gate=true r4p=false (0.346542ms)
✔ story: waived=false gate=true r4p=false (6.037916ms)
✔ intent: waived=false gate=true r4p=false (7.338291ms)
✔ absent: waived=false gate=true r4p=true (0.413375ms)
✔ current: waived=false gate=true r4p=true (4.644125ms)
✔ legacy: waived=false gate=true r4p=true (0.49675ms)
✔ partial: waived=false gate=true r4p=true (1.231125ms)
✔ source: waived=false gate=true r4p=true (4.893083ms)
✔ story: waived=false gate=true r4p=true (3.187666ms)
✔ intent: waived=false gate=true r4p=true (0.367584ms)
✔ absent: waived=true gate=false r4p=false (0.04425ms)
✔ current: waived=true gate=false r4p=false (0.2485ms)
✔ legacy: waived=true gate=false r4p=false (0.092167ms)
✔ partial: waived=true gate=false r4p=false (0.157042ms)
✔ source: waived=true gate=false r4p=false (0.518833ms)
✔ story: waived=true gate=false r4p=false (0.415625ms)
✔ intent: waived=true gate=false r4p=false (0.251542ms)
✔ absent: waived=true gate=false r4p=true (0.046167ms)
✔ current: waived=true gate=false r4p=true (0.210875ms)
✔ legacy: waived=true gate=false r4p=true (0.046333ms)
✔ partial: waived=true gate=false r4p=true (0.032042ms)
✔ source: waived=true gate=false r4p=true (0.178166ms)
✔ story: waived=true gate=false r4p=true (0.166208ms)
✔ intent: waived=true gate=false r4p=true (0.478916ms)
✔ absent: waived=true gate=true r4p=false (0.047292ms)
✔ current: waived=true gate=true r4p=false (0.211583ms)
✔ legacy: waived=true gate=true r4p=false (0.035833ms)
✔ partial: waived=true gate=true r4p=false (0.035833ms)
✔ source: waived=true gate=true r4p=false (0.225875ms)
✔ story: waived=true gate=true r4p=false (0.212792ms)
✔ intent: waived=true gate=true r4p=false (0.252375ms)
✔ absent: waived=true gate=true r4p=true (0.030708ms)
✔ current: waived=true gate=true r4p=true (0.186416ms)
✔ legacy: waived=true gate=true r4p=true (0.030416ms)
✔ partial: waived=true gate=true r4p=true (0.04275ms)
✔ source: waived=true gate=true r4p=true (0.184708ms)
✔ story: waived=true gate=true r4p=true (0.187958ms)
✔ intent: waived=true gate=true r4p=true (0.178459ms)
✔ demotion exits before reading body or sources (0.593875ms)
✔ a malformed present approval cannot masquerade as an absent marker (0.073167ms)
✔ case-insensitive legacy and malformed approvals cannot bypass the binding guard (0.068875ms)
✔ invalid prose precedes intent reads and async resolver failures are repairable refusals (0.205834ms)
ℹ tests 60
ℹ suites 0
ℹ pass 60
ℹ fail 0
ℹ cancelled 0
ℹ skipped 0
ℹ todo 0
ℹ duration_ms 79.396833
