✔ exports the marker-authorized approval timing capabilities (0.659125ms)
✔ #1127 marker-authorized boundary is inserted at approval and deduplicated (21.129875ms)
✔ marker-authorized boundary ignores fenced approval lookalikes (0.42575ms)
✔ legacy colon approval marker remains valid reconciliation authority (0.158167ms)
✔ #1127 delayed close cannot inflate Review or published active totals (3.005083ms)
✔ legacy repair uses the last marker at approval, not a later close marker (0.841333ms)
✔ legacy repair preserves an explicit unavailable full marker at approval (0.558709ms)
✔ legacy repair treats an empty historical full-marker cell as unavailable (0.464416ms)
✔ post-close retry cannot duplicate the same authoritative approval event (0.733417ms)
✔ runApprove reconciles timing after first approval and on an already-approved retry (156.561209ms)
✔ runApprove refreshes stale Full-Auto approval carriers after lifecycle invalidation (105.12025ms)
✔ runApprove removes a legacy unbounded Full-Auto footnote during stale re-approval (119.3095ms)
ℹ tests 12
ℹ suites 0
ℹ pass 12
ℹ fail 0
ℹ cancelled 0
ℹ skipped 0
ℹ todo 0
ℹ duration_ms 418.176458
