#925 is already fully closed; no terminal writes were repeated.
Closed #925.
Closed #925.
Closed #925.
Closed #925.
Closed #925.
Closed #925.
Closed #925.
Closed #925.
Closed #925.
Closed #925.
Closed #925.
Closed #925.
Closed #925.
Closed #925.
Closed #925.
Closed #925.
Closed #925.
Closed #925.
Closed #925.
Closed #925.
Closed #925.
Closed #925.
✔ fully converged Delivered close retry is an exact read-only success (1.594625ms)
✔ completed disposition step refuses a conflicting live terminal disposition (0.321375ms)
✔ open Done recovery refuses a disposition that contradicts its completed step (0.156792ms)
✔ pending disposition step refuses a contradictory live terminal disposition (0.193416ms)
✔ partial Delivered close transaction exposes only its missing suffix (0.268208ms)
✔ malformed, duplicate, and contradictory Delivered close records fail closed (0.172708ms)
✔ Delivered close transaction marker round-trips exact canonical bytes (1.045ms)
✔ duplicate or malformed Delivered close markers refuse during read (0.372459ms)
✔ completed Delivered close retry performs no terminal mutation (12.741042ms)
✔ successful Delivered close persists a complete terminal transaction (30.884167ms)
✔ explicit restart audits a stale pre-terminal transaction before replacing and replaying it (31.225416ms)
✔ restart adopts an audit-backed replacement body after the body-write response was lost (22.619209ms)
✔ partial Delivered close runs only the missing terminal suffix (47.334916ms)
✔ Done-board open-issue retry resumes at issue close without replaying earlier steps (8.685458ms)
✔ closed Done retry resumes only labels and binding from durable issue step (5.407917ms)
✔ closed not-Done issue resumes its delivered-close transaction (17.0685ms)
✔ open Review partial retry rechecks lifecycle authority before a pending board effect (5.656208ms)
✔ pending Delivered disposition is adopted without overwriting it (9.440333ms)
✔ durable effects without checkpoints are observed and adopted before replay (30.128917ms)
✔ newer binding conflict survives a terminal close retry untouched (4.844292ms)
✔ stale pre-close binding residue resumes without refreshing close authority (9.247041ms)
✔ Done-state durable retry bypasses ordinary Review gates without force or renewed approval (10.411ms)
✔ disposition read outage after transaction discovery fails closed (3.847917ms)
✔ label cleanup failure leaves labels and binding transaction steps pending (8.607ms)
✔ markerless open Done close is adopted into a complete durable transaction (8.39975ms)
✔ receipt-gate injection does not implicitly bypass fresh verification (7.81625ms)
Closed #925.
Closed #925.
Closed #925.
Closed #925.
#925 is already fully closed; no terminal writes were repeated.
✔ lost transaction-checkpoint response is adopted without repeating durable effects (1334.822459ms)
ℹ tests 27
ℹ suites 0
ℹ pass 27
ℹ fail 0
ℹ cancelled 0
ℹ skipped 0
ℹ todo 0
ℹ duration_ms 1617.658291
[task-tracker] ⛔ Refusing to close #925: close-authority-drift: fresh Review-to-Done guards refused.
[task-tracker] ⛔ Refusing to finalize #925: a newer binding or occupancy claim supersedes the terminal cleanup authority (no-recovery-backed-replacement).
#925 terminal disposition could not be read after transaction discovery: project field unavailable
No convergence mutation was attempted; retry later.
[task-tracker] warn: failed to strip ToDo label on #925: label API unavailable
[task-tracker] ⛔ Refusing to close #925: close-delivery-receipt:fresh-input. Run `/task deliver` until a verified exact-head receipt exists, then retry.
[task-tracker] ⛔ Refusing to close #925: close-authority-drift: fresh Review-to-Done guards refused.
[task-tracker] ⛔ Refusing to close #925: close-authority-drift: fresh Review-to-Done guards refused.
[task-tracker] ⛔ Refusing to close #925: close-authority-drift: fresh Review-to-Done guards refused.
