Closed #1624.
#1624 is already fully closed; no terminal writes were repeated.
✔ production authority readers verify the owned audit report and live recovery issue (7.939625ms)
✔ sources audited no-commit and current delivery evidence before body replacement (9.555917ms)
✔ derives and verifies the protected-base integration topology before mutation (3.155417ms)
✔ refuses an integration head whose trunk parent is not reachable (0.729916ms)
✔ refuses when gate-resolved test authority differs from the accepted transaction (1.178542ms)
✔ refuses when a missing recorded worktree makes clean inspection unavailable (0.881333ms)
✔ refuses when a git inspection error makes clean inspection unavailable (0.995917ms)
✔ requires the fresh target body to remain epic with the recorded deliverable URL (2.509542ms)
✔ revalidates no-commit authority against the fresh versioned-mutation base (2.750083ms)
✔ reuses a durable correction record after interruption without a second comment (2.657417ms)
✔ resumes the durable replacement after board and issue transitions (2.812625ms)
✔ a completed correction retry is idempotent after binding ownership is gone (1.879042ms)
✔ a completed correction retry still requires exact replacement and current SHA authority (2.618458ms)
✔ a completed correction retry rejects a duplicate recovery identity (4.818416ms)
✔ the close verb replaces the audited transaction and resumes the unchanged saga (76.961625ms)
✔ false-delivery evidence permits outcome correction only for its replacement (2.864584ms)
ℹ tests 16
ℹ suites 0
ℹ pass 16
ℹ fail 0
ℹ cancelled 0
ℹ skipped 0
ℹ todo 0
ℹ duration_ms 128.93275
