coverage-check.test.mjs: defined
✔ toggleChecklistLine: not-found (2.091875ms)
✔ toggleChecklistLine: ambiguous (0.210792ms)
✔ toggleChecklistLine: toggles unchecked → checked, preserving markers (0.194917ms)
✔ toggleChecklistLine: toggles checked → unchecked (full-line label arg) (0.197833ms)
✔ toggleChecklistLines: folds mixed results (0.279916ms)
✔ parseCheckArgs: labels, labels-file, positional, hatch flag (0.478708ms)
✔ parseCheckArgs: trailing --label with no value is ignored (0.067542ms)
✔ classifyUnverifiedTick: eligible for a proofless AC tagged non-demonstrable (2.754208ms)
✔ classifyUnverifiedTick: refuses an undeclared AC (no verifier, no marker) (0.349834ms)
✔ classifyUnverifiedTick: refuses a Functional DoD item (0.357667ms)
✔ classifyUnverifiedTick: refuses a verifier-bearing AC (0.32275ms)
✔ formatUnverifiedHatchRefusal: names label and verifier (0.114833ms)
✔ formatUnverifiedHatchRefusal: falls back when no commands (0.058084ms)
✔ appendUnverifiedTickAudit: appends marker then is idempotent (0.114667ms)
✔ gateFunctionalDodTick: pass when no Functional section (0.054625ms)
✔ gateFunctionalDodTick: pass when label is not a DoD key (0.194084ms)
✔ gateFunctionalDodTick: pass when DoD item already checked (0.069541ms)
✔ gateFunctionalDodTick: refuse-derived for acs key (0.072ms)
✔ gateFunctionalDodTick: refuse-missing-evidence for unstamped stampable key (0.642958ms)
✔ gateEvidenceTick: DoD non-pass propagates through (0.303416ms)
✔ gateEvidenceTick: pass for a non-verifier AC (0.407125ms)
✔ gateEvidenceTick: pass when verifier AC already checked (0.50675ms)
✔ gateEvidenceTick: refuse-ac-evidence for unstamped verifier AC (0.246292ms)
ℹ tests 23
ℹ suites 0
ℹ pass 23
ℹ fail 0
ℹ cancelled 0
ℹ skipped 0
ℹ todo 0
ℹ duration_ms 15.909792
