coverage-evidence-markers.test.mjs: defined
✔ runEvidenceMarkers: audit clean body → status clean (1.605542ms)
✔ runEvidenceMarkers: audit issues body → status issues-found (0.700416ms)
✔ runEvidenceMarkers: defaults to audit mode when mode omitted (0.260666ms)
✔ runEvidenceMarkers: backfill changed body → writes via mutateBody (1.486ms)
✔ runEvidenceMarkers: backfill dry-run does not write (0.170833ms)
✔ runEvidenceMarkers: backfill with unchanged body skips write (0.145167ms)
✔ runEvidenceMarkers: backfill without mapping → ambiguous (0.10025ms)
✔ runEvidenceMarkers: unknown mode throws (0.388208ms)
✔ runEvidenceMarkers: throws without issueNumber (0.366708ms)
✔ runEvidenceMarkers: throws without cfg.repo (0.258667ms)
✔ verbEvidenceMarkers: no issue number → usage, exit 1 (0.348625ms)
✔ verbEvidenceMarkers: backfill without --map-file → exit 2 (0.137625ms)
missing-evidence: bare ac
missing-verification-command: npm test
stale-verification-command: npm run lint
evidence-markers: issues-found
✔ verbEvidenceMarkers: audit issues body prints audit, status issues-found (255.012625ms)
evidence-markers: clean
✔ verbEvidenceMarkers: audit clean body → exits normally (16.52625ms)
evidence-markers: dry-run
✔ verbEvidenceMarkers: backfill dry-run with map-file (16.246917ms)
missing-evidence: needs backfill
✔ verbEvidenceMarkers: backfill ambiguous → exit 3 (18.259292ms)
ℹ tests 16
ℹ suites 0
ℹ pass 16
ℹ fail 0
ℹ cancelled 0
ℹ skipped 0
ℹ todo 0
ℹ duration_ms 326.81325
Usage: /task evidence-markers <audit|backfill> #N [--map-file mappings.json] [--dry-run]
evidence-markers backfill requires --map-file <json>
ambiguous-evidence: needs backfill
