coverage-mirror-deep-dive.test.mjs: defined
{
  "status": "repaired"
}
✔ missing --from-comment → exit 2 (0.566333ms)
✔ --repair-placement needs no source comment and uses the active target (5.27025ms)
✔ repair and source-comment modes are mutually exclusive (0.174667ms)
✔ no target and no active binding → exit 2 (2.369417ms)
✔ target derived from active bind; unconfigured repo throws (1.784833ms)
✔ --from-comment= form + explicit #N → unconfigured repo throws (0.129666ms)
{
  "status": "mirrored",
  "commentId": "777",
  "url": "https://example/c/777"
}
✔ happy path: mirrors comment prose into the issue body, prints result (334.024041ms)
ℹ tests 7
ℹ suites 0
ℹ pass 7
ℹ fail 0
ℹ cancelled 0
ℹ skipped 0
ℹ todo 0
ℹ duration_ms 387.799917
mirror-deep-dive: --from-comment <id|url|#issuecomment-<id>> or --repair-placement is required
mirror-deep-dive: --repair-placement and --from-comment are mutually exclusive
mirror-deep-dive: no issue specified and no active binding — pass #N or /task start #N first
