coverage-plan-approve.test.mjs: defined
✔ runPlanApprove: throws without issueNumber (1.379583ms)
✔ runPlanApprove: throws without cfg (0.115625ms)
✔ runPlanApprove: not in plan state → wrong-state (0.183709ms)
✔ runPlanApprove: forbidden compound command in AC → forbidden-command (26.459166ms)
✔ runPlanApprove: both markers present → already-approved (no write) (102.462792ms)
✔ runPlanApprove: clean body → approved, mutate stamps both markers (132.651375ms)
✔ runPlanApprove: approval present, entry missing → re-stamped-entry (126.379ms)
✔ verbPlanApprove: no issue number → usage, exit 1 (0.407083ms)
✔ verbPlanApprove: TT_SKIP_NETWORK set → refuses, exit 1 (0.171125ms)
✔ verbPlanApprove: approved → stdout, no exit (23.960834ms)
✔ verbPlanApprove: already-approved → stdout, no exit (19.822792ms)
✔ verbPlanApprove: re-stamped-entry → stdout, no exit (20.332042ms)
✔ verbPlanApprove: repaired adaptive approval → stdout, no exit (22.55275ms)
✔ verbPlanApprove: missing adaptive forecast → stderr, exit 13 (20.505916ms)
✔ verbPlanApprove: wrong-state → stderr, exit 3 (26.103333ms)
✔ verbPlanApprove: forbidden-command → stderr, exit 12 (24.958625ms)
✔ verbPlanApprove: runPlanApprove throws → stderr, exit 1 (21.721833ms)
✔ verbPlanApprove: story binding refusal has stable diagnostics and nonzero exit (19.741792ms)
✔ verbPlanApprove: directory binding refusal has stable diagnostics and nonzero exit (24.60075ms)
✔ verbPlanApprove: persistence binding refusal has stable diagnostics and nonzero exit (28.391125ms)
✔ verbPlanApprove: fresh-directory binding refusal has stable diagnostics and nonzero exit (32.999667ms)
✔ verbPlanApprove: legacy binding repair reports renewal (21.897083ms)
ℹ tests 22
ℹ suites 0
ℹ pass 22
ℹ fail 0
ℹ cancelled 0
ℹ skipped 0
ℹ todo 0
ℹ duration_ms 707.944875
