✔ advanced local head refuses historical recovery without a prior intent (5.021167ms)
✔ advanced local head explicitly reconstructs a missing intent after proving historical delivery (11.888583ms)
▶ historical reconstruction and every retry enforce manual approval of the accepted historical SHA
  ✔ 0 records: missing approval (1.301417ms)
  ✔ 0 records: stale local-head approval (11.594084ms)
  ✔ 0 records: exact accepted-head approval (1.105125ms)
  ✔ 1 records: missing approval (2.380334ms)
  ✔ 1 records: stale local-head approval (3.597958ms)
  ✔ 1 records: exact accepted-head approval (5.628667ms)
  ✔ 2 records: missing approval (2.887709ms)
  ✔ 2 records: stale local-head approval (0.838208ms)
  ✔ 2 records: exact accepted-head approval (1.766625ms)
  ✔ 3 records: missing approval (0.78975ms)
  ✔ 3 records: stale local-head approval (1.115583ms)
  ✔ 3 records: exact accepted-head approval (1.466583ms)
✔ historical reconstruction and every retry enforce manual approval of the accepted historical SHA (40.1485ms)
✔ ordinary prior-intent historical recovery retains its existing manual-review behavior (2.713959ms)
✔ historical reconstruction retries a persisted 1-record prefix without duplicates (1.651709ms)
✔ historical reconstruction retries a persisted 2-record prefix without duplicates (2.998375ms)
✔ historical reconstruction retries a persisted 3-record prefix without duplicates (1.361042ms)
✔ historical reconstruction recovers a lost reconciliation POST response without duplicate records (1.239375ms)
▶ historical reconstruction retries require explicit authority and fresh provider/Git proof
  ✔ 1 records: missing flag (0.2295ms)
  ✔ 1 records: changed reason (0.239041ms)
  ✔ 1 records: placeholder reason (0.401ms)
  ✔ 1 records: changed declaration (0.237209ms)
  ✔ 1 records: unreachable merge (0.341209ms)
  ✔ 1 records: changed topology (0.179291ms)
  ✔ 1 records: changed live bytes (0.417875ms)
  ✔ 2 records: missing flag (0.261959ms)
  ✔ 2 records: changed reason (0.35275ms)
  ✔ 2 records: placeholder reason (0.823541ms)
  ✔ 2 records: changed declaration (0.326125ms)
  ✔ 2 records: unreachable merge (0.710333ms)
  ✔ 2 records: changed topology (0.471875ms)
  ✔ 2 records: changed live bytes (0.573625ms)
  ✔ 3 records: missing flag (0.342125ms)
  ✔ 3 records: changed reason (1.347792ms)
  ✔ 3 records: placeholder reason (1.821916ms)
  ✔ 3 records: changed declaration (0.520333ms)
  ✔ 3 records: unreachable merge (0.427208ms)
  ✔ 3 records: changed topology (0.556875ms)
  ✔ 3 records: changed live bytes (0.693333ms)
✔ historical reconstruction retries require explicit authority and fresh provider/Git proof (13.715125ms)
▶ historical reconstruction refuses missing, malformed, or mismatched v2 retry provenance
  ✔ missing (0.45775ms)
  ✔ malformed (0.459208ms)
  ✔ v1 only (0.306833ms)
  ✔ wrong origin (0.263958ms)
  ✔ wrong issue (0.259667ms)
  ✔ wrong repository (0.345792ms)
  ✔ wrong PR (0.308375ms)
  ✔ wrong accepted SHA (0.260042ms)
  ✔ wrong merge SHA (0.232875ms)
  ✔ wrong configured method (0.235333ms)
  ✔ wrong observed method (0.272333ms)
  ✔ wrong reason (0.646084ms)
  ✔ false divergence (0.371375ms)
✔ historical reconstruction refuses missing, malformed, or mismatched v2 retry provenance (5.813584ms)
✔ historical reconstruction refuses unmerged PR without any ledger writes (0.231875ms)
✔ historical reconstruction refuses unreachable merge without any ledger writes (0.237542ms)
✔ historical reconstruction refuses unattributable topology without any ledger writes (0.146416ms)
✔ historical reconstruction refuses declared method mismatch without any ledger writes (0.287209ms)
✔ historical reconstruction refuses missing flag without any ledger writes (0.376292ms)
✔ historical reconstruction refuses failed trunk fetch without any ledger writes (0.35275ms)
✔ historical reconstruction refuses provider method mismatch without any ledger writes (0.264208ms)
✔ historical reconstruction refuses invalid attribution without any ledger writes (0.321958ms)
✔ advanced local head refuses an external recovery intent (0.654667ms)
ℹ tests 65
ℹ suites 0
ℹ pass 65
ℹ fail 0
ℹ cancelled 0
ℹ skipped 0
ℹ todo 0
ℹ duration_ms 101.890541
