✔ first open-PR call posts one exact intent before emitting one action and exits 20 (36.78625ms)
✔ configured rebase refuses before durable intent or provider action output (0.973583ms)
✔ lost POST response reconciles the server-visible dedupe key without posting again (52.441334ms)
✔ same dedupe key with divergent authorized bytes fails closed (0.94625ms)
✔ same-head pending intent reruns live preflight and re-emits byte-identical JSON (5.650584ms)
✔ merged exact head is independently verified and receives one durable receipt (6.9595ms)
✔ merged verification rejects a missing merge SHA (3.14025ms)
✔ merged verification rejects the wrong recorded pre-merge head (1.9235ms)
✔ merged delivery refuses a test SHA disagreement without appending a receipt (1.035417ms)
✔ merged delivery refuses a review SHA disagreement without appending a receipt (0.928ms)
✔ merged verification rejects an exposed merge-method mismatch (4.97225ms)
✔ merged verification rejects a live-history merge-method mismatch (3.183334ms)
✔ merged verification rejects an indistinguishable live-history merge method (5.284875ms)
✔ ordinary delivery still requires live merge bytes to equal the prior authorization (8.759792ms)
✔ configured merge verifies an exact two-parent live-history shape (5.034917ms)
✔ merged verification rejects unknown branch disposition observations (11.892ms)
✔ merged verification fails closed when the authoritative trunk fetch fails (6.814833ms)
✔ merged verification rejects a merge result unreachable from fetched origin/trunk (2.377541ms)
✔ ordinary intent rejects a merge timestamp earlier than the server intent timestamp (2.4375ms)
✔ ambiguous provider outcome reconciles an open PR as the same action-required intent (2.431416ms)
✔ ambiguous provider outcome reconciles a merged PR from live state, not provider output (9.059416ms)
✔ repeated exact receipt re-verifies live PR and trunk without creating another comment (2.959334ms)
✔ advanced local head recovers one historical receipt from a prior durable intent (7.85975ms)
✔ advanced local head refuses historical recovery while the accepted PR is open (1.359959ms)
✔ advanced local head requires accepted Agent Review and standing approval (4.420917ms)
✔ advanced local head refuses wrong-SHA Test or Review evidence (5.702125ms)
✔ advanced local head enforces intent-time ordering and trunk reachability (2.726834ms)
✔ advanced local head rejects divergent prior intent repository bytes (1.805ms)
✔ advanced local head rejects divergent prior intent issue bytes (0.989791ms)
✔ advanced local head rejects divergent prior intent pull request bytes (0.811458ms)
✔ advanced local head rejects divergent prior intent base bytes (1.01375ms)
✔ advanced local head rejects divergent prior intent branch bytes (0.84425ms)
✔ advanced local head rejects divergent prior intent head bytes (7.248459ms)
✔ advanced local head rejects divergent prior intent method bytes (1.036959ms)
✔ advanced local head rejects divergent prior intent attribution bytes (0.918416ms)
✔ advanced local head rejects divergent prior intent title bytes (0.817459ms)
✔ advanced local head rejects divergent prior intent message bytes (1.143875ms)
✔ advanced local head refuses historical recovery when Full-Auto delivery is disabled (1.679333ms)
✔ advanced local head rejects duplicate and divergent historical receipts (3.456875ms)
✔ lost receipt POST response is reconciled from the single server-visible receipt (3.472125ms)
✔ conflicting receipts fail closed before any new comment is created (2.090875ms)
✔ already-merged external recovery appends an external intent and receipt without an action (1.244292ms)
✔ external recovery proves a configured squash from complete single-source history (1.128875ms)
✔ external recovery accepts exact legacy escaped attribution (6.102958ms)
▶ external recovery refuses altered legacy escaped attribution
  ✔ missing (1.196209ms)
  ✔ altered (0.321791ms)
  ✔ duplicated (0.318125ms)
  ✔ physical newlines (0.477125ms)
  ✔ altered title (0.653ms)
  ✔ non-squash (0.800583ms)
  ✔ multiple tokens (0.569167ms)
✔ external recovery refuses altered legacy escaped attribution (5.13625ms)
✔ external recovery refuses ambiguous one-parent rewritten history with missing method observation (0.354041ms)
✔ external recovery refuses ambiguous one-parent rewritten history with null method observation (0.249334ms)
✔ external recovery strictly rejects malformed provider merge-method evidence (0.4305ms)
✔ external recovery rejects a provider method observation that mismatches configuration (0.599291ms)
✔ external recovery structurally verifies a two-parent merge without provider method evidence (0.984041ms)
✔ ordinary prior-intent squash remains verifiable without provider method evidence (1.438458ms)
✔ external recovery records observed merge bytes instead of synthesizing provider bytes (3.426292ms)
✔ external recovery refuses empty-title observed commit bytes before writing (1.01ms)
✔ external recovery refuses control-character-title observed commit bytes before writing (0.534834ms)
✔ external recovery refuses control-character-message observed commit bytes before writing (0.629417ms)
✔ failed first external recovery writes nothing and a corrected retry succeeds (1.489041ms)
✔ external recovery derives required attribution from PR history when post-merge range is empty (1.295167ms)
✔ repeated external recovery re-verifies as already delivered without timestamp reclassification (7.722917ms)
✔ changed head requires fresh Test and review evidence then supersedes the prior intent (2.146042ms)
✔ child lineage returns an explicit non-provider result without provider or terminal effects (0.146667ms)
✔ unknown lineage fails closed instead of being classified as child delivery (0.173125ms)
✔ requested issue number never substitutes for a missing active binding (0.329625ms)
ℹ tests 69
ℹ suites 0
ℹ pass 69
ℹ fail 0
ℹ cancelled 0
ℹ skipped 0
ℹ todo 0
ℹ duration_ms 289.60925
