✔ runDemote hard-refuses with no --rework (from review) (1.224375ms)
✔ runDemote hard-refuses with no --rework (from test) (0.191041ms)
✔ runDemote treats a whitespace-only --rework as absent (0.180583ms)
✔ runDemote with a real --rework from a legal source demotes and threads the reason (2.730125ms)
✔ runDemote still refuses an illegal source even with --rework (0.300959ms)
✔ defaultRunMoveState appends --demote and --demote-reason when a reason is present (0.420917ms)
✔ defaultRunMoveState omits --demote-reason when the reason is blank (0.18ms)
✔ parseArgs extracts issue number and --rework in both forms (0.967583ms)
✔ #932 demote-strips-VC-evidence: uncheck + drop run-props, keep declaration (2.213666ms)
✔ #932 demote-preserves-protected: no invariant marker is lost (2.144666ms)
✔ #932 re-promote-restamps-new-sha: stripped item re-stamps against the new HEAD, not the old (0.300791ms)
✔ #932 demote-with-nothing-to-strip: a body with only declarations is a safe no-op (0.101125ms)
✔ #1557 compatibility repair accepts only the exact valid stranded provenance tuple (3.217041ms)
✔ #932 runDemote wires invalidateEvidence into the state-recording mutate and reports it (1.464709ms)
✔ #848 AC6: demote LEGAL_FROM/DEMOTE_TARGET unchanged by the park addition (0.066292ms)
ℹ tests 15
ℹ suites 0
ℹ pass 15
ℹ fail 0
ℹ cancelled 0
ℹ skipped 0
ℹ todo 0
ℹ duration_ms 26.515583
