✔ parseArgs extracts planned/current/rationale and strips trailing h (1.315125ms)
✔ parseArgs omits absent current keys and falls back to active issue (0.127375ms)
✔ parseArgs selects v1 evidence or explicit legacy compatibility mode (0.086666ms)
✔ runPlanEstimate delegates evidence-file execution to adaptive authority (0.155416ms)
✔ legacy planned flags require explicit compatibility mode (0.284041ms)
✔ resolveTargetIssue prefers explicit positional over active (0.05975ms)
✔ runPlanEstimate rejects missing target (0.091459ms)
✔ runPlanEstimate rejects missing cfg.repo (0.099875ms)
✔ runPlanEstimate rejects empty planned column (0.099917ms)
✔ runPlanEstimate appends with explicit current (no board read) (0.218916ms)
✔ compatibility Plan normalizes explicit Refine and Plan projections (0.282667ms)
✔ compatibility Plan normalizes a board-derived Refine projection (0.368709ms)
✔ compatibility Plan treats a null current projection as board-derived (0.231375ms)
✔ runPlanEstimate sources current from the board when --current-* omitted (0.120167ms)
✔ runPlanEstimate mirrors planned when board read is empty (0.090583ms)
✔ runPlanEstimate mirrors planned when board read throws (0.123083ms)
✔ runPlanEstimate skips board read when projectId is absent (0.073583ms)
✔ runPlanEstimate heals an empty appendix via repopulate on duplicate (0.071959ms)
✔ runPlanEstimate surfaces no-refine-comment from append (0.0505ms)
✔ plan-estimate is registered in the command catalog (0.101583ms)
ℹ tests 20
ℹ suites 0
ℹ pass 20
ℹ fail 0
ℹ cancelled 0
ℹ skipped 0
ℹ todo 0
ℹ duration_ms 10.93775
