✔ runPullNext refuses when epic is not in develop (1.378291ms)
✔ pull-next live-state reads use the exact configured-project snapshot (0.152375ms)
✔ runPullNext returns no-children for epic with no sub-issues (0.157334ms)
✔ runPullNext returns no-eligible when no R4P children exist (4.404ms)
✔ runPullNext promotes lowest-rank R4P child (4.230375ms)
✔ #1260 pulled epic child names the bound epic integration branch (0.294959ms)
✔ #1260 solo-story planning guidance remains current trunk (0.168666ms)
✔ #1260 missing epic branch authority fails closed to generic epic guidance (3.631458ms)
✔ #1260 default epic branch resolver reads the already-bound project directory (0.245167ms)
✔ runPullNext refuses false success when the selected child did not reach Plan (0.223375ms)
✔ runPullNext delegates the selected child through the real promote bind seam (#1114) (89.807459ms)
✔ selected-child promotion reuses its held lock instead of entering the locking verb wrapper (0.206ms)
✔ direct promote remains fail-closed on a mismatched bind (#1114) (0.278ms)
✔ runPullNext skips a child whose external native dependency is not Done (1.98325ms)
✔ runPullNext selects a child when its external native dependency is Done (1.896833ms)
✔ runPullNext audits the epic before child selection (#758) (1.7435ms)
✔ runPullNext refuses ambiguous epic audit drift (0.099458ms)
✔ runPullNext refuses every pull when any child descriptor is incomplete (0.076958ms)
✔ runPullNext holds shared parent authority across selection and promotion (1.877ms)
✔ runPullNext does not audit when the epic is not in develop (#758) (0.169167ms)
✔ runPullNext requires epicNumber and cfg (0.145583ms)
✔ runPullNext surfaces fetch failures (0.130125ms)
ℹ tests 22
ℹ suites 0
ℹ pass 22
ℹ fail 0
ℹ cancelled 0
ℹ skipped 0
ℹ todo 0
ℹ duration_ms 118.079375
