✔ reconcile accept-live: drifted issue writes new state + reconciled audit marker (3.721917ms)
✔ reconcile accept-live: test → develop invalidates stale demotion proof and reports it (#1037) (1.313917ms)
✔ reconcile accept-live: review → develop invalidates stale demotion proof and reports it (#1037) (0.238958ms)
✔ reconcile accept-live preserves execution proof for forward drift (#1037) (0.188ms)
✔ reconcile accept-live preserves execution proof for unrelated rollback (#1037) (0.144958ms)
✔ reconcile accept-live stamps aitm-entered-<live> when absent (#174) (0.412333ms)
✔ reconcile accept-live is idempotent for entry marker (#174) (0.352ms)
✔ reconcile accept-live: legacy Assigned status stamps canonical R4P evidence (#436, #1211) (0.375416ms)
✔ reconcile revert-to-recorded: recorded BEHIND live refuses forward-only, names accept-live (#740) (0.128167ms)
✔ reconcile: no drift refused (84.151916ms)
✔ reconcile: missing mode returns error (0.265875ms)
✔ reconcile: unknown mode returns error (0.149292ms)
✔ reconcile revert-to-recorded: no recorded state → error (0.1ms)
✔ reconcile accept-live: no live state → error (0.079375ms)
✔ reconcile accept-live: preserves forward markers as history + adds visit marker (#181) (0.285625ms)
✔ reconcile revert-to-recorded: does NOT strip future entry markers (0.130875ms)
✔ reconcile revert: transition-failed when move-state exits non-zero (0.05825ms)
ℹ tests 17
ℹ suites 0
ℹ pass 17
ℹ fail 0
ℹ cancelled 0
ℹ skipped 0
ℹ todo 0
ℹ duration_ms 99.94075
