✔ Review installs the agent-validation resident action by direct reference (1.049583ms)
✔ fresh Agent Review Passed evidence completes the current Review visit (1.309958ms)
✔ an objection persists failed evidence and returns failed without a board move (2.300083ms)
✔ resident semantic review reloads policy only for missing waivable planning sections (0.634333ms)
✔ a current semantic-review waiver returns waived without running validators or mutations (0.299ms)
✔ waived semantic review emits a truthful durable timeline row (1.538583ms)
✔ waived semantic review retires the active failure carrier without stamping pass evidence (0.502041ms)
✔ verify revalidates a durable waiver and treats revocation as incomplete (0.347584ms)
✔ verify re-runs a durable waiver whose terminal row lacks exact-head authority (0.233166ms)
✔ verify pauses when Review comments are unreadable or no reader exists (0.212583ms)
✔ waived semantic review refuses unusable authority before clearing a failure carrier (0.301625ms)
✔ waived semantic review requires the failure-retirement capability before posting (0.088667ms)
✔ waived semantic review preserves the failure carrier when the terminal row is only queued (0.129584ms)
✔ waived semantic review preserves the failure carrier when posted evidence fails readback (0.141625ms)
✔ verify re-runs a durable waiver when a stale failure carrier still needs retirement (0.102166ms)
✔ Review entry is forward while an in-Review retry is actions-only (0.140625ms)
✔ an in-Review retry executes only the Cursor actions-only trigger (0.08475ms)
✔ Review classifies resident and boundary Cursor outcomes without swallowing failures (0.0895ms)
✔ Review reports waived semantic work without claiming verification passed (0.106292ms)
✔ resume, switch, and the dispatcher carry the Review resident wake (0.646709ms)
✔ #1488: verbStart delegates to verbResume and does not re-issue the Review wake (3.494167ms)
✔ #1488: the wake decision exempts the start verb and no other (0.360375ms)
✔ #1488: resume and rebind still wake Review residents (0.29175ms)
✔ a passing Review probe continues into actions-only resident execution (0.204125ms)
✔ a gate objection performs NO board move — the issue stays in Review (0.334583ms)
✔ the failure timeline is exactly: stamp the marker, then post review:failed (0.136375ms)
✔ the review:failed row says the issue stays in Review, not that it reverted (0.097083ms)
✔ the marker stamp is best-effort — a mutate throw does not lose the row (0.1595ms)
✔ the failure path never passes --demote to anything (0.116583ms)
✔ verbReview delegates the authoritative Test → Review move and gate to the Cursor (0.161959ms)
✔ there is exactly ONE authoritative move-to-review call site (0.055583ms)
✔ emitReviewGateFailureTimeline no longer destructures runMoveState (0.107208ms)
✔ the operator is told to fix in place and re-run, not to fix in Develop (0.06375ms)
✔ the resident action consumes the Cursor-hydrated body and comments snapshot (0.130708ms)
✔ both gate outcome paths derive their write from the post-move body (0.092458ms)
ℹ tests 35
ℹ suites 0
ℹ pass 35
ℹ fail 0
ℹ cancelled 0
ℹ skipped 0
ℹ todo 0
ℹ duration_ms 28.956667
