2026-10-09T00:38:52.1751918Z Current runner version: '2.337.0'
2026-10-09T00:38:52.1776620Z ##[group]Runner Image Provisioner
2026-10-09T00:38:52.1777546Z Hosted Compute Agent
2026-10-09T00:38:52.1778199Z Version: 20261002.596
2026-10-09T00:38:52.1778822Z Commit: c3d12f3313a95f25162a1503be624f3b0617f8c0
2026-10-09T00:38:52.1779629Z Build Date: 2026-10-02T22:28:27Z
2026-10-09T00:38:52.1780361Z Worker ID: {1d0465fa-ad7f-4798-8e9f-62b15944b887}
2026-10-09T00:38:52.1781146Z Region: westus
2026-10-09T00:38:52.1781819Z Cloud: Azure
2026-10-09T00:38:52.1782359Z ##[endgroup]
2026-10-09T00:38:52.1783945Z ##[group]Operating System
2026-10-09T00:38:52.1784627Z Ubuntu
2026-10-09T00:38:52.1785202Z 24.04.5
2026-10-09T00:38:52.1785919Z LTS
2026-10-09T00:38:52.1786453Z ##[endgroup]
2026-10-09T00:38:52.1787065Z ##[group]Runner Image
2026-10-09T00:38:52.1787701Z Image: ubuntu-24.04
2026-10-09T00:38:52.1788241Z Version: 20261004.327.1
2026-10-09T00:38:52.1789605Z Included Software: https://github.com/actions/runner-images/blob/ubuntu24/20261004.327/images/ubuntu/Ubuntu2404-Readme.md
2026-10-09T00:38:52.1791219Z Image Release: https://github.com/actions/runner-images/releases/tag/ubuntu24%2F20261004.327
2026-10-09T00:38:52.1792209Z ##[endgroup]
2026-10-09T00:38:52.1793374Z ##[group]GITHUB_TOKEN Permissions
2026-10-09T00:38:52.1795208Z Contents: read
2026-10-09T00:38:52.1796165Z Metadata: read
2026-10-09T00:38:52.1796802Z ##[endgroup]
2026-10-09T00:38:52.1798826Z Secret source: Actions
2026-10-09T00:38:52.1799830Z Cache mode: write
2026-10-09T00:38:52.1800508Z Prepare workflow directory
2026-10-09T00:38:52.2384448Z Prepare all required actions
2026-10-09T00:38:52.2431577Z Getting action download info
2026-10-09T00:38:52.5830988Z Download action repository 'actions/checkout@v5' (SHA:fbc6f3992d24b796d5a048ff273f7fcc4a7b6c09)
2026-10-09T00:38:52.6713935Z Download action repository 'actions/setup-node@v5' (SHA:a0853c24544627f65ddf259abe73b1d18a591444)
2026-10-09T00:38:52.8562351Z Complete job name: npm 11.8.0 / Node 24 pack compatibility
2026-10-09T00:38:52.9281634Z ##[group]Run actions/checkout@v5
2026-10-09T00:38:52.9282512Z with:
2026-10-09T00:38:52.9282971Z   repository: kburson/ai-task-manager
2026-10-09T00:38:52.9287040Z   token: ***
2026-10-09T00:38:52.9287481Z   ssh-strict: true
2026-10-09T00:38:52.9287922Z   ssh-user: git
2026-10-09T00:38:52.9288366Z   persist-credentials: true
2026-10-09T00:38:52.9288850Z   clean: true
2026-10-09T00:38:52.9289294Z   sparse-checkout-cone-mode: true
2026-10-09T00:38:52.9289809Z   fetch-depth: 1
2026-10-09T00:38:52.9290235Z   fetch-tags: false
2026-10-09T00:38:52.9290670Z   show-progress: true
2026-10-09T00:38:52.9291110Z   lfs: false
2026-10-09T00:38:52.9291523Z   submodules: false
2026-10-09T00:38:52.9291990Z   set-safe-directory: true
2026-10-09T00:38:52.9292504Z   allow-unsafe-pr-checkout: false
2026-10-09T00:38:52.9293259Z env:
2026-10-09T00:38:52.9293790Z   AITM_SOURCE_HEAD: d843b191cb845a0a493f9c9d133202b8b293c9e5
2026-10-09T00:38:52.9294453Z   GIT_AUTHOR_NAME: kendrick burson
2026-10-09T00:38:52.9295033Z   GIT_AUTHOR_EMAIL: kpburson@pm.me
2026-10-09T00:38:52.9295587Z   GIT_COMMITTER_NAME: kendrick burson
2026-10-09T00:38:52.9296374Z   GIT_COMMITTER_EMAIL: kpburson@pm.me
2026-10-09T00:38:52.9296900Z ##[endgroup]
2026-10-09T00:38:53.0312690Z Syncing repository: kburson/ai-task-manager
2026-10-09T00:38:53.0314504Z ##[group]Getting Git version info
2026-10-09T00:38:53.0315379Z Working directory is '/home/runner/work/ai-task-manager/ai-task-manager'
2026-10-09T00:38:53.0316930Z [command]/usr/bin/git version
2026-10-09T00:38:53.0406258Z git version 2.55.0
2026-10-09T00:38:53.0429261Z ##[endgroup]
2026-10-09T00:38:53.0446637Z Temporarily overriding HOME='/home/runner/work/_temp/f3e3c3b9-bf59-4c08-b43a-519dda6f2386' before making global git config changes
2026-10-09T00:38:53.0449114Z Adding repository directory to the temporary git global config as a safe directory
2026-10-09T00:38:53.0453686Z [command]/usr/bin/git config --global --add safe.directory /home/runner/work/ai-task-manager/ai-task-manager
2026-10-09T00:38:53.0511824Z Deleting the contents of '/home/runner/work/ai-task-manager/ai-task-manager'
2026-10-09T00:38:53.0515966Z ##[group]Initializing the repository
2026-10-09T00:38:53.0521462Z [command]/usr/bin/git init /home/runner/work/ai-task-manager/ai-task-manager
2026-10-09T00:38:53.0650079Z hint: Using 'master' as the name for the initial branch. This default branch name
2026-10-09T00:38:53.0651858Z hint: will change to "main" in Git 3.0. To configure the initial branch name
2026-10-09T00:38:53.0653484Z hint: to use in all of your new repositories, which will suppress this warning,
2026-10-09T00:38:53.0654739Z hint: call:
2026-10-09T00:38:53.0655422Z hint:
2026-10-09T00:38:53.0656557Z hint: 	git config --global init.defaultBranch <name>
2026-10-09T00:38:53.0657667Z hint:
2026-10-09T00:38:53.0658663Z hint: Names commonly chosen instead of 'master' are 'main', 'trunk' and
2026-10-09T00:38:53.0660327Z hint: 'development'. The just-created branch can be renamed via this command:
2026-10-09T00:38:53.0661636Z hint:
2026-10-09T00:38:53.0662452Z hint: 	git branch -m <name>
2026-10-09T00:38:53.0663343Z hint:
2026-10-09T00:38:53.0664495Z hint: Disable this message with "git config set advice.defaultBranchName false"
2026-10-09T00:38:53.0666479Z Initialized empty Git repository in /home/runner/work/ai-task-manager/ai-task-manager/.git/
2026-10-09T00:38:53.0679653Z [command]/usr/bin/git remote add origin https://github.com/kburson/ai-task-manager
2026-10-09T00:38:53.0726857Z ##[endgroup]
2026-10-09T00:38:53.0728132Z ##[group]Disabling automatic garbage collection
2026-10-09T00:38:53.0731430Z [command]/usr/bin/git config --local gc.auto 0
2026-10-09T00:38:53.0765377Z ##[endgroup]
2026-10-09T00:38:53.0766855Z ##[group]Setting up auth
2026-10-09T00:38:53.0773755Z [command]/usr/bin/git config --local --name-only --get-regexp core\.sshCommand
2026-10-09T00:38:53.0813504Z [command]/usr/bin/git submodule foreach --recursive sh -c "git config --local --name-only --get-regexp 'core\.sshCommand' && git config --local --unset-all 'core.sshCommand' || :"
2026-10-09T00:38:53.1219944Z [command]/usr/bin/git config --local --name-only --get-regexp http\.https\:\/\/github\.com\/\.extraheader
2026-10-09T00:38:53.1269504Z [command]/usr/bin/git submodule foreach --recursive sh -c "git config --local --name-only --get-regexp 'http\.https\:\/\/github\.com\/\.extraheader' && git config --local --unset-all 'http.https://github.com/.extraheader' || :"
2026-10-09T00:38:53.1503682Z [command]/usr/bin/git config --local --name-only --get-regexp ^includeIf\.gitdir:
2026-10-09T00:38:53.1542609Z [command]/usr/bin/git submodule foreach --recursive git config --local --show-origin --name-only --get-regexp remote.origin.url
2026-10-09T00:38:53.1772663Z [command]/usr/bin/git config --local http.https://github.com/.extraheader AUTHORIZATION: basic ***
2026-10-09T00:38:53.1814534Z ##[endgroup]
2026-10-09T00:38:53.1815440Z ##[group]Fetching the repository
2026-10-09T00:38:53.1825621Z [command]/usr/bin/git -c protocol.version=2 fetch --no-tags --prune --no-recurse-submodules --depth=1 origin +3a6b08b802a2a3fa5fa5ebda127ac0a749eea2ce:refs/remotes/pull/1927/merge
2026-10-09T00:38:54.9041396Z From https://github.com/kburson/ai-task-manager
2026-10-09T00:38:54.9042554Z  * [new ref]         3a6b08b802a2a3fa5fa5ebda127ac0a749eea2ce -> pull/1927/merge
2026-10-09T00:38:54.9047245Z ##[endgroup]
2026-10-09T00:38:54.9048334Z ##[group]Determining the checkout info
2026-10-09T00:38:54.9050149Z ##[endgroup]
2026-10-09T00:38:54.9056665Z [command]/usr/bin/git sparse-checkout disable
2026-10-09T00:38:54.9115360Z [command]/usr/bin/git config --local --unset-all extensions.worktreeConfig
2026-10-09T00:38:54.9148783Z ##[group]Checking out the ref
2026-10-09T00:38:54.9152187Z [command]/usr/bin/git checkout --progress --force refs/remotes/pull/1927/merge
2026-10-09T00:38:55.2287292Z Note: switching to 'refs/remotes/pull/1927/merge'.
2026-10-09T00:38:55.2287994Z 
2026-10-09T00:38:55.2288940Z You are in 'detached HEAD' state. You can look around, make experimental
2026-10-09T00:38:55.2290342Z changes and commit them, and you can discard any commits you make in this
2026-10-09T00:38:55.2291953Z state without impacting any branches by switching back to a branch.
2026-10-09T00:38:55.2292698Z 
2026-10-09T00:38:55.2293368Z If you want to create a new branch to retain commits you create, you may
2026-10-09T00:38:55.2294295Z do so (now or later) by using -c with the switch command. Example:
2026-10-09T00:38:55.2294809Z 
2026-10-09T00:38:55.2295027Z   git switch -c <new-branch-name>
2026-10-09T00:38:55.2295402Z 
2026-10-09T00:38:55.2295628Z Or undo this operation with:
2026-10-09T00:38:55.2296201Z 
2026-10-09T00:38:55.2296396Z   git switch -
2026-10-09T00:38:55.2296668Z 
2026-10-09T00:38:55.2297117Z Turn off this advice by setting config variable advice.detachedHead to false
2026-10-09T00:38:55.2297701Z 
2026-10-09T00:38:55.2298357Z HEAD is now at 3a6b08b Merge d843b191cb845a0a493f9c9d133202b8b293c9e5 into e49543f2e93c6d5ce768322b8cb36bad8639bc61
2026-10-09T00:38:55.2308098Z ##[endgroup]
2026-10-09T00:38:55.2354134Z [command]/usr/bin/git log -1 --format=%H
2026-10-09T00:38:55.2381683Z 3a6b08b802a2a3fa5fa5ebda127ac0a749eea2ce
2026-10-09T00:38:55.2722291Z ##[group]Run actions/setup-node@v5
2026-10-09T00:38:55.2722659Z with:
2026-10-09T00:38:55.2722921Z   node-version: 24
2026-10-09T00:38:55.2723180Z   cache: npm
2026-10-09T00:38:55.2723421Z   always-auth: false
2026-10-09T00:38:55.2723686Z   check-latest: false
2026-10-09T00:38:55.2726584Z   token: ***
2026-10-09T00:38:55.2726905Z   package-manager-cache: true
2026-10-09T00:38:55.2727207Z env:
2026-10-09T00:38:55.2727512Z   AITM_SOURCE_HEAD: d843b191cb845a0a493f9c9d133202b8b293c9e5
2026-10-09T00:38:55.2727906Z   GIT_AUTHOR_NAME: kendrick burson
2026-10-09T00:38:55.2728226Z   GIT_AUTHOR_EMAIL: kpburson@pm.me
2026-10-09T00:38:55.2728537Z   GIT_COMMITTER_NAME: kendrick burson
2026-10-09T00:38:55.2728854Z   GIT_COMMITTER_EMAIL: kpburson@pm.me
2026-10-09T00:38:55.2729148Z ##[endgroup]
2026-10-09T00:38:55.4189962Z Found in cache @ /opt/hostedtoolcache/node/24.21.0/x64
2026-10-09T00:38:55.4194159Z (node:2236) [DEP0040] DeprecationWarning: The `punycode` module is deprecated. Please use a userland alternative instead.
2026-10-09T00:38:55.4195004Z (Use `node --trace-deprecation ...` to show where the warning was created)
2026-10-09T00:38:55.4198045Z ##[group]Environment details
2026-10-09T00:38:55.7969014Z node: v24.21.0
2026-10-09T00:38:55.7969687Z npm: 11.19.0
2026-10-09T00:38:55.7970134Z yarn: 1.22.22
2026-10-09T00:38:55.7971048Z ##[endgroup]
2026-10-09T00:38:55.7996357Z [command]/opt/hostedtoolcache/node/24.21.0/x64/bin/npm config get cache
2026-10-09T00:38:55.9205754Z /home/runner/.npm
2026-10-09T00:38:56.1877557Z Cache hit for: node-cache-Linux-x64-npm-cc486ca1b1418d5126392d04f46db0de0a3accc61a7c1efe42448bcc19b5f0c0
2026-10-09T00:38:56.1987726Z (node:2236) [DEP0169] DeprecationWarning: `url.parse()` behavior is not standardized and prone to errors that have security implications. Use the WHATWG URL API instead. CVEs are not issued for `url.parse()` vulnerabilities.
2026-10-09T00:38:57.4536513Z Received 4407151 of 33767279 (13.1%), 4.2 MBs/sec
2026-10-09T00:38:57.7378422Z Received 33767279 of 33767279 (100.0%), 25.1 MBs/sec
2026-10-09T00:38:57.7379495Z Cache Size: ~32 MB (33767279 B)
2026-10-09T00:38:57.7491063Z [command]/usr/bin/tar -xf /home/runner/work/_temp/2f680607-fd04-4f41-84a5-83516779809d/cache.tzst -P -C /home/runner/work/ai-task-manager/ai-task-manager --use-compress-program unzstd
2026-10-09T00:38:57.8959009Z Cache restored successfully
2026-10-09T00:38:57.8978827Z Cache restored from key: node-cache-Linux-x64-npm-cc486ca1b1418d5126392d04f46db0de0a3accc61a7c1efe42448bcc19b5f0c0
2026-10-09T00:38:57.9146383Z ##[group]Run npm install --global "npm@11.8.0"
2026-10-09T00:38:57.9146910Z [36;1mnpm install --global "npm@11.8.0"[0m
2026-10-09T00:38:57.9420374Z shell: /usr/bin/bash -e {0}
2026-10-09T00:38:57.9420785Z env:
2026-10-09T00:38:57.9421163Z   AITM_SOURCE_HEAD: d843b191cb845a0a493f9c9d133202b8b293c9e5
2026-10-09T00:38:57.9421669Z   GIT_AUTHOR_NAME: kendrick burson
2026-10-09T00:38:57.9422311Z   GIT_AUTHOR_EMAIL: kpburson@pm.me
2026-10-09T00:38:57.9422716Z   GIT_COMMITTER_NAME: kendrick burson
2026-10-09T00:38:57.9423123Z   GIT_COMMITTER_EMAIL: kpburson@pm.me
2026-10-09T00:38:57.9423499Z ##[endgroup]
2026-10-09T00:39:00.0465062Z 
2026-10-09T00:39:00.0474984Z removed 5 packages, and changed 58 packages in 2s
2026-10-09T00:39:00.0475516Z 
2026-10-09T00:39:00.0476164Z 15 packages are looking for funding
2026-10-09T00:39:00.0476790Z   run `npm fund` for details
2026-10-09T00:39:00.0980861Z ##[group]Run test "$(npm --version)" = "11.8.0"
2026-10-09T00:39:00.0981282Z [36;1mtest "$(npm --version)" = "11.8.0"[0m
2026-10-09T00:39:00.1047170Z shell: /usr/bin/bash -e {0}
2026-10-09T00:39:00.1047498Z env:
2026-10-09T00:39:00.1047841Z   AITM_SOURCE_HEAD: d843b191cb845a0a493f9c9d133202b8b293c9e5
2026-10-09T00:39:00.1048294Z   GIT_AUTHOR_NAME: kendrick burson
2026-10-09T00:39:00.1048664Z   GIT_AUTHOR_EMAIL: kpburson@pm.me
2026-10-09T00:39:00.1049025Z   GIT_COMMITTER_NAME: kendrick burson
2026-10-09T00:39:00.1049426Z   GIT_COMMITTER_EMAIL: kpburson@pm.me
2026-10-09T00:39:00.1049763Z ##[endgroup]
2026-10-09T00:39:00.2072826Z ##[group]Run npm ci
2026-10-09T00:39:00.2073182Z [36;1mnpm ci[0m
2026-10-09T00:39:00.2139708Z shell: /usr/bin/bash -e {0}
2026-10-09T00:39:00.2140049Z env:
2026-10-09T00:39:00.2140384Z   AITM_SOURCE_HEAD: d843b191cb845a0a493f9c9d133202b8b293c9e5
2026-10-09T00:39:00.2140847Z   GIT_AUTHOR_NAME: kendrick burson
2026-10-09T00:39:00.2141200Z   GIT_AUTHOR_EMAIL: kpburson@pm.me
2026-10-09T00:39:00.2141583Z   GIT_COMMITTER_NAME: kendrick burson
2026-10-09T00:39:00.2141952Z   GIT_COMMITTER_EMAIL: kpburson@pm.me
2026-10-09T00:39:00.2142290Z ##[endgroup]
2026-10-09T00:39:07.8258967Z 
2026-10-09T00:39:07.8260131Z added 319 packages, and audited 320 packages in 8s
2026-10-09T00:39:07.8260637Z 
2026-10-09T00:39:07.8260954Z 102 packages are looking for funding
2026-10-09T00:39:07.8261625Z   run `npm fund` for details
2026-10-09T00:39:07.8302214Z 
2026-10-09T00:39:07.8302862Z 9 vulnerabilities (3 low, 1 moderate, 5 high)
2026-10-09T00:39:07.8303325Z 
2026-10-09T00:39:07.8303833Z To address all issues (including breaking changes), run:
2026-10-09T00:39:07.8304446Z   npm audit fix --force
2026-10-09T00:39:07.8304703Z 
2026-10-09T00:39:07.8304910Z Run `npm audit` for details.
2026-10-09T00:39:07.8799697Z ##[group]Run node --test scripts/tests/unit/task-tracker/core/npm-pack-report.test.mjs scripts/tests/unit/task-tracker/core/package-boundary.test.mjs scripts/tests/unit/task-tracker/core/memory-seed-packaged.test.mjs scripts/tests/unit/task-tracker/core/scope-pack.test.mjs scripts/tests/integration/meta/package-test-corpus.test.mjs scripts/tests/slow/task-tracker/core/packaged-doctor-consumer.test.mjs scripts/tests/slow/task-tracker/core/packaged-tail-profile-consumer.test.mjs
2026-10-09T00:39:07.8806412Z [36;1mnode --test scripts/tests/unit/task-tracker/core/npm-pack-report.test.mjs scripts/tests/unit/task-tracker/core/package-boundary.test.mjs scripts/tests/unit/task-tracker/core/memory-seed-packaged.test.mjs scripts/tests/unit/task-tracker/core/scope-pack.test.mjs scripts/tests/integration/meta/package-test-corpus.test.mjs scripts/tests/slow/task-tracker/core/packaged-doctor-consumer.test.mjs scripts/tests/slow/task-tracker/core/packaged-tail-profile-consumer.test.mjs[0m
2026-10-09T00:39:07.8892868Z shell: /usr/bin/bash -e {0}
2026-10-09T00:39:07.8893278Z env:
2026-10-09T00:39:07.8893706Z   AITM_SOURCE_HEAD: d843b191cb845a0a493f9c9d133202b8b293c9e5
2026-10-09T00:39:07.8894319Z   GIT_AUTHOR_NAME: kendrick burson
2026-10-09T00:39:07.8894781Z   GIT_AUTHOR_EMAIL: kpburson@pm.me
2026-10-09T00:39:07.8895270Z   GIT_COMMITTER_NAME: kendrick burson
2026-10-09T00:39:07.8895956Z   GIT_COMMITTER_EMAIL: kpburson@pm.me
2026-10-09T00:39:07.8896418Z ##[endgroup]
2026-10-09T00:39:10.4927930Z ✔ package files explicitly exclude the canonical test support root (1.469218ms)
2026-10-09T00:39:10.4938619Z ✔ npm pack excludes the test corpus while retaining required runtime files and assets (2485.122923ms)
2026-10-09T00:39:17.1296388Z ✔ packed consumer verifies committed bootstrap after npm ci and reports drift read-only (9107.761292ms)
2026-10-09T00:39:17.1385139Z ✔ packed consumer can select and execute effect-scoped move tails (5658.901214ms)
2026-10-09T00:39:17.1386816Z ✔ package.json files[] ships docs/ai-memory but excludes archive/ (1.475248ms)
2026-10-09T00:39:17.1387669Z ✔ npm pack tarball contains the seed index + durable facts, no archive (2333.693149ms)
2026-10-09T00:39:17.1388389Z ✔ normalizes the observed npm 11 single-package array report (6.63638ms)
2026-10-09T00:39:17.1397299Z ✔ normalizes the observed npm 12 package-keyed report (0.338267ms)
2026-10-09T00:39:17.1398537Z ✔ requires callers to bind the expected package identity (0.751505ms)
2026-10-09T00:39:17.1399240Z ✔ rejects malformed JSON and unsupported outer values (0.49947ms)
2026-10-09T00:39:17.1400050Z ✔ rejects zero or multiple reports (0.658308ms)
2026-10-09T00:39:17.1401262Z ✔ rejects an unexpected npm 12 package key or inner report identity (0.474773ms)
2026-10-09T00:39:17.1402276Z ✔ requires a files array and optionally a non-empty filename (0.561256ms)
2026-10-09T00:39:17.1403236Z ✔ all pack consumers import the shared normalizer (1.236286ms)
2026-10-09T00:39:17.1404395Z ✔ package-boundary: no test files are packed (2401.596168ms)
2026-10-09T00:39:17.1405612Z ✔ package-boundary: excluded directories do not reappear (0.466298ms)
2026-10-09T00:39:17.1408880Z ✔ package-boundary: ships the exact docs/introduction/ set (0.508217ms)
2026-10-09T00:39:17.1410344Z ✔ package-boundary: shipped README has no dead docs/introduction link (0.566777ms)
2026-10-09T00:39:17.1411867Z ✖ package-boundary: total entry count stays under the ceiling (1.453065ms)
2026-10-09T00:39:17.1413369Z ✔ package-boundary: development-only context calibration is not shipped (0.373353ms)
2026-10-09T00:39:17.1414767Z ✔ package-boundary: runtime entry points are still shipped (0.284255ms)
2026-10-09T00:39:17.1416451Z ✔ package-boundary: production parser and guidance release guard are declared (0.703033ms)
2026-10-09T00:39:17.1418055Z ✔ package-boundary: tag and explicit release CI retain the B2 consumer gate (1.05735ms)
2026-10-09T00:39:17.1419498Z ✔ npm pack --dry-run resolves the scoped @kburson/ai-task-manager name (2164.895266ms)
2026-10-09T00:39:17.1420815Z ℹ tests 24
2026-10-09T00:39:17.1421243Z ℹ suites 0
2026-10-09T00:39:17.1421638Z ℹ pass 23
2026-10-09T00:39:17.1422029Z ℹ fail 1
2026-10-09T00:39:17.1422456Z ℹ cancelled 0
2026-10-09T00:39:17.1422900Z ℹ skipped 0
2026-10-09T00:39:17.1423292Z ℹ todo 0
2026-10-09T00:39:17.1423773Z ℹ duration_ms 9211.837249
2026-10-09T00:39:17.1424058Z 
2026-10-09T00:39:17.1424287Z ✖ failing tests:
2026-10-09T00:39:17.1424533Z 
2026-10-09T00:39:17.1425164Z test at scripts/tests/unit/task-tracker/core/package-boundary.test.mjs:220:1
2026-10-09T00:39:17.1426826Z ✖ package-boundary: total entry count stays under the ceiling (1.453065ms)
2026-10-09T00:39:17.1428976Z   AssertionError [ERR_ASSERTION]: packed entry count 916 exceeds ceiling 915; the package surface grew — confirm intentional and raise the ceiling, or prune.
2026-10-09T00:39:17.1431668Z       at TestContext.<anonymous> (file:///home/runner/work/ai-task-manager/ai-task-manager/scripts/tests/unit/task-tracker/core/package-boundary.test.mjs:421:10)
2026-10-09T00:39:17.1433362Z       at Test.runInAsyncScope (node:async_hooks:227:14)
2026-10-09T00:39:17.1434252Z       at Test.run (node:internal/test_runner/test:1402:25)
2026-10-09T00:39:17.1435349Z       at Test.processPendingSubtests (node:internal/test_runner/test:974:18)
2026-10-09T00:39:17.1436688Z       at Test.postRun (node:internal/test_runner/test:1542:19)
2026-10-09T00:39:17.1437632Z       at Test.run (node:internal/test_runner/test:1467:12)
2026-10-09T00:39:17.1438781Z       at async Test.processPendingSubtests (node:internal/test_runner/test:974:7) {
2026-10-09T00:39:17.1439795Z     generatedMessage: false,
2026-10-09T00:39:17.1440340Z     code: 'ERR_ASSERTION',
2026-10-09T00:39:17.1440786Z     actual: false,
2026-10-09T00:39:17.1441278Z     expected: true,
2026-10-09T00:39:17.1442115Z     operator: '==',
2026-10-09T00:39:17.1442518Z     diff: 'simple'
2026-10-09T00:39:17.1442951Z   }
2026-10-09T00:39:17.1481627Z ##[error]Process completed with exit code 1.
2026-10-09T00:39:17.1650448Z Post job cleanup.
2026-10-09T00:39:17.2572506Z [command]/usr/bin/git version
2026-10-09T00:39:17.2617313Z git version 2.55.0
2026-10-09T00:39:17.2658563Z Temporarily overriding HOME='/home/runner/work/_temp/df02ea28-5a27-4639-a9d3-2c15d123cdb9' before making global git config changes
2026-10-09T00:39:17.2660530Z Adding repository directory to the temporary git global config as a safe directory
2026-10-09T00:39:17.2664576Z [command]/usr/bin/git config --global --add safe.directory /home/runner/work/ai-task-manager/ai-task-manager
2026-10-09T00:39:17.2704987Z [command]/usr/bin/git config --local --name-only --get-regexp core\.sshCommand
2026-10-09T00:39:17.2742287Z [command]/usr/bin/git submodule foreach --recursive sh -c "git config --local --name-only --get-regexp 'core\.sshCommand' && git config --local --unset-all 'core.sshCommand' || :"
2026-10-09T00:39:17.3002815Z [command]/usr/bin/git config --local --name-only --get-regexp http\.https\:\/\/github\.com\/\.extraheader
2026-10-09T00:39:17.3039697Z http.https://github.com/.extraheader
2026-10-09T00:39:17.3052036Z [command]/usr/bin/git config --local --unset-all http.https://github.com/.extraheader
2026-10-09T00:39:17.3096828Z [command]/usr/bin/git submodule foreach --recursive sh -c "git config --local --name-only --get-regexp 'http\.https\:\/\/github\.com\/\.extraheader' && git config --local --unset-all 'http.https://github.com/.extraheader' || :"
2026-10-09T00:39:17.3365777Z [command]/usr/bin/git config --local --name-only --get-regexp ^includeIf\.gitdir:
2026-10-09T00:39:17.3407421Z [command]/usr/bin/git submodule foreach --recursive git config --local --show-origin --name-only --get-regexp remote.origin.url
2026-10-09T00:39:17.3827254Z Cleaning up orphan processes
