✔ row builders preserve unavailable estimates and explicit current actor interval (18.461ms)
✔ first attributed flush keeps own word delta after larger unrelated legacy cursor (1.567541ms)
✔ different actors may start independently and immutable replay appends only once (0.449541ms)
✔ queue freezes original evidence before failed publication and never reattributes it (0.274666ms)
✔ builder second-resolution timestamp retains exact millisecond interval for accounting (0.597208ms)
✔ whole-issue terminal suppression remains unconditional for attributed rows (0.282375ms)
✔ same interval with a different lifecycle event is a conflict, not a dropped replay (0.736083ms)
✔ canonical timing source requires a complete unambiguous issue comment census (0.471125ms)
✔ canonical timing source ignores quoted heading mentions in unrelated records (0.180125ms)
✔ attributed publication reconciles ambiguous success against canonical exact-row replay (0.9795ms)
✔ attributed publication refuses ambiguous census and unobserved writes (0.424583ms)
✔ attributed creation requires fresh unique canonical identity and matching issue (0.4165ms)
✔ runtime opener replay ignores only its publisher-derived delta (0.500459ms)
✔ queued original opener drains after an accepted write loses its response (11.6265ms)
✔ actor replay preserves every non-derived cell and marker in its identity (1.103917ms)
✔ an additional interval row cell is conflicting evidence, never an accepted replay (0.30525ms)
✔ #1873 Unknown recovery publication remains idempotent after derived delta normalization (0.493125ms)
heal-timing-log-command.test.mjs: ok
✔ scripts/tests/unit/task-tracker/core/heal-timing-log-command.test.mjs (177.584666ms)
✔ passes a well-formed sequential log (3.338334ms)
✔ a leading reengagement (resumed at row 1) is legal, not an orphan close (0.293792ms)
✔ passes a full healed v2 log including the review→develop rework path (0.803125ms)
✔ #1619: suppresses only an exact same-second resumed bind after demotion (0.677416ms)
✔ #1211: historical timing rows still require the canonicalized R4P entry marker (0.207959ms)
✔ fails a bare `idle` row as retired vocabulary, naming the row (0.148083ms)
✔ fails a bare `active-work` row as retired vocabulary (0.116375ms)
✔ a qualified idle slug (idle:whatever) is also rejected by its base (0.0875ms)
✔ fails a forward-skip stage transition (develop → review, skipping test) (0.136083ms)
✔ fails an unsanctioned reverse stage transition (develop → refine) (0.178334ms)
✔ passes a Ready for Planning Shelve reset followed by refinement back to Ready for Planning (0.14875ms)
✔ passes the sanctioned reverse edge test→develop (failed sandbox rework) (0.085458ms)
✔ passes the sanctioned reverse edge review→test (0.082875ms)
✔ passes the sanctioned reverse edge done→test (reopened issue re-verifies) (0.08275ms)
✔ applies a timestamped sentinel-revert audit before the next stage row (1.899625ms)
✔ #1211: historical sentinel reset states project to R4P (0.613791ms)
✔ compares sentinel audits at the Timing Log row precision within the same second (0.152917ms)
✔ a sentinel-revert audit after the reverse row cannot authorize it (0.222708ms)
✔ malformed or source-mismatched sentinel audits do not open a reverse edge (0.399917ms)
✔ seeds the walk on the first stage row (a log starting mid-ladder is legal) (0.084291ms)
✔ fails a malformed row with an unknown event slug, naming the row (0.113ms)
✔ a truncated malformed row preserves its timestamp and event in the failure (#1038) (0.111875ms)
✔ fails malformed colon-qualified events that match no canonical family (0.1365ms)
✔ fails a malformed row with an unparseable timestamp, naming the row (0.064583ms)
✔ fails an out-of-order timestamp, naming both rows (0.075875ms)
✔ fails a doubled departure (two pauses, no resume between), naming the pair (0.088625ms)
✔ fails an orphan reengagement (two starts / resume with nothing open) (0.078625ms)
✔ fails a skipped step (interruption opened but never closed / log ends idle) (0.090875ms)
✔ fails a leading departure with no active work to interrupt (0.069959ms)
✔ fails when a timing phase row names a stage the body never entered (0.084375ms)
✔ a review:failed audit row is exempt from entered-marker reconciliation (#829) (0.086708ms)
✔ a test:failed sandbox audit row permits canonical test→develop demotion (0.088875ms)
✔ non-lifecycle qualified slugs (switch-out:#N, issue:wrap) are not reconciled (0.073667ms)
✔ passes cumulative active time above eight hours when every active span is bounded (0.087834ms)
✔ fails a #899-shaped unbracketed many-hour wall-clock span with session-log remediation (0.141083ms)
✔ fails a long unexplained wall-clock gap without a departure boundary (0.073083ms)
✔ passes a long pause/resume gap because the idle boundary is explicit (0.071416ms)
✔ passes a long switch-out/resume gap because issue focus changed explicitly (0.071417ms)
✔ passes the #899 timeline shape once bracketed by the orphan-recovery pause/resumed pair (0.084667ms)
✔ fails when there is no ⏱ Timing Log comment (0.0645ms)
✔ fails when the timing log has no data rows (0.048542ms)
✔ extractDataRows bounds the scan to the table and skips the separator (0.049959ms)
✔ findTimingLogBody returns the matching comment body (0.118917ms)
✔ bootstrap registers the validator on the shared singleton (30.707ms)
✔ bootstrap imports V3 after V1 and V2 (0.727667ms)
✔ current explicit intervals and unknown process recovery retain complete lexical evidence at Review (21.576833ms)
✔ attributed inactive actors may remain paused while genuine issue stages advance (0.457833ms)
✔ lifecycle gaps account for genuine actor departure and return rows (0.318458ms)
✔ continuous nine-hour session is repaired without changing original rows or actor accounting (7.86ms)
✔ continuity recovery refuses wrong session before writing (1.030458ms)
✔ continuity recovery refuses duplicate metadata before writing (0.642042ms)
✔ continuity recovery refuses unexplained gap before writing (0.769791ms)
✔ continuity recovery refuses real terminal before writing (0.748125ms)
✔ continuity recovery refuses user interruption before writing (0.590917ms)
✔ continuity recovery refuses nonmonotonic before writing (0.435792ms)
✔ continuity recovery refuses malformed timestamp before writing (0.510584ms)
✔ continuity recovery refuses truncated evidence before writing (0.609959ms)
✔ apply requires dry-run source, comment and transcript identities (1.661ms)
✔ canonical source or completed transcript drift refuses before mutation (2.286917ms)
✔ unexplained gaps and general backdating remain forbidden (0.28825ms)
✔ concurrent canonical or transcript change is refused under the apply boundary (4.622167ms)
✔ append-only events beyond the completed window preserve the accepted evidence (3.058791ms)
✔ remote readback failure cannot report a healed log (3.186334ms)
✔ ambiguous timing actor windows refuse rather than inventing observations (0.427292ms)
✔ late insertion of historical transcript records cannot escape the pinned prefix (0.456125ms)
✔ duplicate tool observation identity refuses an ambiguous evidence window (0.4625ms)
✔ conflicting repair modes refuse before reading or writing (0.296958ms)
✔ AC1 — heal removes every idle and active-work row (33.375625ms)
✔ AC2 — develop:completed active == full span (idle reclassified away) (0.871583ms)
✔ AC3 — refine:completed splits span into active + bracket idle (0.533084ms)
✔ AC4 — stripped active-work Δ Words fold into develop:completed (0.387333ms)
✔ AC5 — healing is idempotent (heal twice == heal once) (0.864042ms)
✔ non-completion rows (started / switch-out / resumed) are untouched (2.05975ms)
✔ a log with no retired rows and correct completions is unchanged (0.857916ms)
✔ C6 — heal removes the bare `review` and `review-ready` rows (1.358666ms)
✔ C6 — the stripped review-cruft Δ Words fold into review:approved (0.639167ms)
✔ C6 — review-cruft heal is idempotent (0.34575ms)
✔ pre-f3a09cc bare `develop` reject row is requalified to `rejected:develop` (0.328084ms)
✔ bare `develop` reject requalify preserves every other cell byte-for-byte (0.296583ms)
✔ a real `develop:started`/`develop:completed` pair is never requalified (0.252792ms)
✔ bare-reject-develop requalify is idempotent (0.704167ms)
✔ non-string input is returned unchanged (0.062209ms)
✔ post-terminal healing reproduces #1127 and preserves the authoritative prefix (0.520958ms)
✔ zero-value adjacent stop/resume pairs heal at the 0-second and 59-second boundaries (0.333334ms)
▶ stop/resume healing preserves every conservative guard
  ✔ active cell carries value (0.6425ms)
  ✔ idle cell carries value (0.104875ms)
  ✔ active cell uses non-canonical zero (0.09225ms)
  ✔ idle cell uses non-canonical zero (0.103167ms)
  ✔ row-sec active carries value (0.104791ms)
  ✔ row-sec idle carries value (0.099042ms)
  ✔ word delta carries value (0.148583ms)
  ✔ word delta is unknown (0.143375ms)
  ✔ full word delta carries value (0.175375ms)
  ✔ full word delta is unknown (0.11ms)
  ✔ word marker is absent (0.109166ms)
  ✔ word marker is invalid (0.092792ms)
  ✔ word marker changes (0.104666ms)
  ✔ event spelling is non-canonical (0.082708ms)
  ✔ timestamp is invalid (0.093916ms)
  ✔ timestamps are reversed (0.098875ms)
  ✔ gap is 60 seconds (0.084333ms)
  ✔ rows are not adjacent (0.129042ms)
  ✔ row-sec marker is absent (0.190625ms)
  ✔ row-sec marker is malformed (0.11325ms)
✔ stop/resume healing preserves every conservative guard (4.110916ms)
✔ removed stop/resume brackets feed the existing phase-duration recomputation (0.271917ms)
✔ review pass healing preserves the first outcome in each reset sequence (0.76225ms)
▶ review pass healing preserves repeated outcomes whose zero value is unproven
  ✔ active value (0.256458ms)
  ✔ idle value (0.149459ms)
  ✔ non-canonical active zero (0.16275ms)
  ✔ non-canonical idle zero (0.785375ms)
  ✔ impossible timestamp (0.314833ms)
  ✔ word delta (0.334708ms)
  ✔ full word delta (0.462625ms)
  ✔ changed word marker (0.1335ms)
  ✔ missing row-sec marker (0.155875ms)
  ✔ malformed row-sec marker (0.122209ms)
✔ review pass healing preserves repeated outcomes whose zero value is unproven (3.992417ms)
▶ malformed review boundaries break deletion eligibility until a valid restart
  ✔ review:started (0.175666ms)
  ✔ review:failed (0.136625ms)
  ✔ review:approved (0.17025ms)
  ✔ update (0.247084ms)
✔ malformed review boundaries break deletion eligibility until a valid restart (0.900416ms)
✔ mixed valueless-noise healing is byte-identical on a second pass (0.183ms)
✔ recomputes a :completed row whose cached durations drifted after a retroactive departure insert (0.482042ms)
✔ drift repair is idempotent (0.317334ms)
✔ a log with no cached drift is returned byte-identical (0.373167ms)
✔ an unmatched span keeps its existing durations rather than regressing to zero (0.322625ms)
✔ a pre-v2 completion row without a row-sec marker is left to the legacy paths (0.235625ms)
✔ recomputeCompletedRows drives the drift repair standalone (0.508958ms)
ℹ tests 148
ℹ suites 0
ℹ pass 148
ℹ fail 0
ℹ cancelled 0
ℹ skipped 0
ℹ todo 0
ℹ duration_ms 215.143833
