✔ row builders preserve unavailable estimates and explicit current actor interval (30.593833ms)
✔ first attributed flush keeps own word delta after larger unrelated legacy cursor (1.546542ms)
✔ different actors may start independently and immutable replay appends only once (0.402291ms)
✔ queue freezes original evidence before failed publication and never reattributes it (0.269042ms)
✔ builder second-resolution timestamp retains exact millisecond interval for accounting (0.555916ms)
✔ whole-issue terminal suppression remains unconditional for attributed rows (0.4605ms)
✔ same interval with a different lifecycle event is a conflict, not a dropped replay (0.843333ms)
✔ canonical timing source requires a complete unambiguous issue comment census (0.60025ms)
✔ canonical timing source ignores quoted heading mentions in unrelated records (0.190417ms)
✔ attributed publication reconciles ambiguous success against canonical exact-row replay (1.335ms)
✔ attributed publication refuses ambiguous census and unobserved writes (0.455416ms)
✔ attributed creation requires fresh unique canonical identity and matching issue (0.408083ms)
✔ runtime opener replay ignores only its publisher-derived delta (0.507459ms)
✔ queued original opener drains after an accepted write loses its response (14.249833ms)
✔ actor replay preserves every non-derived cell and marker in its identity (4.140125ms)
✔ an additional interval row cell is conflicting evidence, never an accepted replay (0.591083ms)
✔ #1873 Unknown recovery publication remains idempotent after derived delta normalization (0.503083ms)
heal-timing-log-command.test.mjs: ok
✔ scripts/tests/unit/task-tracker/core/heal-timing-log-command.test.mjs (212.243834ms)
✔ passes a well-formed sequential log (4.177209ms)
✔ a leading reengagement (resumed at row 1) is legal, not an orphan close (0.30925ms)
✔ passes a full healed v2 log including the review→develop rework path (0.4795ms)
✔ #1619: suppresses only an exact same-second resumed bind after demotion (0.706584ms)
✔ #1211: historical timing rows still require the canonicalized R4P entry marker (1.159916ms)
✔ fails a bare `idle` row as retired vocabulary, naming the row (1.028417ms)
✔ fails a bare `active-work` row as retired vocabulary (0.3985ms)
✔ a qualified idle slug (idle:whatever) is also rejected by its base (0.635417ms)
✔ fails a forward-skip stage transition (develop → review, skipping test) (0.860125ms)
✔ fails an unsanctioned reverse stage transition (develop → refine) (0.633833ms)
✔ passes a Ready for Planning Shelve reset followed by refinement back to Ready for Planning (0.41725ms)
✔ passes the sanctioned reverse edge test→develop (failed sandbox rework) (0.230167ms)
✔ passes the sanctioned reverse edge review→test (0.087583ms)
✔ passes the sanctioned reverse edge done→test (reopened issue re-verifies) (0.078833ms)
✔ applies a timestamped sentinel-revert audit before the next stage row (0.44575ms)
✔ #1211: historical sentinel reset states project to R4P (1.086334ms)
✔ compares sentinel audits at the Timing Log row precision within the same second (0.179084ms)
✔ a sentinel-revert audit after the reverse row cannot authorize it (0.119125ms)
✔ malformed or source-mismatched sentinel audits do not open a reverse edge (0.221833ms)
✔ seeds the walk on the first stage row (a log starting mid-ladder is legal) (0.071542ms)
✔ fails a malformed row with an unknown event slug, naming the row (0.119584ms)
✔ a truncated malformed row preserves its timestamp and event in the failure (#1038) (0.12575ms)
✔ fails malformed colon-qualified events that match no canonical family (0.141333ms)
✔ fails a malformed row with an unparseable timestamp, naming the row (0.067917ms)
✔ fails an out-of-order timestamp, naming both rows (0.492084ms)
✔ fails a doubled departure (two pauses, no resume between), naming the pair (0.417209ms)
✔ fails an orphan reengagement (two starts / resume with nothing open) (0.276666ms)
✔ fails a skipped step (interruption opened but never closed / log ends idle) (0.283542ms)
✔ fails a leading departure with no active work to interrupt (0.107333ms)
✔ fails when a timing phase row names a stage the body never entered (0.098833ms)
✔ a review:failed audit row is exempt from entered-marker reconciliation (#829) (0.102042ms)
✔ a test:failed sandbox audit row permits canonical test→develop demotion (0.085667ms)
✔ non-lifecycle qualified slugs (switch-out:#N, issue:wrap) are not reconciled (0.084959ms)
✔ passes cumulative active time above eight hours when every active span is bounded (0.09975ms)
✔ fails a #899-shaped unbracketed many-hour wall-clock span with session-log remediation (0.140834ms)
✔ fails a long unexplained wall-clock gap without a departure boundary (0.078334ms)
✔ passes a long pause/resume gap because the idle boundary is explicit (0.076416ms)
✔ passes a long switch-out/resume gap because issue focus changed explicitly (0.071542ms)
✔ passes the #899 timeline shape once bracketed by the orphan-recovery pause/resumed pair (0.111708ms)
✔ fails when there is no ⏱ Timing Log comment (0.069625ms)
✔ fails when the timing log has no data rows (0.056375ms)
✔ extractDataRows bounds the scan to the table and skips the separator (0.046792ms)
✔ findTimingLogBody returns the matching comment body (0.132833ms)
✔ bootstrap registers the validator on the shared singleton (40.204416ms)
✔ bootstrap imports V3 after V1 and V2 (0.382ms)
✔ current explicit intervals and unknown process recovery retain complete lexical evidence at Review (28.831666ms)
✔ attributed inactive actors may remain paused while genuine issue stages advance (1.325958ms)
✔ lifecycle gaps account for genuine actor departure and return rows (3.164875ms)
✔ continuous nine-hour session is repaired without changing original rows or actor accounting (9.19975ms)
✔ continuity recovery refuses wrong session before writing (0.890791ms)
✔ continuity recovery refuses duplicate metadata before writing (0.987041ms)
✔ continuity recovery refuses unexplained gap before writing (1.458ms)
✔ continuity recovery refuses real terminal before writing (0.902166ms)
✔ continuity recovery refuses user interruption before writing (1.255167ms)
✔ continuity recovery refuses non-monotonic before writing (0.869ms)
✔ continuity recovery refuses malformed timestamp before writing (0.728958ms)
✔ continuity recovery refuses truncated evidence before writing (0.72425ms)
✔ apply requires dry-run source, comment and transcript identities (2.0125ms)
✔ canonical source or completed transcript drift refuses before mutation (3.052709ms)
✔ unexplained gaps and general backdating remain forbidden (0.367167ms)
✔ concurrent canonical or transcript change is refused under the apply boundary (5.563125ms)
✔ append-only events beyond the completed window preserve the accepted evidence (3.970334ms)
✔ remote readback failure cannot report a healed log (2.951333ms)
✔ ambiguous timing actor windows refuse rather than inventing observations (0.441417ms)
✔ late insertion of historical transcript records cannot escape the pinned prefix (0.580708ms)
✔ duplicate tool observation identity refuses an ambiguous evidence window (0.967833ms)
✔ conflicting repair modes refuse before reading or writing (0.362417ms)
✔ canonical source is checked after the last transcript await before publishing (2.663958ms)
✔ AC1 — heal removes every idle and active-work row (64.4315ms)
✔ AC2 — develop:completed active == full span (idle reclassified away) (1.238583ms)
✔ AC3 — refine:completed splits span into active + bracket idle (0.576583ms)
✔ AC4 — stripped active-work Δ Words fold into develop:completed (0.450166ms)
✔ AC5 — healing is idempotent (heal twice == heal once) (0.847083ms)
✔ non-completion rows (started / switch-out / resumed) are untouched (0.480209ms)
✔ a log with no retired rows and correct completions is unchanged (0.639542ms)
✔ C6 — heal removes the bare `review` and `review-ready` rows (1.730792ms)
✔ C6 — the stripped review-cruft Δ Words fold into review:approved (0.927542ms)
✔ C6 — review-cruft heal is idempotent (1.480125ms)
✔ pre-f3a09cc bare `develop` reject row is requalified to `rejected:develop` (0.416542ms)
✔ bare `develop` reject requalify preserves every other cell byte-for-byte (0.306708ms)
✔ a real `develop:started`/`develop:completed` pair is never requalified (0.255208ms)
✔ bare-reject-develop requalify is idempotent (0.991292ms)
✔ non-string input is returned unchanged (0.070917ms)
✔ post-terminal healing reproduces #1127 and preserves the authoritative prefix (0.626417ms)
✔ zero-value adjacent stop/resume pairs heal at the 0-second and 59-second boundaries (0.360875ms)
▶ stop/resume healing preserves every conservative guard
  ✔ active cell carries value (0.7415ms)
  ✔ idle cell carries value (0.129542ms)
  ✔ active cell uses non-canonical zero (0.11075ms)
  ✔ idle cell uses non-canonical zero (0.236791ms)
  ✔ row-sec active carries value (0.131167ms)
  ✔ row-sec idle carries value (0.106333ms)
  ✔ word delta carries value (0.185708ms)
  ✔ word delta is unknown (0.453875ms)
  ✔ full word delta carries value (0.131167ms)
  ✔ full word delta is unknown (0.141ms)
  ✔ word marker is absent (0.111125ms)
  ✔ word marker is invalid (0.094209ms)
  ✔ word marker changes (0.105125ms)
  ✔ event spelling is non-canonical (0.081584ms)
  ✔ timestamp is invalid (0.567125ms)
  ✔ timestamps are reversed (0.1675ms)
  ✔ gap is 60 seconds (0.104334ms)
  ✔ rows are not adjacent (0.159417ms)
  ✔ row-sec marker is absent (0.216125ms)
  ✔ row-sec marker is malformed (0.125ms)
✔ stop/resume healing preserves every conservative guard (5.257292ms)
✔ removed stop/resume brackets feed the existing phase-duration recomputation (0.311125ms)
✔ review pass healing preserves the first outcome in each reset sequence (1.186667ms)
▶ review pass healing preserves repeated outcomes whose zero value is unproven
  ✔ active value (0.186ms)
  ✔ idle value (0.738041ms)
  ✔ non-canonical active zero (0.216084ms)
  ✔ non-canonical idle zero (0.375708ms)
  ✔ impossible timestamp (0.119416ms)
  ✔ word delta (0.109583ms)
  ✔ full word delta (0.108ms)
  ✔ changed word marker (0.118209ms)
  ✔ missing row-sec marker (0.100708ms)
  ✔ malformed row-sec marker (0.109458ms)
✔ review pass healing preserves repeated outcomes whose zero value is unproven (2.8635ms)
▶ malformed review boundaries break deletion eligibility until a valid restart
  ✔ review:started (0.169084ms)
  ✔ review:failed (0.138083ms)
  ✔ review:approved (0.16025ms)
  ✔ update (0.127333ms)
✔ malformed review boundaries break deletion eligibility until a valid restart (1.59ms)
✔ mixed valueless-noise healing is byte-identical on a second pass (0.569917ms)
✔ recomputes a :completed row whose cached durations drifted after a retroactive departure insert (0.343917ms)
✔ drift repair is idempotent (0.304417ms)
✔ a log with no cached drift is returned byte-identical (0.364ms)
✔ an unmatched span keeps its existing durations rather than regressing to zero (0.139458ms)
✔ a pre-v2 completion row without a row-sec marker is left to the legacy paths (0.169666ms)
✔ recomputeCompletedRows drives the drift repair standalone (0.818042ms)
ℹ tests 149
ℹ suites 0
ℹ pass 149
ℹ fail 0
ℹ cancelled 0
ℹ skipped 0
ℹ todo 0
ℹ duration_ms 281.97875
