✔ continuous nine-hour session is repaired without changing original rows or actor accounting (11.371084ms)
✔ continuity recovery refuses wrong session before writing (1.187791ms)
✔ continuity recovery refuses duplicate metadata before writing (1.279542ms)
✔ continuity recovery refuses unexplained gap before writing (0.810166ms)
✔ continuity recovery refuses real terminal before writing (0.832333ms)
✔ continuity recovery refuses user interruption before writing (0.977625ms)
✔ continuity recovery refuses nonmonotonic before writing (1.101917ms)
✔ continuity recovery refuses malformed timestamp before writing (0.889375ms)
✔ continuity recovery refuses truncated evidence before writing (0.985458ms)
✔ apply requires dry-run source, comment and transcript identities (2.404541ms)
✔ canonical source or completed transcript drift refuses before mutation (5.287709ms)
✔ unexplained gaps and general backdating remain forbidden (0.950416ms)
ℹ tests 12
ℹ suites 0
ℹ pass 12
ℹ fail 0
ℹ cancelled 0
ℹ skipped 0
ℹ todo 0
ℹ duration_ms 242.457917
