heal-timing-log-command.test.mjs: ok
✔ scripts/tests/unit/task-tracker/core/heal-timing-log-command.test.mjs (189.201875ms)
✔ continuous nine-hour session is repaired without changing original rows or actor accounting (8.121209ms)
✔ continuity recovery refuses wrong session before writing (0.92475ms)
✔ continuity recovery refuses duplicate metadata before writing (0.631375ms)
✔ continuity recovery refuses unexplained gap before writing (0.871125ms)
✔ continuity recovery refuses real terminal before writing (0.812041ms)
✔ continuity recovery refuses user interruption before writing (0.621791ms)
✔ continuity recovery refuses nonmonotonic before writing (0.448417ms)
✔ continuity recovery refuses malformed timestamp before writing (0.432333ms)
✔ continuity recovery refuses truncated evidence before writing (0.571291ms)
✔ apply requires dry-run source, comment and transcript identities (1.342916ms)
✔ canonical source or completed transcript drift refuses before mutation (1.99225ms)
✔ unexplained gaps and general backdating remain forbidden (0.248208ms)
✔ concurrent canonical or transcript change is refused under the apply boundary (4.284ms)
✔ append-only events beyond the completed window preserve the accepted evidence (2.295375ms)
✔ remote readback failure cannot report a healed log (3.497333ms)
✔ ambiguous timing actor windows refuse rather than inventing observations (0.565209ms)
✔ late insertion of historical transcript records cannot escape the pinned prefix (0.523292ms)
ℹ tests 18
ℹ suites 0
ℹ pass 18
ℹ fail 0
ℹ cancelled 0
ℹ skipped 0
ℹ todo 0
ℹ duration_ms 237.188041
