✔ row builders preserve unavailable estimates and explicit current actor interval (17.070834ms)
✔ first attributed flush keeps own word delta after larger unrelated legacy cursor (1.670959ms)
✔ different actors may start independently and immutable replay appends only once (0.441375ms)
✔ queue freezes original evidence before failed publication and never reattributes it (0.273708ms)
✔ builder second-resolution timestamp retains exact millisecond interval for accounting (0.569959ms)
✔ whole-issue terminal suppression remains unconditional for attributed rows (0.278958ms)
✔ same interval with a different lifecycle event is a conflict, not a dropped replay (0.732125ms)
✔ canonical timing source requires a complete unambiguous issue comment census (0.441042ms)
✔ canonical timing source ignores quoted heading mentions in unrelated records (0.158459ms)
✔ attributed publication reconciles ambiguous success against canonical exact-row replay (0.832292ms)
✔ attributed publication refuses ambiguous census and unobserved writes (0.409833ms)
✔ attributed creation requires fresh unique canonical identity and matching issue (0.437ms)
✔ runtime opener replay ignores only its publisher-derived delta (0.551417ms)
✔ queued original opener drains after an accepted write loses its response (6.969875ms)
✔ actor replay preserves every non-derived cell and marker in its identity (1.0375ms)
✔ an additional interval row cell is conflicting evidence, never an accepted replay (0.304542ms)
✔ #1873 Unknown recovery publication remains idempotent after derived delta normalization (0.490833ms)
heal-timing-log-command.test.mjs: ok
✔ scripts/tests/unit/task-tracker/core/heal-timing-log-command.test.mjs (144.415625ms)
✔ passes a well-formed sequential log (2.763667ms)
✔ a leading reengagement (resumed at row 1) is legal, not an orphan close (0.275917ms)
✔ passes a full healed v2 log including the review→develop rework path (0.522916ms)
✔ #1619: suppresses only an exact same-second resumed bind after demotion (0.653125ms)
✔ #1211: historical timing rows still require the canonicalized R4P entry marker (0.193875ms)
✔ fails a bare `idle` row as retired vocabulary, naming the row (0.140833ms)
✔ fails a bare `active-work` row as retired vocabulary (0.09475ms)
✔ a qualified idle slug (idle:whatever) is also rejected by its base (0.09825ms)
✔ fails a forward-skip stage transition (develop → review, skipping test) (0.132375ms)
✔ fails an unsanctioned reverse stage transition (develop → refine) (0.156125ms)
✔ passes a Ready for Planning Shelve reset followed by refinement back to Ready for Planning (0.144708ms)
✔ passes the sanctioned reverse edge test→develop (failed sandbox rework) (0.080917ms)
✔ passes the sanctioned reverse edge review→test (0.0735ms)
✔ passes the sanctioned reverse edge done→test (reopened issue re-verifies) (0.071ms)
✔ applies a timestamped sentinel-revert audit before the next stage row (1.157625ms)
✔ #1211: historical sentinel reset states project to R4P (0.314041ms)
✔ compares sentinel audits at the Timing Log row precision within the same second (0.219209ms)
✔ a sentinel-revert audit after the reverse row cannot authorize it (0.255459ms)
✔ malformed or source-mismatched sentinel audits do not open a reverse edge (0.272708ms)
✔ seeds the walk on the first stage row (a log starting mid-ladder is legal) (0.081792ms)
✔ fails a malformed row with an unknown event slug, naming the row (0.119667ms)
✔ a truncated malformed row preserves its timestamp and event in the failure (#1038) (0.110375ms)
✔ fails malformed colon-qualified events that match no canonical family (0.195666ms)
✔ fails a malformed row with an unparseable timestamp, naming the row (0.163375ms)
✔ fails an out-of-order timestamp, naming both rows (0.115792ms)
✔ fails a doubled departure (two pauses, no resume between), naming the pair (0.109583ms)
✔ fails an orphan reengagement (two starts / resume with nothing open) (0.086666ms)
✔ fails a skipped step (interruption opened but never closed / log ends idle) (0.088167ms)
✔ fails a leading departure with no active work to interrupt (0.077958ms)
✔ fails when a timing phase row names a stage the body never entered (0.079542ms)
✔ a review:failed audit row is exempt from entered-marker reconciliation (#829) (0.087375ms)
✔ a test:failed sandbox audit row permits canonical test→develop demotion (0.085083ms)
✔ non-lifecycle qualified slugs (switch-out:#N, issue:wrap) are not reconciled (0.076708ms)
✔ passes cumulative active time above eight hours when every active span is bounded (0.088666ms)
✔ fails a #899-shaped unbracketed many-hour wall-clock span with session-log remediation (0.133625ms)
✔ fails a long unexplained wall-clock gap without a departure boundary (0.079334ms)
✔ passes a long pause/resume gap because the idle boundary is explicit (0.064041ms)
✔ passes a long switch-out/resume gap because issue focus changed explicitly (0.070083ms)
✔ passes the #899 timeline shape once bracketed by the orphan-recovery pause/resumed pair (0.094291ms)
✔ fails when there is no ⏱ Timing Log comment (0.062ms)
✔ fails when the timing log has no data rows (0.05025ms)
✔ extractDataRows bounds the scan to the table and skips the separator (0.049ms)
✔ findTimingLogBody returns the matching comment body (0.113792ms)
✔ bootstrap registers the validator on the shared singleton (29.113333ms)
✔ bootstrap imports V3 after V1 and V2 (0.298708ms)
✔ current explicit intervals and unknown process recovery retain complete lexical evidence at Review (20.05725ms)
✔ attributed inactive actors may remain paused while genuine issue stages advance (0.468625ms)
✔ lifecycle gaps account for genuine actor departure and return rows (2.07725ms)
✔ continuous nine-hour session is repaired without changing original rows or actor accounting (8.513708ms)
✔ continuity recovery refuses wrong session before writing (0.7835ms)
✔ continuity recovery refuses duplicate metadata before writing (0.546667ms)
✔ continuity recovery refuses unexplained gap before writing (0.672292ms)
✔ continuity recovery refuses real terminal before writing (0.680541ms)
✔ continuity recovery refuses user interruption before writing (0.555834ms)
✔ continuity recovery refuses non-monotonic before writing (0.418875ms)
✔ continuity recovery refuses malformed timestamp before writing (0.398666ms)
✔ continuity recovery refuses truncated evidence before writing (0.491584ms)
✔ apply requires dry-run source, comment and transcript identities (1.478ms)
✔ canonical source or completed transcript drift refuses before mutation (2.311625ms)
✔ unexplained gaps and general backdating remain forbidden (0.308584ms)
✔ concurrent canonical or transcript change is refused under the apply boundary (5.044542ms)
✔ append-only events beyond the completed window preserve the accepted evidence (3.086375ms)
✔ remote readback failure cannot report a healed log (2.071083ms)
✔ ambiguous timing actor windows refuse rather than inventing observations (0.33625ms)
✔ late insertion of historical transcript records cannot escape the pinned prefix (0.4095ms)
✔ duplicate tool observation identity refuses an ambiguous evidence window (0.446875ms)
✔ conflicting repair modes refuse before reading or writing (0.29775ms)
✔ canonical source is checked after the last transcript await before publishing (2.159209ms)
✔ an empty continuity session cannot become a legacy repair request (0.412334ms)
✔ AC1 — heal removes every idle and active-work row (29.718458ms)
✔ AC2 — develop:completed active == full span (idle reclassified away) (1.269125ms)
✔ AC3 — refine:completed splits span into active + bracket idle (0.619ms)
✔ AC4 — stripped active-work Δ Words fold into develop:completed (0.41175ms)
✔ AC5 — healing is idempotent (heal twice == heal once) (0.872875ms)
✔ non-completion rows (started / switch-out / resumed) are untouched (0.832458ms)
✔ a log with no retired rows and correct completions is unchanged (0.597292ms)
✔ C6 — heal removes the bare `review` and `review-ready` rows (0.656041ms)
✔ C6 — the stripped review-cruft Δ Words fold into review:approved (0.256708ms)
✔ C6 — review-cruft heal is idempotent (0.317917ms)
✔ pre-f3a09cc bare `develop` reject row is requalified to `rejected:develop` (0.518167ms)
✔ bare `develop` reject requalify preserves every other cell byte-for-byte (0.554375ms)
✔ a real `develop:started`/`develop:completed` pair is never requalified (0.289583ms)
✔ bare-reject-develop requalify is idempotent (0.515208ms)
✔ non-string input is returned unchanged (0.045542ms)
✔ post-terminal healing reproduces #1127 and preserves the authoritative prefix (0.937375ms)
✔ zero-value adjacent stop/resume pairs heal at the 0-second and 59-second boundaries (0.470334ms)
▶ stop/resume healing preserves every conservative guard
  ✔ active cell carries value (0.489ms)
  ✔ idle cell carries value (0.108208ms)
  ✔ active cell uses non-canonical zero (0.094667ms)
  ✔ idle cell uses non-canonical zero (0.092417ms)
  ✔ row-sec active carries value (0.116084ms)
  ✔ row-sec idle carries value (0.111ms)
  ✔ word delta carries value (0.158584ms)
  ✔ word delta is unknown (0.138042ms)
  ✔ full word delta carries value (0.097584ms)
  ✔ full word delta is unknown (0.094375ms)
  ✔ word marker is absent (0.097958ms)
  ✔ word marker is invalid (0.087291ms)
  ✔ word marker changes (0.087083ms)
  ✔ event spelling is non-canonical (0.079583ms)
  ✔ timestamp is invalid (0.095583ms)
  ✔ timestamps are reversed (0.09375ms)
  ✔ gap is 60 seconds (0.090708ms)
  ✔ rows are not adjacent (0.128167ms)
  ✔ row-sec marker is absent (0.168ms)
  ✔ row-sec marker is malformed (0.116625ms)
✔ stop/resume healing preserves every conservative guard (3.247334ms)
✔ removed stop/resume brackets feed the existing phase-duration recomputation (0.289416ms)
✔ review pass healing preserves the first outcome in each reset sequence (0.806625ms)
▶ review pass healing preserves repeated outcomes whose zero value is unproven
  ✔ active value (0.139083ms)
  ✔ idle value (0.709541ms)
  ✔ non-canonical active zero (0.140541ms)
  ✔ non-canonical idle zero (0.116083ms)
  ✔ impossible timestamp (0.102208ms)
  ✔ word delta (0.105083ms)
  ✔ full word delta (0.126167ms)
  ✔ changed word marker (0.108834ms)
  ✔ missing row-sec marker (0.100625ms)
  ✔ malformed row-sec marker (0.105458ms)
✔ review pass healing preserves repeated outcomes whose zero value is unproven (2.192583ms)
▶ malformed review boundaries break deletion eligibility until a valid restart
  ✔ review:started (0.199083ms)
  ✔ review:failed (0.156375ms)
  ✔ review:approved (0.270875ms)
  ✔ update (0.16975ms)
✔ malformed review boundaries break deletion eligibility until a valid restart (1.070416ms)
✔ mixed valueless-noise healing is byte-identical on a second pass (0.250458ms)
✔ recomputes a :completed row whose cached durations drifted after a retroactive departure insert (0.365ms)
✔ drift repair is idempotent (0.294875ms)
✔ a log with no cached drift is returned byte-identical (0.723042ms)
✔ an unmatched span keeps its existing durations rather than regressing to zero (0.144041ms)
✔ a pre-v2 completion row without a row-sec marker is left to the legacy paths (0.165208ms)
✔ recomputeCompletedRows drives the drift repair standalone (0.927542ms)
ℹ tests 150
ℹ suites 0
ℹ pass 150
ℹ fail 0
ℹ cancelled 0
ℹ skipped 0
ℹ todo 0
ℹ duration_ms 195.129208
