✔ row builders preserve unavailable estimates and explicit current actor interval (25.752917ms)
✔ first attributed flush keeps own word delta after larger unrelated legacy cursor (1.568125ms)
✔ different actors may start independently and immutable replay appends only once (0.626ms)
✔ queue freezes original evidence before failed publication and never reattributes it (0.458333ms)
✔ builder second-resolution timestamp retains exact millisecond interval for accounting (1.194584ms)
✔ whole-issue terminal suppression remains unconditional for attributed rows (0.350458ms)
✔ same interval with a different lifecycle event is a conflict, not a dropped replay (0.77825ms)
✔ canonical timing source requires a complete unambiguous issue comment census (0.529916ms)
✔ canonical timing source ignores quoted heading mentions in unrelated records (0.259375ms)
✔ attributed publication reconciles ambiguous success against canonical exact-row replay (0.950959ms)
✔ attributed publication refuses ambiguous census and unobserved writes (0.431292ms)
✔ attributed creation requires fresh unique canonical identity and matching issue (0.464416ms)
✔ runtime opener replay ignores only its publisher-derived delta (0.487ms)
✔ queued original opener drains after an accepted write loses its response (9.716208ms)
✔ actor replay preserves every non-derived cell and marker in its identity (1.22775ms)
✔ an additional interval row cell is conflicting evidence, never an accepted replay (0.327083ms)
✔ #1873 Unknown recovery publication remains idempotent after derived delta normalization (0.513583ms)
heal-timing-log-command.test.mjs: ok
✔ scripts/tests/unit/task-tracker/core/heal-timing-log-command.test.mjs (200.398292ms)
✔ passes a well-formed sequential log (3.895292ms)
✔ a leading reengagement (resumed at row 1) is legal, not an orphan close (0.2835ms)
✔ passes a full healed v2 log including the review→develop rework path (0.897167ms)
✔ #1619: suppresses only an exact same-second resumed bind after demotion (0.656917ms)
✔ #1211: historical timing rows still require the canonicalized R4P entry marker (0.493792ms)
✔ fails a bare `idle` row as retired vocabulary, naming the row (0.175708ms)
✔ fails a bare `active-work` row as retired vocabulary (0.132833ms)
✔ a qualified idle slug (idle:whatever) is also rejected by its base (0.087625ms)
✔ fails a forward-skip stage transition (develop → review, skipping test) (0.188ms)
✔ fails an unsanctioned reverse stage transition (develop → refine) (0.202292ms)
✔ passes a Ready for Planning Shelve reset followed by refinement back to Ready for Planning (0.198959ms)
✔ passes the sanctioned reverse edge test→develop (failed sandbox rework) (0.092917ms)
✔ passes the sanctioned reverse edge review→test (0.07225ms)
✔ passes the sanctioned reverse edge done→test (reopened issue re-verifies) (0.069708ms)
✔ applies a timestamped sentinel-revert audit before the next stage row (1.06875ms)
✔ #1211: historical sentinel reset states project to R4P (0.208167ms)
✔ compares sentinel audits at the Timing Log row precision within the same second (0.111375ms)
✔ a sentinel-revert audit after the reverse row cannot authorize it (0.106916ms)
✔ malformed or source-mismatched sentinel audits do not open a reverse edge (0.196375ms)
✔ seeds the walk on the first stage row (a log starting mid-ladder is legal) (0.209875ms)
✔ fails a malformed row with an unknown event slug, naming the row (0.274542ms)
✔ a truncated malformed row preserves its timestamp and event in the failure (#1038) (0.124875ms)
✔ fails malformed colon-qualified events that match no canonical family (0.413125ms)
✔ fails a malformed row with an unparseable timestamp, naming the row (0.086709ms)
✔ fails an out-of-order timestamp, naming both rows (0.091583ms)
✔ fails a doubled departure (two pauses, no resume between), naming the pair (0.091334ms)
✔ fails an orphan reengagement (two starts / resume with nothing open) (0.072916ms)
✔ fails a skipped step (interruption opened but never closed / log ends idle) (0.086ms)
✔ fails a leading departure with no active work to interrupt (0.055125ms)
✔ fails when a timing phase row names a stage the body never entered (0.16725ms)
✔ a review:failed audit row is exempt from entered-marker reconciliation (#829) (0.125917ms)
✔ a test:failed sandbox audit row permits canonical test→develop demotion (0.093042ms)
✔ non-lifecycle qualified slugs (switch-out:#N, issue:wrap) are not reconciled (0.081291ms)
✔ passes cumulative active time above eight hours when every active span is bounded (0.309834ms)
✔ fails a #899-shaped unbracketed many-hour wall-clock span with session-log remediation (0.471542ms)
✔ fails a long unexplained wall-clock gap without a departure boundary (0.097ms)
✔ passes a long pause/resume gap because the idle boundary is explicit (0.071666ms)
✔ passes a long switch-out/resume gap because issue focus changed explicitly (0.065375ms)
✔ passes the #899 timeline shape once bracketed by the orphan-recovery pause/resumed pair (0.096667ms)
✔ fails when there is no ⏱ Timing Log comment (0.063292ms)
✔ fails when the timing log has no data rows (0.050375ms)
✔ extractDataRows bounds the scan to the table and skips the separator (0.043334ms)
✔ findTimingLogBody returns the matching comment body (0.319125ms)
✔ bootstrap registers the validator on the shared singleton (51.095458ms)
✔ bootstrap imports V3 after V1 and V2 (0.527375ms)
✔ current explicit intervals and unknown process recovery retain complete lexical evidence at Review (22.5425ms)
✔ attributed inactive actors may remain paused while genuine issue stages advance (0.484041ms)
✔ lifecycle gaps account for genuine actor departure and return rows (2.971417ms)
✔ continuous nine-hour session is repaired without changing original rows or actor accounting (8.061958ms)
✔ continuity recovery refuses wrong session before writing (0.957208ms)
✔ continuity recovery refuses duplicate metadata before writing (0.791083ms)
✔ continuity recovery refuses unexplained gap before writing (0.753208ms)
✔ continuity recovery refuses real terminal before writing (1.988209ms)
✔ continuity recovery refuses user interruption before writing (0.815792ms)
✔ continuity recovery refuses non-monotonic before writing (0.471ms)
✔ continuity recovery refuses malformed timestamp before writing (0.417625ms)
✔ continuity recovery refuses truncated evidence before writing (0.520916ms)
✔ apply requires dry-run source, comment and transcript identities (1.390292ms)
✔ canonical source or completed transcript drift refuses before mutation (2.576ms)
✔ unexplained gaps and general backdating remain forbidden (0.342125ms)
✔ concurrent canonical or transcript change is refused under the apply boundary (4.901666ms)
✔ append-only events beyond the completed window preserve the accepted evidence (2.49525ms)
✔ remote readback failure cannot report a healed log (2.807ms)
✔ ambiguous timing actor windows refuse rather than inventing observations (0.356542ms)
✔ late insertion of historical transcript records cannot escape the pinned prefix (0.404792ms)
✔ duplicate tool observation identity refuses an ambiguous evidence window (0.445542ms)
✔ conflicting repair modes refuse before reading or writing (0.316083ms)
✔ AC1 — heal removes every idle and active-work row (84.679792ms)
✔ AC2 — develop:completed active == full span (idle reclassified away) (1.084708ms)
✔ AC3 — refine:completed splits span into active + bracket idle (0.724583ms)
✔ AC4 — stripped active-work Δ Words fold into develop:completed (0.429375ms)
✔ AC5 — healing is idempotent (heal twice == heal once) (2.989375ms)
✔ non-completion rows (started / switch-out / resumed) are untouched (0.4625ms)
✔ a log with no retired rows and correct completions is unchanged (1.151083ms)
✔ C6 — heal removes the bare `review` and `review-ready` rows (1.315708ms)
✔ C6 — the stripped review-cruft Δ Words fold into review:approved (0.365625ms)
✔ C6 — review-cruft heal is idempotent (0.905333ms)
✔ pre-f3a09cc bare `develop` reject row is requalified to `rejected:develop` (1.116625ms)
✔ bare `develop` reject requalify preserves every other cell byte-for-byte (1.835ms)
✔ a real `develop:started`/`develop:completed` pair is never requalified (0.642375ms)
✔ bare-reject-develop requalify is idempotent (0.554333ms)
✔ non-string input is returned unchanged (0.050041ms)
✔ post-terminal healing reproduces #1127 and preserves the authoritative prefix (0.500042ms)
✔ zero-value adjacent stop/resume pairs heal at the 0-second and 59-second boundaries (0.902ms)
▶ stop/resume healing preserves every conservative guard
  ✔ active cell carries value (0.141959ms)
  ✔ idle cell carries value (0.097292ms)
  ✔ active cell uses non-canonical zero (0.09075ms)
  ✔ idle cell uses non-canonical zero (0.090458ms)
  ✔ row-sec active carries value (0.11175ms)
  ✔ row-sec idle carries value (0.102292ms)
  ✔ word delta carries value (0.152792ms)
  ✔ word delta is unknown (0.138208ms)
  ✔ full word delta carries value (0.103375ms)
  ✔ full word delta is unknown (0.090958ms)
  ✔ word marker is absent (0.094542ms)
  ✔ word marker is invalid (0.097041ms)
  ✔ word marker changes (0.105ms)
  ✔ event spelling is non-canonical (0.088875ms)
  ✔ timestamp is invalid (0.096459ms)
  ✔ timestamps are reversed (0.104084ms)
  ✔ gap is 60 seconds (0.09525ms)
  ✔ rows are not adjacent (0.159208ms)
  ✔ row-sec marker is absent (0.191ms)
  ✔ row-sec marker is malformed (0.142208ms)
✔ stop/resume healing preserves every conservative guard (2.97775ms)
✔ removed stop/resume brackets feed the existing phase-duration recomputation (0.309042ms)
✔ review pass healing preserves the first outcome in each reset sequence (0.797ms)
▶ review pass healing preserves repeated outcomes whose zero value is unproven
  ✔ active value (0.125541ms)
  ✔ idle value (0.335083ms)
  ✔ non-canonical active zero (0.112ms)
  ✔ non-canonical idle zero (0.101708ms)
  ✔ impossible timestamp (0.098167ms)
  ✔ word delta (0.1025ms)
  ✔ full word delta (0.109084ms)
  ✔ changed word marker (0.104125ms)
  ✔ missing row-sec marker (0.098792ms)
  ✔ malformed row-sec marker (0.105042ms)
✔ review pass healing preserves repeated outcomes whose zero value is unproven (1.646625ms)
▶ malformed review boundaries break deletion eligibility until a valid restart
  ✔ review:started (0.159167ms)
  ✔ review:failed (0.138ms)
  ✔ review:approved (0.1815ms)
  ✔ update (0.11875ms)
✔ malformed review boundaries break deletion eligibility until a valid restart (0.739ms)
✔ mixed valueless-noise healing is byte-identical on a second pass (0.193916ms)
✔ recomputes a :completed row whose cached durations drifted after a retroactive departure insert (0.273834ms)
✔ drift repair is idempotent (0.274041ms)
✔ a log with no cached drift is returned byte-identical (0.371541ms)
✔ an unmatched span keeps its existing durations rather than regressing to zero (0.134625ms)
✔ a pre-v2 completion row without a row-sec marker is left to the legacy paths (0.179709ms)
✔ recomputeCompletedRows drives the drift repair standalone (0.794291ms)
ℹ tests 148
ℹ suites 0
ℹ pass 148
ℹ fail 0
ℹ cancelled 0
ℹ skipped 0
ℹ todo 0
ℹ duration_ms 255.256
