✖ continuous nine-hour session is repaired without changing original rows or actor accounting (6.647125ms)
✖ continuity recovery refuses wrong session before writing (1.017458ms)
✖ continuity recovery refuses duplicate metadata before writing (0.768709ms)
✖ continuity recovery refuses unexplained gap before writing (0.821667ms)
✖ continuity recovery refuses real terminal before writing (1.251333ms)
✖ continuity recovery refuses user interruption before writing (1.437792ms)
✖ continuity recovery refuses nonmonotonic before writing (0.789542ms)
✖ continuity recovery refuses malformed timestamp before writing (0.767917ms)
✖ continuity recovery refuses truncated evidence before writing (0.786084ms)
✖ apply requires dry-run source, comment and transcript identities (0.908417ms)
✖ canonical source or completed transcript drift refuses before mutation (0.991334ms)
✔ unexplained gaps and general backdating remain forbidden (0.453667ms)
ℹ tests 12
ℹ suites 0
ℹ pass 1
ℹ fail 11
ℹ cancelled 0
ℹ skipped 0
ℹ todo 0
ℹ duration_ms 308.208917

✖ failing tests:

test at scripts/tests/unit/task-tracker/lib/heal-timing-continuity.test.mjs:46:1
✖ continuous nine-hour session is repaired without changing original rows or actor accounting (6.647125ms)
  AssertionError [ERR_ASSERTION]: Expected values to be strictly equal:
  + actual - expected
  
  + 'already-canonical'
  - 'dry-run'
  
      at TestContext.<anonymous> (file:///Users/kpburson/projects/Vibe-Coding/ai-task-manager/.worktrees/1882-child-ci-integration/scripts/tests/unit/task-tracker/lib/heal-timing-continuity.test.mjs:51:10)
      at async Test.run (node:internal/test_runner/test:1404:7)
      at async startSubtestAfterBootstrap (node:internal/test_runner/harness:387:3) {
    generatedMessage: true,
    code: 'ERR_ASSERTION',
    actual: 'already-canonical',
    expected: 'dry-run',
    operator: 'strictEqual',
    diff: 'simple'
  }

test at scripts/tests/unit/task-tracker/lib/heal-timing-continuity.test.mjs:80:4
✖ continuity recovery refuses wrong session before writing (1.017458ms)
  AssertionError [ERR_ASSERTION]: Missing expected rejection.
      at async TestContext.<anonymous> (file:///Users/kpburson/projects/Vibe-Coding/ai-task-manager/.worktrees/1882-child-ci-integration/scripts/tests/unit/task-tracker/lib/heal-timing-continuity.test.mjs:82:3)
      at async Test.run (node:internal/test_runner/test:1404:7)
      at async Test.processPendingSubtests (node:internal/test_runner/test:969:7) {
    generatedMessage: false,
    code: 'ERR_ASSERTION',
    actual: undefined,
    expected: /timing-continuity/,
    operator: 'rejects',
    diff: 'simple'
  }

test at scripts/tests/unit/task-tracker/lib/heal-timing-continuity.test.mjs:80:4
✖ continuity recovery refuses duplicate metadata before writing (0.768709ms)
  AssertionError [ERR_ASSERTION]: Missing expected rejection.
      at async TestContext.<anonymous> (file:///Users/kpburson/projects/Vibe-Coding/ai-task-manager/.worktrees/1882-child-ci-integration/scripts/tests/unit/task-tracker/lib/heal-timing-continuity.test.mjs:82:3)
      at async Test.run (node:internal/test_runner/test:1404:7)
      at async Test.processPendingSubtests (node:internal/test_runner/test:969:7) {
    generatedMessage: false,
    code: 'ERR_ASSERTION',
    actual: undefined,
    expected: /timing-continuity/,
    operator: 'rejects',
    diff: 'simple'
  }

test at scripts/tests/unit/task-tracker/lib/heal-timing-continuity.test.mjs:80:4
✖ continuity recovery refuses unexplained gap before writing (0.821667ms)
  AssertionError [ERR_ASSERTION]: Missing expected rejection.
      at async TestContext.<anonymous> (file:///Users/kpburson/projects/Vibe-Coding/ai-task-manager/.worktrees/1882-child-ci-integration/scripts/tests/unit/task-tracker/lib/heal-timing-continuity.test.mjs:82:3)
      at async Test.run (node:internal/test_runner/test:1404:7)
      at async Test.processPendingSubtests (node:internal/test_runner/test:969:7) {
    generatedMessage: false,
    code: 'ERR_ASSERTION',
    actual: undefined,
    expected: /timing-continuity/,
    operator: 'rejects',
    diff: 'simple'
  }

test at scripts/tests/unit/task-tracker/lib/heal-timing-continuity.test.mjs:80:4
✖ continuity recovery refuses real terminal before writing (1.251333ms)
  AssertionError [ERR_ASSERTION]: Missing expected rejection.
      at async TestContext.<anonymous> (file:///Users/kpburson/projects/Vibe-Coding/ai-task-manager/.worktrees/1882-child-ci-integration/scripts/tests/unit/task-tracker/lib/heal-timing-continuity.test.mjs:82:3)
      at async Test.run (node:internal/test_runner/test:1404:7)
      at async Test.processPendingSubtests (node:internal/test_runner/test:969:7) {
    generatedMessage: false,
    code: 'ERR_ASSERTION',
    actual: undefined,
    expected: /timing-continuity/,
    operator: 'rejects',
    diff: 'simple'
  }

test at scripts/tests/unit/task-tracker/lib/heal-timing-continuity.test.mjs:80:4
✖ continuity recovery refuses user interruption before writing (1.437792ms)
  AssertionError [ERR_ASSERTION]: Missing expected rejection.
      at async TestContext.<anonymous> (file:///Users/kpburson/projects/Vibe-Coding/ai-task-manager/.worktrees/1882-child-ci-integration/scripts/tests/unit/task-tracker/lib/heal-timing-continuity.test.mjs:82:3)
      at async Test.run (node:internal/test_runner/test:1404:7)
      at async Test.processPendingSubtests (node:internal/test_runner/test:969:7) {
    generatedMessage: false,
    code: 'ERR_ASSERTION',
    actual: undefined,
    expected: /timing-continuity/,
    operator: 'rejects',
    diff: 'simple'
  }

test at scripts/tests/unit/task-tracker/lib/heal-timing-continuity.test.mjs:80:4
✖ continuity recovery refuses nonmonotonic before writing (0.789542ms)
  AssertionError [ERR_ASSERTION]: Missing expected rejection.
      at async TestContext.<anonymous> (file:///Users/kpburson/projects/Vibe-Coding/ai-task-manager/.worktrees/1882-child-ci-integration/scripts/tests/unit/task-tracker/lib/heal-timing-continuity.test.mjs:82:3)
      at async Test.run (node:internal/test_runner/test:1404:7)
      at async Test.processPendingSubtests (node:internal/test_runner/test:969:7) {
    generatedMessage: false,
    code: 'ERR_ASSERTION',
    actual: undefined,
    expected: /timing-continuity/,
    operator: 'rejects',
    diff: 'simple'
  }

test at scripts/tests/unit/task-tracker/lib/heal-timing-continuity.test.mjs:80:4
✖ continuity recovery refuses malformed timestamp before writing (0.767917ms)
  AssertionError [ERR_ASSERTION]: Missing expected rejection.
      at async TestContext.<anonymous> (file:///Users/kpburson/projects/Vibe-Coding/ai-task-manager/.worktrees/1882-child-ci-integration/scripts/tests/unit/task-tracker/lib/heal-timing-continuity.test.mjs:82:3)
      at async Test.run (node:internal/test_runner/test:1404:7)
      at async Test.processPendingSubtests (node:internal/test_runner/test:969:7) {
    generatedMessage: false,
    code: 'ERR_ASSERTION',
    actual: undefined,
    expected: /timing-continuity/,
    operator: 'rejects',
    diff: 'simple'
  }

test at scripts/tests/unit/task-tracker/lib/heal-timing-continuity.test.mjs:80:4
✖ continuity recovery refuses truncated evidence before writing (0.786084ms)
  AssertionError [ERR_ASSERTION]: Missing expected rejection.
      at async TestContext.<anonymous> (file:///Users/kpburson/projects/Vibe-Coding/ai-task-manager/.worktrees/1882-child-ci-integration/scripts/tests/unit/task-tracker/lib/heal-timing-continuity.test.mjs:82:3)
      at async Test.run (node:internal/test_runner/test:1404:7)
      at async Test.processPendingSubtests (node:internal/test_runner/test:969:7) {
    generatedMessage: false,
    code: 'ERR_ASSERTION',
    actual: undefined,
    expected: /timing-continuity/,
    operator: 'rejects',
    diff: 'simple'
  }

test at scripts/tests/unit/task-tracker/lib/heal-timing-continuity.test.mjs:86:1
✖ apply requires dry-run source, comment and transcript identities (0.908417ms)
  AssertionError [ERR_ASSERTION]: Missing expected rejection.
      at async TestContext.<anonymous> (file:///Users/kpburson/projects/Vibe-Coding/ai-task-manager/.worktrees/1882-child-ci-integration/scripts/tests/unit/task-tracker/lib/heal-timing-continuity.test.mjs:89:5)
      at async Test.run (node:internal/test_runner/test:1404:7)
      at async Test.processPendingSubtests (node:internal/test_runner/test:969:7) {
    generatedMessage: false,
    code: 'ERR_ASSERTION',
    actual: undefined,
    expected: /timing-continuity/,
    operator: 'rejects',
    diff: 'simple'
  }

test at scripts/tests/unit/task-tracker/lib/heal-timing-continuity.test.mjs:93:1
✖ canonical source or completed transcript drift refuses before mutation (0.991334ms)
  AssertionError [ERR_ASSERTION]: Missing expected rejection.
      at async TestContext.<anonymous> (file:///Users/kpburson/projects/Vibe-Coding/ai-task-manager/.worktrees/1882-child-ci-integration/scripts/tests/unit/task-tracker/lib/heal-timing-continuity.test.mjs:99:5)
      at async Test.run (node:internal/test_runner/test:1404:7)
      at async Test.processPendingSubtests (node:internal/test_runner/test:969:7) {
    generatedMessage: false,
    code: 'ERR_ASSERTION',
    actual: undefined,
    expected: /timing-continuity/,
    operator: 'rejects',
    diff: 'simple'
  }
