heal-timing-log-command.test.mjs: ok
node:internal/modules/run_main:107
    triggerUncaughtException(
    ^

AssertionError [ERR_ASSERTION]: Expected values to be strictly equal:

undefined !== 2

    at file:///Users/kpburson/projects/Vibe-Coding/ai-task-manager/.worktrees/1882-child-ci-integration/scripts/tests/unit/task-tracker/core/heal-timing-log-command.test.mjs:302:12 {
  generatedMessage: true,
  code: 'ERR_ASSERTION',
  actual: undefined,
  expected: 2,
  operator: 'strictEqual',
  diff: 'simple'
}

Node.js v24.20.0
✖ scripts/tests/unit/task-tracker/core/heal-timing-log-command.test.mjs (155.916833ms)
ℹ tests 1
ℹ suites 0
ℹ pass 0
ℹ fail 1
ℹ cancelled 0
ℹ skipped 0
ℹ todo 0
ℹ duration_ms 166.421666

✖ failing tests:

test at scripts/tests/unit/task-tracker/core/heal-timing-log-command.test.mjs:1:1
✖ scripts/tests/unit/task-tracker/core/heal-timing-log-command.test.mjs (155.916833ms)
  'test failed'
