✔ poolConcurrency reserves one core and never drops below 1 (0.723875ms)
✔ subprocessPoolConcurrency is capped at two and floored at one (0.153ms)
✔ slowPoolConcurrency is independently capped at two and floored at one (0.105333ms)
✔ runPool honors the reduced subprocess cap and preserves input order (24.515667ms)
✔ runPool keeps at most `concurrency` invocations in flight (67.104375ms)
✔ runPool returns results in input order despite reversed completion (49.230708ms)
✔ runPool handles an empty entry list (0.170959ms)
✔ runPool caps concurrency at the entry count for tiny lists (12.340125ms)
✔ runPool brackets every concurrent side effect (leak guard remains sound) (24.739333ms)
✔ spawnTestChild shapes a clean exit like spawnSync (144.682ms)
✔ spawnTestChild reports a non-zero exit code (68.9625ms)
✔ spawnTestChild timeout kills the child and surfaces ETIMEDOUT (178.214542ms)
✔ spawnTestChild enforces maxBuffer and surfaces ENOBUFS (114.540375ms)
✔ spawnTestChild propagates the caller-owned env policy to the child (134.50975ms)
✔ spawnTestChild resolves (never rejects) on a spawn failure (0.29575ms)
ℹ tests 15
ℹ suites 0
ℹ pass 15
ℹ fail 0
ℹ cancelled 0
ℹ skipped 0
ℹ todo 0
ℹ duration_ms 824.47025
