Closed #9184. Delivery merge-method waived (requirement=delivery.verification.merge-method).
✔ no grant preserves the original merged method refusal without terminal writes (7.807916ms)
✔ exact grant produces one v3 intent, immutable burn, one v4 receipt, and idempotent retry (42.578667ms)
✔ synthetic historical waiver reaches the close receipt gate with method visibly waived (332.584083ms)
✔ grant expiry after v3 intent readback refuses the burn and leaves no receipt (7.659959ms)
✔ revocation observed at the effect boundary leaves the confirmed intent unburned (6.334334ms)
✔ two independent verification failures refuse before intent reservation (2.292417ms)
✔ scope drift before intent reservation prevents any journal write (2.4945ms)
✔ fresh approval after pre-reservation issue re-scoping selects the revised grant (13.165792ms)
✔ scope drift after v3 readback leaves approval unburned and no receipt (4.466ms)
✔ confirmed burn and receipt remain replayable after the grant expires (19.119625ms)
✔ advanced local HEAD still replays the pinned v4 receipt without publication (18.362ms)
✔ advanced local HEAD resumes an exact confirmed burn before receipt publication (16.467625ms)
✔ completed receipt uses pinned provider observation when retry read omits it (18.570375ms)
✔ revocation recorded after the burn leaves the historical receipt verifiable (21.005833ms)
✔ unresolved receipt publication burns approval and never posts on retry (18.492417ms)
✔ two concurrent deliver contenders project one v3 successor and one burn (14.382042ms)
✔ lost v3 intent response is resolved from exact comment readback (10.297292ms)
✔ another host completing v4 between intent confirmation and readback is adopted exactly (17.933125ms)
✔ two authorized operations naming one predecessor refuse before either reserves it (2.769334ms)
✔ stale per-host grant views for distinct operations still reserve one predecessor (15.506584ms)
ℹ tests 20
ℹ suites 0
ℹ pass 20
ℹ fail 0
ℹ cancelled 0
ℹ skipped 0
ℹ todo 0
ℹ duration_ms 596.676791
