✔ action capture exposes one stable schema identifier (0.504125ms)
✔ classifies governed issue mutation families (0.4935ms)
✔ classifies project, GraphQL, and REST mutations (0.211542ms)
✔ classifies GitHub reads without inventing a mutation kind (0.117958ms)
✔ enablement and issue storage are anchored in the main worktree (2823.791417ms)
✔ writes an ordered intent before a separate outcome without changing exact safe bytes (1764.857166ms)
✔ stores exact request files alongside argv and stdin metadata (1476.913458ms)
✔ keeps hashes and sizes but omits credential-bearing request and response bytes (1969.475125ms)
✔ isolates issues and repositories while allocating stable unique sequences (3589.178458ms)
✔ prepares a shim environment only for an enabled active issue (1717.442208ms)
✔ operator control enables, reports, summarizes, and disables the active issue corpus (2121.155167ms)
✔ summarizes complete and incomplete actions, serialized bytes, payload bytes, and largest action (3248.42675ms)
ℹ tests 12
ℹ suites 0
ℹ pass 12
ℹ fail 0
ℹ cancelled 0
ℹ skipped 0
ℹ todo 0
ℹ duration_ms 18717.176291
