✔ production child reader retains complete paginated child identity and refuses malformed pages (1.796166ms)
✔ production worktree reader compares binding identity and observes dirty paths without writing (0.23ms)
✔ production delivery reader uses canonical parent lineage and current receipt evidence (2.209458ms)
✔ production delivery rejects evidence-v2 without invoking its mutating close runner (0.156875ms)
✔ production guard adapter reads dependencies and refuses missing local commit objects (0.51275ms)
✔ production close reaches ready with fresh authority and only read transports (10.81175ms)
✔ production close collector and terminal authority guard refuse changed delivery after ready (4.878833ms)
✔ production close observes workflow policy when a guard requires enrichment (3.210875ms)
✔ production close cannot select ordinary completion for a CLOSED GitHub issue in Review (1.311583ms)
✔ production close refuses issue-body changes even when semantic scope is unchanged (2.101084ms)
✔ production close refuses a changed issue revision with byte-identical body (1.894ms)
✔ production close cannot bypass pending recovery on an OPEN issue in Review (2.288208ms)
✔ production close retains immutable initial and current issue revisions (5.456125ms)
✔ ordinary close collects current authority without effects (2.2545ms)
✔ close fails closed on missing objects and retains independent guard blockers (1.990083ms)
✔ close cannot convert a missing receipt or child read into readiness (3.185208ms)
✔ production close adapter fails closed without read-only delivery and guard seams (0.681042ms)
✔ production guards pin both child and epic delivery proofs to the verified immutable tip (1.157667ms)
✔ collector preserves all seven fields on read failure and does not execute effects (0.324291ms)
✔ epic child refusals and independent child approval requests survive close collection (0.389625ms)
✔ close preserves approval requests alongside attribution investigation (0.66325ms)
✔ incorporated and malformed evidence-v2 authority cannot select a special close lane (0.714292ms)
✔ a current Review state selects sanctioned close navigation (0.061917ms)
✔ Done remains terminal and cannot select another close (0.043583ms)
✔ Review promotion delegates to the close collector (0.584875ms)
✔ close retains approval and investigation requests simultaneously (0.874959ms)
✔ missing workflow-policy reader is a typed indeterminate result (0.373459ms)
ℹ tests 27
ℹ suites 0
ℹ pass 27
ℹ fail 0
ℹ cancelled 0
ℹ skipped 0
ℹ todo 0
ℹ duration_ms 55.38
