✔ open-PR delivery explanation shares actual preflight and performs no effects (7.266542ms)
✔ stale PR head is blocked by the same exact-head preflight as execution (1.195708ms)
✔ missing provider capability blocks without shell merge guidance (1.110084ms)
✔ an unreadable delivery authority observation is indeterminate (3.274916ms)
✔ simultaneous unreadable sources retain both typed causes (0.641125ms)
✔ merged PR without a delivery receipt cannot claim ready from PR state alone (0.840875ms)
✔ merged PR reconstruction does not infer a provider action (0.638ms)
✔ merged PR with a live intent and exact read-only trunk proof is explainable (8.926625ms)
✔ merged PR without an intent is explainable when read-only external proof succeeds (1.597291ms)
✔ merged external proof retains source-attribution metadata warnings (1.402041ms)
✔ merged PR with a matching receipt remains explainable without new records (5.646917ms)
✔ default merged proof ports observe remote and local trunk without fetching refs (0.700959ms)
✔ default delivery dependency advertises only the configured provider-action capability (0.142083ms)
✔ a stale local trunk mirror cannot prove merged delivery readiness (2.499291ms)
✔ merged intent cannot explain ready after configured method diverges (3.425334ms)
✔ issue-resident no-commit delivery is explainable without a merge provider (1.034ms)
✔ production reader selects the current head among historical branch PRs (0.716875ms)
✔ production reader reports an unavailable initial issue without throwing or effects (0.6525ms)
✔ delivery body drift between observed issue and preflight snapshot is indeterminate (0.500792ms)
✔ delivery snapshot cannot claim ready at a different observed worktree HEAD (0.466542ms)
✔ missing exact-head human PR approval is a typed request, not ready (0.543917ms)
✔ ineligible manual code reviewer blocks rather than becoming indeterminate (0.463042ms)
✔ missing complete delivery-record inventory cannot explain ready (0.453667ms)
✔ historical recovery is not silently offered as a ready default delivery (0.506792ms)
✔ malformed v2 evidence marker cannot fall through to v1 delivery readiness (0.640167ms)
✔ an existing intent whose authorized merge method diverges cannot explain ready (1.214042ms)
✔ a prior-head intent may be superseded by fresh exact-head execution (1.594125ms)
✔ an existing no-commit delivery record with a different accepted head blocks readiness (1.187625ms)
✔ execution refuses a changed PR head after a prior ready explanation (3.426459ms)
✔ execution refuses revoked review authorization after a prior ready explanation (0.974959ms)
✔ execution refuses withdrawn exact-head human PR approval after explanation (1.407916ms)
✔ execution refuses changed CI after a prior ready explanation (0.813666ms)
✔ execution refuses changed ledger after a prior ready explanation (0.737458ms)
✔ execution refreshes PR head after preflight and before posting an intent (0.620875ms)
✔ execution refreshes lineage before posting an intent (0.448958ms)
ℹ tests 35
ℹ suites 0
ℹ pass 35
ℹ fail 0
ℹ cancelled 0
ℹ skipped 0
ℹ todo 0
ℹ duration_ms 66.1975
