✔ complete shared guards skip policy transport on a ready baseline (1.158167ms)
✔ qualifying refusal loads policy once and replaces the entire baseline result (0.220875ms)
✔ a non-applicable exception does not erase an ordinary guard refusal (0.149375ms)
✔ failed required policy collection is indeterminate and preserves known refusals (0.288875ms)
✔ malformed complete guard output never passes shared execution (0.206167ms)
✔ a completed promotion adapter without an outer effect ledger is indeterminate (4.598875ms)
✔ a complete read-only adapter can report ready from one observed body (0.476208ms)
✔ an adapter without an outer effect ledger cannot claim readiness (0.320125ms)
✔ an ineligible action cannot become ready through a supplied target (0.417708ms)
✔ lazy guard reads join the same attempt and memoize one physical read (0.7215ms)
✔ waivable explanation observes one body and one policy transport, then replaces guards (0.859ms)
✔ a scope-incompatible policy waiver cannot turn a known refusal ready (0.649125ms)
✔ failed required policy read retains the known refusal and adds an indeterminate cause (0.667791ms)
✔ a throwing shared read-only guard is indeterminate, not a ready result (0.491916ms)
✔ a thrown shared evaluator is a typed guard-error (0.445084ms)
✔ a malformed adapter result is separately classified as invalid (0.267291ms)
✔ incompatible issue body fails before any guard is evaluated (0.318917ms)
✔ missing required body source is an authority failure, not a skipped success (0.256833ms)
✔ known blocked refusal, warning and human request remain complete (0.385458ms)
✔ the complete result retains normalization intent and hashes its inputs (0.67225ms)
✔ an attempted effect stays visible outside guard conversion and forbids readiness (1.202166ms)
✔ exact remote tip needs a complete non-shallow local graph without fetch (0.364458ms)
✔ missing or shallow remote-tip history is attribution-unavailable (0.220833ms)
✔ exact tip is admitted only as a pinned delivery observation (0.326958ms)
✔ complete exact remote tip scopes the existing attribution predicate to its SHA (0.192458ms)
✔ incomplete exact remote history never invokes attribution (0.0755ms)
✔ configured local trunk ref retains explicit local provenance and scopes attribution (0.171292ms)
✔ bare local trunk fallback resolves only the qualified local branch (0.185291ms)
ℹ tests 28
ℹ suites 0
ℹ pass 28
ℹ fail 0
ℹ cancelled 0
ℹ skipped 0
ℹ todo 0
ℹ duration_ms 24.945709
