✔ direct Review and Test-state Promote share ready evidence without effects (8.12025ms)
✔ Review routing uses its complete collector even when generic guards are available (1.197375ms)
✔ Review guards receive project config and a read-only dependency reconciliation port (1.07725ms)
▶ Review explanation refuses stale HEAD, unreadable evidence, and board drift
  ✔ stale HEAD (1.218ms)
  ✔ unreadable preflight (1.059667ms)
  ✔ board drift (1.56225ms)
✔ Review explanation refuses stale HEAD, unreadable evidence, and board drift (4.2105ms)
✔ Review preserves simultaneous typed preflight refusals without exposing prose (1.266125ms)
✔ Review retains independent preflight and completeness blockers together (0.709583ms)
✔ Review does not accept a contradictory successful preflight carrying refusals (0.697666ms)
✔ Review refuses a stale exact-HEAD Test receipt even when preflight and guards pass (1.071625ms)
✔ Review execution refuses a stale Test receipt after a ready collector decision (1580.162583ms)
✔ Review refuses a preflight computed from a different issue-body revision (0.834375ms)
✔ Review reports a projected Functional DoD normalization without persistence (3.403417ms)
✔ Review guards receive the current directory-backed Test evidence from preflight (0.845208ms)
✔ Review refuses contradictory directory Test evidence read at one boundary (1.876833ms)
✔ real Test-to-Review guards refuse missing exact-HEAD Test proof and incomplete ACs (87.48975ms)
✔ Review resident reruns only incomplete evidence and does not recommend close (0.972709ms)
✔ Review-state Promote delegates to Close rather than a Review rerun (2.074959ms)
✔ live Review read adapter refreshes issue, board, HEAD, and preflight at this boundary (1.183ms)
✔ live Review-state adapter selects a rerun only after current semantic policy is read (1.7955ms)
✔ live Review-state policy read failure is typed indeterminate, never a rerun grant (0.695666ms)
✔ initial Review authority read failure is typed indeterminate (0.091958ms)
✔ resident ledger comment reader fetches the exact GitHub comment read-only (0.13675ms)
✔ active semantic waiver with failed Review marker selects self-rerun (0.962166ms)
✔ Review re-entry with a clean older ledger head still selects current resident work (1.765875ms)
ℹ tests 26
ℹ suites 0
ℹ pass 26
ℹ fail 0
ℹ cancelled 0
ℹ skipped 0
ℹ todo 0
ℹ duration_ms 1706.35925

⛔ Refusing to move #1667 to Review:
   BLOCKED: Test receipt SHA no longer matches HEAD

Resolve the blockers above, then retry `/task review #1667`.

