✔ rebind remains a cursor trigger, not a session action (1.08025ms)
✔ read-only bind reports skipped required authority as indeterminate (2.730209ms)
✔ the execution TT_SKIP_NETWORK setting skips required explanation reads (0.70675ms)
✔ disabled assignee match remains ready only with complete matching board and marker (0.731917ms)
✔ disabled assignee match does not conceal a missing board read (0.481833ms)
✔ a body without a last-known-state marker is indeterminate (0.545167ms)
✔ a board and body-marker disagreement blocks bind readiness (0.399875ms)
✔ a mismatched worktree blocks bind readiness (0.60475ms)
✔ an unreadable worktree match is indeterminate, not ready (0.456667ms)
✔ a conflicting occupancy blocks bind before any claim (0.505208ms)
✔ an implicit resume cannot target a different active issue (0.477708ms)
✔ no-argument resume is not ready without a paused session (0.678083ms)
✔ no-argument resume is ready for its paused last issue (0.770792ms)
✔ migration freeze blocks a complete session decision without a side effect (0.698625ms)
✔ enabled ownership check blocks a foreign owner (0.646833ms)
✔ enabled ownership check blocks multiple owners and treats unknown identity as indeterminate (0.993625ms)
✔ a conflicting local configuration observation cannot yield a ready decision (0.613333ms)
✔ missing repository configuration is indeterminate even with a complete board fixture (0.440375ms)
✔ observed state drift and migration freeze agree with the execution preflight (2.289917ms)
✔ production session reads and execution refresh the same changed board authority (35.208416ms)
✔ cold numeric bind, switch, and explicit resume select the same fresh target (118.404167ms)
✔ foreign ownership blocks both production explanation and execution preflight (31.313875ms)
✔ another issue occupying the target worktree blocks readiness and the real claim (1783.151ms)
✔ a body changing between scope selection and observation is indeterminate (34.3495ms)
✔ a readable stub body without scope sections is an issue-body authority failure (35.95575ms)
✔ real injected resume execution refreshes freeze and preserves its exit 14 refusal (8207.753208ms)
✔ early promotion readiness retains an unmapped complete-guard refusal (1.662334ms)
✔ typed plan approval remediation survives complete guard projection (0.366584ms)
✔ unknown and conflicting early state authority never yields a target grant (0.331ms)
✔ early promotion readiness follows all four canonical forward edges (0.830667ms)
✔ a migration freeze discovered after explanation blocks early promotion readiness (0.226167ms)
✔ terminal Done has no executable early promotion target (0.069459ms)
✔ later promotion delegate stays pending with a valid navigation blocker (0.076167ms)
✔ skipped remote authority cannot yield ready early promotion (0.08ms)
✔ TT_SKIP_NETWORK also skips early promotion authority without a caller flag (0.084334ms)
✔ read-only dependency readiness does not reconcile disposition (0.346833ms)
✔ a ready early explanation is not a grant after dependency readiness changes (0.683791ms)
✔ a migration freeze activated before locked execution refuses without reading or moving (0.062917ms)
✔ early readiness shares execution session policy and story-intent resolver (0.160917ms)
✔ a real plan-approval guard refuses the same missing marker in explanation and execution (0.759458ms)
✔ complete production early registry retains field, parent, dependency, contiguity, and plan refusals (1954.503917ms)
✔ production evaluator routes a complete bind collector and finishes one v2 attempt (2.834ms)
✔ production evaluator routes complete early promotion without an effect (0.951375ms)
✔ production evaluator routes explicit resume through complete session authority (1.05925ms)
✔ v2 navigation rejects rebind and unresolved state while keeping Done terminal (7.067584ms)
✔ terminal Done refuses an effect, stale authority, and rebind without a false grant (2.004709ms)
✔ a ready v2 explanation never authorizes stale promotion execution (0.559666ms)
✔ v2 early promotion preserves typed plan-approval remediation and human request (1.243833ms)
✔ matching recorded and live state selects one canonical early edge (0.580375ms)
✔ missing effect ledger does not erase unknown navigation authority (1.45425ms)
✔ session navigation refuses a stale proposed state despite internally matching board and marker (0.9925ms)
✔ network-skipped early promotion emits valid v2 uncertainty without remote reads (0.4265ms)
ℹ tests 52
ℹ suites 0
ℹ pass 52
ℹ fail 0
ℹ cancelled 0
ℹ skipped 0
ℹ todo 0
ℹ duration_ms 12247.76275
