▶ direct Test and Develop Promote explain the same ready entry without effects
  ✔ direct Test from Develop (7.358042ms)
  ✔ direct Test self-rerun from Test (1.140208ms)
  ✔ Promote from Develop (0.75325ms)
✔ direct Test and Develop Promote explain the same ready entry without effects (9.96875ms)
✔ accepted directory-backed Test evidence does not require legacy VCs or sandbox (1.225667ms)
✔ Review-state Test request is not advertised as runnable (0.586125ms)
✔ Test entry needs an explicit project directory for command and provider authority (0.809625ms)
✔ Test entry resolves the bound project directory when the caller omits it (0.868125ms)
✔ Test explanation reports missing Verification Commands without effects (1.731458ms)
✔ Test entry preserves simultaneous declaration and Develop-exit refusals (0.767042ms)
✔ Test entry aggregates independent binding and declaration blockers (0.513292ms)
▶ Test explanation reports mismatched HEAD, binding, and malformed receipt authority
  ✔ worktree HEAD (0.488167ms)
  ✔ session binding (0.40275ms)
  ✔ claimed receipt (0.579917ms)
✔ Test explanation reports mismatched HEAD, binding, and malformed receipt authority (1.692958ms)
✔ Test explanation names an unavailable required authority read and makes no effects (0.59875ms)
✔ network-skipped Test entry is indeterminate without an empty observation attempt (0.312416ms)
✔ malformed observed HEAD is indeterminate, not blocked or ready (0.6565ms)
✔ a required workflow-policy read failure remains indeterminate for Test entry (1.289417ms)
✔ a configured provider rejected by execution is blocked in Test explanation (1.049458ms)
✔ real Develop-exit guards explain the affected AC and repair on Test and Promote (834.345334ms)
✔ Test entry retains registered guard warnings while remaining blocked (0.775583ms)
✔ a missing Develop-final receipt is runnable resident work, not completed proof (0.55375ms)
✔ a ready Test explanation does not predetermine a later red locked execution (2.938292ms)
✔ production Test read adapter rechecks live body and board at a fresh boundary (0.677ms)
✔ production adapter rejects directory evidence whose accepted record epoch is stale (0.795625ms)
✔ the locked Test wrapper supplies the production preflight by default (0.138375ms)
✔ locked Test execution refuses a freshly blocked entry before any sandbox effect (0.1695ms)
ℹ tests 28
ℹ suites 0
ℹ pass 28
ℹ fail 0
ℹ cancelled 0
ℹ skipped 0
ℹ todo 0
ℹ duration_ms 866.051834
