Started #1857.
Paused #1857: +Unknown active min (wall 0), +0 words. Use "/task resume" to resume.
Resumed #1857.
✔ question hooks close only their own actor interval and resume without charging the wait (16112.442125ms)
✔ question reply ambiguity retains the original row and replays before resuming (17571.031708ms)
✔ question marker cannot substitute another event for the frozen resume (12257.670291ms)
✔ question hook respects its own manual pause without creating a resume marker (3687.45525ms)
✔ flush preserves genuine own wall interval and unknown estimate despite another actor tail (8273.304375ms)
✔ first attributed interruption retains observed cursor delta without a fabricated opener (7950.361875ms)
✔ update preserves cumulative actor cursor and unknown total after an unavailable estimate (9589.622125ms)
✔ real start pause and resume retain one actor identity and explicit current boundaries (18399.53725ms)
✔ phase boundary flushes own actor interval and shared lifecycle rows do not duplicate actor work (10449.307458ms)
✔ Test interlock records actual verification engagement from a paused own binding (14530.07775ms)
✔ status distinguishes missing activity observation from zero work (3250.395667ms)
✔ failed Test execution retains both its failure and actual actor work (11265.017667ms)
✔ session tracking initializes a versioned own cursor and refuses corrupt existing authority (1569.282667ms)
✔ failed publication retains original row and cursor, then exact replay precedes new work (13804.778708ms)
✔ publication cannot overwrite a concurrently changed own timing boundary (7687.459625ms)
✔ Review human handoff flushes actual actor work before pausing its own binding (12591.325125ms)
✔ compaction hooks use the same actor journal and never resume a paused binding (21659.399291ms)
✔ session restart records unknown prior work without synthesizing historical active or idle time (16178.765666ms)
✔ actual hook entrypoint refuses a foreign payload actor before mutating timing state (3544.57775ms)
✔ actual idle SessionStart preserves cumulative actor word evidence (5649.595167ms)
ℹ tests 20
ℹ suites 0
ℹ pass 20
ℹ fail 0
ℹ cancelled 0
ℹ skipped 0
ℹ todo 0
ℹ duration_ms 216034.116625
