coverage-source-edit-gate.test.mjs: ok
✔ normalizePath: empty → empty, relative → posix, outside → abs (0.784375ms)
✔ isAllowlistedPath: empty false, .tmp/ true, scratch true, src false (0.102333ms)
✔ decide: non-gated tool → allow (0.215ms)
✔ decide: chore-mode → allow bypass (0.33125ms)
✔ decide: allowlisted path → allow (0.115708ms)
✔ decide: no bound issue → block (0.077583ms)
✔ decide: pre-develop state → block state-gate (0.113958ms)
✔ decide: historical On Deck state remains a pre-develop block (0.11325ms)
✔ decide: develop but markers missing → block marker-gate (0.177375ms)
✔ decide: develop + both markers → allow (0.123459ms)
✔ loadBoundIssue: no state file → null (2.252041ms)
✔ loadBoundIssue: numeric active → #N (1.717792ms)
✔ loadBoundIssue: discover/plan sentinels → null (2.888333ms)
✔ cacheFilePath: lands under .ai-task-manager/.cache (0.157166ms)
✔ readCache: missing file → null; write then read → hit (1.680625ms)
✔ readCache: wrong issue → null (1.155125ms)
✔ readCache: stale entry → null (1.153375ms)
✔ fetchIssueSignals: shared exact-project snapshot supplies state and ownership (2.043916ms)
✔ fetchIssueSignals: name shape → canonical state (1.216209ms)
✔ fetchIssueSignals: historical display name and legacy config key map to Ready for Planning (1.373583ms)
✔ resolveIssueSignals: cache miss fetches then warms cache (2.231291ms)
✔ runHook: non-gated tool → allow (0.259917ms)
✔ runHook: no project dir → allow (0.168291ms)
✔ runHook: chore-mode bypass (7.601167ms)
✔ runHook: bound + develop + markers via injected resolve → allow (5.621ms)
✔ runHook: resolve throws → falls through to refuse pre-develop default (5.615709ms)
✔ runHook: findProjectDir honours env override (1.7625ms)
ℹ tests 27
ℹ suites 0
ℹ pass 27
ℹ fail 0
ℹ cancelled 0
ℹ skipped 0
ℹ todo 0
ℹ duration_ms 70.535167
