✔ omitted creator story keeps body, fields and Refine completion gates intact (456.428ms)
▶ create-issue.mjs --dry-run body is gate-compliant
  ✔ structural body gates (validateBody) (0.755792ms)
  ✔ required body sections present (0.15375ms)
  ✔ checkRequiredFields with seeded values + labels (0.069708ms)
  ✔ gate 1 — Assigned → Refine entry (planPriorityGate) (0.157708ms)
  ✔ gate 2 — Refine → Plan exit body half (planRefinementEstimate) (0.500958ms)
  ✔ gate 3 — Refine → Plan exit board half (gateRefineToPlan) (0.414375ms)
  ✔ gate 4 — Plan → Develop entry (planDeepDiveGate) (0.576916ms)
  ✔ DoD functional lines carry dod:functional:* suffixes (0.128584ms)
  ✔ body-version marker emitted (0.175875ms)
  ✔ parent provenance field emitted exactly once in Story Origin (0.072ms)
  ✔ numbered ACs were normalized to checkbox form (0.202625ms)
✔ create-issue.mjs --dry-run body is gate-compliant (391.955375ms)
ℹ tests 13
ℹ suites 0
ℹ pass 13
ℹ fail 0
ℹ cancelled 0
ℹ skipped 0
ℹ todo 0
ℹ duration_ms 851.884917
