✔ defect shape applies bug taxonomy exactly once and leaves legacy shapes unchanged (1.454ms)
✔ defect shape forwards the governed solo inputs plus defect-specific renderer inputs (0.459791ms)
✔ defect dry-run renders a real User Story, diagnostic sections, and governed lifecycle tail (439.9425ms)
✔ creator and preflight public help advertise the defect shape (242.596875ms)
✔ generated bug form and label workflow use the canonical prefix authority (0.908166ms)
✔ label workflow normalizes internal bug forms through the defect intake adapter (0.251291ms)
✔ web form parser returns normalized named sections (0.35725ms)
✔ web defect normalization maps form fields through the same renderer and stamps Backlog (1.604209ms)
✔ web defect normalization refuses default ACs without honest verifier evidence (192.654042ms)
✔ web normalization is a fixed point and excludes non-bug and beta-report issues (0.21375ms)
✔ shared creation rule maps conversational defect intent to the defect shape (0.672041ms)
✔ full-auto local defects are created before the parent blocker protocol (0.705958ms)
✔ all sanctioned-shape instruction and guard surfaces include defect (2.606875ms)
✔ workflow guide documents defect as a sanctioned local shape (1.054708ms)
ℹ tests 14
ℹ suites 0
ℹ pass 14
ℹ fail 0
ℹ cancelled 0
ℹ skipped 0
ℹ todo 0
ℹ duration_ms 895.016125
preflight-issue: --user-story-file story-shape-invalid: Use exactly three lines without bullets: As a/an, I want to, So that
