✔ two clones share one durable intent, burn OID, and receipt (3778.737625ms)
✔ remote identity mismatch refuses before a push (135.596459ms)
✔ separate processes race two burn grants and retain one immutable burn (1777.356ms)
✔ burn push crash checkpoints reconcile one burn and never publish a receipt (5096.140083ms)
✔ lost burn push response reconciles exactly one remote burn (2214.124833ms)
✔ fresh authority refuses expired or revoked grant after intent reservation (2966.818666ms)
✔ two operations racing one original intent yield one reservation and one POST (920.100417ms)
✔ branch write refusal leaves no journal ref or provider comment (489.239584ms)
✔ validated reader refuses a force reset of a seen journal (976.510167ms)
✔ reader rejects an unknown schema anywhere in remote history (1800.863709ms)
✔ production adapter rejects a local remote without explicit test allowance (228.039334ms)
✔ same owner and repository on a different host cannot be journal authority (229.879666ms)
✔ configured second push URL refuses before any journal I/O (237.150791ms)
✔ fresh clone does not recreate deleted journal when exact intent comment survives (1811.415541ms)
✔ fresh clone rejects a pinned burn OID missing from rewound history (2823.582583ms)
✔ separate processes publish one v3 intent and one v4 receipt across two clones (3629.222916ms)
✔ intent request survives process crashes without a second POST (7077.730458ms)
✔ receipt request survives process crashes without a second POST (21003.850458ms)
ℹ tests 18
ℹ suites 0
ℹ pass 18
ℹ fail 0
ℹ cancelled 0
ℹ skipped 0
ℹ todo 0
ℹ duration_ms 57201.4605
