✔ spawn timeout reports command arguments and both captured streams (2007.158167ms)
✔ spawn buffer overflow reports command arguments and both captured streams (40.331167ms)
✔ blocked script detection rejects npm 12 multiline postinstall (0.493875ms)
✔ blocked script detection rejects multiline without npm log prefixes (0.1185ms)
✔ blocked script detection rejects same-line warning (0.090041ms)
✔ blocked script detection permits unrelated package (0.059875ms)
✔ blocked script detection permits similar package name (0.055584ms)
✔ blocked script detection permits AITM mentioned by another script (0.043042ms)
✔ blocked script detection permits blocked text inside another script (0.055833ms)
✔ blocked script detection permits AITM outside warning block (0.093167ms)
✔ blocked script detection permits no blocked scripts (0.048333ms)
✔ restrictive downstream tarball install runs CLI and generated provider hooks without an alias (13942.979458ms)
ℹ tests 12
ℹ suites 0
ℹ pass 12
ℹ fail 0
ℹ cancelled 0
ℹ skipped 0
ℹ todo 0
ℹ duration_ms 16095.991666
