✔ fresh processes reject an old identity after a tracked override enters the index (439.412208ms)
✔ cold compile and fresh-process agent load do not require human artifact (320.705583ms)
✔ fresh manifest and human loads skip parser and validator calls (417.348583ms)
✔ invalid ordinary load is manifest-only while explicit diagnostics load remains warm (1098.958041ms)
✔ a corrupted invalid manifest cannot authorize an operational route (400.372667ms)
✔ a valid manifest missing required fingerprints is rebuilt (243.318666ms)
✔ missing, corrupt, schema-mismatched, and digest-mismatched artifacts rebuild (918.895875ms)
✔ a missing or truncated human artifact rebuilds only on explicit human demand (423.782375ms)
✔ an artifact changed just after manifest publication cannot be accepted as a mixed generation (407.597042ms)
✔ a source changed on both cold read attempts refuses indeterminate without publishing (1069.638834ms)
✔ operational admission uses a warm manifest without validator calls (421.602417ms)
✔ explicit validation loads warm diagnostics without invoking the validator (432.860458ms)
✔ explicit refresh bypasses a warm manifest and parses exactly once (362.232125ms)
✔ source replacement with preserved mtime changes the cache identity (26.355584ms)
✔ chmod changes source ctime even when catalog bytes are unchanged (24.496708ms)
✔ source observation detects project override adoption without reading YAML (71.422625ms)
✔ override adoption and deletion invalidate an earlier package result (404.54425ms)
✔ an explicitly selected Git index cannot reuse the default index identity (100.730291ms)
✔ a linked .git file resolves its own effective worktree index (182.272792ms)
✔ a split-index shared file change invalidates the worktree index identity (99.582875ms)
✔ candidate validation identity never equals active-project validation identity (81.029667ms)
✔ runtime and published-digest changes invalidate an otherwise identical source (105.011584ms)
✔ a candidate path cannot reuse active package validation (106.732ms)
✔ CI cache budgets reject a timing that consumes the reserved headroom (1.247416ms)
✔ nested package preferences help is a recovery route before cache admission (0.058125ms)
✔ concurrent cold writers leave one digest-consistent warm generation (419.367042ms)
✔ one process memoizes a verified agent index without sharing mutable results (176.889625ms)
ℹ tests 27
ℹ suites 0
ℹ pass 27
ℹ fail 0
ℹ cancelled 0
ℹ skipped 0
ℹ todo 0
ℹ duration_ms 8760.719708
