✔ pins all eight immutable #1558 context limits (0.811042ms)
✔ projects the same complete ordered lifecycle for both adapters without replacing frozen evidence (21.621334ms)
✔ classifies expanded known responses as operational output (2.466959ms)
✔ committed paired lifecycle report regenerates from exact captured and frozen bytes (912.610167ms)
✔ v2 heavy presentation retains typed operational dependency values (908.208875ms)
✔ accounts for every raw event byte with disjoint categories and scoped rounding (0.239167ms)
✔ calibrates named lifecycle boundaries from the preserved public CLI capture (642.803709ms)
✔ committed tokenizer calibration regenerates from the exact source capture (318.44325ms)
✔ calibrates raw streams with a named real encoding and keeps proxy separate (311.398625ms)
✔ refuses missing or double counted event traffic (0.362708ms)
✔ requires identical scenario and authority identities on both sides (0.970917ms)
✔ does not pass the frozen 14-scenario baseline against the 24-event recertification (1.474417ms)
ℹ tests 12
ℹ suites 0
ℹ pass 12
ℹ fail 0
ℹ cancelled 0
ℹ skipped 0
ℹ todo 0
ℹ duration_ms 3125.727459
