✔ hookStampKey hashes the complete normalized identity without exposing the sid (0.900917ms)
✔ claimHookStamp deduplicates exact identities and anchors sibling worktrees together (1855.328667ms)
✔ claimHookStamp propagates non-EEXIST write errors (1113.54625ms)
✔ isPausedTask: returns true when entry status is "paused" (0.186792ms)
✔ isPausedTask: returns false when entry status is "active" (0.079875ms)
✔ isPausedTask: returns false when entry status is "done" (0.048417ms)
✔ isPausedTask: returns false when entry is absent (post-close) (0.052709ms)
✔ isPausedTask: returns false when lastActive is null (0.052666ms)
✔ isPausedTask: returns false when lastActive is undefined (0.074166ms)
✔ isPausedTask: returns false when fleet is null (0.131292ms)
✔ isPausedTask: returns false when entry has no status field (0.072ms)
✔ isTerminalIssueState: true for CLOSED (case-insensitive, padded) (0.099083ms)
✔ isTerminalIssueState: false for OPEN and unknown/nullish (fail-open) (0.048667ms)
✔ fetchIssueState: returns trimmed state from injected runner (0.183791ms)
✔ fetchIssueState: returns null on runner error (offline fail-open) (0.152708ms)
✔ fetchIssueState: returns null for non-numeric / missing active ref (0.069209ms)
✔ fetchIssueState: returns null when runner yields empty stdout (0.045042ms)
✔ claimRecoveryOnce: first call wins, second call for same path loses (17.223125ms)
✔ claimRecoveryOnce: a fresh path in the same dir wins independently (13.601584ms)
✔ buildOrphanRecoveryRowSpecs: below threshold posts a single active session-end-recovery row (0.15525ms)
✔ buildOrphanRecoveryRowSpecs: at the threshold still posts the active row (boundary is exclusive) (0.046792ms)
✔ buildOrphanRecoveryRowSpecs: above threshold posts an honest pause/resumed pair, no fabricated active time (0.046ms)
✔ terminal state lookup accepts the actual hash-prefixed binding reference (0.076584ms)
ℹ tests 23
ℹ suites 0
ℹ pass 23
ℹ fail 0
ℹ cancelled 0
ℹ skipped 0
ℹ todo 0
ℹ duration_ms 3006.368666
