✔ body verifier accepts draft prose while retaining the heading: blank (4.581292ms)
✔ body verifier accepts draft prose while retaining the heading: template (0.306375ms)
✔ body verifier compares the expected story payload, including empty drafts (0.774166ms)
✔ verifyIssueBody: canonical body passes (0.711042ms)
✔ verifyIssueBody: requires a complete current-schema User Story (0.3475ms)
✔ verifyIssueBody: requires User Story to be the first H2 section (0.235417ms)
✔ verifyIssueBody: rejects legacy and missing AC verifier declarations (0.397625ms)
✔ verifyIssueBody: missing Scope (0.127875ms)
✔ verifyIssueBody: ## Problem accepted in place of ## Scope (0.132625ms)
✔ verifyIssueBody: missing Story Origin (0.165916ms)
✔ verifyIssueBody: empty or prose-only Story Origin is malformed (0.240333ms)
✔ verifyIssueBody: metadata sections reject nested headings (0.171625ms)
✔ verifyIssueBody: flatness check accepts heading whitespace and CRLF grammar (1.0935ms)
✔ verifyIssueBody: missing Plan Metadata (0.184875ms)
✔ verifyIssueBody: Story Origin must precede Plan Metadata (0.108125ms)
✔ verifyIssueBody: Scope must precede Story Origin (0.091958ms)
✔ verifyIssueBody: DoD present but missing ### Functional subheader (0.197917ms)
✔ verifyIssueBody: DoD present but missing ### Lifecycle subheader (0.142792ms)
✔ verifyIssueBody: missing Acceptance Criteria (0.075042ms)
✔ verifyIssueBody: missing Definition of Done (0.147292ms)
✔ verifyIssueBody: missing Pickup Directive heading (0.0855ms)
✔ verifyIssueBody: malformed Pickup Directive (heading present, Follow line missing) (0.142791ms)
✔ verifyIssueBody: empty body lists every required section (0.072292ms)
✔ verifyIssueBody: tolerates lifecycle marker blocks between sections (0.089375ms)
✔ round-trip: preflight --shape sub-issue output passes verifyIssueBody (295.991417ms)
✔ epic creator handles omitted story before external writes (527.063375ms)
✔ epic creator handles blank story before external writes (515.142959ms)
✔ epic creator handles template story before external writes (482.930583ms)
✔ epic creator handles valid story before external writes (509.702333ms)
✔ epic creator handles malformed story before external writes (536.293958ms)
✔ epic creator handles administrative story before external writes (490.556459ms)
✔ solo creator handles omitted story before external writes (562.618ms)
✔ solo creator handles blank story before external writes (697.372291ms)
✔ solo creator handles template story before external writes (1079.642292ms)
✔ solo creator handles valid story before external writes (518.449375ms)
✔ solo creator handles malformed story before external writes (516.249417ms)
✔ solo creator handles administrative story before external writes (510.96125ms)
✔ sub-issue creator handles omitted story before external writes (677.2995ms)
✔ sub-issue creator handles blank story before external writes (604.070292ms)
✔ sub-issue creator handles template story before external writes (491.34225ms)
✔ sub-issue creator handles valid story before external writes (492.539667ms)
✔ sub-issue creator handles malformed story before external writes (489.544542ms)
✔ sub-issue creator handles administrative story before external writes (505.345375ms)
✔ defect creator handles omitted story before external writes (532.418416ms)
✔ defect creator handles blank story before external writes (507.61625ms)
✔ defect creator handles template story before external writes (506.614375ms)
✔ defect creator handles valid story before external writes (603.552292ms)
✔ defect creator handles malformed story before external writes (582.745417ms)
✔ defect creator handles administrative story before external writes (473.100291ms)
✔ create-issue --body-file: refuses non-canonical body with exit 4 (290.581792ms)
✔ create-issue --body-file --internal + env: bypasses verifier (622.619833ms)
✔ create-issue --body-file --internal without env: still refused (293.426208ms)
✔ create-issue --body-file: canonical body passes verifier and creates issue (587.10075ms)
ℹ tests 53
ℹ suites 0
ℹ pass 53
ℹ fail 0
ℹ cancelled 0
ℹ skipped 0
ℹ todo 0
ℹ duration_ms 15521.673708
