Paused #1857: +0 active min, +0 words. Use "/task resume" to resume.
nothing to pause
Paused #1857: +0 active min, +0 words. Use "/task resume" to resume.
nothing to pause
✔ review reproduction: legacy session cursor survives first actor flush (8871.255167ms)
✔ explicit pause after Test handoff is idempotent (13856.688625ms)
✔ explicit pause after Review handoff is idempotent (18709.835459ms)
✔ production Test sandbox admits real Git identity outside artifact roots (119.964041ms)
✔ upgrade cursor is scoped to the state-owning project, not ambient root (2991.663916ms)
✔ upgrade refuses invalid own cursor and never imports global timing history (2199.667083ms)
Stopped #1857: +0 active min, +0 words. Use "/task resume <N>" to return to it later.
✔ paused binding does not publish unmatched stop (16215.401791ms)
✔ paused binding does not publish unmatched switch-out:#1861 (11855.843458ms)
✔ paused binding does not publish unmatched switch-out (12320.700916ms)
ℹ tests 9
ℹ suites 0
ℹ pass 9
ℹ fail 0
ℹ cancelled 0
ℹ skipped 0
ℹ todo 0
ℹ duration_ms 87145.853875
