✔ a supported batch publishes a complete durable receipt and preserves synchronous return (1619.267833ms)
✔ the complete validation set and expected-before assertion refuse before any member changes (1180.424041ms)
✔ deletion remains journaled and completed retry cannot restore an older outcome over later writes (1770.880958ms)
✔ unfinished batch fences even its lease holder and exact resume completes the original outcome (1620.955208ms)
✔ SIGKILL at after-batch-journal preserves read refusal and exact confirmed-death replay (3381.977958ms)
✔ SIGKILL at after-batch-member-0 preserves read refusal and exact confirmed-death replay (2830.700083ms)
✔ SIGKILL at after-batch-member-1 preserves read refusal and exact confirmed-death replay (2832.815ms)
✔ SIGKILL at after-batch-member-stage-0 preserves read refusal and exact confirmed-death replay (6231.653458ms)
✔ SIGKILL at after-batch-journal-stage-publishing preserves read refusal and exact confirmed-death replay (5427.193791ms)
✔ SIGKILL at after-batch-journal-stage-prepared preserves read refusal and exact confirmed-death replay (3707.674458ms)
✔ SIGKILL at after-batch-journal-stage-complete preserves read refusal and exact confirmed-death replay (2825.82775ms)
✔ unsupported caller identities and nonabsolute targets refuse without creating an unreadable journal (729.479ms)
✔ a live publisher cannot be taken over and a changed journal observation preserves every member (1001.523917ms)
✔ binary capture validates proposed metadata and deletes the complete recorded bundle (1510.423ms)
✔ a killed resumer retains its genuine owner and excludes a competing recovery until confirmed death (2340.698792ms)
✔ ordinary reading rechecks batch admission for record after its initial check (1345.488ms)
✔ ordinary reading rechecks batch admission for optional-absence after its initial check (1247.637166ms)
✔ one batch joins main global state with linked binding and actor timing authority (2797.671333ms)
ℹ tests 18
ℹ suites 0
ℹ pass 18
ℹ fail 0
ℹ cancelled 0
ℹ skipped 0
ℹ todo 0
ℹ duration_ms 44412.085541
