✔ case (a): Edit refused in Backlog state (1.082959ms)
✔ case (a) variants: refine + plan also refused (0.155083ms)
✔ case (b): Edit refused in Develop without both deep-dive markers (0.224667ms)
✔ case (c): Edit permitted in Develop with both markers stamped (0.087667ms)
✔ case (c) variants #805: test/review/done REFUSE WRITE_CODE despite markers (0.939375ms)
✔ case (d): Edit on `.tmp/**` permitted regardless of state (0.097583ms)
✔ case (e): chore-mode active → arbitrary path Edit permitted (0.064042ms)
✔ NotebookEdit is gated (same as Edit/Write) (0.068917ms)
✔ non-gated tools always allowed (0.089209ms)
✔ no bound issue + not chore-mode + non-allowlisted path → block (0.114375ms)
✔ normalizePath converts absolute paths to project-relative POSIX (0.087375ms)
✔ isAllowlistedPath matches every documented prefix (0.08125ms)
✔ ALLOWLIST_PREFIXES is the documented set (0.397125ms)
✔ runHook returns allow when project-dir cannot be found (0.427ms)
✔ runHook blocks in backlog state via injected signal resolver (0.325375ms)
✔ runHook bypasses entire signal fetch when chore-mode is active (0.200042ms)
✔ runHook tolerates signal fetch failure (falls through to decide) (0.205208ms)
✔ runHook allowlists scratch without needing a bound issue or signals (0.113375ms)
✔ native apply_patch envelope classifies every target with ordinary source-edit rules (0.39725ms)
✔ malformed native apply_patch envelope fails closed before ordinary allowances (0.151625ms)
✔ #658: fetchIssueSignals detects the ts="..." property grammar (113.414708ms)
✔ #658: fetchIssueSignals still detects the legacy colon grammar (47.824833ms)
✔ #658: fetchIssueSignals reads false when neither grammar is present (50.451417ms)
✔ Plan artifact authoring is independent of ownership; scripts and source remain gated (0.324625ms)
✔ installed guard targets refuse before chore and scratch exits (0.089167ms)
✔ target ancestry refuses an alias through an installed guard tree (37.3995ms)
✔ Plan source-edit hook accepts owned Markdown from observed worktree (46.235834ms)
✔ bound backlog draft permits documents across ownership while source stays gated (0.233292ms)
✔ bound refine draft permits documents across ownership while source stays gated (0.048792ms)
✔ bound ready-for-plan draft permits documents across ownership while source stays gated (0.043583ms)
ℹ tests 30
ℹ suites 0
ℹ pass 30
ℹ fail 0
ℹ cancelled 0
ℹ skipped 0
ℹ todo 0
ℹ duration_ms 306.13325
