▶ hybrid affected-test selection
  ✔ selects direct and transitive static-import consumers with explanations (849.646125ms)
  ✔ always includes changed and newly discovered tests (399.186333ms)
  ✔ maps changed fixture helpers through the import graph (495.550791ms)
  ✔ keeps the basename mapper as a compatibility signal (387.679875ms)
  ✔ expands manifest globs and retains duplicate selection reasons (403.047459ms)
  ✔ lane escalation selects complete declared lanes conservatively (408.802083ms)
  ✔ checked-in manifest escalates every shared verification authority (2899.82025ms)
  ✔ records a no-impact explanation for every otherwise-unmatched path (466.394875ms)
  ✔ a deleted test escalates its former lane instead of disappearing (510.263ms)
  ✔ an otherwise-unmapped deleted source escalates every lane conservatively (322.036834ms)
✔ hybrid affected-test selection (7143.899375ms)
▶ manifest fail-closed validation
  ✔ rejects schema (0.376ms)
  ✔ rejects escaping source (0.102417ms)
  ✔ rejects unknown lane (0.0745ms)
  ✔ rejects empty reason (0.073959ms)
  ✔ rejects unmatched test glob (316.021166ms)
✔ manifest fail-closed validation (316.834334ms)
▶ checked-in current-tree selection
  ✔ #1413: every literal checked-in manifest test path exists (0.25075ms)
  ✔ a test content edit selects itself and the current-tree guard (101.34475ms)
  ✔ a deleted integration test selects the current-tree guard and retains its former lane (39.657667ms)
  ✔ a rename selects the current-tree guard while the old path retains lane escalation (32.579125ms)
  ✔ the current tree baseline selects the current-tree guard (31.199333ms)
✔ checked-in current-tree selection (205.373041ms)
ℹ tests 20
ℹ suites 3
ℹ pass 20
ℹ fail 0
ℹ cancelled 0
ℹ skipped 0
ℹ todo 0
ℹ duration_ms 7672.684625
