✔ source issue with children retains its own frozen forecast and exact Test lane (21.370792ms)
✔ fresh delivery kind must match the body used to select forecast and accounting (1.654625ms)
✔ parent-approved cascade reaches lawful child Close through fresh authority and immutable telemetry (10.682875ms)
✔ docs-only telemetry preserves genuine lint/format and recorded test lane skips (3.062292ms)
✔ explicit predecessor correction preserves old bytes and refuses changed original timing evidence (6.887917ms)
✔ immutable predecessor v2 retries its original contract without fabricating v3 proof (5.190875ms)
✔ root epic local-trunk timing uses its actual completed burn receipt and empty parent Test commands (3.330542ms)
✔ outcome publication revalidates actual delivery authority after immutable write (2.2525ms)
✔ child resident runtime preserves existing no-provider delivery with exact Test and posted deliverable (3.744667ms)
✔ child runtime couples actual lineage evidence with exact source Test proof and fresh retry (143.768334ms)
✔ skipped child wrapper without fresh lineage cannot become delivered timing authority (0.607ms)
✔ root epic runtime consumes freshly verified merged receipt with empty parent Test commands (4.614875ms)
✔ no-commit proof rejects another checkout head and any issue-attributed commits (118.624792ms)
ℹ tests 13
ℹ suites 0
ℹ pass 13
ℹ fail 0
ℹ cancelled 0
ℹ skipped 0
ℹ todo 0
ℹ duration_ms 329.179
