▶ verification fingerprint and receipt creation
  ✔ records a canonical semantic Verification Commands projection (238.023917ms)
  ✔ rejects duplicate semantic Verification Commands (72.242042ms)
  ✔ captures a complete SHA, runtime, hashes, canonical sandbox, and clean tree (146.054666ms)
  ✔ normalizes command identity and records canonical timestamps and durations (83.205042ms)
  ✔ records optional provider identity, required classifications, and semantic command kind (#1218) (82.323667ms)
✔ verification fingerprint and receipt creation (622.614708ms)
▶ verification receipt validation refusals
  ✔ returns reusable commands for a valid exact-fingerprint receipt (99.267375ms)
  ✔ refuses a receipt copied from another issue (137.409583ms)
  ✔ accepts cosmetic Verification Commands changes and declaration reordering (165.216084ms)
  ✔ refuses a receipt when a Verification Command is added (148.779125ms)
  ✔ refuses a receipt when a Verification Command is removed (117.867208ms)
  ✔ refuses a receipt when a Verification Command is changed (102.654459ms)
  ✔ default-denies a legacy receipt without Verification Commands authority (127.278667ms)
  ✔ validates marker authority against live issue-body Verification Commands (116.43525ms)
  ✔ refuses a green command whose classification impersonates a canonical command (112.7305ms)
  ✔ refuses schema drift with receipt-malformed (96.906208ms)
  ✔ refuses SHA drift with sha-mismatch (107.948416ms)
  ✔ refuses Node major drift with node-major-mismatch (114.099417ms)
  ✔ refuses platform drift with platform-mismatch (100.380417ms)
  ✔ refuses lockfile drift with lockfile-mismatch (96.45825ms)
  ✔ refuses config drift with config-mismatch (123.13725ms)
  ✔ refuses cleanliness drift with sandbox-dirty (164.040708ms)
  ✔ refuses missing command drift with command-missing (129.865834ms)
  ✔ refuses duplicate classification drift with command-duplicate (238.855ms)
  ✔ refuses nonzero exit drift with command-red (117.672167ms)
  ✔ refuses invalid timestamps and negative duration as malformed (192.136083ms)
✔ verification receipt validation refusals (2610.287666ms)
ℹ tests 25
ℹ suites 2
ℹ pass 25
ℹ fail 0
ℹ cancelled 0
ℹ skipped 0
ℹ todo 0
ℹ duration_ms 3237.204917
