✔ Shelve exports the Backlog target and Refine/R4P source boundary (2.1975ms)
✔ strict Shelve argv accepts one explicit stale-blocker refresh flag (0.41275ms)
✔ strict Shelve argv refuses a duplicate stale-blocker refresh flag (0.269625ms)
✔ runShelve preserves ordinary transaction intent when no migration flag is supplied (0.196333ms)
✔ runShelve threads explicit stale-blocker migration intent into the transaction (0.104083ms)
✔ Shelve reports the explicit stale-blocker migration in its success audit output (31.247292ms)
✔ strict Shelve argv retains deterministic unknown-argument refusal (0.49825ms)
✔ runShelve refuses blank reasons before binding, network, or writes (0.91375ms)
✔ park is only a compatibility alias for the same Shelve transaction (0.208166ms)
✔ Park retains alias-aware usage, success, and refusal diagnostics (67.95975ms)
✔ direct Shelve and Park executable entrypoints are inert and require the hub (2000.53575ms)
✔ Shelve is canonical across routing, catalog, and executable entrypoints (0.3355ms)
✔ Shelve uses target preflight and one issue lock before entering the transaction (0.216709ms)
ℹ tests 13
ℹ suites 0
ℹ pass 13
ℹ fail 0
ℹ cancelled 0
ℹ skipped 0
ℹ todo 0
ℹ duration_ms 2109.315209
