✔ AC1: `aitm` and `aitm help` print a grouped, names-only registry (640.323542ms)
✔ AC2: verb delegation passes the child exit code through unchanged (1015.082417ms)
✔ AC3: `aitm <script-name>` routes to the exposed standalone script (472.831583ms)
✔ doctor is a standalone script and never a task-tracker verb (262.646792ms)
✔ dispatcher delegates with the action-capture environment for the selected command (1.205625ms)
✔ AC4: help/? forward to the target which self-documents (522.824917ms)
✔ AC5: move-state is excluded with a documented rationale (0.210625ms)
✔ AC6: plumbing scripts are excluded and carry a do-not-invoke header (2.777125ms)
✔ AC7: every exposed script self-documents on help (6268.372ms)
✔ AC8: docs do not instruct direct node_modules script invocation (11.653625ms)
✔ AC9: package.json registers the aitm bin at bin/aitm.mjs (0.496958ms)
✔ registry REPO_ROOT matches the test-derived root (10.630042ms)
ℹ tests 12
ℹ suites 0
ℹ pass 12
ℹ fail 0
ℹ cancelled 0
ℹ skipped 0
ℹ todo 0
ℹ duration_ms 9221.214834
