✔ promote: refine→R4P is a direct move-state call with refine-estimate hook (223.819584ms)
✔ promote: refine→R4P refused when full refine-estimate signals are missing (22.083ms)
✔ promote: refine→R4P refuses when Acceptance Criteria drift after snapshot (18.201958ms)
✔ promote: refine→R4P refused when refine-exit gate returns blockers (#147) (18.045375ms)
✔ promote: backlog→refine stamps Start time on success (#147, #1211) (20.9275ms)
✔ promote: backlog→refine is a direct move-state call without a Priority gate (21.140875ms)
✔ promote: plan→develop is a direct move-state call when planned-estimate appendix is present (23.276ms)
✔ promote: plan→develop surfaces an empty Plan Metadata refusal before move-state (17.274334ms)
✔ promote: plan→develop refused when refine-estimate comment is missing (#134) (18.086708ms)
✔ promote: plan→develop refused when any sub-issue still in Backlog (#135) (16.504958ms)
✔ promote: plan→develop refuses only children without current R4P-or-later evidence (19.581125ms)
✔ promote: refine→plan refused when an epic child is PAST refine (#149 — lead-rule) (15.386166ms)
✔ promote: plan→develop refused when planned-estimate appendix is missing (#134) (18.605125ms)
✔ promote: develop→test delegates to /task test (#137) (41.505833ms)
✔ promote: develop→test refused when CODE_COMPLETE gate returns blockers (#136) (29.611166ms)
✔ promote: develop→test allowed when CODE_COMPLETE gate passes (#136) (37.430209ms)
✔ promote: test→review delegates to the review verb (21.161125ms)
✔ promote: test→review refused when aitm-dod-verified marker is missing (#210 Fix C) (18.940667ms)
✔ promote: test→review REFUSED when a non-lifecycle checkbox is still unticked (#257) (16.35025ms)
✔ promote: test→review ALLOWED when dod-verified present and every checkbox ticked (#257) (15.19025ms)
✔ promote: review→done delegates to /task close (15.391333ms)
✔ promote: review→done reports transition-failed when close exits 0 but board stays review (#710) (13.933333ms)
✔ promote: historical Assigned body canonicalizes to R4P before drift comparison (15.012542ms)
✔ promote: terminal refusal on done (10.847125ms)
✔ promote: drift refused when live ≠ recorded (11.487792ms)
✔ promote: bootstrap when lastKnownState absent — syncs to live, then promotes (20.781875ms)
✔ promote: transition-failed when alias verb exits non-zero — no metadata update (25.088542ms)
✔ promote: delegate non-zero but board reached target → promoted-with-warning (#175) (28.303959ms)
✔ promote: delegate non-zero, board at target, marker stale → repair write fires (#175) (29.801541ms)
✔ promote: delegate non-zero, marker repair write fails → audit comment posted (#175, #168) (40.408958ms)
✔ promote: alias=test exit non-zero, board at target, NO aitm-dod-verified → promoted-with-warning, no rollback (#271 regression guard) (24.118708ms)
✔ promote: delegate non-zero AND board drifted to non-target → transition-failed (#175) (21.461583ms)
✔ promote: drift-reconcile is a no-op when live state matches recorded after failure (23.825ms)
✔ promote: drift-reconcile survives getLiveState throwing on the post-failure read (27.195416ms)
✔ promote: error when recorded state is unknown (11.91825ms)
✔ promote: no longer writes a move:<target> audit row (#128 — chokepoint emits paired phase rows) (16.717334ms)
ℹ tests 36
ℹ suites 0
ℹ pass 36
ℹ fail 0
ℹ cancelled 0
ℹ skipped 0
ℹ todo 0
ℹ duration_ms 1026.723
[state-recording] issue #1752 marker write to "test" FAILED after 2 attempts: simulated gh failure
