orchestrators.test.mjs: ok
✔ move-state: agent-context call (no env, no TTY) is refused with exit 3 (152.215ms)
✔ move-state: chokepoint call (AITM_INTERNAL=1) moves and prints confirmation (376.268917ms)
✔ move-state: illegal matrix transition is refused with exit 5 (204.574458ms)
✔ move-state: valid forward transition (refine → ready-for-plan) succeeds (310.918792ms)
✔ promote: recorded=done is terminal-refused (forward-only) (2.650917ms)
✔ promote: board/recorded divergence is drift-refused with both states (0.207084ms)
✔ promote: no recorded marker and no live board item is an error (0.192166ms)
✔ promote: unknown recorded state is an error (0.099083ms)
✔ promote: delegate-timeout policy — test gets none, close gets a bounded budget (0.105084ms)
✔ close: no active task and no target prints "no active task" and does nothing (129.410958ms)
✔ close: an active review issue runs the terminal done move after the wrap rows (282.905083ms)
ℹ tests 11
ℹ suites 0
ℹ pass 11
ℹ fail 0
ℹ cancelled 0
ℹ skipped 0
ℹ todo 0
ℹ duration_ms 1464.134792
