▶ buildPlanMetadataBackfill Story Origin migration (#892)
  ✔ moves legacy provenance into Story Origin and preserves planning fields and markers (7.723875ms)
  ✔ merges missing provenance into an existing Story Origin without overriding it (0.454ms)
  ✔ replaces empty Story Origin placeholders with populated legacy values (0.370916ms)
  ✔ replaces comment-only Story Origin placeholders with populated legacy values (0.630167ms)
  ✔ removes an entire multiline Story Origin placeholder when restoring a legacy value (0.320375ms)
  ✔ removes an entire multiline legacy provenance placeholder from Plan Metadata (1.001083ms)
  ✔ skips a clean split body byte-for-byte (0.2645ms)
  ✔ skips a body without Plan Metadata (0.110959ms)
  ✔ is idempotent after relocating legacy provenance (0.145958ms)
  ✔ preserves values from legacy colon-inside-bold provenance labels (0.334125ms)
  ✔ inserts a populated Story Origin when legacy Plan Metadata has no provenance (0.251208ms)
  ✔ derives a missing Story Origin kind from the authoritative issue-kind marker (0.237375ms)
  ✔ relocates an existing Story Origin immediately before Plan Metadata (0.465667ms)
  ✔ migrates the legacy canonical Parent epic relationship as parent (0.1375ms)
✔ buildPlanMetadataBackfill Story Origin migration (#892) (14.987875ms)
ℹ tests 14
ℹ suites 1
ℹ pass 14
ℹ fail 0
ℹ cancelled 0
ℹ skipped 0
ℹ todo 0
ℹ duration_ms 60.660167
