coverage-heal-refine-entry-marker.test.mjs: ok
✔ needsBackfill: later marker present but refine-entry missing → true (1.455ms)
✔ needsBackfill: refine-entry + later but no audit → true (audit-only) (0.168791ms)
✔ needsBackfill: refine-entry + later + audit → false (clean) (0.08025ms)
✔ needsBackfill: refine-entry only, no later stage → false (0.105459ms)
✔ needsBackfill: empty body → false (0.071417ms)
✔ needsBackfill: new-grammar audit marker satisfies the audit check (0.0845ms)
✔ fetchOpenIssues: maps gh json to string numbers (1.662875ms)
✔ fetchIssue: parses gh view json (0.391125ms)
✔ writeBody: writes tmp, invokes gh edit --body-file, unlinks (0.465416ms)
✔ writeBody: unlink failure is swallowed (best-effort cleanup) (0.196875ms)
✔ postComment: shells gh issue comment --body (0.112917ms)
✔ healOne: skip when body clean (entry+later+audit) (0.454208ms)
✔ healOne: plan (dry-run) entry+audit mode uses createdAt (0.216917ms)
✔ healOne: plan (dry-run) audit-only mode reuses existing entry ts (0.097375ms)
✔ healOne: apply entry+audit writes body + posts comment (0.667083ms)
✔ healOne: apply audit-only posts the audit-marker comment (0.136166ms)
✔ main: single-issue dry-run prints "would backfill" plan line (0.278ms)
✔ main: apply prints backfilled + skip lines, no dry-run footer (0.210042ms)
✔ main: healOne throw is captured as an error line on stderr (0.130541ms)
✔ main: no issue args → scans open issues via fetchOpenIssues (0.118791ms)
ℹ tests 20
ℹ suites 0
ℹ pass 20
ℹ fail 0
ℹ cancelled 0
ℹ skipped 0
ℹ todo 0
ℹ duration_ms 21.608083
