✔ outOfOrderHealableStages flags develop when develop ts > test ts (1.121542ms)
✔ outOfOrderHealableStages flags test when test ts > review ts (the #170 inversion) (0.098875ms)
✔ outOfOrderHealableStages: monotonic chain across all five stages flags nothing (0.09925ms)
✔ planStageHeal restamps out-of-order test with safe lower-bound ts (1.541625ms)
✔ planStageHeal backfills missing develop when test is present (0.238375ms)
✔ planStageHeal audit-only on review entry with no audit marker and later marker present (0.2455ms)
✔ planStageHeal skip on monotonic chain (no regression for any stage) (0.321667ms)
✔ safeBackfillTs for test stays strictly below review ts (0.506958ms)
✔ refine/plan regression: previous heal behavior unchanged for early stages (0.22125ms)
✔ checkOnlyExitCode: 0 when all results are skip (clean backlog) (0.145166ms)
✔ checkOnlyExitCode: 1 when any result is plan (anomaly present) (0.065042ms)
✔ checkOnlyExitCode: 2 when any result is error (precedence over plan) (0.049167ms)
✔ verifyChainIntegrity passes after restamping out-of-order test (full round-trip) (1.134042ms)
ℹ tests 13
ℹ suites 0
ℹ pass 13
ℹ fail 0
ℹ cancelled 0
ℹ skipped 0
ℹ todo 0
ℹ duration_ms 12.635084
