✔ runMoveStateInProcess drives the in-process host with the right argv/env (no spawn) (1.072583ms)
✔ runMoveStateInProcess folds extraArgs (--force) into the synthetic argv (0.194959ms)
✔ runMoveStateInProcess strips a leading # from the issue (0.128666ms)
✔ exit-5 done→done self-loop is classified benign via tee-captured stderr (0.354584ms)
✔ exit-5 test→test self-loop is classified benign (0.185208ms)
✔ exit-5 genuine illegal transition (backlog→done) is NOT benign (0.552042ms)
✔ SKIP_NETWORK short-circuits without calling the host (0.207334ms)
✔ process.stdout/stderr are restored after the in-process call (0.222583ms)
✔ runtime forwards authoritative execution and invoking directories to the lower host (0.186333ms)
ℹ tests 9
ℹ suites 0
ℹ pass 9
ℹ fail 0
ℹ cancelled 0
ℹ skipped 0
ℹ todo 0
ℹ duration_ms 10.162375
[task-tracker] Could not move 9 to done: move-state exited 5
BLOCKED: illegal transition: backlog → done. Allowed: assigned.
[task-tracker] Run manually: node scripts/gh/move-state.mjs 9 done
