✔ acKeyForLabel is 8 hex chars and deterministic (1.591ms)
✔ acKeyForLabel strips aitm-verified cmd="..." and aitm-ac-evidence before hashing (0.092709ms)
✔ parseEvidenceAcs returns only verified AC lines with commands + key (1.551584ms)
✔ parseEvidenceAcs ignores plain criteria with no aitm-verified declaration (0.233833ms)
✔ parseEvidenceAcs recognizes a migrated consolidated aitm-verified declaration (#391) (0.366875ms)
✔ parseEvidenceAcs reads cmd + proof from a single combined aitm-verified marker (#481) (0.130083ms)
✔ stampAcEvidenceMarker upserts run-props onto the single marker, idempotently (0.852708ms)
✔ stampAcEvidenceMarker records run-props on the single aitm-verified marker (#481) (0.182584ms)
✔ parseAcEvidence reads the new fully-quoted form (#379) (0.208125ms)
✔ parseAcEvidence still reads the legacy half-quoted colon form (#379 back-compat) (0.132291ms)
✔ stampAcEvidenceMarker preserves a declaration with an embedded double-quote (#481) (0.291375ms)
✔ stampAcEvidenceMarker strips a legacy sibling and records on the single marker (#481) (0.375584ms)
✔ stampAcEvidenceMarker throws when label has no evidence-bearing AC (0.300042ms)
✔ parseAcEvidence reads back a stamped marker (0.075125ms)
✔ gateEvidenceTick refuses unticked verified AC with no stamp (0.115292ms)
✔ gateEvidenceTick passes once the AC is stamped (0.087833ms)
✔ gateEvidenceTick passes an already-ticked verified AC (unticking allowed) (0.048125ms)
✔ gateEvidenceTick passes a plain AC with no verifier (0.054583ms)
✔ gateEvidenceTick leaves the Functional DoD path intact (regression) (0.493875ms)
✔ #443 reproduces the #429 refusal — non-standard AC command missing from Verification Commands (0.362666ms)
✔ #443 stampAcEvidenceAndReconcile clears the refusal and keeps the AC marker (0.433667ms)
✔ #443 stampAcEvidenceAndReconcile is idempotent — no duplicate VC entry on re-run (0.202959ms)
✔ #443 reconcile scopes to the stamped AC — an unrelated AC gap is left untouched (0.124ms)
ℹ tests 23
ℹ suites 0
ℹ pass 23
ℹ fail 0
ℹ cancelled 0
ℹ skipped 0
ℹ todo 0
ℹ duration_ms 12.813708
