✔ a refusing guard cannot return an empty refusal collection (1.254916ms)
✔ a successful guard cannot carry a refusal (0.144125ms)
✔ a successful guard cannot carry malformed refusals (0.121416ms)
✔ a refusing guard cannot carry a sparse refusal collection (0.112625ms)
✔ a successful guard cannot carry a sparse warning collection (0.177125ms)
✔ a successful guard cannot carry a human request (0.12775ms)
✔ a guard cannot impersonate a guidance-admission warning producer (0.36225ms)
✔ the refusal lint freezes constructor call sites inside registered guards (4.612084ms)
✔ the refusal lint freezes imported constructor call sites (1.784666ms)
✔ the lifecycle registry enumerates the complete bare action vocabulary (0.224708ms)
✔ the remediation registry is closed and rejects bypasses (0.444125ms)
✔ the decision vocabulary exposes its version and reserved boundary producers (1.158667ms)
✔ authority resources include honest local session sources while remaining closed (0.045125ms)
✔ observed session and worktree mismatches are valid closed v2 blockers (0.215792ms)
✔ an inventoried legacy refusal normalizes without interpreting its reason (0.141542ms)
✔ action navigation fails closed for non-ready and unknown actions (0.054292ms)
✔ unknown action ids remain explicit in an indeterminate decision envelope (1.893625ms)
✔ typed remediation failures never fall back to the legacy adapter (0.096209ms)
✔ manual-only blocker codes reject executable remediations (0.055416ms)
✔ the vocabulary digest changes when a canonical definition changes (1.623875ms)
✔ ready decisions require explicit empty operational collections (0.19525ms)
✔ blocked decisions bind typed remediation to the matching human request (0.562667ms)
✔ authority failures require typed unique subjects when one source has multiple targets (0.412584ms)
✔ snapshot evidence is unique, in-window, issue-bound, and digest-bound (0.472875ms)
✔ terminal decisions use null action and terminal guidance without inventing execution (0.22325ms)
✔ functional DoD normalizations enforce their closed ordered decision contract (0.281125ms)
✔ operational warnings preserve order and reject cross-domain code reuse (0.295584ms)
✔ decision blockers reject producers outside the frozen guard inventory (0.078625ms)
✔ the guard boundary preserves multiple typed refusals and human requests (0.3475ms)
✔ a frozen multi-branch legacy guard emits one conservative manual refusal (0.190292ms)
✔ thrown guards become guard-error (0.132666ms)
✔ malformed guards become guard-result-invalid (0.083041ms)
✔ the parser-based refusal lint freezes added and edited legacy sites (1.47025ms)
✔ the refusal lint rejects undeclared and cross-domain codes (1.315833ms)
ℹ tests 34
ℹ suites 0
ℹ pass 34
ℹ fail 0
ℹ cancelled 0
ℹ skipped 0
ℹ todo 0
ℹ duration_ms 29.835917
