✔ classifyBash: test runners (2.176333ms)
✔ classifyBash: build commands (0.232792ms)
✔ classifyBash: git commit (0.74125ms)
✔ classifyBash: READ_* for benign commands (0.264ms)
✔ classifyBash: redirect write target classified by path (1.210208ms)
✔ classifyBash: tee write target (0.301959ms)
✔ classifyBash: heredoc write target (0.205708ms)
✔ classifyBash: shell metachars inside quoted args do not trigger write detection (0.240042ms)
✔ classifyBash: touch/mkdir code path (0.150125ms)
✔ STATE_MATRIX: matches epic #61 allow-list verbatim (0.521542ms)
✔ isAllowed: every state allows READ_* (0.090167ms)
✔ isAllowed: develop allows everything (0.050417ms)
✔ isAllowed: plan refuses WRITE_CODE / COMMIT_CODE / WRITE_OTHER / RUN_BUILD (0.055417ms)
✔ isAllowed: refine refuses WRITE_CODE / COMMIT_CODE / RUN_TESTS / RUN_BUILD (0.03925ms)
✔ isAllowed: test refuses WRITE_CODE; allows tests/build (0.035333ms)
✔ isAllowed: review allows docs + issues only (no code) (0.034541ms)
✔ isAllowed: done allows READ_* only (0.034834ms)
✔ isAllowed: no-active-task policy (state == null) (0.035541ms)
✔ isAllowed: unknown state refuses everything except READ_* via no-fallback (0.028459ms)
✔ loadPolicy: missing file returns DEFAULT_POLICY (19.444917ms)
✔ loadPolicy: present file is parsed (17.518583ms)
✔ loadPolicy: invalid json falls back to DEFAULT_POLICY (23.760125ms)
✔ classifyEdit: respects custom policy (0.217333ms)
✔ classifyBash: respects custom policy testRunners/buildCommands (0.137875ms)
✔ COMMIT_DOCS is allowed only with an active drafting or Develop state (0.059875ms)
✔ invocation directory uses supplied workdir then cwd with relative bases (19.517ms)
✔ mutation target requires both lexical and physical worktree containment (19.800125ms)
✔ direct command parser preserves sequential -C and bounds Plan syntax (0.290833ms)
✔ ambient Git selectors and config injection cannot grant document commits (0.257417ms)
✔ staged document contract checks modes and rename sides (0.286417ms)
✔ real staged index classifies regular Markdown and mixed source separately (136.573042ms)
✔ compound document staging cannot hide a source write (0.498875ms)
✔ read-only Git config and worktree queries stay read-only (0.473333ms)
✔ command and env wrappers preserve nested shell mutations (0.192917ms)
✔ nested shell discovery enforces executable mutations but ignores printed text (0.07825ms)
✔ draft documents are permitted in backlog without granting implementation (0.04525ms)
✔ draft documents are permitted in refine without granting implementation (0.024166ms)
✔ draft documents are permitted in ready-for-plan without granting implementation (0.024042ms)
✔ contained issue scratch shell writes have their own activity without hiding source or git (0.348417ms)
✔ quoted here-document data does not become shell authority (0.398584ms)
✔ cat compound headers and draft suffixes do not inherit data authority (0.887625ms)
✔ draft compounds refuse uninspectable source-mutating suffixes (0.608ms)
✔ documentation admission rejects uninspectable output redirects (0.24725ms)
✔ document writes never conceal additional writer operands (0.203666ms)
✔ document admission inspects single commands and wrappers (0.13225ms)
✔ redirect identity is checked before quote masking (0.080833ms)
ℹ tests 46
ℹ suites 0
ℹ pass 46
ℹ fail 0
ℹ cancelled 0
ℹ skipped 0
ℹ todo 0
ℹ duration_ms 255.131916
