✔ classifyEdit: code globs (1.890583ms)
✔ classifyEdit: codeGlobExcludes honored when configured (0.1445ms)
✔ classifyEdit: codeGlobReincludes carve-out for tests under excluded paths (0.096666ms)
✔ classifyEdit: doc globs (0.068833ms)
✔ classifyEdit: WRITE_ISSUE for .github issue templates (0.06225ms)
✔ classifyEdit: doc-glob precedence over code-glob (0.058834ms)
✔ classifyEdit: fallthrough (0.1775ms)
✔ classifyEdit: configGlobs — repo-root tooling config classifies as WRITE_CODE (0.981666ms)
✔ classifyEdit: deployGlobs — repo-root container/deploy files classify as WRITE_CODE (0.371167ms)
✔ classifyEdit: deployGlobs in DEFAULT_POLICY (0.128625ms)
✔ classifyEdit: doc precedence still wins over deployGlobs (0.0625ms)
✔ loadPolicy: configGlobs override propagates from project-local file (27.503334ms)
✔ loadPolicy: missing configGlobs falls back to defaults (20.460209ms)
ℹ tests 13
ℹ suites 0
ℹ pass 13
ℹ fail 0
ℹ cancelled 0
ℹ skipped 0
ℹ todo 0
ℹ duration_ms 56.385834
