✔ a body with no agent-review evidence is incomplete (0.869333ms)
✔ a passing gate stamp completes the state action (0.079833ms)
✔ a hand-ticked box with no run evidence is NOT complete (0.060125ms)
✔ the evidence marker completes the action whether or not the box is ticked (0.114ms)
✔ an aitm-review-failed marker makes the action incomplete even alongside a pass stamp (0.199209ms)
✔ clearing the failure marker restores completeness (0.146375ms)
✔ empty and non-string bodies are incomplete, not crashes (0.069833ms)
✔ approve refuses when the gate has not run, and writes nothing (70.896875ms)
✔ approve refuses a live waiver without a matching terminal waived Review outcome (68.814792ms)
✔ approve reports ambiguous timing authority instead of claiming review never ran (64.445917ms)
✔ approve accepts exact terminal waived Review authority without fabricating pass evidence (88.949709ms)
✔ approve default clock uses canonical millisecond ISO for waiver boundary checks (80.301875ms)
✔ approve refuses legacy abbreviated Test evidence for exact-head waiver authority (62.279792ms)
✔ approve rechecks waiver authority after driver collection before writing (63.398208ms)
✔ approve rechecks waiver authority inside the fresh-base write attempt (62.187709ms)
✔ approve refuses a waiver when HEAD changes during driver collection (61.30025ms)
✔ approve binds waived authority to the Test receipt rather than local HEAD alone (63.538834ms)
✔ approve refuses a waiver stamp when the fresh body scope changed after validation (65.253916ms)
✔ approve refuses a waiver stamp when the fresh Test receipt changes without a scope change (60.255208ms)
✔ approve still checks waiver scope when fresh pass evidence appears concurrently (67.581542ms)
✔ approve refuses a waiver stamp when a fresh failure carrier appears after validation (64.35775ms)
✔ approve refuses while an objection is unresolved (63.453625ms)
✔ approve proceeds once the state action has passed (78.276ms)
✔ ordinary approval refuses when fresh pass evidence disappears before the write (62.501834ms)
✔ the wrong-state check still precedes the completeness check (0.164834ms)
ℹ tests 25
ℹ suites 0
ℹ pass 25
ℹ fail 0
ℹ cancelled 0
ℹ skipped 0
ℹ todo 0
ℹ duration_ms 1160.408041
approve: lifecycle-tick-noop: 'passed-final-review' label not matched — body may use legacy heading or customized DoD
approve: lifecycle-tick-noop: 'passed-final-review' label not matched — body may use legacy heading or customized DoD
approve: lifecycle-tick-noop: 'passed-final-review' label not matched — body may use legacy heading or customized DoD
approve: lifecycle-tick-noop: 'passed-final-review' label not matched — body may use legacy heading or customized DoD
approve: lifecycle-tick-noop: 'passed-final-review' label not matched — body may use legacy heading or customized DoD
approve: lifecycle-tick-noop: 'passed-final-review' label not matched — body may use legacy heading or customized DoD
approve: lifecycle-tick-noop: 'passed-final-review' label not matched — body may use legacy heading or customized DoD
approve: lifecycle-tick-noop: 'passed-final-review' label not matched — body may use legacy heading or customized DoD
approve: lifecycle-tick-noop: 'passed-final-review' label not matched — body may use legacy heading or customized DoD
