✔ new sessions and project defaults are Full-Auto for all three review boundaries (0.552417ms)
✔ explicit project policy remains authoritative over Full-Auto defaults (0.074833ms)
✔ legacy two-gate project config keeps explicit values and defaults PR review to auto (0.060625ms)
✔ legacy parent metadata survives session round trips without changing gate values (1.397458ms)
✔ binding source contains no legacy first-bind auto-mode prompt (0.295625ms)
✔ reset clears all three overrides and returns to Full-Auto defaults (0.222417ms)
✔ case 6: two session IDs do not see each other's overrides (0.250292ms)
✔ case 7: age alone does not authorize deleting session policy records (0.112167ms)
✔ fresh and legacy session files hydrate the third nullable override (0.142042ms)
✔ manual and auto choices update one gate additively (0.516042ms)
✔ precedence: session override takes precedence over project config (0.071417ms)
✔ Review handoff honors the session final-task override over project policy (0.0795ms)
ℹ tests 12
ℹ suites 0
ℹ pass 12
ℹ fail 0
ℹ cancelled 0
ℹ skipped 0
ℹ todo 0
ℹ duration_ms 11.175541
