✔ guard exposes the expected id (0.557625ms)
✔ short-circuits when fromState !== "backlog" (0.44825ms)
✔ short-circuits when toState !== "refine" (0.075208ms)
✔ short-circuits when ctx missing cfg (0.067291ms)
✔ short-circuits when ctx missing issueNumber (0.060542ms)
✔ passes when issue has no parent (leaf / top-level epic) (0.08525ms)
✔ passes when parent state is "refine" (0.092917ms)
✔ passes when parent state is "plan" (0.067625ms)
✔ passes when parent state is "develop" (mid-develop discovery work) (0.085875ms)
✔ refuses when parent state is "backlog" (0.190958ms)
✔ refuses when parent state is "test" (0.066041ms)
✔ refuses when parent state is "review" (0.054334ms)
✔ refuses when parent state is "done" (0.057125ms)
✔ passes when parent state is null (parent not on board / transient read failure) (0.080167ms)
✔ fail-closed when fetchParentIssue throws (#565) (0.097708ms)
✔ fail-closed when readParentStatus throws (#565) (0.096042ms)
✔ mixed-case parent state still matches (normalized) (0.068292ms)
✔ legacy call site without fromState/toState still invokes deps (0.066042ms)
ℹ tests 18
ℹ suites 0
ℹ pass 18
ℹ fail 0
ℹ cancelled 0
ℹ skipped 0
ℹ todo 0
ℹ duration_ms 6.0545
