▶ bodyGatesEntryGuardTest
  ✔ exports stable id (0.387292ms)
  ✔ fails open when toState does not match (0.512917ms)
  ✔ fails open when body is missing or empty (0.126125ms)
  ✔ passes on quiet body and on body that only trips verification-commands (0.484709ms)
  ✔ refuses with blockers array when body trips dependency-map (0.188666ms)
  ✔ accepts an explicit deep-dive waiver but retains the dependency gate (0.299875ms)
✔ bodyGatesEntryGuardTest (2.6605ms)
▶ bodyGatesEntryGuardReview
  ✔ exports stable id (0.09775ms)
  ✔ fails open on toState mismatch and missing body (0.100125ms)
  ✔ passes on quiet body (0.179667ms)
  ✔ refuses when verification-commands are unchecked (review enforces full gates) (0.252708ms)
  ✔ filters waived deep-dive rules without filtering Review verification (0.280541ms)
✔ bodyGatesEntryGuardReview (1.100083ms)
▶ bodyGatesEntryGuardDone
  ✔ exports stable id (0.166083ms)
  ✔ fails open on toState mismatch and missing body (0.128959ms)
  ✔ refuses when unchecked checkboxes remain in body (0.915833ms)
  ✔ surfaces lifecycle warn payload when lifecycleCheckboxesRequired=false (0.237542ms)
  ✔ refuses with lifecycle-incomplete when lifecycleCheckboxesRequired=true (default) (0.084667ms)
✔ bodyGatesEntryGuardDone (1.645958ms)
▶ BODY_GATES_ENTRY_GUARD_IDS
  ✔ exposes the three ids in stable order (0.053458ms)
✔ BODY_GATES_ENTRY_GUARD_IDS (0.11175ms)
ℹ tests 17
ℹ suites 4
ℹ pass 17
ℹ fail 0
ℹ cancelled 0
ℹ skipped 0
ℹ todo 0
ℹ duration_ms 9.572209
