✔ INVARIANT_MARKER_PATTERNS includes the canonical invariant marker set (0.705125ms)
✔ resident-action ledger advance is narrow and phase monotonic (2.168166ms)
✔ resident-action waiver is terminal for an attempt and may be retried on a later attempt (0.485042ms)
✔ same-visit spill to inline is refused but new-visit reset is permitted (0.347958ms)
✔ same-visit inline to spill and spill to spill are permitted (0.175958ms)
✔ inline marker and final-body limits accept the boundary and refuse overflow (0.34775ms)
✔ findLostMarkers treats the advancing ledger marker as presence-only (1.3525ms)
✔ findLostMarkers returns empty list when next preserves all markers (0.214583ms)
✔ findLostMarkers reports no loss when last-known-state pair collapses to the new single marker (#378) (0.083167ms)
✔ findLostMarkers still reports loss when the new single last-known-state marker is dropped entirely (#378) (0.16825ms)
✔ findLostMarkers reports a single-kind marker by name when dropped (0.118917ms)
✔ findLostMarkers protects the durable epic orchestration plan (0.082792ms)
✔ findLostMarkers reports each lost aitm-entered-<stage> individually (0.084959ms)
✔ #1206: historical second-stage marker bytes remain append-only audit residue (0.392458ms)
✔ findLostMarkers reports multiple single-kind markers when several drop (0.065208ms)
✔ findLostMarkers tolerates empty/null base/next without throwing (0.051792ms)
✔ findLostMarkers ignores markers that were never in base (0.047875ms)
✔ findNewMalformedVerifiedCmds flags a newly-introduced malformed declaration (0.243708ms)
✔ findNewMalformedVerifiedCmds passes a newly-introduced well-formed declaration (0.103959ms)
✔ findNewMalformedVerifiedCmds does not flag a pre-existing malformed declaration (0.040792ms)
✔ findAcsWithoutVerifierOrInvalidTag flags a {tbd}-sentinel verifier as malformed-verifier (0.578166ms)
✔ findAcsWithoutVerifierOrInvalidTag distinguishes malformed-verifier from no-verifier and test-all-verifier (0.279708ms)
✔ findAcsWithoutVerifierOrInvalidTag classifies a #670-shaped verifier-less AC as no-verifier (0.053042ms)
✔ findAcsWithoutVerifierOrInvalidTag honors the invalid — non-demonstrable opt-out over a sentinel verifier (0.424291ms)
✔ findAcsWithoutVerifierOrInvalidTag treats aitm-ac-waived as a valid opt-out (0.036333ms)
✔ findAcsWithoutVerifierOrInvalidTag still passes verified-cmd and invalid-tag ACs (no regression) (0.43125ms)
✔ reviewed Scope policy is protected as an invariant; pointer remains distinct from execution proof (0.03625ms)
ℹ tests 27
ℹ suites 0
ℹ pass 27
ℹ fail 0
ℹ cancelled 0
ℹ skipped 0
ℹ todo 0
ℹ duration_ms 14.48525
