✔ bare tick (no proof marker) is rejected with CheckboxProofMissingError (2.916416ms)
✔ tick with same-line aitm-verified-at marker is accepted (0.918875ms)
✔ tick with same-line aitm-dod-evidence marker is accepted (close-pipeline shape) (0.262625ms)
✔ allowUnverifiedTicks: true bypasses the guard for legitimate edge cases (0.170208ms)
✔ marker on line N+1 does NOT validate a tick on line N (co-location required) (0.176042ms)
✔ tick with same-line canonical aitm-ac-evidence marker is accepted (#383) (0.160583ms)
✔ verifier DECLARATION (aitm-verified-by) alone is still rejected (#383 no-weakening) (0.126833ms)
✔ cmd-only consolidated aitm-verified declaration alone is rejected (#391) (0.1995ms)
✔ consolidated aitm-verified with ts/sha is accepted as proof (#391) (0.261208ms)
✔ tick with same-line NEW fully-quoted aitm-dod-evidence marker is accepted (#379) (0.17075ms)
✔ tick with same-line NEW fully-quoted aitm-ac-evidence marker is accepted (#379) (0.168208ms)
✔ partial aitm-ac-evidence fragment (no exec fields) is still rejected (#383 strictness) (0.3535ms)
ℹ tests 12
ℹ suites 0
ℹ pass 12
ℹ fail 0
ℹ cancelled 0
ℹ skipped 0
ℹ todo 0
ℹ duration_ms 10.2725
