✔ nested epic evidence retains every required child and explicit nondelivery disposition at exact target (1.904584ms)
✔ timing proof captures exact child lineage census at an immutable target without a fabricated record ID (0.4415ms)
✔ skipped or ambiguous lineage never creates accepted timing delivery evidence (0.2515ms)
✔ resolveDoneTargetBranch: child resolves to its epic parent branch (0.08275ms)
✔ resolveDoneTargetBranch: child honors its parent epic recorded branch (0.085875ms)
✔ close graph adapter carries recorded parent authority and canonical fallback (0.341042ms)
✔ close graph adapter carries malformed parent authority as a fail-closed error (0.312958ms)
✔ #1486: close graph adapter delegates authority and preserves rich child records (0.291375ms)
✔ resolveDoneTargetBranch: standalone story degenerates to trunk (no regression) (0.071792ms)
✔ resolveDoneTargetBranch: honors a custom trunk name (0.102917ms)
✔ resolveDoneTargetBranch: grandchild resolves to sub-epic branch when it survives (0.086083ms)
✔ resolveDoneTargetBranch: walks up to root-epic branch when sub-epic branch is gone (0.084209ms)
✔ resolveDoneTargetBranch: walks all the way to trunk when every ancestor branch is gone (0.56175ms)
✔ lineageDoneGate: no commit-trail → skip (0.077583ms)
✔ lineageDoneGate: empty trail marker → skip (0.071584ms)
✔ lineageDoneGate: root epic without an own commit trail still proves children on trunk (8.079ms)
✔ lineageDoneGate: child with [#N] reachable on its epic branch → passes (7.490584ms)
✔ lineageDoneGate: child not on parent branch → refuses naming the branch (4.219542ms)
✔ lineageDoneGate: standalone story scopes attribution to trunk (3.85675ms)
✔ lineageDoneGate: root epic proves every child commit on trunk even while its branch survives (4.483875ms)
✔ lineageDoneGate: root epic excludes a closed not-planned child on trunk (5.288542ms)
✔ lineageDoneGate: root epic refuses naming children whose commit is not on trunk (7.791583ms)
✔ lineageDoneGate: nested epic proves its child trail on the parent even while its own branch survives (4.608ms)
✔ lineageDoneGate: nested epic uses its surviving parent when its own branch is missing (4.225875ms)
✔ lineageDoneGate: nested epic fallback still refuses an incomplete child trail (3.742584ms)
✔ lineageDoneGate: root epic falls back to the configured trunk when its branch is gone (0.169333ms)
ℹ tests 26
ℹ suites 0
ℹ pass 26
ℹ fail 0
ℹ cancelled 0
ℹ skipped 0
ℹ todo 0
ℹ duration_ms 62.546083
