✔ unauthorized-close recovery uses exact structured attributes and preserves field DB (2.0995ms)
✔ unauthorized-close recovery ignores fenced examples (0.149375ms)
✔ unauthorized-close recovery replaces only the top-level marker without duplication (0.258167ms)
✔ four-backtick recovery examples are ignored by reads and top-level upserts (0.242584ms)
✔ four-tilde recovery examples are ignored by reads and top-level upserts (0.203292ms)
✔ backtick in a candidate info string does not hide a later top-level recovery (0.146542ms)
✔ unticked labels round-trip JSON punctuation exactly (0.095583ms)
✔ unauthorized-close recovery rejects phases outside the durable phase machine (0.223625ms)
✔ unauthorized-close recovery rejects structurally incomplete transaction state (0.093833ms)
✔ unauthorized-close writer rejects every incomplete recovery field (0.193584ms)
✔ unauthorized-close reader rejects empty required attributes (0.177583ms)
✔ upsertProgressMarker rejects an empty or non-string kind (0.083666ms)
✔ fresh invocation resumes after intent write failure (1.004458ms)
✔ fresh invocation resumes after reopen failure (0.44575ms)
✔ fresh invocation resumes after reopened write failure (0.264042ms)
✔ fresh invocation resumes after Review move failure (0.374792ms)
✔ fresh invocation resumes after review write failure (1.289291ms)
✔ fresh invocation resumes after timing post failure (0.393333ms)
✔ fresh invocation resumes after timing write failure (0.436167ms)
✔ fresh invocation resumes after complete write failure (0.38525ms)
✔ queued timing result fails and leaves durable phase at review (0.4735ms)
✔ a completed recovery is an idempotent recovered no-op (0.162625ms)
✔ executor refuses a pending-recovery decision mismatch without taking policy authority (0.164708ms)
✔ executor validates a complete recovery before calling the phase writer (0.111333ms)
ℹ tests 24
ℹ suites 0
ℹ pass 24
ℹ fail 0
ℹ cancelled 0
ℹ skipped 0
ℹ todo 0
ℹ duration_ms 17.97575
