✔ commitsOnTrunkGate: attributed commit exists on trunk → ok (82.874083ms)
✔ commitsOnTrunkGate: no attributed commit on trunk → refuse with message-based code (60.038667ms)
✔ commitsOnTrunkGate: recorded SHA unreachable but token on trunk → ok (no deadlock) (60.55025ms)
✔ commitsOnTrunkGate: no trail comment → graceful skip (0.152917ms)
✔ commitsOnTrunkGate: empty marker → graceful skip (0.112667ms)
✔ commitsOnTrunkGate: trunk ref unresolved → refuse with helpful message (59.706917ms)
✔ commitsOnTrunkGate: attribution lookup failure → surfaced blocker (60.430333ms)
✔ commitsOnTrunkGate: cfg.trunkRef takes precedence, attribution scoped to it (48.983167ms)
✔ commitsOnTrunkGate (#927): fetches before it resolves, then attributes against origin/trunk (0.258333ms)
✔ commitsOnTrunkGate (#927): a fetch failure is non-fatal — still resolves and closes (0.205125ms)
✔ runCloseGates: no attributed commit on trunk composes into blockers (6.152125ms)
✔ runCloseGates: attributed commit on trunk → trunk gate passes, full gate passes (3.127875ms)
ℹ tests 12
ℹ suites 0
ℹ pass 12
ℹ fail 0
ℹ cancelled 0
ℹ skipped 0
ℹ todo 0
ℹ duration_ms 386.878625
