✔ forward move with all prior markers → allow (1.879667ms)
✔ first forward move (backlog→refine) with backlog marker → allow (0.119083ms)
✔ forward move missing immediately-prior marker → refuse, names it (0.218167ms)
✔ forward move with a two-back hole (refine missing on plan→develop) → refuse (0.095375ms)
✔ forward move with multiple prior holes → refuse, lists all missing (0.079583ms)
✔ rework develop→plan → skip (0.051459ms)
✔ rework review→develop → skip (0.060875ms)
✔ rework plan→backlog → skip (0.065458ms)
✔ re-entry develop after a test bounce (test→develop) → skip (0.07775ms)
✔ empty fromState (offline, no live Status) → skip (0.09675ms)
✔ unknown target stage → skip (0.0635ms)
✔ same-state move → skip (0.044125ms)
✔ force override on a prefix hole → bypass, carries missing + message (0.085292ms)
✔ force override is a no-op when there is no hole → allow (0.048625ms)
✔ re-entry visit markers (aitm-entered-develop-2) count as present (0.064584ms)
ℹ tests 15
ℹ suites 0
ℹ pass 15
ℹ fail 0
ℹ cancelled 0
ℹ skipped 0
ℹ todo 0
ℹ duration_ms 7.338792
