✔ throws when cfg is missing (0.831375ms)
✔ throws when issueNumber is missing (0.099541ms)
✔ TASK_TRACKER_SKIP_REEVAL=1 short-circuits to skipped + posts bypass note (1.246292ms)
✔ skip-env tolerates a postComment failure (0.139709ms)
✔ epic with sub-issues is skipped (0.108ms)
✔ epic-skip tolerates a postComment failure (0.105792ms)
✔ returns unchanged when size+estimate already match (0.637542ms)
✔ falls back to project field values when field-DB lacks size/estimate (0.388583ms)
✔ tolerates a projectValuesForIssue failure (0.75325ms)
✔ ≥2-tier jump requires human attention and is not auto-applied (0.372292ms)
✔ human-attention tolerates a postComment failure (0.17675ms)
✔ applied path writes both fields, patches body, and posts audit (0.29375ms)
✔ applied path warns when field ids are missing (no writes) (0.52975ms)
✔ applied path tolerates a project-item write failure (0.223041ms)
✔ applied path tolerates a body-patch failure (0.160709ms)
✔ applied path with no projectId skips field writes but patches body (0.096041ms)
ℹ tests 16
ℹ suites 0
ℹ pass 16
ℹ fail 0
ℹ cancelled 0
ℹ skipped 0
ℹ todo 0
ℹ duration_ms 9.830166
[task-tracker] WARN: required project field "Estimate" (cfg.fieldEstimate) is not configured — re-eval estimate write skipped. Re-run `scripts/gh/init-project-config.sh` to discover and persist field ids.
[task-tracker] WARN: required project field "fieldSize" (cfg.fieldSize) is not configured — re-eval size write skipped. Re-run `scripts/gh/init-project-config.sh` to discover and persist field ids.
⚠ re-eval: project field write failed: item lookup failed
⚠ re-eval: body patch failed: patch conflict
