coverage-demote.test.mjs: defined
✔ runDemote: throws without issueNumber (0.859708ms)
✔ runDemote: throws without cfg (0.128334ms)
✔ runDemote: assertBound is invoked and may throw (0.122208ms)
✔ runDemote: no recorded + no live → error (board item missing) (0.306542ms)
✔ runDemote: no recorded + live → bootstrap, then demoted (2.027041ms)
✔ runDemote: live disagrees with recorded → drift-refused (0.134709ms)
✔ runDemote: unknown recorded state → error (0.1015ms)
✔ runDemote: legal-but-non-source state → invalid-source-refused (0.093667ms)
✔ runDemote: move-state nonzero exit → transition-failed (0.09925ms)
✔ runDemote: recorded test, live test, move ok → demoted (no bootstrap) (0.238375ms)
✔ runDemote: recorded review → demoted from review (0.107166ms)
✔ runDemote: default fetch + live-state deps run via fake gh → demoted (264.29425ms)
✔ verbDemote: no issue number → usage, exit 1 (0.342792ms)
✔ verbDemote: demoted → stdout, no exit (0.163ms)
✔ verbDemote: bootstrap demoted → stdout notes bootstrap (0.1455ms)
✔ verbDemote: drift-refused → stderr, exit 4 (0.103666ms)
✔ verbDemote: invalid-source-refused → stderr, exit 4 (0.0965ms)
✔ verbDemote: transition-failed → stderr, exit code (0.114333ms)
✔ verbDemote: error status → stderr, exit 1 (0.103625ms)
✔ verbDemote: runDemote throws → stderr, exit 1 (0.100958ms)
✔ runDemote: no --rework → rework-required (refuses before any fetch) (0.072417ms)
✔ verbDemote: rework-required → stderr, exit 4 (0.071167ms)
ℹ tests 22
ℹ suites 0
ℹ pass 22
ℹ fail 0
ℹ cancelled 0
ℹ skipped 0
ℹ todo 0
ℹ duration_ms 273.632375
