✔ throws when cfg is missing (1.08475ms)
✔ throws when issueNumber is missing (0.453084ms)
✔ board-fetch failure returns refine-exit-board-fetch-failed (0.185583ms)
✔ labels-fetch failure returns refine-exit-labels-fetch-failed (0.112292ms)
✔ missing Rank is a blocker (1.226417ms)
✔ empty labels is a blocker (0.225417ms)
✔ missing Start Time is a blocker (0.111875ms)
✔ missing Pickup Directive heading is a blocker (0.212833ms)
✔ a Pickup Directive inside a <details> block does not satisfy the gate (0.140583ms)
✔ inline-code details tag examples do not hide a top-level Pickup Directive (0.169167ms)
✔ an unclosed line-level details container keeps Pickup hidden fail-closed (0.183583ms)
✔ a forbidden compound command in Verification Commands is a blocker (0.341708ms)
✔ a non-demonstrable AC (no verifier) is a blocker (0.697542ms)
✔ body-fetch failure appends refine-exit-body-fetch-failed (0.090958ms)
✔ happy path — all signals present — returns ok:true (0.446167ms)
✔ default fetchers run when deps.gql is injected (no fetchBody/fetchLabels) (0.1815ms)
ℹ tests 16
ℹ suites 0
ℹ pass 16
ℹ fail 0
ℹ cancelled 0
ℹ skipped 0
ℹ todo 0
ℹ duration_ms 9.696458
