✔ parseArgs: positional dead + --by (1.113125ms)
✔ parseArgs: dead falls back to active when no positional (0.090083ms)
✔ parseArgs: byProvided false when --by absent (0.065417ms)
✔ parseArgs: strips leading # on both args (0.097166ms)
✔ runSupersede: missing deadIssue throws (0.357541ms)
✔ runSupersede: missing byIssue throws (0.099917ms)
✔ runSupersede: self-supersede throws (0.0745ms)
✔ runSupersede: missing cfg.repo throws (0.091542ms)
✔ runSupersede: superseder-missing — no writes (0.169875ms)
✔ runSupersede: transition-failed — marker stamped, no audit/close (0.378084ms)
✔ runSupersede: superseded happy path — stamp + audit + close + back-ref (0.27275ms)
✔ runSupersede: back-reference comment failure is tolerated (0.5245ms)
✔ verbSupersede: no dead issue → usage, exit 2 (19.9535ms)
✔ verbSupersede: --by missing → usage, exit 2 (17.018417ms)
✔ verbSupersede: success → no exit (12.658666ms)
✔ verbSupersede: non-superseded result → exit 1 (16.625791ms)
✔ verbSupersede: thrown error → exit 1 (23.664ms)
✔ runSupersede: default I/O helpers drive a fake gh end-to-end (503.153708ms)
ℹ tests 18
ℹ suites 0
ℹ pass 18
ℹ fail 0
ℹ cancelled 0
ℹ skipped 0
ℹ todo 0
ℹ duration_ms 624.316833
[task-tracker] warn: back-reference comment on #88 failed: comment boom
