▶ #498 formatDefectHint
  ✔ formats `aitm-defect-hint: <verb> <reason>` (0.507375ms)
  ✔ collapses a multi-line reason to one line (0.110042ms)
  ✔ returns empty string when verb is empty or blank (0.068708ms)
  ✔ omits the reason when blank, keeping just the verb (0.060208ms)
  ✔ length-caps an overlong reason with an ellipsis (0.140417ms)
✔ #498 formatDefectHint (1.494333ms)
▶ #498 appendDefectHint
  ✔ appends exactly one trailer line to existing text (0.0915ms)
  ✔ returns the text unchanged when the trailer would be empty (0.213417ms)
✔ #498 appendDefectHint (0.444375ms)
▶ #498 emission sites
  ✔ gh-edit-guard --body refusal carries the trailer (0.953792ms)
  ✔ gh-edit-guard --body-file refusal carries the trailer (0.193042ms)
  ✔ MarkerLossError exposes a defectHint matching the grammar (0.145208ms)
  ✔ SeederMarkerMissingError exposes a defectHint matching the grammar (0.087458ms)
✔ #498 emission sites (1.556875ms)
ℹ tests 11
ℹ suites 3
ℹ pass 11
ℹ fail 0
ℹ cancelled 0
ℹ skipped 0
ℹ todo 0
ℹ duration_ms 7.4255
