✔ waived v2 intent has exact scope and cannot project as an ordinary v1 intent (5.911166ms)
✔ a second intent ID cannot consume the same waiver operation (1.155792ms)
✔ waived v3 receipt selection is explicit and preserves immutable provenance (2.95825ms)
✔ builders produce exact versioned schemas, hashes, and deeply frozen values (0.286292ms)
✔ #1619: warning-bearing receipts use exact v2 bytes while warning-free receipts stay v1 (0.876583ms)
✔ #1619: receipt v2 refuses malformed warning data and divergent warning receipts (0.777834ms)
✔ external recovery intent retains strict observed history bytes without provider correlation (0.203375ms)
✔ intent and receipt records round trip every supported merge method (0.736041ms)
✔ intent and receipt records reject merge methods outside the supported set (0.241583ms)
✔ comments contain one canonical marker and preserve authoritative server metadata (0.5015ms)
✔ intent comments round trip when bounded payload strings contain delivery marker names (0.321ms)
✔ receipt comments round trip when bounded payload strings contain delivery marker names (0.159833ms)
✔ intent comments reject a second inline hidden delivery marker (0.238667ms)
✔ receipt comments reject a second inline hidden delivery marker (0.18225ms)
✔ builders reject extra keys, malformed identities, unbounded strings, and invalid SHAs (1.617375ms)
✔ repository names accept the normal form and reject more than 256 UTF-8 bytes (0.166208ms)
✔ parser rejects malformed marker-like comments and noncanonical record bytes (0.305875ms)
✔ parser enforces repository, issue, PR, exact record keys, and server createdAt correlation (0.721375ms)
✔ transaction parser ignores only a fully valid historical PR record (0.516125ms)
✔ projection computes superseded effective state and the live matching receipt (0.695625ms)
✔ projection rejects duplicate IDs, missing links, cycles, forks, and multiple live tips (1.549375ms)
✔ projection rejects a replacement that names an intent appearing later in comment order (0.7235ms)
✔ projection rejects same-key divergent authorized bytes (0.514333ms)
✔ projection rejects orphaned, mismatched, duplicate, and conflicting receipts (1.570583ms)
✔ receipt authority follows comment order while retaining superseded-intent receipts (1.383958ms)
✔ generic delivery waiver schema is explicit and never inferred from attribution fields (0.192375ms)
ℹ tests 26
ℹ suites 0
ℹ pass 26
ℹ fail 0
ℹ cancelled 0
ℹ skipped 0
ℹ todo 0
ℹ duration_ms 30.015916
