✔ reserves intent before one POST and resumes exact confirmed transaction (1.978292ms)
✔ one operation cannot change intent or burn after consumption (1.78925ms)
✔ unresolved receipt request is indeterminate and never posts again (2.141458ms)
✔ lost intent POST response permits exact readback but never a second POST (0.44025ms)
✔ unresolved intent request blocks all later POSTs and burn (0.355333ms)
✔ different operation cannot reserve an already owned original intent (0.725208ms)
✔ unrelated operation advances tip without changing the first burn OID (1.886708ms)
✔ a later exact receipt readback resolves the original pending request (2.318667ms)
✔ first burn refuses without a current authority and full verification port (0.436209ms)
✔ v3 readback refuses a divergent comment with the same intent and operation (0.232ms)
✔ v4 readback refuses a divergent receipt for the same operation (1.552459ms)
✔ first burn rejects stale grant or failed non-waived verification without CAS (1.534542ms)
✔ completed operation still reconciles its exact intent beside the v4 receipt (2.441125ms)
ℹ tests 13
ℹ suites 0
ℹ pass 13
ℹ fail 0
ℹ cancelled 0
ℹ skipped 0
ℹ todo 0
ℹ duration_ms 22.338917
