✔ fresh exact waiver verifies all live predicates and returns provisional facts only (1.723958ms)
✔ pinned waiver reproduces stored receipt input without current grant lookup (2.548167ms)
✔ generic waiver refuses mismatched schemas and fabricated mode flags as input-contract (0.31725ms)
✔ a second failed predicate refuses the provisional waiver (0.38025ms)
✔ provider and Git disagreement is a hard evidence refusal (0.399291ms)
✔ malformed provider method and unknown topology remain hard refusals (1.383ms)
✔ pinned provider field may disappear while receipt retains authorized observation (2.875625ms)
✔ pinned topology changes and conflicting new provider observations refuse (3.049792ms)
✔ pinned evidence requires a complete real burn and cannot use a fake OID (2.694333ms)
✔ fresh waiver preserves an absent provider method as null (0.387041ms)
✔ confirmed v3 candidate can be reverified provisionally before a burn (0.507833ms)
✔ unrelated trunk advancement remains valid when the merge stays reachable (1.857959ms)
✔ fresh waiver refuses a contradictory original intent timestamp (0.222666ms)
✔ pinned null provider observation remains null when metadata later appears (2.613792ms)
✔ typed current-grant ambiguity retains its hard ID and indeterminate outcome (0.476583ms)
✔ valid local head divergence can use accepted-head waiver with accepted PR/Test/Review head intact (1.003542ms)
✔ valid merge-before-original-intent chronology can use one intent-integrity waiver (0.811583ms)
✔ observed commit bytes divergence can use one commit-attribution waiver (0.628917ms)
✔ conflicting accepted authorities stays hard despite a matching catalog-eligible grant (0.543708ms)
✔ unmerged PR stays hard despite a matching catalog-eligible grant (0.476583ms)
✔ wrong PR target stays hard despite a matching catalog-eligible grant (0.516333ms)
✔ unreachable merge stays hard despite a matching catalog-eligible grant (0.54ms)
✔ unknown branch disposition stays hard despite a matching catalog-eligible grant (0.513334ms)
✔ two distinct eligible failures refuse before any provisional receipt (0.69375ms)
✔ commit-attribution waiver never accepts a conflicting issue claim (0.681041ms)
✔ single missing final attribution can use the exact commit-attribution waiver (0.613458ms)
✔ missing final attribution and changed bytes count as one waived requirement ID (0.474292ms)
✔ pinned v3/v4 missing-trailer waiver reconstructs an exact warning-free receipt (2.774958ms)
ℹ tests 28
ℹ suites 0
ℹ pass 28
ℹ fail 0
ℹ cancelled 0
ℹ skipped 0
ℹ todo 0
ℹ duration_ms 36.416875
