✔ AC1: an epic is refused develop-exit without a reconciliation marker (23.735625ms)
✔ AC1: the refusal is the ONLY blocker on an otherwise-complete epic (10.552208ms)
✔ AC2: the same epic passes develop-exit once the marker is stamped (0.427167ms)
✔ AC2: stamping does not disturb the kind marker or the deliverable marker (0.141875ms)
✔ AC2: setEpicAcReconciled is idempotent — a second stamp adds no second marker (0.113875ms)
✔ AC2: hasEpicAcReconciledMarker honors a bare, un-timestamped marker (0.057291ms)
✔ AC3: a code-kind issue is unaffected by the new gate (4.935ms)
✔ AC3: the other no-commit kinds are unaffected — they have no children to reconcile (0.343875ms)
✔ AC4: the marker is registered as a body invariant (31.213584ms)
✔ AC4: dropping the marker is reported as a lost invariant (23.037375ms)
✔ AC4: the invariant entry is mirrored into the gh-edit-guard registry (25.149833ms)
✔ AC5: the refusal names the reconciliation act, not merely the missing marker (31.263291ms)
✔ AC5: the refusal explains WHY reconciliation is a develop-exit event (0.405583ms)
✔ guard-rail: the marker cannot substitute for a missing deliverable (2.782209ms)
✔ guard-rail: reconciliation does not excuse an unticked AC (105.081334ms)
ℹ tests 15
ℹ suites 0
ℹ pass 15
ℹ fail 0
ℹ cancelled 0
ℹ skipped 0
ℹ todo 0
ℹ duration_ms 294.486042
