✔ findNextEligibleChild excludes a child whose blocker is not Done (1.1425ms)
✔ findNextEligibleChild prefers a child that blocks a sibling (blocking-first) (0.222833ms)
✔ findNextEligibleChild keeps rank-ascending tiebreak among equals (0.178125ms)
✔ findNextEligibleChild makes a child eligible once its blocker is Done (0.098708ms)
✔ enrichChildrenWithBlockedBy attaches native dependency readiness per child (0.641417ms)
✔ enrichChildrenWithBlockedBy fails closed when evidence fetch fails (0.234459ms)
✔ wipAdvanceDecision: allows first child out of R4P (no active sibling) (0.134625ms)
✔ wipAdvanceDecision: refuses a second child while one already advances (0.083875ms)
✔ wipAdvanceDecision: dependencies do not bypass the sequential local budget (0.0935ms)
✔ wipAdvanceDecision: a blocked active sibling still consumes the local budget (0.129167ms)
✔ wipAdvanceDecision: Done siblings never count as advancing (0.091708ms)
✔ planRefineWipGate: solo issue (no parent) bypasses (0.262167ms)
✔ planRefineWipGate: refuses when an epic sibling already advances (104.079417ms)
✔ planRefineWipGate: fails closed when sibling fetch throws (0.189167ms)
✔ childCreationAllowedAtEpicState admits the R4P lifecycle state (0.397916ms)
✔ developEpicTestChildrenGate passes for non-epic (no children) (0.31975ms)
✔ developEpicTestChildrenGate refuses when any child is at backlog (0.397292ms)
✔ developEpicTestChildrenGate refuses when any child is at assigned (0.069791ms)
✔ developEpicTestChildrenGate refuses when any child is at refine (0.221208ms)
✔ developEpicTestChildrenGate refuses when any child is at plan (0.115375ms)
✔ developEpicTestChildrenGate refuses when any child is at develop (0.222125ms)
✔ developEpicTestChildrenGate refuses when any child is at test (0.072833ms)
✔ developEpicTestChildrenGate passes when every child is done (0.582208ms)
✔ developEpicTestChildrenGate refuses when every child is only at review (0.483459ms)
✔ developEpicTestChildrenGate refuses a mix of review and terminal children (0.240625ms)
✔ developEpicTestChildrenGate names every nonterminal offender, not just the first (1.398666ms)
✔ developEpicTestChildrenGate refuses mixed-case "REVIEW" (0.776291ms)
✔ developEpicTestChildrenGate surfaces fetch failure as blocker (1.401ms)
✔ developEpicTestChildrenGate accepts mixed-case "DONE" (0.142959ms)
✔ developEpicTestChildrenGate requires cfg and issueNumber (0.311083ms)
ℹ tests 30
ℹ suites 0
ℹ pass 30
ℹ fail 0
ℹ cancelled 0
ℹ skipped 0
ℹ todo 0
ℹ duration_ms 120.524458
