✔ planEpicDevelopChildrenGate passes for non-epic (no children) (0.708625ms)
✔ planEpicDevelopChildrenGate refuses when any child is in backlog (0.264916ms)
✔ planEpicDevelopChildrenGate passes when children are R4P or later with current evidence (0.227291ms)
✔ planEpicDevelopChildrenGate passes when sole current child is at ready-for-plan (0.114125ms)
✔ planEpicDevelopChildrenGate passes when sole current child is at plan (0.071959ms)
✔ planEpicDevelopChildrenGate passes when sole current child is at develop (0.085083ms)
✔ planEpicDevelopChildrenGate passes when sole current child is at test (0.063417ms)
✔ planEpicDevelopChildrenGate passes when sole current child is at review (0.061ms)
✔ planEpicDevelopChildrenGate passes an accepted terminal child (0.259041ms)
✔ planEpicDevelopChildrenGate refuses sole backlog child (#335 regression) (0.201333ms)
✔ planEpicDevelopChildrenGate refuses children that are merely at refine (0.118625ms)
✔ planEpicDevelopChildrenGate surfaces fetch failures as blockers (0.136292ms)
✔ findNextEligibleChild returns lowest-rank R4P child (0.172625ms)
✔ findNextEligibleChild skips children with null rank (0.059667ms)
✔ findNextEligibleChild returns null when no R4P children (0.049458ms)
✔ findNextEligibleChild returns null on empty list (0.040417ms)
✔ fetchEpicChildren throws when cfg or parentEpicNumber missing (0.286958ms)
✔ fetchEpicChildren refuses a malformed child collection (0.07075ms)
✔ isPendingRecoveryPhase accepts only incomplete durable recovery phases (0.052167ms)
✔ developEpicTestChildrenGate passes when a child was closed from Backlog (#947 — the #859 case) (0.609542ms)
✔ planEpicDevelopChildrenGate passes with a child closed from Backlog (#947) (2.045042ms)
✔ reviewEpicDoneChildrenGate passes with a child closed mid-flight (#947) (0.163459ms)
✔ reviewEpicDoneChildrenGate still refuses an OPEN child parked mid-flight (#947 regression) (0.120708ms)
✔ findNextEligibleChild never selects a child closed from Refine (#947) (0.245708ms)
✔ wipAdvanceDecision does not count a child closed mid-flight against the budget (#947) (0.399541ms)
ℹ tests 25
ℹ suites 0
ℹ pass 25
ℹ fail 0
ℹ cancelled 0
ℹ skipped 0
ℹ todo 0
ℹ duration_ms 10.928333
