✔ child outcome carries the real Test identity plus parent lineage, never a skipped receipt (4.616917ms)
✔ root epic incomplete telemetry uses actual merged delivery identity without invented parent commands (0.975209ms)
✔ incomplete outcome derives known subtotal from immutable timing source without numeric fabrication (0.444042ms)
✔ incomplete record refuses forged subtotal, changed source, wrong linkage and missing actual receipt (0.89275ms)
✔ incomplete rendering names unknown remainder and calibration excludes incomplete evidence (0.930417ms)
✔ incomplete outcomes never enter quantitative calibration (2.006833ms)
✔ incomplete writer rejects changed write payload and missing or conflicting fresh readback (1.658833ms)
✔ incomplete writer returns full unique canonical evidence only after fresh readback (0.596375ms)
✔ immutable outcome timing source permits append-only close tail and refuses mutation or linkage drift (2.4965ms)
✔ source successor verifies complete appended actor evidence and preserved footer (30.816625ms)
✔ original timing snapshot cannot silently discard malformed work rows (0.429834ms)
✔ supported ISO fractional historical timing rows remain represented (0.253791ms)
✔ incomplete source proof carries closed exact Test provenance and refuses omitted or forged modes (1.029792ms)
✔ calendar-normalized impossible original timing dates are refused (0.101916ms)
✔ persisted predecessor v2 remains readable without invented proof fields (0.243417ms)
✔ new provenance uses an explicit schema generation (0.13775ms)
ℹ tests 16
ℹ suites 0
ℹ pass 16
ℹ fail 0
ℹ cancelled 0
ℹ skipped 0
ℹ todo 0
ℹ duration_ms 52.384542
