▶ guard-parity: plan→develop
  ✔ accept fixture: planned-estimate gate + body-gates ok (3.087917ms)
  ✔ refuse fixture: missing planned-estimate appendix refuses both paths (0.621333ms)
✔ guard-parity: plan→develop (4.443584ms)
▶ guard-parity: develop→test
  ✔ accept fixture: code-complete-gate ok when AC ticked + commit-trail present (2.47075ms)
  ✔ refuse fixture: unticked AC + missing commit-trail refuses both paths (0.726291ms)
✔ guard-parity: develop→test (3.35975ms)
▶ guard-parity: test→review
  ✔ accept fixture: skipped — see fixture _reason (0.309625ms)
  ✔ refuse fixture: review-preflight refusal-set agrees across paths (1.75875ms)
✔ guard-parity: test→review (2.213792ms)
▶ guard-parity: test→review via-registry (#267)
  ✔ refuse fixture: completeness gate fires identically on promote and review paths (5.181209ms)
  ✔ refuse fixture: missing dod-verified marker refuses on both paths with same reason (0.719625ms)
  ✔ accept fixture: dod-verified present + every checkbox ticked passes both paths (2.049ms)
✔ guard-parity: test→review via-registry (#267) (8.287834ms)
✔ adopted narrative Scope is a separate Test-exit obligation (1.675292ms)
ℹ tests 10
ℹ suites 4
ℹ pass 10
ℹ fail 0
ℹ cancelled 0
ℹ skipped 0
ℹ todo 0
ℹ duration_ms 23.323375
