✔ reviewExitReviewApprovedGuard: body with marker → ok (0.938959ms)
✔ reviewExitReviewApprovedGuard: missing marker, toState=done → refuse (0.161416ms)
✔ reviewExitReviewApprovedGuard: missing marker, toState=test (rollback) → ok (0.061542ms)
✔ reviewExitReviewApprovedGuard: empty body → refuse (0.056542ms)
✔ reviewExitCloseGatesGuard: toState=test (rollback) → ok regardless of body (0.091459ms)
✔ reviewExitCloseGatesGuard: missing cfg/issueNumber/body → fail-open (0.082916ms)
✔ reviewExitCloseGatesGuard: clean body + clean deps → ok (178.220125ms)
✔ reviewExitCloseGatesGuard: missing aitm-dod-verified marker → refuse (14.025084ms)
✔ reviewExitCloseGatesGuard: dirty overlap → refuse with close-dirty-touched blocker (10.60675ms)
✔ STATES.review.exitGuards: includes review-exit-review-approved (0.151417ms)
✔ STATES.review.exitGuards: includes review-exit-close-gates (0.067916ms)
✔ STATES.review.exitGuards: includes child-cannot-lead-epic-exit (0.054417ms)
✔ STATES.review.exitGuards: blockedBy runs before review-exit guards (0.078667ms)
✔ STATES.review.exitGuards: epic-children-done runs before close-gates (#877) (0.065917ms)
✔ runGuards(review,done): missing review-approved marker → refusal surfaces from registry (17.182625ms)
✔ runGuards(review,test): rollback bypasses review-exit-done guards (0.539834ms)
✔ runGuards(review,done): approved + clean deps → ok (16.382875ms)
✔ runGuards(review,done): no commits trail → dirtyCheckSkipped warn surfaces (0.570917ms)
ℹ tests 18
ℹ suites 0
ℹ pass 18
ℹ fail 0
ℹ cancelled 0
ℹ skipped 0
ℹ todo 0
ℹ duration_ms 242.359375
stub-gh: refused api graphql -f query=query { repository(owner: "owner", name: "name") { issue(number: 279) { parent { number body } subIssues(first: 100) { nodes { number title stateReason } } } } }
stub-gh: refused api graphql -f query=query { repository(owner: "owner", name: "name") { issue(number: 279) { parent { number body } subIssues(first: 100) { nodes { number title stateReason } } } } }
stub-gh: refused api graphql -f query=query { repository(owner: "owner", name: "name") { issue(number: 279) { parent { number body } subIssues(first: 100) { nodes { number title stateReason } } } } }
stub-gh: refused api graphql -f query=query { repository(owner: "owner", name: "name") { issue(number: 279) { parent { number body } subIssues(first: 100) { nodes { number title stateReason } } } } }
stub-gh: refused api graphql -f query=query { repository(owner: "owner", name: "name") { issue(number: 279) { parent { number body } subIssues(first: 100) { nodes { number title stateReason } } } } }
stub-gh: refused api graphql -f query=query { repository(owner: "owner", name: "name") { issue(number: 279) { parent { number body } subIssues(first: 100) { nodes { number title stateReason } } } } }
stub-gh: refused api graphql -f query=query { repository(owner: "owner", name: "name") { issue(number: 279) { parent { number body } subIssues(first: 100) { nodes { number title stateReason } } } } }
stub-gh: refused api graphql -f query=query { repository(owner: "owner", name: "name") { issue(number: 279) { parent { number body } subIssues(first: 100) { nodes { number title stateReason } } } } }
stub-gh: refused api graphql -f query=query { repository(owner: "owner", name: "name") { issue(number: 279) { parent { number body } subIssues(first: 100) { nodes { number title stateReason } } } } }
stub-gh: refused api graphql -f query=query { repository(owner: "owner", name: "name") { issue(number: 279) { parent { number body } subIssues(first: 100) { nodes { number title stateReason } } } } }
