✔ getHumanReviewer returns null when env unset or blank (0.650708ms)
✔ buildAuditCommentBody contains stable HTML marker and env-var name (0.200416ms)
✔ buildHumanReviewerMarker round-trips via HUMAN_REVIEWER_MARKER_RE (0.236584ms)
✔ HUMAN_REVIEWER_MARKER_RE still matches the legacy colon form (0.103417ms)
✔ Full-Auto path (env absent) posts audit comment with marker (0.442959ms)
✔ Full-Auto path is idempotent — does not duplicate audit comment (0.199375ms)
✔ Human-reviewer path (env set) stamps body marker, no comment (0.202542ms)
✔ Human-reviewer path is idempotent — does not double-stamp marker (0.080208ms)
✔ hasGenuineReviewApprovedMarker: true for non-full-auto marker, false for full-auto marker or absent (0.434792ms)
▶ explicit review authority takes precedence over legacy reviewer environment detection
  ✔ genuine marker wins over a bypass context (0.167208ms)
  ✔ explicit bypass records Full-Auto even with a reviewer env (0.061459ms)
  ✔ human gate does not become Full-Auto when reviewer env is absent (0.078958ms)
✔ explicit review authority takes precedence over legacy reviewer environment detection (0.575459ms)
✔ explicit bypass audit names the bypass without claiming a reviewer signal was absent (0.114ms)
✔ enforceFullAutoAudit rejects an unsupported explicit review authority (0.235583ms)
✔ resolveReviewAuthority accepts only the internal authority union (0.061875ms)
✔ body already carrying a genuine review-approved marker suppresses the Full-Auto audit even with env unset (0.083833ms)
✔ a full-auto-flagged review-approved marker does not suppress the audit (0.133709ms)
✔ Full-Auto path tolerates listComments throwing — posts comment anyway (0.119ms)
✔ Full-Auto path returns error when postComment throws (0.09675ms)
ℹ tests 20
ℹ suites 0
ℹ pass 20
ℹ fail 0
ℹ cancelled 0
ℹ skipped 0
ℹ todo 0
ℹ duration_ms 8.145167
