✔ lifecycleSatisfaction: all absent when labels absent (1.07425ms)
✔ lifecycleSatisfaction: ticked when checkbox is [x] (0.356708ms)
✔ lifecycleSatisfaction: audited when fullAutoApproved & passed-final-review missing (0.106667ms)
✔ lifecycleSatisfaction: optout when marker present and label missing (0.092167ms)
✔ lifecycleSatisfaction: ticked beats audited (0.089709ms)
✔ parseLifecycleOptouts: parses multiple keys, lowercases (0.060042ms)
✔ assertLifecycleSatisfied: required + passed-final-review missing → block (0.306417ms)
✔ assertLifecycleSatisfied: only close-owned keys missing → pass (0.492ms)
✔ #982 canonical satisfaction reads review and housekeeping as one logical set (0.16275ms)
✔ assertLifecycleSatisfied: required + all ticked → pass (0.119125ms)
✔ assertLifecycleSatisfied: required=false never blocks (0.096625ms)
✔ assertLifecycleSatisfied: audit marker satisfies passed-final-review only (0.090042ms)
✔ assertLifecycleSatisfied: opt-outs unblock per key (0.05775ms)
ℹ tests 13
ℹ suites 0
ℹ pass 13
ℹ fail 0
ℹ cancelled 0
ℹ skipped 0
ℹ todo 0
ℹ duration_ms 6.852667
