✔ parseFromCommentArg: raw numeric id (0.609ms)
✔ parseFromCommentArg: hash-prefixed form (0.153458ms)
✔ parseFromCommentArg: full URL (0.083958ms)
✔ parseFromCommentArg: refuses gibberish (0.232542ms)
✔ parseFromCommentArg: refuses null (0.076459ms)
✔ stripLeadingDeepDiveHeading: strips `## Plan Deep-Dive Analysis` (0.157709ms)
✔ stripLeadingDeepDiveHeading: strips `## Deep-Dive Analysis (2026-06-06)` (0.112792ms)
✔ stripLeadingDeepDiveHeading: preserves subordinate ### headings (0.047292ms)
✔ stripLeadingDeepDiveHeading: no-op when no leading heading (0.06025ms)
✔ mirrorDeepDiveFromComment: happy path mirrors comment + stamps both markers (3.260125ms)
✔ mirrorDeepDiveFromComment: no-op when markers + back-pointer already present (0.777ms)
✔ mirrorDeepDiveFromComment: refuses when hand-authored inline deep dive lacks back-pointer (0.320708ms)
✔ mirrorDeepDiveFromComment: comment with leading heading produces single canonical heading (0.4785ms)
✔ mirrorDeepDiveFromComment: back-pointer line matches spec format (0.130792ms)
✔ mirrorDeepDiveFromComment: refuses when comment body is empty (0.0715ms)
✔ repairDeepDivePlacementBody relocates a wrapped legacy block byte-for-byte (2.728791ms)
✔ repairDeepDivePlacementBody relocates an unwrapped block after the fields trailer (0.930417ms)
✔ repairDeepDivePlacementBody is a no-op for an already-canonical block (0.291334ms)
✔ repairDeepDivePlacementBody refuses ambiguous and malformed layouts (0.190833ms)
ℹ tests 19
ℹ suites 0
ℹ pass 19
ℹ fail 0
ℹ cancelled 0
ℹ skipped 0
ℹ todo 0
ℹ duration_ms 15.754875
