✔ task-owner exposes issue, project, and session scopes (1.276625ms)
✔ background-convergence exposes only issue and project scopes (0.612ms)
✔ task-owner preserves the exact legacy tail (0.206625ms)
✔ background convergence excludes every session effect (0.091625ms)
✔ task-owner is the default profile (0.109792ms)
✔ every falsy profile except undefined fails closed (0.37725ms)
✔ non-string profiles fail closed even when string coercion names a known profile (0.136958ms)
✔ unknown profiles fail closed (0.079625ms)
✔ moveState refuses an unknown profile before any saga effect (0.473417ms)
✔ moveState refuses an unsupported review authority before any saga effect (0.179417ms)
✔ runMoveStateHost refuses an unknown profile before argv policy (29.854875ms)
✔ runMoveStateHost refuses an unsupported review authority before argv policy (21.600042ms)
✔ runMoveStateInProcess forwards typed profile and review authority without argv flags (0.495917ms)
✔ runMoveStateInProcess preserves task-owner and null authority defaults (0.187708ms)
ℹ tests 14
ℹ suites 0
ℹ pass 14
ℹ fail 0
ℹ cancelled 0
ℹ skipped 0
ℹ todo 0
ℹ duration_ms 67.762167
