▶ natCommentRequired — diff-aware predicate (#940)
  ✔ docs-only + code-touching diff → required (0.910333ms)
  ✔ docs-only + provably docs-only diff → skipped (0.18475ms)
  ✔ docs-only + empty diff → required (default-deny) (0.203583ms)
  ✔ docs-only + undefined diff → required (default-deny) (0.138291ms)
  ✔ code kind → required regardless of diff (kind-only fallback) (0.105875ms)
  ✔ no-commit kind (spike) → not required regardless of diff (0.131833ms)
  ✔ valid no-new-tests declaration → not required (honest #944 escape) (0.38925ms)
  ✔ docs-only + no-new-tests declaration → not required (escape wins) (0.150917ms)
✔ natCommentRequired — diff-aware predicate (#940) (3.095666ms)
▶ buildReviewContext threads changedPaths (#940)
  ✔ normalizes an array changed-path set onto the context (0.813625ms)
  ✔ missing changedPaths defaults to [] (default-deny) (0.515042ms)
  ✔ non-array changedPaths coerces to [] (0.08025ms)
✔ buildReviewContext threads changedPaths (#940) (1.616ms)
▶ required-comments consumes context.changedPaths (#940)
  ✔ docs-only + code diff → NAT comment required (failure reported) (0.553208ms)
  ✔ docs-only + docs-only diff → NAT requirement skipped (no failure) (0.097375ms)
  ✔ docs-only + missing diff → required (default-deny) (0.073ms)
  ✔ code kind → required regardless of diff (0.057917ms)
  ✔ threads end-to-end: buildReviewContext output drives the validator (0.096667ms)
✔ required-comments consumes context.changedPaths (#940) (0.988542ms)
ℹ tests 16
ℹ suites 3
ℹ pass 16
ℹ fail 0
ℹ cancelled 0
ℹ skipped 0
ℹ todo 0
ℹ duration_ms 10.897833
