✔ parseTestEntriesFromDiff: new test addition (1.116625ms)
✔ parseTestEntriesFromDiff: modified existing test re-emits its declaration line as an addition (0.121333ms)
✔ parseTestEntriesFromDiff: test.skip declaration (0.175542ms)
✔ parseTestEntriesFromDiff: multiple files in one diff (0.106958ms)
✔ parseTestEntriesFromDiff: empty/non-matching diff produces zero entries (0.066292ms)
✔ collectTestDiffEntries: dedupes across SHAs and skips failing SHAs (0.191ms)
✔ buildNewAutomatedTestsComment: returns null on empty input (0.103958ms)
✔ buildNewAutomatedTestsComment: groups entries by file under the heading (0.126167ms)
✔ buildNewAutomatedTestsComment: appends the explanatory footer when entries exist (0.059208ms)
✔ buildNewAutomatedTestsComment: empty input returns null with no footer (0.092125ms)
✔ buildNewAutomatedTestsComment: body with footer still satisfies the dedupe startsWith predicate (0.066834ms)
✔ postNewAutomatedTestsComment: posts a dedicated comment when entries are found (0.527417ms)
✔ postNewAutomatedTestsComment: finds tests added by a non-tip attributed commit (0.479834ms)
✔ postNewAutomatedTestsComment: falls back to trace SHAs when attribution fails (0.178916ms)
✔ postNewAutomatedTestsComment: no test files changed means no comment posted (0.113416ms)
✔ postNewAutomatedTestsComment: no commit trail comment is a no-op (0.075042ms)
✔ postNewAutomatedTestsComment: skips if a New Automated Tests comment already exists (0.09ms)
✔ parseTestEntriesFromDiff: it() declaration is captured (#901) (0.060209ms)
✔ parseTestEntriesFromDiff: it.skip/.only/.todo declarations are captured (#901) (0.072666ms)
✔ parseTestEntriesFromDiff: describe-nested it() is captured (#901) (0.051125ms)
✔ parseTestEntriesFromDiff: describe() and lookalike identifiers produce no phantom entries (#901) (0.039625ms)
ℹ tests 21
ℹ suites 0
ℹ pass 21
ℹ fail 0
ℹ cancelled 0
ℹ skipped 0
ℹ todo 0
ℹ duration_ms 8.606125
