✔ parsePauseMarkers: dot-dot back-compat form (1.569875ms)
✔ parsePauseMarkers: kv form with reason (0.149333ms)
✔ parsePauseMarkers: kv form without reason (0.067916ms)
✔ parsePauseMarkers: kv form rejects missing timestamp (0.062041ms)
✔ parsePauseMarkers: rejects until <= from (0.08575ms)
✔ parsePauseMarkers: rejects garbage timestamps (0.065709ms)
✔ parsePauseMarkers: handles both forms together (0.064958ms)
✔ pauseSpansBetween: kv-form span fully inside window (0.407917ms)
✔ pauseSpansBetween: partial-overlap is pro-rated (0.087834ms)
✔ pauseSpansBetween: span outside window returns nothing (0.100125ms)
✔ deriveStateMoveDelta: subtracts kv-form pause from window (0.48475ms)
✔ applyPauseSpansToRows: rollup drops engaged time by 20 min (0.535667ms)
✔ parsePauseMarkers: kv fields permit any order and preserve optional reason (0.081209ms)
ℹ tests 13
ℹ suites 0
ℹ pass 13
ℹ fail 0
ℹ cancelled 0
ℹ skipped 0
ℹ todo 0
ℹ duration_ms 7.234292
