▶ planExitPlanMetadataGuard (#892)
  ✔ refuses a missing Plan Metadata heading (0.739125ms)
  ✔ refuses an empty Plan Metadata section (0.349334ms)
  ✔ refuses comment-only and prose-only content (0.197041ms)
  ✔ refuses nested headings even when a preceding field is substantive (0.0895ms)
  ✔ accepts a substantive flat planning field (0.486625ms)
  ✔ refuses provenance-only fields that belong in Story Origin (0.115416ms)
  ✔ does not cross into the adjacent Pickup Directive section (0.211667ms)
  ✔ skips non-Develop transitions and fails open without a body (0.095792ms)
✔ planExitPlanMetadataGuard (#892) (3.100792ms)
▶ Plan state wiring (#892)
  ✔ registers the guard on Plan exit before VC presence (0.142625ms)
✔ Plan state wiring (#892) (0.244916ms)
ℹ tests 9
ℹ suites 2
ℹ pass 9
ℹ fail 0
ℹ cancelled 0
ℹ skipped 0
ℹ todo 0
ℹ duration_ms 7.377875
