✔ waived authority preserves the exact exception revision and evaluated scope (2.901ms)
✔ ordinary approval remains satisfied and fingerprints the exact approval marker (1.037541ms)
✔ approval fingerprint uses the same fence-aware marker that passed parsing (0.428166ms)
✔ recordedAt requires canonical millisecond UTC form (0.235416ms)
✔ disabled approval gate is not represented as satisfied approval (0.125542ms)
✔ required approval without a marker or waiver fails closed (0.0855ms)
✔ completion requires matching Develop entry and move-complete transition identities (0.826125ms)
✔ writer creates and exactly reads back one immutable authority record (0.5265ms)
✔ writer reconciles an ambiguous create transport from one exact listed record (0.356625ms)
✔ writer fails closed when ambiguous transport finds no exact record (0.29025ms)
✔ writer fails closed when ambiguous transport finds duplicate exact records (0.262167ms)
✔ modern approval audits require the authority codec transition ID grammar (0.422291ms)
ℹ tests 12
ℹ suites 0
ℹ pass 12
ℹ fail 0
ℹ cancelled 0
ℹ skipped 0
ℹ todo 0
ℹ duration_ms 11.607791
