## Definition of Done
<!--
Each item below MUST be individually verified by running the declared
verifier. Do not bulk-check. Do not preemptively check. The visible checkbox
is the sign-off; the hidden `aitm-dod-evidence:<key>` marker is the evidence
trail. `/task check` refuses to tick a stampable Functional DoD item without
its marker; run `/task dod-stamp <key>` to produce one. The two derived keys
(`acs`, `checkboxes`) are auto-stamped by `/task close` from the body itself.
See `skill/shared/rules/functional-dod.md` for the full contract.

Lifecycle items are verified during Review. Housekeeping items are finalized
during Close; their separate headings make the owning workflow phase explicit.

Kind-aware items (#681): append a `dod:kinds` HTML-comment annotation to scope
an item to a set of issue kinds. `exclude="spike,research"` renders the item for
every kind EXCEPT those listed; `include="code"` renders it only for the listed
kinds; an item with no annotation applies to every kind (the default). The
`tests` item is excluded for the no-code kinds `spike` and `research`, which ship
findings rather than code and would otherwise carry a test-suite DoD item and a
`npm run test:all` verification command they can never satisfy. Filtering happens
at render time in `preflight-issue.mjs`; a filtered-out item is simply absent, so
no phantom evidence marker is ever required for it.

Diff-decides for `docs-only` (#865): the `tests` item deliberately does NOT
static-exclude `docs-only`. A `docs-only` issue can quietly touch code, so the
kind alone must not launder it out of the suite. Instead the `tests` item is
dropped only when the render is `--kind docs-only` AND a supplied
`--changed-paths-file` proves the `trunk...HEAD` diff is documentation-only
(default-deny: any unclassified/empty/mixed diff keeps the item). "The kind
declares, the diff decides."
-->

### Functional (verified at Test)

- [ ] All automated tests pass <!-- aitm-verified cmd="`npm test` `npm run test:slow`" --> <!-- dod:functional:tests --> <!-- dod:kinds exclude="spike,research" -->
- [ ] Lint and format checks pass <!-- aitm-verified cmd="`npm run lint` `npm run format:check`" --> <!-- dod:functional:lint -->
- [ ] All changes committed; commit messages follow project convention <!-- aitm-verified cmd="`git log --oneline -1`" --> <!-- dod:functional:commits --> <!-- dod:kinds exclude="epic" -->
- [ ] Acceptance criteria met (including additions from deep dive) <!-- dod:functional:acs -->
- [ ] Issue body checkboxes ticked <!-- dod:functional:checkboxes -->

### Lifecycle (verified at Review)

- [ ] Agent Review Passed
- [ ] Final Review Passed

### Housekeeping (verified at Close)

- [ ] Story closed and moved to Done
- [ ] Timing data flushed to issue

---

## Pickup Directive — MANDATORY, DO NOT SKIP
> Follow: `.ai-task-manager/templates/pickup-directive.md`
<!-- aitm-body-version version="1" -->
✔ epic preflight handles omitted story intake (219.456208ms)
✔ epic preflight handles blank story intake (224.590917ms)
✔ epic preflight handles template story intake (214.489708ms)
✔ epic preflight handles valid story intake (203.849541ms)
✔ epic preflight handles malformed story intake (195.616ms)
✔ epic preflight handles administrative story intake (211.727625ms)
✔ solo preflight handles omitted story intake (207.872125ms)
✔ solo preflight handles blank story intake (195.970834ms)
✔ solo preflight handles template story intake (216.876375ms)
✔ solo preflight handles valid story intake (200.445875ms)
✔ solo preflight handles malformed story intake (201.8445ms)
✔ solo preflight handles administrative story intake (201.459375ms)
✔ sub-issue preflight handles omitted story intake (206.778333ms)
✔ sub-issue preflight handles blank story intake (215.752875ms)
✔ sub-issue preflight handles template story intake (196.30975ms)
✔ sub-issue preflight handles valid story intake (210.394041ms)
✔ sub-issue preflight handles malformed story intake (207.176167ms)
✔ sub-issue preflight handles administrative story intake (203.492917ms)
✔ defect preflight handles omitted story intake (205.030583ms)
✔ defect preflight handles blank story intake (222.145125ms)
✔ defect preflight handles template story intake (247.24075ms)
✔ defect preflight handles valid story intake (200.683ms)
✔ defect preflight handles malformed story intake (201.068708ms)
✔ defect preflight handles administrative story intake (202.663291ms)
▶ preflight-issue --shape lint wiring
  ✔ rejects && in an AC aitm-verified cmd marker with exit 12 (441.463ms)
  ✔ accepts a clean AC with a current vc-list citation (315.621ms)
✔ preflight-issue --shape lint wiring (757.669708ms)
▶ preflight-issue --shape Story Origin flat-section validation (#892)
  ✔ rejects a Story Origin fragment containing an embedded heading (290.177834ms)
  ✔ still accepts a single leading Story Origin heading for compatibility (378.508125ms)
  ✔ rejects a stale project template override that drops Story Origin (372.722292ms)
✔ preflight-issue --shape Story Origin flat-section validation (#892) (1041.996666ms)
▶ preflight-issue --shape Plan Metadata flat-section validation (#892)
  ✔ rejects a Plan Metadata fragment containing an embedded heading (250.093875ms)
  ✔ accepts one compatible leading Plan Metadata heading (201.757458ms)
✔ preflight-issue --shape Plan Metadata flat-section validation (#892) (452.117834ms)
▶ preflight-issue --shape stub (#426)
  ✔ renders without scope/ac/plan-metadata files, using placeholders (178.159875ms)
  ✔ seeds the Scope section from --idea-file (206.880667ms)
✔ preflight-issue --shape stub (#426) (385.316791ms)
▶ preflight-issue --shape Verification Commands seeding (#410)
  ✔ seeds a ## Verification Commands section that makes the body a fixed point of the evidence audit (204.100541ms)
✔ preflight-issue --shape Verification Commands seeding (#410) (204.287667ms)
▶ preflight-issue --kind docs-only render (#865 diff-decides / #923)
  ✔ default-deny: docs-only with NO --changed-paths-file KEEPS the tests DoD item (217.254916ms)
  ✔ docs-only + provably documentation-only diff DROPS the tests item + its VC seeds (295.664375ms)
  ✔ docs-only + a diff that touches code KEEPS the tests item (default-deny) (378.096875ms)
✔ preflight-issue --kind docs-only render (#865 diff-decides / #923) (891.954333ms)
▶ normalizePlanMetadata (#416)
  ✔ bolds a simple word label (0.488542ms)
  ✔ bolds a hyphenated label (0.127709ms)
  ✔ is idempotent on already-bold labels (0.039333ms)
  ✔ leaves non-label lines unchanged (0.041917ms)
  ✔ handles multi-line input, bolding only label lines (0.0425ms)
  ✔ bolds a bulleted word label, preserving the bullet (#488) (0.03275ms)
  ✔ bolds a bulleted hyphenated label, colon outside the span (#488) (0.052459ms)
  ✔ is idempotent on an already-bold bulleted label (#488) (0.061334ms)
  ✔ bolds a realistic bulleted metadata block, leaving prose untouched (#488) (0.045208ms)
✔ normalizePlanMetadata (#416) (1.310083ms)
ℹ tests 46
ℹ suites 7
ℹ pass 46
ℹ fail 0
ℹ cancelled 0
ℹ skipped 0
ℹ todo 0
ℹ duration_ms 8755.98375
