✔ refinement snapshot records and validates current scope, AC, fields, dependencies, labels, and provenance (3.257792ms)
✔ refinement snapshot fails closed when refinement inputs or labels become stale (0.394542ms)
✔ refinement snapshot schema 3 excludes legacy blocker carriers from authority (0.211125ms)
✔ the Refine success hook may remove transient rationale without invalidating the durable snapshot (0.393292ms)
✔ refinement snapshot refuses incomplete refinement evidence (0.363125ms)
✔ Refine exit guard requires a current snapshot and allows owner-optional R4P parking (0.303959ms)
✔ Refine exit guard refuses body snapshot fields that disagree with the live board (0.172209ms)
✔ Refine exit guard refuses a missing live Rank instead of coercing it to rank zero (0.181ms)
✔ runRefine stamps the snapshot from the final body and exact live labels (23.946ms)
✔ runRefine refuses R4P and later states before changing fields or body (0.557333ms)
✔ cancel-plan is the sole governed Plan to R4P one-edge action (0.173958ms)
✔ cancel-plan clears Plan-only artifacts while preserving refinement evidence and fields (2.076292ms)
✔ cancel-plan refuses a stale refinement snapshot before any mutation (0.280458ms)
✔ cancel-plan restores Refine fields after legitimate Plan re-estimation drift (0.480041ms)
✔ cancel-plan still refuses non-estimation refinement field drift (0.169958ms)
✔ cancel-plan refuses concurrent configured-project field drift before any artifact mutation (0.202833ms)
✔ cancel-plan refuses a missing live Rank instead of coercing it to rank zero (0.151709ms)
✔ cancel-plan remains a hub-only handler with no direct executable entrypoint (0.037291ms)
✔ cancel-plan restores original Plan artifacts without clobbering concurrent body edits (0.523541ms)
✔ cancel-plan reconciles a thrown mover and restores Plan artifacts when Status stayed Plan (0.864791ms)
✔ successful cancellation removes the old Planned Estimate appendix (0.342667ms)
✔ early Plan cancellation succeeds when no Planned Estimate appendix exists yet (0.454292ms)
✔ Plan cancellation succeeds when best-effort Refine estimate comment posting failed (0.316ms)
✔ cancel-plan refuses before body mutation when Planned Estimate read-back is stale (19.8125ms)
✔ cancel-plan accepts a nonzero delegate when live Status reached R4P (0.613542ms)
✔ cancel-plan refuses every source except Plan without writing (0.228166ms)
ℹ tests 26
ℹ suites 0
ℹ pass 26
ℹ fail 0
ℹ cancelled 0
ℹ skipped 0
ℹ todo 0
ℹ duration_ms 67.088417
