✔ all fields + labels present, no children → ok (1.917459ms)
✔ missing rank → blocker names rank (0.342417ms)
✔ empty labels → blocker (0.570709ms)
✔ missing startTime → blocker (0.167625ms)
✔ #245 — epic whose child is in backlog now PASSES (child-not-at-refine check removed) (0.116125ms)
✔ #245 — kept checks still fire: missing rank yields refine-exit-missing even for an epic (0.142083ms)
✔ compound CLI command in AC marker → refine-exit-forbidden-command blocker (1.066667ms)
✔ missing Pickup Directive heading → refine-exit-pickup-directive-missing blocker (0.222125ms)
✔ Pickup Directive heading present → no pickup-directive blocker (0.138125ms)
✔ Pickup Directive heading only inside <details> → still blocked (0.212458ms)
✔ AC with a {tbd}-sentinel verifier → refine-exit-demonstrable names the malformed verifier, not "no verifier" (0.786542ms)
✔ waived AC alongside a bare code AC → only the bare code AC is flagged demonstrable (0.323042ms)
✔ multiple missing fields produces multiple blockers (0.122334ms)
ℹ tests 13
ℹ suites 0
ℹ pass 13
ℹ fail 0
ℹ cancelled 0
ℹ skipped 0
ℹ todo 0
ℹ duration_ms 10.127292
