✔ s.active === target: C6 no longer calls flushActiveToGH (deferral seam removed) (224.057625ms)
✔ a paused binding opens a timing segment before automated Review work (333.973459ms)
✔ review handoff policy pauses only when human approval is required (0.400917ms)
✔ s.active === target: safePostTiming NOT called before SKIP_NETWORK block (133.982542ms)
✔ hasAgentTiming branch: safePostTiming NOT called before SKIP_NETWORK block (222.614208ms)
✔ else branch: safePostTiming NOT called before SKIP_NETWORK block (172.359208ms)
✔ gate-failure timeline: the only timing row is review:failed (0.698875ms)
✔ gate-failure timeline: the marker stamp precedes the review:failed row (0.126834ms)
✔ gate-failure timeline: no state-change row is emitted at all (D2) (0.100417ms)
✔ gate-failure timeline: no demote is driven, with or without extraArgs (D3) (0.159125ms)
✔ gate-failure timeline: a mutate throw is best-effort and does not lose the row (0.309958ms)
✔ gate-pass timeline: the only timing row is review:passed (0.127667ms)
✔ #1458 — resident pass prepares durable evidence before the pass callback (0.97ms)
✔ gate-pass timeline: the row description records the validator set and result=pass (0.108291ms)
✔ gate-pass timeline: an empty validator set is recorded as "none", still result=pass (0.074042ms)
✔ gate-pass timeline: no failure or state-change row leaks from the pass path (0.070834ms)
ℹ tests 16
ℹ suites 0
ℹ pass 16
ℹ fail 0
ℹ cancelled 0
ℹ skipped 0
ℹ todo 0
ℹ duration_ms 1099.179458
