✔ web tick preserves unadopted legacy behavior without evidence I/O (3.630625ms)
✔ hatch tick preserves unadopted legacy behavior without evidence I/O (0.548125ms)
✔ old generated tick preserves unadopted legacy behavior without evidence I/O (0.257875ms)
✔ unchecked legacy preserves unadopted legacy behavior without evidence I/O (0.207708ms)
✔ explicit current record always validates retained manifest and files despite accepted Test (1.92825ms)
✔ adopted policy unchecked narrative blocks without a current record (0.360875ms)
✔ adopted policy proofless checked narrative blocks without a current record (0.2785ms)
✔ unchecked explicit target validates its current record then blocks (0.719292ms)
✔ policy machine-bearing targets remain owned by the existing machine route (0.475125ms)
✔ readiness distinguishes wrong section (0.439ms)
✔ readiness distinguishes verifier target pointer (0.251417ms)
✔ readiness distinguishes malformed pointer (0.293834ms)
✔ readiness distinguishes changed target bytes (0.35ms)
✔ readiness distinguishes changed branch (0.295458ms)
✔ readiness distinguishes changed HEAD (0.260542ms)
✔ readiness distinguishes wrong comment author (0.253542ms)
✔ readiness distinguishes edited current comment (0.225375ms)
✔ readiness distinguishes deleted current comment (0.294208ms)
✔ readiness distinguishes rate-limited read (0.230417ms)
✔ readiness distinguishes changed artifact bytes (0.355833ms)
✔ readiness distinguishes unavailable artifact reader (0.317417ms)
✔ readiness distinguishes non-bound checkout (0.218542ms)
✔ readiness distinguishes missing invokingDir (0.672292ms)
✔ directory lane returns before parser or any evidence read (1.100834ms)
✔ fenced and multiline-comment examples are inert even without root Scope (0.651125ms)
✔ guard preserves typed blocker args and remediation without accepted-Test bypass (0.370959ms)
✔ copying a current pointer to another checkbox refuses duplicate lineage (0.384333ms)
✔ unadopted legacy text has no new parser obligations (0.252042ms)
✔ adopted target must have one visible label across all live issue checkboxes (2.768875ms)
✔ record-retained manifest label must equal the current visible target label (1.652292ms)
✔ policy does not adopt phase-owned Agent Review Passed (0.222375ms)
✔ explicit reviewed pointer refuses phase-owned Agent Review Passed (0.172625ms)
✔ policy does not adopt phase-owned Final Review Passed (0.244084ms)
✔ explicit reviewed pointer refuses phase-owned Final Review Passed (0.175625ms)
✔ policy does not adopt phase-owned Passed final human review (0.154542ms)
✔ explicit reviewed pointer refuses phase-owned Passed final human review (0.142792ms)
✔ policy does not adopt phase-owned Story closed and moved to Done (0.145875ms)
✔ explicit reviewed pointer refuses phase-owned Story closed and moved to Done (0.134833ms)
✔ policy does not adopt phase-owned Timing data flushed to issue (0.150458ms)
✔ explicit reviewed pointer refuses phase-owned Timing data flushed to issue (0.260791ms)
✔ policy does not adopt phase-owned Deep dive complete (0.319375ms)
✔ explicit reviewed pointer refuses phase-owned Deep dive complete (1.504625ms)
✔ policy does not adopt phase-owned Discussion complete (1.271542ms)
✔ explicit reviewed pointer refuses phase-owned Discussion complete (0.214792ms)
✔ guard accepts the actual registry repo context field (0.316208ms)
✔ checked narrative mention of a verifier name still requires reviewed evidence (0.183708ms)
ℹ tests 46
ℹ suites 0
ℹ pass 46
ℹ fail 0
ℹ cancelled 0
ℹ skipped 0
ℹ todo 0
ℹ duration_ms 34.161375
