✔ initial record is installed after comment readback; equivalent checked request is fully validated no-op (40.2445ms)
✔ uncheck retains pointer; validated recheck reuses its original record (7.817458ms)
✔ changed request refreshes checked target in one lineage with predecessor (11.919375ms)
✔ body failure preserves orphan and retry reconciles it before another create (6.213542ms)
✔ manifest mutation after comment creation refuses body write, even for checked no-op (1.246875ms)
✔ generic writes cannot fabricate/remove/move pointer, or bypass recheck with unverified hatch (2.692875ms)
✔ generic policy changes and malformed reviewed prefixes stay protected (0.611625ms)
✔ reviewed options reject all unsupported mixtures before I/O (0.336459ms)
✔ fresh unrelated edit survives; same-target concurrent successor refuses without a body write (4.317917ms)
✔ CAS retry rebases unrelated changes and repeats validation (4.6265ms)
✔ recording preflight refusals create no comment (3.244166ms)
✔ authority or comment changes after create refuse before write (4.980583ms)
✔ same-target content edit keeps pointer but requires a new validated record (3.462167ms)
✔ generic capability-shaped objects cannot authorize reviewed writes (0.209875ms)
✔ same-target successor observed during async fresh validation is not overwritten (0.509042ms)
✔ generic async mutation cannot bypass reviewed marker protection (0.154667ms)
✔ whitespace cannot bypass special-label exclusion; manifest uses exact visible label (0.144833ms)
✔ recording refuses phase-owned lifecycle and special-label targets before comments (0.537542ms)
✔ recording refuses copied lineage before creating a successor (0.798791ms)
ℹ tests 19
ℹ suites 0
ℹ pass 19
ℹ fail 0
ℹ cancelled 0
ℹ skipped 0
ℹ todo 0
ℹ duration_ms 110.8635
