✔ recording authority resolves the bound checkout, live owner and authenticated actor (18.499333ms)
✔ authority refuses foreign invocation (11.892375ms)
✔ authority refuses wrong bound issue (22.155542ms)
✔ authority refuses detached branch (15.357041ms)
✔ authority refuses branch drift (81.538083ms)
✔ authority refuses missing assignment (20.888584ms)
✔ authority refuses ambiguous assignment (4.451542ms)
✔ authority refuses actor mismatch (7.177667ms)
✔ authority refuses Review stage (6.898666ms)
✔ local evidence hashes original manifest bytes including final LF (14.404791ms)
✔ artifacts refuse escape (4.792ms)
✔ artifacts refuse final symlink (7.26525ms)
✔ artifacts refuse intermediate symlink (6.340625ms)
✔ artifacts refuse directory (13.646583ms)
✔ artifacts refuse changed bytes (11.347ms)
✔ artifacts refuse hardlink aliases (16.121333ms)
✔ artifacts refuse HEAD drift (6.472125ms)
✔ manifest bytes must agree with both disk and parsed manifest (25.671542ms)
✔ read-only evidence context and bound manifest remain available outside recording stages (8.540958ms)
✔ device-like FIFO is refused before opening (66.509333ms)
✔ oversized artifacts stop at the bounded read and refuse (78.182083ms)
✔ path replacement during descriptor read refuses (22.0695ms)
ℹ tests 22
ℹ suites 0
ℹ pass 22
ℹ fail 0
ℹ cancelled 0
ℹ skipped 0
ℹ todo 0
ℹ duration_ms 490.92875
