✔ Scope scanner ignores fenced and HTML-comment examples and keeps nested narrative headings (5.059834ms)
✔ duplicate Scope and duplicate live labels fail closed (0.361084ms)
✔ policy adoption is explicit and fenced policy examples stay legacy (0.147084ms)
✔ every recognized verifier form stays on its existing execution-proof route (0.091625ms)
✔ target digest survives glyph and reviewed pointer changes but stales on other markers (0.596417ms)
✔ a duplicate unsupported checkbox cannot make an eligible label unique (0.176458ms)
✔ policy-name prose does not adopt legacy Scope (0.134334ms)
✔ content identity keeps original trailing bytes while removing only pointer separator (0.161916ms)
✔ narrative eligibility excludes phase-owned and special command labels (0.766584ms)
✔ recording target resolution refuses duplicate reviewed lineage or comment IDs (0.484834ms)
✔ bare verifier names remain narrative rather than execution declarations (0.122875ms)
✔ fence syntax inside a terminated multiline HTML comment remains inert (0.100583ms)
ℹ tests 12
ℹ suites 0
ℹ pass 12
ℹ fail 0
ℹ cancelled 0
ℹ skipped 0
ℹ todo 0
ℹ duration_ms 15.621
