✔ close evidence accepts a docs-only Test receipt with three recorded lane skips (3.9035ms)
✔ close evidence refuses a receipt when live Verification Commands changed (0.870708ms)
✔ close evidence keeps all five classifications required without a valid lane skip (0.251625ms)
✔ close evidence distinguishes no Test receipt for the exact final SHA (0.092375ms)
✔ close evidence distinguishes multiple Test receipts for the exact final SHA (0.213417ms)
✔ the close outcome runtime needs no override for the #1146-equivalent fixture (6.780583ms)
✔ the close outcome runtime accepts a resolved historical delivery SHA (1.317083ms)
✔ the close outcome runtime without a resolver still selects the current branch head (0.334709ms)
✔ the close outcome runtime rejects a non-function verification SHA resolver (0.45725ms)
▶ the close outcome runtime rejects malformed resolved verification SHAs
  ✔ null (0.552875ms)
  ✔ uppercase (0.351084ms)
  ✔ non-SHA (1.7565ms)
✔ the close outcome runtime rejects malformed resolved verification SHAs (4.940292ms)
ℹ tests 13
ℹ suites 0
ℹ pass 13
ℹ fail 0
ℹ cancelled 0
ℹ skipped 0
ℹ todo 0
ℹ duration_ms 26.333292
