✔ matrix refusal happens before resident or boundary effects (1.333542ms)
✔ self-target forward resumes residents before returning noop (0.164542ms)
✔ actions-only resumes residents and never requests a boundary (0.261375ms)
✔ a waived resident is terminal and distinct while forward progression continues (0.303917ms)
✔ ordinary forward completes residents before requesting one boundary (0.3085ms)
✔ reverse and bypass skip current residents (0.263667ms)
✔ force carries skipped resident IDs without resolving them (0.164084ms)
✔ ordinary forward returns dormant for incomplete or damaged resident work (0.174125ms)
✔ source drift refuses before the legacy boundary (0.146209ms)
✔ legacy refusal results preserve every diagnostic field (0.273958ms)
✔ unknown boundary results fail closed and never enter target residents (0.135541ms)
✔ guard and transition consume one snapshot vintage inside the boundary lock (0.330917ms)
✔ boundary lock translates acquisition failure without rewriting callback provenance (0.484667ms)
✔ boundary lock exposes hold-time percentiles and applies a bounded p95 retry budget (0.133333ms)
✔ damage carry is written only after a clean gate and is the sole transition-context addition (0.202459ms)
✔ a crash after confirmed movement converges by resuming the durable target (0.172083ms)
ℹ tests 16
ℹ suites 0
ℹ pass 16
ℹ fail 0
ℹ cancelled 0
ℹ skipped 0
ℹ todo 0
ℹ duration_ms 9.387
