✔ absent: waived=false gate=false r4p=false (1.068541ms)
✔ current: waived=false gate=false r4p=false (1.515417ms)
✔ legacy: waived=false gate=false r4p=false (0.268291ms)
✔ partial: waived=false gate=false r4p=false (0.100959ms)
✔ source: waived=false gate=false r4p=false (0.608583ms)
✔ story: waived=false gate=false r4p=false (0.680625ms)
✔ intent: waived=false gate=false r4p=false (0.565625ms)
✔ absent: waived=false gate=false r4p=true (0.0745ms)
✔ current: waived=false gate=false r4p=true (0.551708ms)
✔ legacy: waived=false gate=false r4p=true (0.180166ms)
✔ partial: waived=false gate=false r4p=true (0.089667ms)
✔ source: waived=false gate=false r4p=true (0.831292ms)
✔ story: waived=false gate=false r4p=true (0.293875ms)
✔ intent: waived=false gate=false r4p=true (0.25525ms)
✔ absent: waived=false gate=true r4p=false (0.078792ms)
✔ current: waived=false gate=true r4p=false (0.25725ms)
✔ legacy: waived=false gate=true r4p=false (0.041958ms)
✔ partial: waived=false gate=true r4p=false (0.03825ms)
✔ source: waived=false gate=true r4p=false (0.38325ms)
✔ story: waived=false gate=true r4p=false (0.451916ms)
✔ intent: waived=false gate=true r4p=false (0.299791ms)
✔ absent: waived=false gate=true r4p=true (0.056083ms)
✔ current: waived=false gate=true r4p=true (0.458375ms)
✔ legacy: waived=false gate=true r4p=true (0.070084ms)
✔ partial: waived=false gate=true r4p=true (0.045583ms)
✔ source: waived=false gate=true r4p=true (0.723208ms)
✔ story: waived=false gate=true r4p=true (0.2655ms)
✔ intent: waived=false gate=true r4p=true (0.228834ms)
✔ absent: waived=true gate=false r4p=false (0.029458ms)
✔ current: waived=true gate=false r4p=false (0.20325ms)
✔ legacy: waived=true gate=false r4p=false (0.04675ms)
✔ partial: waived=true gate=false r4p=false (0.034041ms)
✔ source: waived=true gate=false r4p=false (0.238125ms)
✔ story: waived=true gate=false r4p=false (0.34125ms)
✔ intent: waived=true gate=false r4p=false (0.223166ms)
✔ absent: waived=true gate=false r4p=true (0.043083ms)
✔ current: waived=true gate=false r4p=true (0.209917ms)
✔ legacy: waived=true gate=false r4p=true (0.030042ms)
✔ partial: waived=true gate=false r4p=true (0.0285ms)
✔ source: waived=true gate=false r4p=true (0.169542ms)
✔ story: waived=true gate=false r4p=true (0.421625ms)
✔ intent: waived=true gate=false r4p=true (0.21275ms)
✔ absent: waived=true gate=true r4p=false (0.026625ms)
✔ current: waived=true gate=true r4p=false (0.183333ms)
✔ legacy: waived=true gate=true r4p=false (0.031167ms)
✔ partial: waived=true gate=true r4p=false (0.029042ms)
✔ source: waived=true gate=true r4p=false (0.196584ms)
✔ story: waived=true gate=true r4p=false (0.308666ms)
✔ intent: waived=true gate=true r4p=false (0.234667ms)
✔ absent: waived=true gate=true r4p=true (0.031042ms)
✔ current: waived=true gate=true r4p=true (0.197208ms)
✔ legacy: waived=true gate=true r4p=true (0.031333ms)
✔ partial: waived=true gate=true r4p=true (0.044584ms)
✔ source: waived=true gate=true r4p=true (0.176875ms)
✔ story: waived=true gate=true r4p=true (0.200958ms)
✔ intent: waived=true gate=true r4p=true (0.339ms)
✔ demotion exits before reading body or sources (0.482875ms)
✔ a malformed present approval cannot masquerade as an absent marker (0.045209ms)
✔ case-insensitive legacy and malformed approvals cannot bypass the binding guard (0.049917ms)
✔ invalid prose precedes intent reads and async resolver failures are repairable refusals (0.145792ms)
ℹ tests 60
ℹ suites 0
ℹ pass 60
ℹ fail 0
ℹ cancelled 0
ℹ skipped 0
ℹ todo 0
ℹ duration_ms 21.063167
