▶ preflight Story Origin authoring (#892)
  ✔ renders a solo shape without plan metadata input (282.353375ms)
  ✔ preserves optional early planning input (282.44975ms)
  ✔ rejects empty and prose-only Story Origin fragments (570.778916ms)
  ✔ renders a populated stub origin and an empty plan section (1128.821ms)
  ✔ uses the resolved issue kind in a stub origin (177.491625ms)
  ✔ derives a non-stub render kind from Story Origin (345.611459ms)
  ✔ rejects an explicit kind that conflicts with Story Origin (285.959625ms)
  ✔ records a sub-issue parent inside Story Origin (272.1015ms)
✔ preflight Story Origin authoring (#892) (3347.744542ms)
▶ create-issue shaped flag forwarding (#892)
  ✔ forwards Story Origin and omits absent Plan Metadata (1.006709ms)
  ✔ still forwards optional early Plan Metadata (0.114167ms)
  ✔ forwards optional exact verification commands (0.11625ms)
✔ create-issue shaped flag forwarding (#892) (1.478417ms)
ℹ tests 11
ℹ suites 2
ℹ pass 11
ℹ fail 0
ℹ cancelled 0
ℹ skipped 0
ℹ todo 0
ℹ duration_ms 3351.680542
