✔ requires explicit valid evaluator configuration (0.956417ms)
✔ only draft mode accepts empty or canonical template prose (1.116459ms)
✔ reports the nine closed story codes in specification order (0.66175ms)
✔ aggregates independent violations without duplicate codes in draft and approval (0.127ms)
✔ requires exact prefixes and three substantive lines without bullets (0.161292ms)
✔ hashes normalized lines but preserves internal spacing and excludes marker lines (0.429333ms)
✔ all body validation surfaces retain raw first-H2 semantics around fenced decoys (0.989625ms)
✔ the evaluator recognizes a tab-separated raw H2 before the User Story (0.090875ms)
✔ an empty raw H2 marker cannot consume the next line as its heading (0.120583ms)
✔ the issue-body verifier retains tab-separated raw H2 position enforcement (0.121584ms)
✔ the historical guard shares tab-separated raw H2 position enforcement (0.069166ms)
✔ anchored phrase families accept meaningful delivery, agent and traceability roles (0.112166ms)
✔ offline corpus has exactly 24 honestly observed repairs and renderer negatives (1.365292ms)
✔ all scope levels parse original inline-code field values with normalized indentation and CRLF (0.925416ms)
✔ rejects missing, duplicate, unknown, empty, continuation and nested intent fields (0.432334ms)
✔ ignores fenced, commented and inline-code heading decoys without losing line alignment (0.669583ms)
✔ one-based inclusive parser bounds exclude neighboring intent blocks (0.124625ms)
✔ rendering and fixed-key hashing validate exactly four single-line fields (0.458542ms)
✔ linked task then linked root then unlinked deep dive select the closed authority (3.048959ms)
✔ linked authority never falls back on absent, unreadable, mismatched or malformed observations (1.051958ms)
✔ the actual mirrored details wrapper preserves deep-dive intent authority and digest (1.049459ms)
✔ a mirrored closing wrapper does not excuse missing fields or arbitrary continuations (1.287625ms)
✔ hidden closing wrapper decoys do not establish the structural deep-dive boundary (0.331542ms)
✔ selector conflicts and same-path aliases have identical decomposition and intent decisions (1.245041ms)
✔ only Plan Metadata supplies selectors; blank, template and duplicate selectors fail closed (1.780625ms)
✔ masked extractor selector round-trips exactly and raw inline-code headings suggest exact candidates (0.468625ms)
✔ diagnostics bound untrusted excerpts and duplicate tasks cannot select authority (0.363583ms)
✔ inline-code-only continuations are refused instead of silently folded or discarded (0.05275ms)
✔ unknown object-prototype labels produce a normal malformed-intent refusal (0.044292ms)
✔ an intent field containing only an HTML comment is empty (0.044334ms)
✔ heading-shaped labels hidden by inline code never become live fields (0.041209ms)
✔ duplicate active plan references fail closed instead of selecting the first observation (0.130166ms)
✔ root authority cannot hide malformed nested content by truncating at a deeper heading (0.0805ms)
✔ selector repair diagnostics name the matching task candidate, not an unrelated first task (0.138417ms)
✔ duplicate linked references cannot disagree between decomposition and intent selection (0.228917ms)
✔ intent authority rejects conflicting duplicate Source-plan references: docs/plan.md, docs/conflict.md (0.298834ms)
✔ decomposition rejects conflicting duplicate Source-plan references: docs/plan.md, docs/conflict.md (0.143ms)
✔ intent authority rejects conflicting duplicate Source-plan references: docs/conflict.md, docs/plan.md (0.129041ms)
✔ decomposition rejects conflicting duplicate Source-plan references: docs/conflict.md, docs/plan.md (0.11525ms)
✔ multiline inline code cannot hide a nonempty continuation after the four fields (0.051375ms)
✔ prototype-named extra fields refuse without throwing or extending the four-field contract (0.039042ms)
ℹ tests 41
ℹ suites 0
ℹ pass 41
ℹ fail 0
ℹ cancelled 0
ℹ skipped 0
ℹ todo 0
ℹ duration_ms 26.998
