✔ citeCommands: reuses an existing VC entry position, no append (AC1) (1.070709ms)
✔ citeCommands: appends an absent command and cites its new 1-based position (AC2) (0.12775ms)
✔ citeCommands: multi-command mixes reuse + append into a citation run (AC4) (0.078959ms)
✔ citeCommands: a command cited twice appends once and cites one position (0.067ms)
✔ buildEvidenceBackfill: cites an existing VC command without re-listing it (AC1) (1.854458ms)
✔ buildEvidenceBackfill: appends an absent command and cites its new position (AC2) (0.22525ms)
✔ buildEvidenceBackfill: no raw command is embedded in the AC markers (0.135125ms)
✔ buildEvidenceBackfill: cited positions round-trip through the read-side resolver (0.187417ms)
✔ buildEvidenceBackfill: citation-authored ACs pass the Refine→Plan demonstrability gate (1.00975ms)
✔ buildEvidenceBackfill: parseEvidenceChecklist resolves the cited commands back to literals (0.272708ms)
✔ buildEvidenceBackfill: second pass is a no-op (idempotent) (0.143166ms)
✔ multi-command citation ticks only when every cited command passes (AC4) (0.875792ms)
✔ multi-command citation stays unticked when one cited command fails (AC4) (0.152333ms)
✔ legacy embedded command still resolves as evidence (AC5) (0.13375ms)
✔ legacy embedded command remains demonstrable to the gate (AC5) (0.124208ms)
✔ legacy embedded command still auto-ticks on green (AC5) (0.103459ms)
ℹ tests 16
ℹ suites 0
ℹ pass 16
ℹ fail 0
ℹ cancelled 0
ℹ skipped 0
ℹ todo 0
ℹ duration_ms 11.817417
