✔ clean fast-forward path: sync-skip, rebase child, test, ff, cleanup (0.91ms)
✔ #1611: cleanup detaches a configured upstream before safe child deletion (0.590708ms)
✔ nested epic follows the same recursive merge-back path into its immediate epic parent (2.346292ms)
✔ grandparent advanced: epic is rebased onto trunk before the child merge (0.284292ms)
✔ rebase conflict on the child refuses before any merge (0.443208ms)
✔ post-rebase test failure refuses the merge and skips cleanup (0.1535ms)
✔ #864: the test-runner runs bounded sections, not the retired test:all (0.359ms)
✔ refuses a non-child issue (0.118584ms)
✔ requires child, git, and a test runner (0.147042ms)
✔ #1485: graph mapping preserves a valid parent custom branch (0.589209ms)
✔ #1601: graph mapping preserves the current issue custom branch and worktree (0.195584ms)
✔ #1601: malformed and ambiguous current issue authority map to authorityError (0.240083ms)
✔ #1485: a parent body with no authority marker preserves canonical fallback (0.098459ms)
✔ #1485: a root node with no parent carries no authority fields (0.070709ms)
✔ #1485: malformed and ambiguous parent authority map to parentAuthorityError (0.173834ms)
✔ #1485: a non-null parent with an unavailable body refuses (0.088833ms)
✔ #1485: graph loader prefetches child and immediate epic by issue number (0.15575ms)
✔ #1601: production graph loading reads own and parent worktree authority separately (1.042208ms)
✔ #1485: a node outside the prefetched set fails closed rather than being fabricated (0.133416ms)
✔ #1486: merge-back delegates authority and parent fetching to the shared adapter (0.269542ms)
✔ #1601: a recorded custom child branch drives rebase, merge, and cleanup (0.126125ms)
✔ #1601: recorded child path and checked-out branch mismatches refuse before mutation (0.156959ms)
✔ #1485: a recorded custom epic branch drives rebase, checkout, and fast-forward (0.091333ms)
✔ #1485: parent authority failure refuses before any git or test-runner call (0.089917ms)
✔ #1485: the CLI wires the prefetched keyed graph, not a constant single node (0.227208ms)
ℹ tests 25
ℹ suites 0
ℹ pass 25
ℹ fail 0
ℹ cancelled 0
ℹ skipped 0
ℹ todo 0
ℹ duration_ms 18.217458
