✔ exports the marker-authorized approval timing capabilities (1.108ms)
✔ #1127 marker-authorized boundary is inserted at approval and deduplicated (17.501833ms)
✔ marker-authorized boundary ignores fenced approval lookalikes (0.395791ms)
✔ legacy colon approval marker remains valid reconciliation authority (0.151125ms)
✔ #1127 delayed close cannot inflate Review or published active totals (1.765ms)
✔ legacy repair uses the last marker at approval, not a later close marker (0.677166ms)
✔ legacy repair preserves an explicit unavailable full marker at approval (0.454042ms)
✔ legacy repair treats an empty historical full-marker cell as unavailable (0.471709ms)
✔ post-close retry cannot duplicate the same authoritative approval event (0.718792ms)
✔ runApprove reconciles timing after first approval and on an already-approved retry (179.8985ms)
✔ runApprove refreshes stale Full-Auto approval carriers after lifecycle invalidation (93.15075ms)
✔ runApprove removes a legacy unbounded Full-Auto footnote during stale re-approval (89.962958ms)
ℹ tests 12
ℹ suites 0
ℹ pass 12
ℹ fail 0
ℹ cancelled 0
ℹ skipped 0
ℹ todo 0
ℹ duration_ms 395.71025
