✔ resolveBoardTarget: explicit #N wins over active issue (0.604959ms)
✔ resolveBoardTarget: falls back to the active issue (0.071125ms)
✔ resolveBoardTarget: null when neither is present (0.059875ms)
✔ verbBoard: prints "#N board Status: <state>" from the pinned reader (0.338375ms)
✔ verbBoard: reports not-on-board when the pinned reader returns null (0.107375ms)
✔ verbBoard: usage error and non-zero exit when no target resolvable (0.109791ms)
✔ evaluateGhProject: blocks `gh project item-list <n> --owner` (0.173083ms)
✔ evaluateGhProject: blocks other gh project forms (view, item-add) (0.092875ms)
✔ evaluateGhProject: a bare mention of "gh project" in prose does not trip (0.083042ms)
✔ evaluateGhProject: blocks a ProjectV2 query pinning a non-bound id (0.182333ms)
✔ evaluateGhProject: allows a ProjectV2 query pinning only the bound id (0.08775ms)
✔ evaluateGhProject: blocks a ProjectV2 query with no pinned id (client filter) (0.072709ms)
✔ evaluateGhProject: fails closed when boundProjectId is unreadable (null) (0.049416ms)
✔ evaluateGhProject: ignores non-project gh api graphql (issues, sub-issues) (0.048209ms)
✔ evaluateGhProject: ignores unrelated commands (0.067833ms)
ℹ tests 15
ℹ suites 0
ℹ pass 15
ℹ fail 0
ℹ cancelled 0
ℹ skipped 0
ℹ todo 0
ℹ duration_ms 5.965333
