#925 is already fully closed; no terminal writes were repeated.
Closed #925.
Closed #925.
Closed #925.
Closed #925.
Closed #925.
Closed #925.
Closed #925.
Closed #925.
Closed #925.
Closed #925.
Closed #925.
Closed #925.
Closed #925.
Closed #925.
Closed #925.
Closed #925.
Closed #925.
Closed #925.
Closed #925.
Closed #925.
Closed #925.
Closed #925.
✔ fully converged Delivered close retry is an exact read-only success (1.371667ms)
✔ completed disposition step refuses a conflicting live terminal disposition (0.326791ms)
✔ open Done recovery refuses a disposition that contradicts its completed step (0.128375ms)
✔ pending disposition step refuses a contradictory live terminal disposition (0.128333ms)
✔ partial Delivered close transaction exposes only its missing suffix (0.245833ms)
✔ malformed, duplicate, and contradictory Delivered close records fail closed (0.375125ms)
✔ Delivered close transaction marker round-trips exact canonical bytes (1.293917ms)
✔ duplicate or malformed Delivered close markers refuse during read (0.327ms)
✔ completed Delivered close retry performs no terminal mutation (180.638208ms)
✔ successful Delivered close persists a complete terminal transaction (339.516125ms)
✔ explicit restart audits a stale pre-terminal transaction before replacing and replaying it (323.088625ms)
✔ restart adopts an audit-backed replacement body after the body-write response was lost (313.718167ms)
✔ partial Delivered close runs only the missing terminal suffix (2409.303042ms)
✔ Done-board open-issue retry resumes at issue close without replaying earlier steps (307.50725ms)
✔ closed Done retry resumes only labels and binding from durable issue step (310.229125ms)
✔ closed not-Done issue resumes its delivered-close transaction (305.664ms)
✔ open Review partial retry rechecks lifecycle authority before a pending board effect (148.726083ms)
✔ pending Delivered disposition is adopted without overwriting it (329.571125ms)
✔ durable effects without checkpoints are observed and adopted before replay (1380.486458ms)
✔ newer binding conflict survives a terminal close retry untouched (187.116083ms)
✔ stale pre-close binding residue resumes without refreshing close authority (324.365125ms)
✔ Done-state durable retry bypasses ordinary Review gates without force or renewed approval (253.478375ms)
✔ disposition read outage after transaction discovery fails closed (144.801958ms)
✔ label cleanup failure leaves labels and binding transaction steps pending (198.733583ms)
✔ markerless open Done close is adopted into a complete durable transaction (367.446625ms)
✔ receipt-gate injection does not implicitly bypass fresh verification (150.987ms)
Closed #925.
Closed #925.
Closed #925.
Closed #925.
#925 is already fully closed; no terminal writes were repeated.
✔ lost transaction-checkpoint response is adopted without repeating durable effects (4156.345458ms)
ℹ tests 27
ℹ suites 0
ℹ pass 27
ℹ fail 0
ℹ cancelled 0
ℹ skipped 0
ℹ todo 0
ℹ duration_ms 12140.032042
[task-tracker] ⛔ Refusing to close #925: close-authority-drift: fresh Review-to-Done guards refused.
[task-tracker] ⛔ Refusing to finalize #925: a newer binding or occupancy claim supersedes the terminal cleanup authority (no-recovery-backed-replacement).
#925 terminal disposition could not be read after transaction discovery: project field unavailable
No convergence mutation was attempted; retry later.
[task-tracker] warn: failed to strip ToDo label on #925: label API unavailable
[task-tracker] ⛔ Refusing to close #925: close-delivery-receipt:fresh-input. Run `/task deliver` until a verified exact-head receipt exists, then retry.
[task-tracker] ⛔ Refusing to close #925: close-authority-drift: fresh Review-to-Done guards refused.
[task-tracker] ⛔ Refusing to close #925: close-authority-drift: fresh Review-to-Done guards refused.
[task-tracker] ⛔ Refusing to close #925: close-authority-drift: fresh Review-to-Done guards refused.
