coverage-commit-trace.test.mjs: defined
✔ runCommitTrace: happy path threads info through injected deps (15.899125ms)
✔ runCommitTrace: strips leading # from issueNumber (2.873125ms)
✔ runCommitTrace: throws without issueNumber (0.396709ms)
✔ runCommitTrace: throws without cfg.repo (0.197791ms)
✔ runCommitTrace: falls back to getProjectDir() when projectDir omitted (154.5225ms)
✔ verbCommitTrace: no target → usage, exit 1 (136.490625ms)
✔ verbCommitTrace: discover bucket active + no positional → usage, exit 1 (153.903542ms)
✔ verbCommitTrace: positional target but runCommitTrace throws → catch, exit 1 (122.403166ms)
✔ verbCommitTrace: target resolved from state.active, then catch → exit 1 (140.855334ms)
ℹ tests 9
ℹ suites 0
ℹ pass 9
ℹ fail 0
ℹ cancelled 0
ℹ skipped 0
ℹ todo 0
ℹ duration_ms 734.82025
Usage: /task commit-trace #N
Usage: /task commit-trace #N
commit-trace: commit-trace: cfg.repo is required
commit-trace: commit-trace: cfg.repo is required
