✔ deliver source has no terminal lifecycle dependency (42.214875ms)
✔ #1512 default adapter resolves @me to an eligible human reviewer (2.031375ms)
✔ #1512 default adapter normalizes exact-head PR review evidence (0.55575ms)
✔ default live PR snapshot records a server-confirmed deleted source branch (7.989666ms)
✔ #1635 merged PR attribution uses the full commit subject when GitHub truncates messageHeadline (1.130375ms)
✔ default PR adapter proves a complete paginated commit inventory (2.899834ms)
✔ default PR adapter rejects initial head mismatch (1.312875ms)
✔ default PR adapter rejects head drift between pages (0.225584ms)
✔ #1390 default PR adapter canonicalizes live GitHub second-precision mergedAt (0.319625ms)
✔ #1390 default PR adapter rejects missing or malformed mergedAt (0.338583ms)
✔ default merge-history inspector returns exact parents and authorized commit bytes (0.321ms)
✔ #1389 default comment adapter canonicalizes live GitHub second-precision timestamps (0.191291ms)
✔ #1389 default comment adapter rejects malformed GitHub timestamps (0.099625ms)
✔ #1413 default delivery adapter excludes optional and historical PR checks (0.346167ms)
✔ #1413 default delivery adapter preserves pending required checks as non-green (0.197ms)
✔ #1504 default delivery adapter reads an explicit absent required-check policy (0.2155ms)
✔ #1504 absent required checks remain unreadable after pull-request head drift (0.157208ms)
✔ #1504 default delivery adapter propagates unrelated exit-one check failures (0.091375ms)
ℹ tests 18
ℹ suites 0
ℹ pass 18
ℹ fail 0
ℹ cancelled 0
ℹ skipped 0
ℹ todo 0
ℹ duration_ms 71.716541
