✔ advanced local head refuses historical recovery without a prior intent (2.831833ms)
✔ advanced local head explicitly reconstructs a missing intent after proving historical delivery (6.410875ms)
▶ historical reconstruction and every retry enforce manual approval of the accepted historical SHA
  ✔ 0 records: missing approval (0.519458ms)
  ✔ 0 records: stale local-head approval (0.32425ms)
  ✔ 0 records: exact accepted-head approval (1.063625ms)
  ✔ 1 records: missing approval (0.308375ms)
  ✔ 1 records: stale local-head approval (0.812917ms)
  ✔ 1 records: exact accepted-head approval (1.2065ms)
  ✔ 2 records: missing approval (0.501417ms)
  ✔ 2 records: stale local-head approval (0.47525ms)
  ✔ 2 records: exact accepted-head approval (1.077125ms)
  ✔ 3 records: missing approval (0.383791ms)
  ✔ 3 records: stale local-head approval (0.356916ms)
  ✔ 3 records: exact accepted-head approval (0.495125ms)
✔ historical reconstruction and every retry enforce manual approval of the accepted historical SHA (9.628ms)
✔ ordinary prior-intent historical recovery retains its existing manual-review behavior (2.20175ms)
✔ historical reconstruction retries a persisted 1-record prefix without duplicates (2.265041ms)
✔ historical reconstruction retries a persisted 2-record prefix without duplicates (1.405209ms)
✔ historical reconstruction retries a persisted 3-record prefix without duplicates (1.1135ms)
✔ historical reconstruction recovers a lost reconciliation POST response without duplicate records (1.074667ms)
▶ historical reconstruction retries require explicit authority and fresh provider/Git proof
  ✔ 1 records: missing flag (0.192458ms)
  ✔ 1 records: changed reason (0.389417ms)
  ✔ 1 records: placeholder reason (0.227ms)
  ✔ 1 records: changed declaration (0.22625ms)
  ✔ 1 records: unreachable merge (0.333167ms)
  ✔ 1 records: changed topology (0.175708ms)
  ✔ 1 records: changed live bytes (0.445875ms)
  ✔ 2 records: missing flag (0.234167ms)
  ✔ 2 records: changed reason (0.258542ms)
  ✔ 2 records: placeholder reason (0.226334ms)
  ✔ 2 records: changed declaration (0.204459ms)
  ✔ 2 records: unreachable merge (0.291417ms)
  ✔ 2 records: changed topology (0.247ms)
  ✔ 2 records: changed live bytes (0.383084ms)
  ✔ 3 records: missing flag (0.239875ms)
  ✔ 3 records: changed reason (0.259458ms)
  ✔ 3 records: placeholder reason (0.232583ms)
  ✔ 3 records: changed declaration (0.223375ms)
  ✔ 3 records: unreachable merge (0.312208ms)
  ✔ 3 records: changed topology (0.241334ms)
  ✔ 3 records: changed live bytes (0.57975ms)
✔ historical reconstruction retries require explicit authority and fresh provider/Git proof (7.68175ms)
▶ historical reconstruction refuses missing, malformed, or mismatched v2 retry provenance
  ✔ missing (0.364917ms)
  ✔ malformed (0.3555ms)
  ✔ v1 only (0.2405ms)
  ✔ wrong origin (0.217541ms)
  ✔ wrong issue (0.219125ms)
  ✔ wrong repository (0.244459ms)
  ✔ wrong PR (0.206875ms)
  ✔ wrong accepted SHA (0.225417ms)
  ✔ wrong merge SHA (0.215125ms)
  ✔ wrong configured method (0.218584ms)
  ✔ wrong observed method (0.2265ms)
  ✔ wrong reason (0.218417ms)
  ✔ false divergence (0.235916ms)
✔ historical reconstruction refuses missing, malformed, or mismatched v2 retry provenance (4.760917ms)
✔ historical reconstruction refuses unmerged PR without any ledger writes (0.167542ms)
✔ historical reconstruction refuses unreachable merge without any ledger writes (0.211292ms)
✔ historical reconstruction refuses unattributable topology without any ledger writes (0.132459ms)
✔ historical reconstruction refuses declared method mismatch without any ledger writes (0.135166ms)
✔ historical reconstruction refuses missing flag without any ledger writes (0.108709ms)
✔ historical reconstruction refuses failed trunk fetch without any ledger writes (0.193459ms)
✔ historical reconstruction refuses provider method mismatch without any ledger writes (0.17625ms)
✔ historical reconstruction refuses invalid attribution without any ledger writes (0.222583ms)
✔ advanced local head refuses an external recovery intent (0.904584ms)
ℹ tests 65
ℹ suites 0
ℹ pass 65
ℹ fail 0
ℹ cancelled 0
ℹ skipped 0
ℹ todo 0
ℹ duration_ms 49.854125
