✔ first open-PR call posts one exact intent before emitting one action and exits 20 (12.135334ms)
✔ configured rebase refuses before durable intent or provider action output (0.65075ms)
✔ lost POST response reconciles the server-visible dedupe key without posting again (1.533667ms)
✔ same dedupe key with divergent authorized bytes fails closed (1.180917ms)
✔ same-head pending intent reruns live preflight and re-emits byte-identical JSON (1.77825ms)
✔ merged exact head is independently verified and receives one durable receipt (4.480584ms)
✔ merged verification rejects a missing merge SHA (3.97325ms)
✔ merged verification rejects the wrong recorded pre-merge head (1.52725ms)
✔ merged delivery refuses a test SHA disagreement without appending a receipt (1.493209ms)
✔ merged delivery refuses a review SHA disagreement without appending a receipt (2.754375ms)
✔ merged verification rejects an exposed merge-method mismatch (1.828375ms)
✔ merged verification rejects a live-history merge-method mismatch (1.351084ms)
✔ merged verification rejects an indistinguishable live-history merge method (1.373208ms)
✔ ordinary delivery still requires live merge bytes to equal the prior authorization (2.018541ms)
✔ configured merge verifies an exact two-parent live-history shape (2.966333ms)
✔ merged verification rejects unknown branch disposition observations (7.855ms)
✔ merged verification fails closed when the authoritative trunk fetch fails (1.951666ms)
✔ merged verification rejects a merge result unreachable from fetched origin/trunk (1.4005ms)
✔ ordinary intent rejects a merge timestamp earlier than the server intent timestamp (1.687375ms)
✔ ambiguous provider outcome reconciles an open PR as the same action-required intent (3.663958ms)
✔ ambiguous provider outcome reconciles a merged PR from live state, not provider output (6.292166ms)
✔ repeated exact receipt re-verifies live PR and trunk without creating another comment (2.864416ms)
✔ advanced local head recovers one historical receipt from a prior durable intent (2.696042ms)
✔ advanced local head refuses historical recovery while the accepted PR is open (2.286083ms)
✔ advanced local head requires accepted Agent Review and standing approval (2.638292ms)
✔ advanced local head refuses wrong-SHA Test or Review evidence (2.132208ms)
✔ advanced local head enforces intent-time ordering and trunk reachability (3.767625ms)
✔ advanced local head rejects divergent prior intent repository bytes (1.795458ms)
✔ advanced local head rejects divergent prior intent issue bytes (1.437375ms)
✔ advanced local head rejects divergent prior intent pull request bytes (1.247667ms)
✔ advanced local head rejects divergent prior intent base bytes (1.020917ms)
✔ advanced local head rejects divergent prior intent branch bytes (0.855875ms)
✔ advanced local head rejects divergent prior intent head bytes (1.233167ms)
✔ advanced local head rejects divergent prior intent method bytes (1.028958ms)
✔ advanced local head rejects divergent prior intent attribution bytes (1.07075ms)
✔ advanced local head rejects divergent prior intent title bytes (1.161875ms)
✔ advanced local head rejects divergent prior intent message bytes (0.92825ms)
✔ advanced local head refuses historical recovery when Full-Auto delivery is disabled (1.679625ms)
✔ advanced local head rejects duplicate and divergent historical receipts (2.583667ms)
✔ lost receipt POST response is reconciled from the single server-visible receipt (1.719208ms)
✔ conflicting receipts fail closed before any new comment is created (2.232667ms)
✔ already-merged external recovery appends an external intent and receipt without an action (1.506958ms)
✔ external recovery proves a configured squash from complete single-source history (1.256416ms)
✔ external recovery accepts exact legacy escaped attribution (2.796875ms)
▶ external recovery refuses altered legacy escaped attribution
  ✔ missing (0.4355ms)
  ✔ altered (0.312958ms)
  ✔ duplicated (0.28ms)
  ✔ physical newlines (0.270375ms)
  ✔ altered title (0.265083ms)
  ✔ non-squash (0.358417ms)
  ✔ multiple tokens (0.291041ms)
✔ external recovery refuses altered legacy escaped attribution (2.670333ms)
✔ external recovery refuses ambiguous one-parent rewritten history with missing method observation (0.37925ms)
✔ external recovery refuses ambiguous one-parent rewritten history with null method observation (0.268541ms)
✔ external recovery strictly rejects malformed provider merge-method evidence (0.27875ms)
✔ external recovery rejects a provider method observation that mismatches configuration (0.354084ms)
✔ external recovery structurally verifies a two-parent merge without provider method evidence (1.007833ms)
✔ ordinary prior-intent squash remains verifiable without provider method evidence (1.399917ms)
✔ external recovery records observed merge bytes instead of synthesizing provider bytes (1.953875ms)
✔ external recovery refuses empty-title observed commit bytes before writing (0.56925ms)
✔ external recovery refuses control-character-title observed commit bytes before writing (0.44275ms)
✔ external recovery refuses control-character-message observed commit bytes before writing (0.291708ms)
✔ failed first external recovery writes nothing and a corrected retry succeeds (1.558291ms)
✔ external recovery derives required attribution from PR history when post-merge range is empty (5.227625ms)
✔ repeated external recovery re-verifies as already delivered without timestamp reclassification (1.575125ms)
✔ changed head requires fresh Test and review evidence then supersedes the prior intent (2.383791ms)
✔ child lineage returns an explicit non-provider result without provider or terminal effects (0.166583ms)
✔ unknown lineage fails closed instead of being classified as child delivery (0.126542ms)
✔ requested issue number never substitutes for a missing active binding (0.174583ms)
ℹ tests 69
ℹ suites 0
ℹ pass 69
ℹ fail 0
ℹ cancelled 0
ℹ skipped 0
ℹ todo 0
ℹ duration_ms 139.326
