✔ runDemote hard-refuses with no --rework (from review) (1.146916ms)
✔ runDemote hard-refuses with no --rework (from test) (0.101416ms)
✔ runDemote treats a whitespace-only --rework as absent (0.082958ms)
✔ runDemote with a real --rework from a legal source demotes and threads the reason (0.624708ms)
✔ runDemote still refuses an illegal source even with --rework (0.243916ms)
✔ defaultRunMoveState appends --demote and --demote-reason when a reason is present (0.342042ms)
✔ defaultRunMoveState omits --demote-reason when the reason is blank (0.15075ms)
✔ parseArgs extracts issue number and --rework in both forms (0.551375ms)
✔ #932 demote-strips-VC-evidence: uncheck + drop run-props, keep declaration (4.11725ms)
✔ #932 demote-preserves-protected: no invariant marker is lost (4.718167ms)
✔ #932 re-promote-restamps-new-sha: stripped item re-stamps against the new HEAD, not the old (0.571542ms)
✔ #932 demote-with-nothing-to-strip: a body with only declarations is a safe no-op (3.951833ms)
✔ #1557 compatibility repair accepts only the exact valid stranded provenance tuple (2.509291ms)
✔ #932 runDemote wires invalidateEvidence into the state-recording mutate and reports it (4.362541ms)
✔ #848 AC6: demote LEGAL_FROM/DEMOTE_TARGET unchanged by the park addition (0.947625ms)
ℹ tests 15
ℹ suites 0
ℹ pass 15
ℹ fail 0
ℹ cancelled 0
ℹ skipped 0
ℹ todo 0
ℹ duration_ms 40.320917
