✔ extractKind pulls the --kind value and leaves title tokens intact (0.869208ms)
✔ extractKind returns null kind and unchanged rest when --kind absent (AC3) (0.071541ms)
✔ extractKind consumes only the first --kind occurrence (0.087792ms)
✔ extractKind drops a trailing --kind with no value (0.063167ms)
✔ extractKind tolerates a non-array (0.060042ms)
✔ createNewIssue appends --kind to the spawned argv when kind is set (0.202125ms)
✔ createNewIssue omits --kind from argv when kind is null (AC3) (0.106542ms)
✔ createNewIssue omits --kind from argv when kind is an empty string (0.082542ms)
✔ createNewIssue no-kind argv is byte-identical to the default-arg call (AC3) (0.098833ms)
✔ createNewIssue never forwards cfg.defaultLabels into the argv (#748 Defect A) (0.113542ms)
✔ findUnknownFlags reports every unrecognized flag token (#748 Defect B) (0.127584ms)
✔ findUnknownFlags returns [] for a plain title (#748 Defect B) (0.061916ms)
✔ findUnknownFlags returns [] for kind-stripped title tokens (#748 Defect B) (0.065917ms)
✔ findUnknownFlags flags a short -x option token (#748 Defect B) (0.047083ms)
✔ findUnknownFlags tolerates a non-array (0.157375ms)
ℹ tests 15
ℹ suites 0
ℹ pass 15
ℹ fail 0
ℹ cancelled 0
ℹ skipped 0
ℹ todo 0
ℹ duration_ms 6.1155
