plan-approve-core.test.mjs: all passed
✔ approval persists root linked intent and revalidates each observation once (25.525417ms)
✔ approval persists task linked intent and revalidates each observation once (29.318583ms)
✔ approval refuses fresh path changes with zero writes (23.732542ms)
✔ approval refuses fresh selector changes with zero writes (23.192583ms)
✔ approval refuses fresh duplicate changes with zero writes (25.432291ms)
✔ approval refuses fresh file changes with zero writes (17.693875ms)
✔ approval refuses fresh key changes with zero writes (22.621917ms)
✔ directory missing inspection fails without mutation (0.64975ms)
✔ directory invalid inspection fails without mutation (0.79025ms)
✔ directory transport inspection fails without mutation (0.312916ms)
✔ directory syntax inspection fails without mutation (0.279541ms)
✔ directory introduced in fresh transaction is refused without a write (37.711084ms)
✔ directory introduced in fresh transaction is refused without a write (40.307542ms)
✔ failed repair audit retains prior payload and exact retry repairs once (276.188834ms)
✔ real versioned writer refuses story authority drift before a retry push (3.729875ms)
✔ real versioned writer refuses directory authority drift before a retry push (0.975625ms)
✔ complete no-op refuses persisted marker or Plan-entry drift before audit (147.564375ms)
✔ stale complete bindings renew actor and timestamp even in the same clock tick (342.068625ms)
✔ a failed canonical Full-Auto audit retains the original binding repair payload (126.035708ms)
ℹ tests 19
ℹ suites 0
ℹ pass 19
ℹ fail 0
ℹ cancelled 0
ℹ skipped 0
ℹ todo 0
ℹ duration_ms 1154.431667
