✔ parseArgs extracts planned/current/rationale and strips trailing h (3.429417ms)
✔ parseArgs omits absent current keys and falls back to active issue (0.220333ms)
✔ parseArgs selects v1 evidence or explicit legacy compatibility mode (0.106709ms)
✔ runPlanEstimate delegates evidence-file execution to adaptive authority (0.459084ms)
✔ legacy planned flags require explicit compatibility mode (0.472458ms)
✔ resolveTargetIssue prefers explicit positional over active (0.080667ms)
✔ runPlanEstimate rejects missing target (0.0975ms)
✔ runPlanEstimate rejects missing cfg.repo (0.113167ms)
✔ runPlanEstimate rejects empty planned column (0.098041ms)
✔ runPlanEstimate appends with explicit current (no board read) (0.342875ms)
✔ compatibility Plan normalizes explicit Refine and Plan projections (0.195916ms)
✔ compatibility Plan normalizes a board-derived Refine projection (0.583584ms)
✔ compatibility Plan treats a null current projection as board-derived (0.230583ms)
✔ runPlanEstimate sources current from the board when --current-* omitted (0.41625ms)
✔ runPlanEstimate mirrors planned when board read is empty (0.118208ms)
✔ runPlanEstimate mirrors planned when board read throws (0.149208ms)
✔ runPlanEstimate skips board read when projectId is absent (0.168209ms)
✔ runPlanEstimate heals an empty appendix via repopulate on duplicate (0.11925ms)
✔ runPlanEstimate surfaces no-refine-comment from append (0.362667ms)
✔ plan-estimate is registered in the command catalog (0.204125ms)
ℹ tests 20
ℹ suites 0
ℹ pass 20
ℹ fail 0
ℹ cancelled 0
ℹ skipped 0
ℹ todo 0
ℹ duration_ms 17.921417
