✔ runPullNext refuses when epic is not in develop (0.904042ms)
✔ pull-next live-state reads use the exact configured-project snapshot (0.126917ms)
✔ runPullNext returns no-children for epic with no sub-issues (0.14375ms)
✔ runPullNext returns no-eligible when no R4P children exist (3.132166ms)
✔ runPullNext promotes lowest-rank R4P child (4.117958ms)
✔ #1260 pulled epic child names the bound epic integration branch (0.280667ms)
✔ #1260 solo-story planning guidance remains current trunk (0.075458ms)
✔ #1260 missing epic branch authority fails closed to generic epic guidance (0.331208ms)
✔ #1260 default epic branch resolver reads the already-bound project directory (0.292834ms)
✔ runPullNext refuses false success when the selected child did not reach Plan (0.257792ms)
✔ runPullNext delegates the selected child through the real promote bind seam (#1114) (59.012542ms)
✔ selected-child promotion reuses its held lock instead of entering the locking verb wrapper (0.263791ms)
✔ direct promote remains fail-closed on a mismatched bind (#1114) (0.294125ms)
✔ runPullNext skips a child whose external native dependency is not Done (3.560959ms)
✔ runPullNext selects a child when its external native dependency is Done (3.124042ms)
✔ runPullNext audits the epic before child selection (#758) (4.422625ms)
✔ runPullNext refuses ambiguous epic audit drift (0.222959ms)
✔ runPullNext refuses every pull when any child descriptor is incomplete (0.109167ms)
✔ runPullNext holds shared parent authority across selection and promotion (2.623917ms)
✔ runPullNext does not audit when the epic is not in develop (#758) (0.563ms)
✔ runPullNext requires epicNumber and cfg (0.247875ms)
✔ runPullNext surfaces fetch failures (0.151ms)
ℹ tests 22
ℹ suites 0
ℹ pass 22
ℹ fail 0
ℹ cancelled 0
ℹ skipped 0
ℹ todo 0
ℹ duration_ms 91.474708
