✔ reconcile accept-live: drifted issue writes new state + reconciled audit marker (4.167416ms)
✔ reconcile accept-live: test → develop invalidates stale demotion proof and reports it (#1037) (1.302375ms)
✔ reconcile accept-live: review → develop invalidates stale demotion proof and reports it (#1037) (0.577875ms)
✔ reconcile accept-live preserves execution proof for forward drift (#1037) (0.308125ms)
✔ reconcile accept-live preserves execution proof for unrelated rollback (#1037) (0.151209ms)
✔ reconcile accept-live stamps aitm-entered-<live> when absent (#174) (0.496667ms)
✔ reconcile accept-live is idempotent for entry marker (#174) (0.216625ms)
✔ reconcile accept-live: legacy Assigned status stamps canonical R4P evidence (#436, #1211) (0.296ms)
✔ reconcile revert-to-recorded: recorded BEHIND live refuses forward-only, names accept-live (#740) (0.1175ms)
✔ reconcile: no drift refused (125.566792ms)
✔ reconcile: missing mode returns error (0.124666ms)
✔ reconcile: unknown mode returns error (0.073ms)
✔ reconcile revert-to-recorded: no recorded state → error (0.088708ms)
✔ reconcile accept-live: no live state → error (0.119542ms)
✔ reconcile accept-live: preserves forward markers as history + adds visit marker (#181) (0.277833ms)
✔ reconcile revert-to-recorded: does NOT strip future entry markers (0.141125ms)
✔ reconcile revert: transition-failed when move-state exits non-zero (0.06375ms)
ℹ tests 17
ℹ suites 0
ℹ pass 17
ℹ fail 0
ℹ cancelled 0
ℹ skipped 0
ℹ todo 0
ℹ duration_ms 142.868625
[reconcile] cache-seed attempt failed: Partial runtime loss requires registered recovery
