✔ Review installs the agent-validation resident action by direct reference (1.112667ms)
✔ fresh Agent Review Passed evidence completes the current Review visit (1.2755ms)
✔ an objection persists failed evidence and returns failed without a board move (1.348292ms)
✔ resident semantic review reloads policy only for missing waivable planning sections (0.6295ms)
✔ a current semantic-review waiver returns waived without running validators or mutations (0.274542ms)
✔ waived semantic review emits a truthful durable timeline row (0.984083ms)
✔ waived semantic review retires the active failure carrier without stamping pass evidence (0.517375ms)
✔ verify revalidates a durable waiver and treats revocation as incomplete (0.318125ms)
✔ verify re-runs a durable waiver whose terminal row lacks exact-head authority (0.215167ms)
✔ verify pauses when Review comments are unreadable or no reader exists (0.204042ms)
✔ waived semantic review refuses unusable authority before clearing a failure carrier (0.281875ms)
✔ waived semantic review requires the failure-retirement capability before posting (0.101125ms)
✔ waived semantic review preserves the failure carrier when the terminal row is only queued (0.125667ms)
✔ waived semantic review preserves the failure carrier when posted evidence fails readback (0.162833ms)
✔ verify re-runs a durable waiver when a stale failure carrier still needs retirement (0.117208ms)
✔ Review entry is forward while an in-Review retry is actions-only (0.141334ms)
✔ an in-Review retry executes only the Cursor actions-only trigger (0.080542ms)
✔ Review classifies resident and boundary Cursor outcomes without swallowing failures (0.078959ms)
✔ Review reports waived semantic work without claiming verification passed (0.105917ms)
✔ resume, switch, and the dispatcher carry the Review resident wake (0.062625ms)
✔ #1488: verbStart delegates to verbResume and does not re-issue the Review wake (0.036625ms)
✔ #1488: the wake decision exempts the start verb and no other (0.070791ms)
✔ #1488: resume and rebind still wake Review residents (0.093625ms)
✔ a passing Review probe continues into actions-only resident execution (0.104125ms)
✔ a gate objection performs NO board move — the issue stays in Review (0.160875ms)
✔ the failure timeline is exactly: stamp the marker, then post review:failed (0.098834ms)
✔ the review:failed row says the issue stays in Review, not that it reverted (0.073042ms)
✔ the marker stamp is best-effort — a mutate throw does not lose the row (0.115042ms)
✔ the failure path never passes --demote to anything (0.115958ms)
✔ verbReview delegates the authoritative Test → Review move and gate to the Cursor (0.126917ms)
✔ there is exactly ONE authoritative move-to-review call site (0.051334ms)
✔ emitReviewGateFailureTimeline no longer destructures runMoveState (0.091708ms)
✔ the operator is told to fix in place and re-run, not to fix in Develop (0.05975ms)
✔ the resident action consumes the Cursor-hydrated body and comments snapshot (0.243792ms)
✔ both gate outcome paths derive their write from the post-move body (0.136292ms)
ℹ tests 35
ℹ suites 0
ℹ pass 35
ℹ fail 0
ℹ cancelled 0
ℹ skipped 0
ℹ todo 0
ℹ duration_ms 18.361375
