✔ layout audit rejects a discovered test outside the canonical lane tree (242.665125ms)
✔ layout audit rejects a test placed directly in a canonical lane root (112.19975ms)
✔ line-cap audit still examines a misplaced test discovered outside the canonical tree (125.718125ms)
✔ a hidden support-subtree test cannot evade discovery, the runner, or any audit (243.535959ms)
✔ feature-oriented files keep semantic ownership after their lane correction (1.61075ms)
✔ current test-tree baseline is well formed (2.52525ms)
✔ AC3/AC4: every current baseline test remains live in its recorded lane (0.436916ms)
✔ AC1: no *.test.mjs file remains directly in a lane root (1.031208ms)
✔ AC2: every lane subdirectory has an explicit subsystem or integration owner (6.617625ms)
✔ AC4: the three lanes are a disjoint partition whose union is the whole discovery set (11.254416ms)
✔ production root aliases refuse artifact-contained forged authority before state access (289.86875ms)
✔ production root aliases refuse physical artifact aliases (77.61025ms)
✔ same physical worktree override resolves root from a subdirectory (159.527625ms)
✔ foreign overrides require exact registered admission and conflicting aliases refuse (460.846542ms)
✔ shadowed unsafe aliases never escape validation (92.452333ms)
✔ a marker directory with only HEAD is not a Git identity (8.306917ms)
✔ registered foreign admission is scoped and requires a fresh linked Git worktree (224.290833ms)
✔ an unavailable unrelated registered worktree does not poison a valid root (85.351417ms)
✔ a linked checkout cannot import a main root located under artifacts (129.428959ms)
✔ durable layout separates linked local state from main shared state without creating stores (38.533625ms)
✔ uninitialized durable storage refuses without importing volatile state (63.387125ms)
✔ durable reads validate real queue generations and individual authority fields (1470.961ms)
✔ durable reads refuse corrupt control, unsupported schema and partial publication (222.794958ms)
✔ activated stores require valid records and never recover authority from volatile bytes (653.96525ms)
✔ runtime overrides reject volatile, foreign and physical alias destinations (102.397792ms)
✔ runtime override ancestry checks repeated directory components (79.998667ms)
✔ a dangling control alias refuses before uninitialized-store classification (33.699125ms)
✔ a final runtime record alias refuses even when its target exists (117.357083ms)
✔ migration-v1 original root recreation with unchanged runtime bytes refuses ordinary reads (1634.351708ms)
✔ migration-v1 killed linked resumer after active control fences ordinary reads until recovery finishes (2207.207625ms)
✔ migration-v1 null linked recovery proof produces a typed protected refusal (1457.878333ms)
ℹ tests 31
ℹ suites 0
ℹ pass 31
ℹ fail 0
ℹ cancelled 0
ℹ skipped 0
ℹ todo 0
ℹ duration_ms 5388.181
