✔ layout audit rejects a discovered test outside the canonical lane tree (212.044541ms)
✔ layout audit rejects a test placed directly in a canonical lane root (110.420542ms)
✔ line-cap audit still examines a misplaced test discovered outside the canonical tree (170.265583ms)
✔ a hidden support-subtree test cannot evade discovery, the runner, or any audit (188.098833ms)
✔ feature-oriented files keep semantic ownership after their lane correction (1.406083ms)
✔ current test-tree baseline is well formed (1.142583ms)
✔ AC3/AC4: every current baseline test remains live in its recorded lane (0.277334ms)
✔ AC1: no *.test.mjs file remains directly in a lane root (0.281084ms)
✔ AC2: every lane subdirectory has an explicit subsystem or integration owner (4.274917ms)
✔ AC4: the three lanes are a disjoint partition whose union is the whole discovery set (11.508125ms)
✔ linked-v2 requires exact root operation and observation even on completed retry (1888.730792ms)
✔ linked-v2 real SIGKILL at after-initialization-claim retains exact recovery (4939.604958ms)
✔ linked-v2 real SIGKILL at after-initialization-stage retains exact recovery (14050.50625ms)
✔ linked-v2 real SIGKILL at after-initialization-publish retains exact recovery (4786.584292ms)
✔ linked-v2 real SIGKILL at after-initialization-journal retains exact recovery (7396.762084ms)
✔ linked-v2 real SIGKILL at after-initialization-control retains exact recovery (4365.804625ms)
Preparing worktree (detached HEAD dc0140d)
✔ killed linked-v2 resumer records genuine owner history and permits exact later recovery (4275.824958ms)
✔ same-path recreated linked worktree retains protected history despite retirement receipt (1893.38975ms)
✔ unknown linked recovery artifacts refuse without acquiring new ownership (1891.696542ms)
✔ killed resumer after active linked control retains a read barrier until its claim completes (5919.243667ms)
✔ completed linked status rejects extra-control-field before recovery ownership (1918.220042ms)
✔ completed linked status rejects wrong-control-root before recovery ownership (2411.380459ms)
✔ completed linked status rejects missing-queue before recovery ownership (1762.918334ms)
✔ a real kill between linked receipt and owned journal remains exactly recoverable (8062.158667ms)
ℹ tests 24
ℹ suites 0
ℹ pass 24
ℹ fail 0
ℹ cancelled 0
ℹ skipped 0
ℹ todo 0
ℹ duration_ms 65668.431792
