✔ layout audit rejects a discovered test outside the canonical lane tree (191.723834ms)
✔ layout audit rejects a test placed directly in a canonical lane root (90.980708ms)
✔ line-cap audit still examines a misplaced test discovered outside the canonical tree (109.902291ms)
✔ a hidden support-subtree test cannot evade discovery, the runner, or any audit (167.805125ms)
✔ feature-oriented files keep semantic ownership after their lane correction (1.67775ms)
✔ current test-tree baseline is well formed (1.266584ms)
✔ AC3/AC4: every current baseline test remains live in its recorded lane (0.367709ms)
✔ AC1: no *.test.mjs file remains directly in a lane root (0.274958ms)
✔ AC2: every lane subdirectory has an explicit subsystem or integration owner (4.223333ms)
✔ AC4: the three lanes are a disjoint partition whose union is the whole discovery set (10.810166ms)
✔ empty activation requires explicit linked initialization for roots registered before (1762.096ms)
✔ empty activation requires explicit linked initialization for roots registered after (1838.602166ms)
✔ missing linked control with prepared-v1 is protected loss rather than fresh admission (1291.733459ms)
✔ missing linked control with complete-v1 is protected loss rather than fresh admission (1174.874666ms)
✔ missing linked control with prepared-v2 is protected loss rather than fresh admission (1211.507167ms)
✔ missing linked control with complete-v2 is protected loss rather than fresh admission (1308.7365ms)
✔ missing linked control with malformed is protected loss rather than fresh admission (1102.331875ms)
✔ missing linked control with local-residue is protected loss rather than fresh admission (1088.126958ms)
✔ main observation preserves pristine absence and completed-proof loss distinctions (1035.780375ms)
✔ migration original root with missing control cannot reinitialize from census membership (1990.368666ms)
✔ activation admission retains typed refusal for aliased-history (1097.812666ms)
✔ activation admission retains typed refusal for unreadable-history (973.062ms)
✔ activation admission retains typed refusal for activation-mismatch (2055.378125ms)
✔ activation admission retains typed refusal for main-prepared (1006.317ms)
✔ activation admission retains typed refusal for main-malformed-proof (1184.443166ms)
ℹ tests 25
ℹ suites 0
ℹ pass 25
ℹ fail 0
ℹ cancelled 0
ℹ skipped 0
ℹ todo 0
ℹ duration_ms 20216.760542
