2026-10-04T03:57:22.6951475Z Current runner version: '2.337.0'
2026-10-04T03:57:22.6971940Z ##[group]Runner Image Provisioner
2026-10-04T03:57:22.6972711Z Hosted Compute Agent
2026-10-04T03:57:22.6973455Z Version: 20260901.588
2026-10-04T03:57:22.6973959Z Commit: f88ec8081b781fac6c440065ac7ff9e710ce3d0b
2026-10-04T03:57:22.6974622Z Build Date: 2026-09-01T19:56:44Z
2026-10-04T03:57:22.6975207Z Worker ID: {cd839f02-f0d5-45b4-af12-e79d820f1e07}
2026-10-04T03:57:22.6975809Z Azure Region: westcentralus
2026-10-04T03:57:22.6976316Z ##[endgroup]
2026-10-04T03:57:22.6977737Z ##[group]Operating System
2026-10-04T03:57:22.6978339Z Ubuntu
2026-10-04T03:57:22.6978795Z 24.04.5
2026-10-04T03:57:22.6979249Z LTS
2026-10-04T03:57:22.6979691Z ##[endgroup]
2026-10-04T03:57:22.6980145Z ##[group]Runner Image
2026-10-04T03:57:22.6980678Z Image: ubuntu-24.04
2026-10-04T03:57:22.6981174Z Version: 20260927.320.1
2026-10-04T03:57:22.6982231Z Included Software: https://github.com/actions/runner-images/blob/ubuntu24/20260927.320/images/ubuntu/Ubuntu2404-Readme.md
2026-10-04T03:57:22.6983595Z Image Release: https://github.com/actions/runner-images/releases/tag/ubuntu24%2F20260927.320
2026-10-04T03:57:22.6984404Z ##[endgroup]
2026-10-04T03:57:22.6985332Z ##[group]GITHUB_TOKEN Permissions
2026-10-04T03:57:22.6986923Z Contents: read
2026-10-04T03:57:22.6987411Z Metadata: read
2026-10-04T03:57:22.6987865Z ##[endgroup]
2026-10-04T03:57:22.6989634Z Secret source: Actions
2026-10-04T03:57:22.6990345Z Cache mode: write
2026-10-04T03:57:22.6990988Z Prepare workflow directory
2026-10-04T03:57:22.7332190Z Prepare all required actions
2026-10-04T03:57:22.7370170Z Getting action download info
2026-10-04T03:57:23.0308310Z Download action repository 'actions/checkout@v5' (SHA:fbc6f3992d24b796d5a048ff273f7fcc4a7b6c09)
2026-10-04T03:57:23.1508520Z Download action repository 'actions/setup-node@v5' (SHA:a0853c24544627f65ddf259abe73b1d18a591444)
2026-10-04T03:57:23.3790954Z Complete job name: Slow lane (slow tests only)
2026-10-04T03:57:23.4415742Z ##[group]Run actions/checkout@v5
2026-10-04T03:57:23.4416413Z with:
2026-10-04T03:57:23.4416783Z   repository: kburson/ai-task-manager
2026-10-04T03:57:23.4419965Z   token: ***
2026-10-04T03:57:23.4420320Z   ssh-strict: true
2026-10-04T03:57:23.4420687Z   ssh-user: git
2026-10-04T03:57:23.4421049Z   persist-credentials: true
2026-10-04T03:57:23.4421454Z   clean: true
2026-10-04T03:57:23.4421813Z   sparse-checkout-cone-mode: true
2026-10-04T03:57:23.4422229Z   fetch-depth: 1
2026-10-04T03:57:23.4422575Z   fetch-tags: false
2026-10-04T03:57:23.4422929Z   show-progress: true
2026-10-04T03:57:23.4423486Z   lfs: false
2026-10-04T03:57:23.4423824Z   submodules: false
2026-10-04T03:57:23.4424180Z   set-safe-directory: true
2026-10-04T03:57:23.4424584Z   allow-unsafe-pr-checkout: false
2026-10-04T03:57:23.4425185Z env:
2026-10-04T03:57:23.4425521Z   GIT_AUTHOR_NAME: kendrick burson
2026-10-04T03:57:23.4425955Z   GIT_AUTHOR_EMAIL: kpburson@pm.me
2026-10-04T03:57:23.4426406Z   GIT_COMMITTER_NAME: kendrick burson
2026-10-04T03:57:23.4426857Z   GIT_COMMITTER_EMAIL: kpburson@pm.me
2026-10-04T03:57:23.4427273Z ##[endgroup]
2026-10-04T03:57:23.5220887Z Syncing repository: kburson/ai-task-manager
2026-10-04T03:57:23.5222866Z ##[group]Getting Git version info
2026-10-04T03:57:23.5224001Z Working directory is '/home/runner/work/ai-task-manager/ai-task-manager'
2026-10-04T03:57:23.5225325Z [command]/usr/bin/git version
2026-10-04T03:57:23.5249267Z git version 2.55.0
2026-10-04T03:57:23.5266837Z ##[endgroup]
2026-10-04T03:57:23.5279479Z Temporarily overriding HOME='/home/runner/work/_temp/9fb0a913-0957-4300-8134-63e4f87d3e89' before making global git config changes
2026-10-04T03:57:23.5281266Z Adding repository directory to the temporary git global config as a safe directory
2026-10-04T03:57:23.5284563Z [command]/usr/bin/git config --global --add safe.directory /home/runner/work/ai-task-manager/ai-task-manager
2026-10-04T03:57:23.5320947Z Deleting the contents of '/home/runner/work/ai-task-manager/ai-task-manager'
2026-10-04T03:57:23.5323890Z ##[group]Initializing the repository
2026-10-04T03:57:23.5326848Z [command]/usr/bin/git init /home/runner/work/ai-task-manager/ai-task-manager
2026-10-04T03:57:23.5466965Z hint: Using 'master' as the name for the initial branch. This default branch name
2026-10-04T03:57:23.5468207Z hint: will change to "main" in Git 3.0. To configure the initial branch name
2026-10-04T03:57:23.5469348Z hint: to use in all of your new repositories, which will suppress this warning,
2026-10-04T03:57:23.5470255Z hint: call:
2026-10-04T03:57:23.5470743Z hint:
2026-10-04T03:57:23.5471374Z hint: 	git config --global init.defaultBranch <name>
2026-10-04T03:57:23.5472117Z hint:
2026-10-04T03:57:23.5472808Z hint: Names commonly chosen instead of 'master' are 'main', 'trunk' and
2026-10-04T03:57:23.5474155Z hint: 'development'. The just-created branch can be renamed via this command:
2026-10-04T03:57:23.5475081Z hint:
2026-10-04T03:57:23.5475590Z hint: 	git branch -m <name>
2026-10-04T03:57:23.5476200Z hint:
2026-10-04T03:57:23.5476971Z hint: Disable this message with "git config set advice.defaultBranchName false"
2026-10-04T03:57:23.5478355Z Initialized empty Git repository in /home/runner/work/ai-task-manager/ai-task-manager/.git/
2026-10-04T03:57:23.5480495Z [command]/usr/bin/git remote add origin https://github.com/kburson/ai-task-manager
2026-10-04T03:57:23.5521900Z ##[endgroup]
2026-10-04T03:57:23.5522826Z ##[group]Disabling automatic garbage collection
2026-10-04T03:57:23.5524991Z [command]/usr/bin/git config --local gc.auto 0
2026-10-04T03:57:23.5551486Z ##[endgroup]
2026-10-04T03:57:23.5552372Z ##[group]Setting up auth
2026-10-04T03:57:23.5557019Z [command]/usr/bin/git config --local --name-only --get-regexp core\.sshCommand
2026-10-04T03:57:23.5585095Z [command]/usr/bin/git submodule foreach --recursive sh -c "git config --local --name-only --get-regexp 'core\.sshCommand' && git config --local --unset-all 'core.sshCommand' || :"
2026-10-04T03:57:23.5895125Z [command]/usr/bin/git config --local --name-only --get-regexp http\.https\:\/\/github\.com\/\.extraheader
2026-10-04T03:57:23.5916292Z [command]/usr/bin/git submodule foreach --recursive sh -c "git config --local --name-only --get-regexp 'http\.https\:\/\/github\.com\/\.extraheader' && git config --local --unset-all 'http.https://github.com/.extraheader' || :"
2026-10-04T03:57:23.6112874Z [command]/usr/bin/git config --local --name-only --get-regexp ^includeIf\.gitdir:
2026-10-04T03:57:23.6143907Z [command]/usr/bin/git submodule foreach --recursive git config --local --show-origin --name-only --get-regexp remote.origin.url
2026-10-04T03:57:23.6335509Z [command]/usr/bin/git config --local http.https://github.com/.extraheader AUTHORIZATION: basic ***
2026-10-04T03:57:23.6370713Z ##[endgroup]
2026-10-04T03:57:23.6371470Z ##[group]Fetching the repository
2026-10-04T03:57:23.6378317Z [command]/usr/bin/git -c protocol.version=2 fetch --no-tags --prune --no-recurse-submodules --depth=1 origin +4dc3459e423f3c7da0c07a3d195e2624fc77f39f:refs/remotes/pull/1871/merge
2026-10-04T03:57:25.7478285Z From https://github.com/kburson/ai-task-manager
2026-10-04T03:57:25.7479397Z  * [new ref]         4dc3459e423f3c7da0c07a3d195e2624fc77f39f -> pull/1871/merge
2026-10-04T03:57:25.7481388Z ##[endgroup]
2026-10-04T03:57:25.7482043Z ##[group]Determining the checkout info
2026-10-04T03:57:25.7483424Z ##[endgroup]
2026-10-04T03:57:25.7488795Z [command]/usr/bin/git sparse-checkout disable
2026-10-04T03:57:25.7539529Z [command]/usr/bin/git config --local --unset-all extensions.worktreeConfig
2026-10-04T03:57:25.7570178Z ##[group]Checking out the ref
2026-10-04T03:57:25.7571305Z [command]/usr/bin/git checkout --progress --force refs/remotes/pull/1871/merge
2026-10-04T03:57:26.0021074Z Note: switching to 'refs/remotes/pull/1871/merge'.
2026-10-04T03:57:26.0021937Z 
2026-10-04T03:57:26.0022593Z You are in 'detached HEAD' state. You can look around, make experimental
2026-10-04T03:57:26.0023942Z changes and commit them, and you can discard any commits you make in this
2026-10-04T03:57:26.0025036Z state without impacting any branches by switching back to a branch.
2026-10-04T03:57:26.0025887Z 
2026-10-04T03:57:26.0026334Z If you want to create a new branch to retain commits you create, you may
2026-10-04T03:57:26.0027400Z do so (now or later) by using -c with the switch command. Example:
2026-10-04T03:57:26.0028245Z 
2026-10-04T03:57:26.0028638Z   git switch -c <new-branch-name>
2026-10-04T03:57:26.0029288Z 
2026-10-04T03:57:26.0029689Z Or undo this operation with:
2026-10-04T03:57:26.0030260Z 
2026-10-04T03:57:26.0030588Z   git switch -
2026-10-04T03:57:26.0031072Z 
2026-10-04T03:57:26.0031783Z Turn off this advice by setting config variable advice.detachedHead to false
2026-10-04T03:57:26.0032889Z 
2026-10-04T03:57:26.0034325Z HEAD is now at 4dc3459 Merge 7beeb4d38c726d773e7f9224175b6da701deb035 into 171c7d93866f67b58effa635be5ae737f54ef9eb
2026-10-04T03:57:26.0038519Z ##[endgroup]
2026-10-04T03:57:26.0074808Z [command]/usr/bin/git log -1 --format=%H
2026-10-04T03:57:26.0097813Z 4dc3459e423f3c7da0c07a3d195e2624fc77f39f
2026-10-04T03:57:26.0329958Z ##[group]Run git fetch --no-tags origin trunk:trunk
2026-10-04T03:57:26.0331297Z [36;1mgit fetch --no-tags origin trunk:trunk[0m
2026-10-04T03:57:26.0530759Z shell: /usr/bin/bash -e {0}
2026-10-04T03:57:26.0531712Z env:
2026-10-04T03:57:26.0532486Z   GIT_AUTHOR_NAME: kendrick burson
2026-10-04T03:57:26.0533669Z   GIT_AUTHOR_EMAIL: kpburson@pm.me
2026-10-04T03:57:26.0534691Z   GIT_COMMITTER_NAME: kendrick burson
2026-10-04T03:57:26.0535766Z   GIT_COMMITTER_EMAIL: kpburson@pm.me
2026-10-04T03:57:26.0536761Z ##[endgroup]
2026-10-04T03:57:29.4312324Z From https://github.com/kburson/ai-task-manager
2026-10-04T03:57:29.4313996Z  * [new branch]        trunk      -> trunk
2026-10-04T03:57:29.4314417Z  * [new branch]        trunk      -> origin/trunk
2026-10-04T03:57:29.4398942Z ##[group]Run actions/setup-node@v5
2026-10-04T03:57:29.4399216Z with:
2026-10-04T03:57:29.4399425Z   node-version: 24
2026-10-04T03:57:29.4399635Z   cache: npm
2026-10-04T03:57:29.4399837Z   always-auth: false
2026-10-04T03:57:29.4400058Z   check-latest: false
2026-10-04T03:57:29.4402135Z   token: ***
2026-10-04T03:57:29.4402365Z   package-manager-cache: true
2026-10-04T03:57:29.4402609Z env:
2026-10-04T03:57:29.4402814Z   GIT_AUTHOR_NAME: kendrick burson
2026-10-04T03:57:29.4403278Z   GIT_AUTHOR_EMAIL: kpburson@pm.me
2026-10-04T03:57:29.4403543Z   GIT_COMMITTER_NAME: kendrick burson
2026-10-04T03:57:29.4403822Z   GIT_COMMITTER_EMAIL: kpburson@pm.me
2026-10-04T03:57:29.4404084Z ##[endgroup]
2026-10-04T03:57:29.5546837Z Found in cache @ /opt/hostedtoolcache/node/24.21.0/x64
2026-10-04T03:57:29.5550294Z (node:2163) [DEP0040] DeprecationWarning: The `punycode` module is deprecated. Please use a userland alternative instead.
2026-10-04T03:57:29.5550977Z (Use `node --trace-deprecation ...` to show where the warning was created)
2026-10-04T03:57:29.5552700Z ##[group]Environment details
2026-10-04T03:57:32.5916613Z node: v24.21.0
2026-10-04T03:57:32.5917080Z npm: 11.19.0
2026-10-04T03:57:32.5917325Z yarn: 1.22.22
2026-10-04T03:57:32.5918096Z ##[endgroup]
2026-10-04T03:57:32.5934606Z [command]/opt/hostedtoolcache/node/24.21.0/x64/bin/npm config get cache
2026-10-04T03:57:32.8991342Z /home/runner/.npm
2026-10-04T03:57:33.0980332Z Cache hit for: node-cache-Linux-x64-npm-bd03a24e4fb6ea9135263ddfda5f6f14aceea5c97773b78dfd4f842230cc9a5f
2026-10-04T03:57:33.1059948Z (node:2163) [DEP0169] DeprecationWarning: `url.parse()` behavior is not standardized and prone to errors that have security implications. Use the WHATWG URL API instead. CVEs are not issued for `url.parse()` vulnerabilities.
2026-10-04T03:57:34.2547215Z Received 33193731 of 33193731 (100.0%), 34.0 MBs/sec
2026-10-04T03:57:34.2547759Z Cache Size: ~32 MB (33193731 B)
2026-10-04T03:57:34.2573134Z [command]/usr/bin/tar -xf /home/runner/work/_temp/c21c288e-c2ac-4e48-8ac7-300183841b04/cache.tzst -P -C /home/runner/work/ai-task-manager/ai-task-manager --use-compress-program unzstd
2026-10-04T03:57:34.3659284Z Cache restored successfully
2026-10-04T03:57:34.3675578Z Cache restored from key: node-cache-Linux-x64-npm-bd03a24e4fb6ea9135263ddfda5f6f14aceea5c97773b78dfd4f842230cc9a5f
2026-10-04T03:57:34.3804229Z ##[group]Run npm ci
2026-10-04T03:57:34.3804502Z [36;1mnpm ci[0m
2026-10-04T03:57:34.3918549Z shell: /usr/bin/bash -e {0}
2026-10-04T03:57:34.3918763Z env:
2026-10-04T03:57:34.3918944Z   GIT_AUTHOR_NAME: kendrick burson
2026-10-04T03:57:34.3919167Z   GIT_AUTHOR_EMAIL: kpburson@pm.me
2026-10-04T03:57:34.3919381Z   GIT_COMMITTER_NAME: kendrick burson
2026-10-04T03:57:34.3919598Z   GIT_COMMITTER_EMAIL: kpburson@pm.me
2026-10-04T03:57:34.3919817Z ##[endgroup]
2026-10-04T03:57:41.5007358Z 
2026-10-04T03:57:41.5014588Z added 318 packages, and audited 319 packages in 7s
2026-10-04T03:57:41.5015177Z 
2026-10-04T03:57:41.5015671Z 101 packages are looking for funding
2026-10-04T03:57:41.5016073Z   run `npm fund` for details
2026-10-04T03:57:41.5037809Z 
2026-10-04T03:57:41.5038219Z 8 vulnerabilities (2 moderate, 6 high)
2026-10-04T03:57:41.5038506Z 
2026-10-04T03:57:41.5038768Z To address all issues, run:
2026-10-04T03:57:41.5039216Z   npm audit fix
2026-10-04T03:57:41.5039458Z 
2026-10-04T03:57:41.5039918Z Run `npm audit` for details.
2026-10-04T03:57:41.5046286Z npm warn install-scripts 1 package has install scripts not yet covered by allowScripts:
2026-10-04T03:57:41.5047278Z npm warn install-scripts   puppeteer@25.11.0 (postinstall: node install.mjs)
2026-10-04T03:57:41.5047910Z npm warn install-scripts
2026-10-04T03:57:41.5048756Z npm warn install-scripts Run `npm install-scripts ls` to review, or `npm install-scripts approve <pkg>` to allow.
2026-10-04T03:57:41.5540723Z ##[group]Run npm run test:slow
2026-10-04T03:57:41.5540970Z [36;1mnpm run test:slow[0m
2026-10-04T03:57:41.5595840Z shell: /usr/bin/bash -e {0}
2026-10-04T03:57:41.5596055Z env:
2026-10-04T03:57:41.5596232Z   GIT_AUTHOR_NAME: kendrick burson
2026-10-04T03:57:41.5596461Z   GIT_AUTHOR_EMAIL: kpburson@pm.me
2026-10-04T03:57:41.5596680Z   GIT_COMMITTER_NAME: kendrick burson
2026-10-04T03:57:41.5596903Z   GIT_COMMITTER_EMAIL: kpburson@pm.me
2026-10-04T03:57:41.5597126Z ##[endgroup]
2026-10-04T03:57:41.6531377Z 
2026-10-04T03:57:41.6531885Z > @kburson/ai-task-manager@0.1.0 test:slow
2026-10-04T03:57:41.6532437Z > node scripts/run-tests.mjs --lane slow
2026-10-04T03:57:41.6532715Z 
2026-10-04T03:57:41.7349447Z ▶ lane=slow (55 files)
2026-10-04T03:57:41.7349710Z 
2026-10-04T04:02:06.8491332Z ▶ scripts/tests/slow/task-tracker/core/ci-lane-wiring.test.mjs ... ok (49ms)
2026-10-04T04:02:06.8493950Z ▶ scripts/tests/slow/task-tracker/core/fleet-registry-concurrent.test.mjs ... ok (4.9s)
2026-10-04T04:02:06.8495794Z ▶ scripts/tests/slow/task-tracker/core/lifecycle-traversal-e2e.test.mjs ... ok (77ms)
2026-10-04T04:02:06.8497163Z ▶ scripts/tests/slow/task-tracker/core/maintenance-scripts-strict-argv.test.mjs ... ok (2.9s)
2026-10-04T04:02:06.8498379Z ▶ scripts/tests/slow/task-tracker/core/packaged-doctor-consumer.test.mjs ... ok (4.8s)
2026-10-04T04:02:06.8499737Z ▶ scripts/tests/slow/task-tracker/core/packaged-tail-profile-consumer.test.mjs ... ok (2.2s)
2026-10-04T04:02:06.8501062Z ▶ scripts/tests/slow/task-tracker/core/verify-develop.test.mjs ... ok (662ms)
2026-10-04T04:02:06.8502196Z ▶ scripts/tests/slow/task-tracker/lib/ac-evidence-gate.test.mjs ... ok (833ms)
2026-10-04T04:02:06.8503578Z ▶ scripts/tests/slow/task-tracker/lib/action-capture-integration.test.mjs ... ok (886ms)
2026-10-04T04:02:06.8504850Z ▶ scripts/tests/slow/task-tracker/lib/activity-guard.test.mjs ... ok (14.5s)
2026-10-04T04:02:06.8505959Z ▶ scripts/tests/slow/task-tracker/lib/agent-guard.test.mjs ... ok (671ms)
2026-10-04T04:02:06.8507074Z ▶ scripts/tests/slow/task-tracker/lib/agentic-help-runtime.test.mjs ... ok (134.0s)
2026-10-04T04:02:06.8508351Z ▶ scripts/tests/slow/task-tracker/lib/aitm-dispatcher.test.mjs ... ok (6.0s)
2026-10-04T04:02:06.8509251Z ▶ scripts/tests/slow/task-tracker/lib/body-write-roundtrip.test.mjs ... ok (40ms)
2026-10-04T04:02:06.8510178Z ▶ scripts/tests/slow/task-tracker/lib/chore-mode-activity-guard.test.mjs ... ok (443ms)
2026-10-04T04:02:06.8510992Z ▶ scripts/tests/slow/task-tracker/lib/cli.test.mjs ... ok (9.5s)
2026-10-04T04:02:06.8512225Z ▶ scripts/tests/slow/task-tracker/lib/commit-trail-handler.test.mjs ... ok (1.3s)
2026-10-04T04:02:06.8513554Z ▶ scripts/tests/slow/task-tracker/lib/config-completeness-invariant.test.mjs ... ok (260ms)
2026-10-04T04:02:06.8514742Z ▶ scripts/tests/slow/task-tracker/lib/coverage-close-gates.test.mjs ... ok (1.8s)
2026-10-04T04:02:06.8515656Z ▶ scripts/tests/slow/task-tracker/lib/coverage-hook-handler.test.mjs ... ok (4.0s)
2026-10-04T04:02:06.8516586Z ▶ scripts/tests/slow/task-tracker/lib/coverage-orchestrator-lock.test.mjs ... ok (758ms)
2026-10-04T04:02:06.8517332Z ▶ scripts/tests/slow/task-tracker/lib/create-issue.test.mjs ... ok (2.0s)
2026-10-04T04:02:06.8518122Z ▶ scripts/tests/slow/task-tracker/lib/demonstrable-ac-gate.test.mjs ... ok (71ms)
2026-10-04T04:02:06.8519157Z ▶ scripts/tests/slow/task-tracker/lib/dirty-review-promote-false-success.test.mjs ... ok (719ms)
2026-10-04T04:02:06.8520179Z ▶ scripts/tests/slow/task-tracker/lib/dirty-workspace-gate.test.mjs ... ok (3.7s)
2026-10-04T04:02:06.8521089Z ▶ scripts/tests/slow/task-tracker/lib/discover-autosave.test.mjs ... ok (81ms)
2026-10-04T04:02:06.8521909Z ▶ scripts/tests/slow/task-tracker/lib/draft-branch.test.mjs ... ok (266ms)
2026-10-04T04:02:06.8522747Z ▶ scripts/tests/slow/task-tracker/lib/ensure-wave-parent.test.mjs ... ok (3.6s)
2026-10-04T04:02:06.8523951Z ▶ scripts/tests/slow/task-tracker/lib/epic-children-review-lifecycle.test.mjs ... ok (198ms)
2026-10-04T04:02:06.8525148Z ▶ scripts/tests/slow/task-tracker/lib/epic-tree.test.mjs ... ok (678ms)
2026-10-04T04:02:06.8526170Z ▶ scripts/tests/slow/task-tracker/lib/evidence-v2/frozen-worktree-rehearsal.test.mjs ... ok (5.0s)
2026-10-04T04:02:06.8527188Z ▶ scripts/tests/slow/task-tracker/lib/gate-message-attribution.test.mjs ... ok (253ms)
2026-10-04T04:02:06.8527960Z ▶ scripts/tests/slow/task-tracker/lib/gates.test.mjs ... ok (3.4s)
2026-10-04T04:02:06.8528739Z ▶ scripts/tests/slow/task-tracker/lib/init-status-palette.test.mjs ... ok (4.4s)
2026-10-04T04:02:06.8529563Z ▶ scripts/tests/slow/task-tracker/lib/issue-authoring.test.mjs ... ok (2.0s)
2026-10-04T04:02:06.8530315Z ▶ scripts/tests/slow/task-tracker/lib/lifecycle.test.mjs ... ok (2.8s)
2026-10-04T04:02:06.8531089Z ▶ scripts/tests/slow/task-tracker/lib/log-issue-time.test.mjs ... ok (1.3s)
2026-10-04T04:02:06.8531927Z ▶ scripts/tests/slow/task-tracker/lib/move-state-approval-gate.test.mjs ... ok (5.9s)
2026-10-04T04:02:06.8532779Z ▶ scripts/tests/slow/task-tracker/lib/move-state-gate.test.mjs ... ok (4.2s)
2026-10-04T04:02:06.8533983Z ▶ scripts/tests/slow/task-tracker/lib/move-state.test.mjs ... ok (3.1s)
2026-10-04T04:02:06.8534916Z ▶ scripts/tests/slow/task-tracker/lib/move-state/board-field-readback.test.mjs ... ok (2.9s)
2026-10-04T04:02:06.8535913Z ▶ scripts/tests/slow/task-tracker/lib/proof-gate-reconciliation.test.mjs ... ok (613ms)
2026-10-04T04:02:06.8536652Z ▶ scripts/tests/slow/task-tracker/lib/ready-for-plan-live-migration.test.mjs ... ok (386ms)
2026-10-04T04:02:06.8537404Z ▶ scripts/tests/slow/task-tracker/lib/review-approval-prompt.test.mjs ... ok (15.8s)
2026-10-04T04:02:06.8537966Z ▶ scripts/tests/slow/task-tracker/lib/verb-preflight-wiring.test.mjs ... ok (2.6s)
2026-10-04T04:02:06.8538508Z ▶ scripts/tests/slow/task-tracker/lib/worktree-isolation.test.mjs ... ok (2.9s)
2026-10-04T04:02:06.8539064Z ▶ scripts/tests/slow/task-tracker/lib/worktree-seed-integration.test.mjs ... ok (764ms)
2026-10-04T04:02:06.8539637Z ▶ scripts/tests/slow/task-tracker/verbs/close-lifecycle-tick.test.mjs ... ok (156ms)
2026-10-04T04:02:06.8540169Z ▶ scripts/tests/slow/task-tracker/verbs/coverage-close.test.mjs ... ok (2.5s)
2026-10-04T04:02:06.8540695Z ▶ scripts/tests/slow/task-tracker/verbs/deadlock-regression.test.mjs ... ok (209ms)
2026-10-04T04:02:06.8541216Z ▶ scripts/tests/slow/task-tracker/verbs/promote-verb.test.mjs ... ok (796ms)
2026-10-04T04:02:06.8541802Z ▶ scripts/tests/slow/task-tracker/verbs/recovery-path-independence.test.mjs ... ok (324ms)
2026-10-04T04:02:06.8542584Z ▶ scripts/tests/slow/task-tracker/verbs/state-marker-single-writer.test.mjs ... ok (262ms)
2026-10-04T04:02:06.8543453Z ▶ scripts/tests/slow/task-tracker/verbs/verb-test-remove-worktree.test.mjs ... ok (219ms)
2026-10-04T04:02:06.8544076Z ▶ scripts/tests/slow/task-tracker/workflow-exception-lifecycle.test.mjs ... ok (88ms)
2026-10-04T04:02:06.8544352Z 
2026-10-04T04:02:06.8545252Z ▶ scheduling: 0 pure unit file(s) at pool concurrency 3 (peak 0); 0 direct-subprocess file(s) at pool concurrency 2 (peak 0); 1 explicit-safe slow file(s) at pool concurrency 2 (peak 1); 54 explicit-unsafe/integration/unmarked-slow file(s) serial
2026-10-04T04:02:06.8610096Z 
2026-10-04T04:02:06.8610833Z run-tests: lane 'slow' bounded sections: slow-parallel=134.0s/600s (1 files); serial=130.9s/600s (54 files); aggregate=264.9s
2026-10-04T04:02:06.8611428Z 
2026-10-04T04:02:06.8611579Z All 55 test files passed.
2026-10-04T04:02:06.8821655Z Post job cleanup.
2026-10-04T04:02:06.9781661Z (node:28550) [DEP0040] DeprecationWarning: The `punycode` module is deprecated. Please use a userland alternative instead.
2026-10-04T04:02:06.9782350Z (Use `node --trace-deprecation ...` to show where the warning was created)
2026-10-04T04:02:06.9785007Z Cache hit occurred on the primary key node-cache-Linux-x64-npm-bd03a24e4fb6ea9135263ddfda5f6f14aceea5c97773b78dfd4f842230cc9a5f, not saving cache.
2026-10-04T04:02:06.9910468Z Post job cleanup.
2026-10-04T04:02:07.0571622Z [command]/usr/bin/git version
2026-10-04T04:02:07.0605308Z git version 2.55.0
2026-10-04T04:02:07.0637653Z Temporarily overriding HOME='/home/runner/work/_temp/e46d2fa1-a4d2-4ee9-8b23-da2fe7b4c495' before making global git config changes
2026-10-04T04:02:07.0638881Z Adding repository directory to the temporary git global config as a safe directory
2026-10-04T04:02:07.0641201Z [command]/usr/bin/git config --global --add safe.directory /home/runner/work/ai-task-manager/ai-task-manager
2026-10-04T04:02:07.0672037Z [command]/usr/bin/git config --local --name-only --get-regexp core\.sshCommand
2026-10-04T04:02:07.0701601Z [command]/usr/bin/git submodule foreach --recursive sh -c "git config --local --name-only --get-regexp 'core\.sshCommand' && git config --local --unset-all 'core.sshCommand' || :"
2026-10-04T04:02:07.0914129Z [command]/usr/bin/git config --local --name-only --get-regexp http\.https\:\/\/github\.com\/\.extraheader
2026-10-04T04:02:07.0933659Z http.https://github.com/.extraheader
2026-10-04T04:02:07.0942765Z [command]/usr/bin/git config --local --unset-all http.https://github.com/.extraheader
2026-10-04T04:02:07.0974378Z [command]/usr/bin/git submodule foreach --recursive sh -c "git config --local --name-only --get-regexp 'http\.https\:\/\/github\.com\/\.extraheader' && git config --local --unset-all 'http.https://github.com/.extraheader' || :"
2026-10-04T04:02:07.1207390Z [command]/usr/bin/git config --local --name-only --get-regexp ^includeIf\.gitdir:
2026-10-04T04:02:07.1239711Z [command]/usr/bin/git submodule foreach --recursive git config --local --show-origin --name-only --get-regexp remote.origin.url
2026-10-04T04:02:07.1577524Z Cleaning up orphan processes
