Slow lane (slow tests only)	Set up job	﻿2026-10-04T07:12:59.8471026Z Current runner version: '2.337.0'
Slow lane (slow tests only)	Set up job	2026-10-04T07:12:59.8487907Z ##[group]Runner Image Provisioner
Slow lane (slow tests only)	Set up job	2026-10-04T07:12:59.8488513Z Hosted Compute Agent
Slow lane (slow tests only)	Set up job	2026-10-04T07:12:59.8488903Z Version: 20260901.588
Slow lane (slow tests only)	Set up job	2026-10-04T07:12:59.8489269Z Commit: f88ec8081b781fac6c440065ac7ff9e710ce3d0b
Slow lane (slow tests only)	Set up job	2026-10-04T07:12:59.8489732Z Build Date: 2026-09-01T19:56:44Z
Slow lane (slow tests only)	Set up job	2026-10-04T07:12:59.8490142Z Worker ID: {237fc07b-dd10-423a-b008-9ad2fd5938f5}
Slow lane (slow tests only)	Set up job	2026-10-04T07:12:59.8490609Z Azure Region: centralus
Slow lane (slow tests only)	Set up job	2026-10-04T07:12:59.8490991Z ##[endgroup]
Slow lane (slow tests only)	Set up job	2026-10-04T07:12:59.8491786Z ##[group]Operating System
Slow lane (slow tests only)	Set up job	2026-10-04T07:12:59.8492178Z Ubuntu
Slow lane (slow tests only)	Set up job	2026-10-04T07:12:59.8492487Z 24.04.5
Slow lane (slow tests only)	Set up job	2026-10-04T07:12:59.8492777Z LTS
Slow lane (slow tests only)	Set up job	2026-10-04T07:12:59.8493151Z ##[endgroup]
Slow lane (slow tests only)	Set up job	2026-10-04T07:12:59.8493475Z ##[group]Runner Image
Slow lane (slow tests only)	Set up job	2026-10-04T07:12:59.8493836Z Image: ubuntu-24.04
Slow lane (slow tests only)	Set up job	2026-10-04T07:12:59.8494183Z Version: 20260927.320.1
Slow lane (slow tests only)	Set up job	2026-10-04T07:12:59.8494793Z Included Software: https://github.com/actions/runner-images/blob/ubuntu24/20260927.320/images/ubuntu/Ubuntu2404-Readme.md
Slow lane (slow tests only)	Set up job	2026-10-04T07:12:59.8495824Z Image Release: https://github.com/actions/runner-images/releases/tag/ubuntu24%2F20260927.320
Slow lane (slow tests only)	Set up job	2026-10-04T07:12:59.8496410Z ##[endgroup]
Slow lane (slow tests only)	Set up job	2026-10-04T07:12:59.8497196Z ##[group]GITHUB_TOKEN Permissions
Slow lane (slow tests only)	Set up job	2026-10-04T07:12:59.8498410Z Contents: read
Slow lane (slow tests only)	Set up job	2026-10-04T07:12:59.8498745Z Metadata: read
Slow lane (slow tests only)	Set up job	2026-10-04T07:12:59.8499058Z ##[endgroup]
Slow lane (slow tests only)	Set up job	2026-10-04T07:12:59.8500333Z Secret source: Actions
Slow lane (slow tests only)	Set up job	2026-10-04T07:12:59.8500853Z Cache mode: write
Slow lane (slow tests only)	Set up job	2026-10-04T07:12:59.8501380Z Prepare workflow directory
Slow lane (slow tests only)	Set up job	2026-10-04T07:12:59.8735481Z Prepare all required actions
Slow lane (slow tests only)	Set up job	2026-10-04T07:12:59.8765233Z Getting action download info
Slow lane (slow tests only)	Set up job	2026-10-04T07:13:00.1658419Z Download action repository 'actions/checkout@v5' (SHA:fbc6f3992d24b796d5a048ff273f7fcc4a7b6c09)
Slow lane (slow tests only)	Set up job	2026-10-04T07:13:00.2463262Z Download action repository 'actions/setup-node@v5' (SHA:a0853c24544627f65ddf259abe73b1d18a591444)
Slow lane (slow tests only)	Set up job	2026-10-04T07:13:00.3993519Z Complete job name: Slow lane (slow tests only)
Slow lane (slow tests only)	Run actions/checkout@v5	﻿2026-10-04T07:13:00.4428528Z ##[group]Run actions/checkout@v5
Slow lane (slow tests only)	Run actions/checkout@v5	2026-10-04T07:13:00.4428957Z with:
Slow lane (slow tests only)	Run actions/checkout@v5	2026-10-04T07:13:00.4429210Z   repository: kburson/ai-task-manager
Slow lane (slow tests only)	Run actions/checkout@v5	2026-10-04T07:13:00.4431419Z   token: ***
Slow lane (slow tests only)	Run actions/checkout@v5	2026-10-04T07:13:00.4431656Z   ssh-strict: true
Slow lane (slow tests only)	Run actions/checkout@v5	2026-10-04T07:13:00.4431902Z   ssh-user: git
Slow lane (slow tests only)	Run actions/checkout@v5	2026-10-04T07:13:00.4432149Z   persist-credentials: true
Slow lane (slow tests only)	Run actions/checkout@v5	2026-10-04T07:13:00.4432418Z   clean: true
Slow lane (slow tests only)	Run actions/checkout@v5	2026-10-04T07:13:00.4432664Z   sparse-checkout-cone-mode: true
Slow lane (slow tests only)	Run actions/checkout@v5	2026-10-04T07:13:00.4432950Z   fetch-depth: 1
Slow lane (slow tests only)	Run actions/checkout@v5	2026-10-04T07:13:00.4433188Z   fetch-tags: false
Slow lane (slow tests only)	Run actions/checkout@v5	2026-10-04T07:13:00.4433439Z   show-progress: true
Slow lane (slow tests only)	Run actions/checkout@v5	2026-10-04T07:13:00.4433683Z   lfs: false
Slow lane (slow tests only)	Run actions/checkout@v5	2026-10-04T07:13:00.4433910Z   submodules: false
Slow lane (slow tests only)	Run actions/checkout@v5	2026-10-04T07:13:00.4434157Z   set-safe-directory: true
Slow lane (slow tests only)	Run actions/checkout@v5	2026-10-04T07:13:00.4434435Z   allow-unsafe-pr-checkout: false
Slow lane (slow tests only)	Run actions/checkout@v5	2026-10-04T07:13:00.4434780Z env:
Slow lane (slow tests only)	Run actions/checkout@v5	2026-10-04T07:13:00.4435012Z   GIT_AUTHOR_NAME: kendrick burson
Slow lane (slow tests only)	Run actions/checkout@v5	2026-10-04T07:13:00.4435305Z   GIT_AUTHOR_EMAIL: kpburson@pm.me
Slow lane (slow tests only)	Run actions/checkout@v5	2026-10-04T07:13:00.4435597Z   GIT_COMMITTER_NAME: kendrick burson
Slow lane (slow tests only)	Run actions/checkout@v5	2026-10-04T07:13:00.4435920Z   GIT_COMMITTER_EMAIL: kpburson@pm.me
Slow lane (slow tests only)	Run actions/checkout@v5	2026-10-04T07:13:00.4436212Z ##[endgroup]
Slow lane (slow tests only)	Run actions/checkout@v5	2026-10-04T07:13:00.5070687Z Syncing repository: kburson/ai-task-manager
Slow lane (slow tests only)	Run actions/checkout@v5	2026-10-04T07:13:00.5072152Z ##[group]Getting Git version info
Slow lane (slow tests only)	Run actions/checkout@v5	2026-10-04T07:13:00.5072806Z Working directory is '/home/runner/work/ai-task-manager/ai-task-manager'
Slow lane (slow tests only)	Run actions/checkout@v5	2026-10-04T07:13:00.5073702Z [command]/usr/bin/git version
Slow lane (slow tests only)	Run actions/checkout@v5	2026-10-04T07:13:00.5130550Z git version 2.55.0
Slow lane (slow tests only)	Run actions/checkout@v5	2026-10-04T07:13:00.5144750Z ##[endgroup]
Slow lane (slow tests only)	Run actions/checkout@v5	2026-10-04T07:13:00.5160530Z Temporarily overriding HOME='/home/runner/work/_temp/2ba28188-9261-4cdf-9f5b-8b8460ae10f1' before making global git config changes
Slow lane (slow tests only)	Run actions/checkout@v5	2026-10-04T07:13:00.5161729Z Adding repository directory to the temporary git global config as a safe directory
Slow lane (slow tests only)	Run actions/checkout@v5	2026-10-04T07:13:00.5164364Z [command]/usr/bin/git config --global --add safe.directory /home/runner/work/ai-task-manager/ai-task-manager
Slow lane (slow tests only)	Run actions/checkout@v5	2026-10-04T07:13:00.5209145Z Deleting the contents of '/home/runner/work/ai-task-manager/ai-task-manager'
Slow lane (slow tests only)	Run actions/checkout@v5	2026-10-04T07:13:00.5212079Z ##[group]Initializing the repository
Slow lane (slow tests only)	Run actions/checkout@v5	2026-10-04T07:13:00.5214968Z [command]/usr/bin/git init /home/runner/work/ai-task-manager/ai-task-manager
Slow lane (slow tests only)	Run actions/checkout@v5	2026-10-04T07:13:00.5305344Z hint: Using 'master' as the name for the initial branch. This default branch name
Slow lane (slow tests only)	Run actions/checkout@v5	2026-10-04T07:13:00.5306267Z hint: will change to "main" in Git 3.0. To configure the initial branch name
Slow lane (slow tests only)	Run actions/checkout@v5	2026-10-04T07:13:00.5307231Z hint: to use in all of your new repositories, which will suppress this warning,
Slow lane (slow tests only)	Run actions/checkout@v5	2026-10-04T07:13:00.5307868Z hint: call:
Slow lane (slow tests only)	Run actions/checkout@v5	2026-10-04T07:13:00.5308271Z hint:
Slow lane (slow tests only)	Run actions/checkout@v5	2026-10-04T07:13:00.5308993Z hint: 	git config --global init.defaultBranch <name>
Slow lane (slow tests only)	Run actions/checkout@v5	2026-10-04T07:13:00.5309801Z hint:
Slow lane (slow tests only)	Run actions/checkout@v5	2026-10-04T07:13:00.5310302Z hint: Names commonly chosen instead of 'master' are 'main', 'trunk' and
Slow lane (slow tests only)	Run actions/checkout@v5	2026-10-04T07:13:00.5311113Z hint: 'development'. The just-created branch can be renamed via this command:
Slow lane (slow tests only)	Run actions/checkout@v5	2026-10-04T07:13:00.5311753Z hint:
Slow lane (slow tests only)	Run actions/checkout@v5	2026-10-04T07:13:00.5312093Z hint: 	git branch -m <name>
Slow lane (slow tests only)	Run actions/checkout@v5	2026-10-04T07:13:00.5312479Z hint:
Slow lane (slow tests only)	Run actions/checkout@v5	2026-10-04T07:13:00.5313031Z hint: Disable this message with "git config set advice.defaultBranchName false"
Slow lane (slow tests only)	Run actions/checkout@v5	2026-10-04T07:13:00.5317787Z Initialized empty Git repository in /home/runner/work/ai-task-manager/ai-task-manager/.git/
Slow lane (slow tests only)	Run actions/checkout@v5	2026-10-04T07:13:00.5324308Z [command]/usr/bin/git remote add origin https://github.com/kburson/ai-task-manager
Slow lane (slow tests only)	Run actions/checkout@v5	2026-10-04T07:13:00.5368612Z ##[endgroup]
Slow lane (slow tests only)	Run actions/checkout@v5	2026-10-04T07:13:00.5369060Z ##[group]Disabling automatic garbage collection
Slow lane (slow tests only)	Run actions/checkout@v5	2026-10-04T07:13:00.5372432Z [command]/usr/bin/git config --local gc.auto 0
Slow lane (slow tests only)	Run actions/checkout@v5	2026-10-04T07:13:00.5397052Z ##[endgroup]
Slow lane (slow tests only)	Run actions/checkout@v5	2026-10-04T07:13:00.5397642Z ##[group]Setting up auth
Slow lane (slow tests only)	Run actions/checkout@v5	2026-10-04T07:13:00.5402287Z [command]/usr/bin/git config --local --name-only --get-regexp core\.sshCommand
Slow lane (slow tests only)	Run actions/checkout@v5	2026-10-04T07:13:00.5429750Z [command]/usr/bin/git submodule foreach --recursive sh -c "git config --local --name-only --get-regexp 'core\.sshCommand' && git config --local --unset-all 'core.sshCommand' || :"
Slow lane (slow tests only)	Run actions/checkout@v5	2026-10-04T07:13:00.5738983Z [command]/usr/bin/git config --local --name-only --get-regexp http\.https\:\/\/github\.com\/\.extraheader
Slow lane (slow tests only)	Run actions/checkout@v5	2026-10-04T07:13:00.5767684Z [command]/usr/bin/git submodule foreach --recursive sh -c "git config --local --name-only --get-regexp 'http\.https\:\/\/github\.com\/\.extraheader' && git config --local --unset-all 'http.https://github.com/.extraheader' || :"
Slow lane (slow tests only)	Run actions/checkout@v5	2026-10-04T07:13:00.5936171Z [command]/usr/bin/git config --local --name-only --get-regexp ^includeIf\.gitdir:
Slow lane (slow tests only)	Run actions/checkout@v5	2026-10-04T07:13:00.5962053Z [command]/usr/bin/git submodule foreach --recursive git config --local --show-origin --name-only --get-regexp remote.origin.url
Slow lane (slow tests only)	Run actions/checkout@v5	2026-10-04T07:13:00.6128907Z [command]/usr/bin/git config --local http.https://github.com/.extraheader AUTHORIZATION: basic ***
Slow lane (slow tests only)	Run actions/checkout@v5	2026-10-04T07:13:00.6160582Z ##[endgroup]
Slow lane (slow tests only)	Run actions/checkout@v5	2026-10-04T07:13:00.6161205Z ##[group]Fetching the repository
Slow lane (slow tests only)	Run actions/checkout@v5	2026-10-04T07:13:00.6166686Z [command]/usr/bin/git -c protocol.version=2 fetch --no-tags --prune --no-recurse-submodules --depth=1 origin +0143ebecfb71bfaf9d9eb9f2903db520ec98324a:refs/remotes/pull/1871/merge
Slow lane (slow tests only)	Run actions/checkout@v5	2026-10-04T07:13:02.3184588Z From https://github.com/kburson/ai-task-manager
Slow lane (slow tests only)	Run actions/checkout@v5	2026-10-04T07:13:02.3186313Z  * [new ref]         0143ebecfb71bfaf9d9eb9f2903db520ec98324a -> pull/1871/merge
Slow lane (slow tests only)	Run actions/checkout@v5	2026-10-04T07:13:02.3189243Z ##[endgroup]
Slow lane (slow tests only)	Run actions/checkout@v5	2026-10-04T07:13:02.3190194Z ##[group]Determining the checkout info
Slow lane (slow tests only)	Run actions/checkout@v5	2026-10-04T07:13:02.3191259Z ##[endgroup]
Slow lane (slow tests only)	Run actions/checkout@v5	2026-10-04T07:13:02.3192835Z [command]/usr/bin/git sparse-checkout disable
Slow lane (slow tests only)	Run actions/checkout@v5	2026-10-04T07:13:02.3236548Z [command]/usr/bin/git config --local --unset-all extensions.worktreeConfig
Slow lane (slow tests only)	Run actions/checkout@v5	2026-10-04T07:13:02.3261629Z ##[group]Checking out the ref
Slow lane (slow tests only)	Run actions/checkout@v5	2026-10-04T07:13:02.3263414Z [command]/usr/bin/git checkout --progress --force refs/remotes/pull/1871/merge
Slow lane (slow tests only)	Run actions/checkout@v5	2026-10-04T07:13:02.5525409Z Note: switching to 'refs/remotes/pull/1871/merge'.
Slow lane (slow tests only)	Run actions/checkout@v5	2026-10-04T07:13:02.5525869Z 
Slow lane (slow tests only)	Run actions/checkout@v5	2026-10-04T07:13:02.5526118Z You are in 'detached HEAD' state. You can look around, make experimental
Slow lane (slow tests only)	Run actions/checkout@v5	2026-10-04T07:13:02.5526608Z changes and commit them, and you can discard any commits you make in this
Slow lane (slow tests only)	Run actions/checkout@v5	2026-10-04T07:13:02.5527270Z state without impacting any branches by switching back to a branch.
Slow lane (slow tests only)	Run actions/checkout@v5	2026-10-04T07:13:02.5527874Z 
Slow lane (slow tests only)	Run actions/checkout@v5	2026-10-04T07:13:02.5528094Z If you want to create a new branch to retain commits you create, you may
Slow lane (slow tests only)	Run actions/checkout@v5	2026-10-04T07:13:02.5528528Z do so (now or later) by using -c with the switch command. Example:
Slow lane (slow tests only)	Run actions/checkout@v5	2026-10-04T07:13:02.5528765Z 
Slow lane (slow tests only)	Run actions/checkout@v5	2026-10-04T07:13:02.5528889Z   git switch -c <new-branch-name>
Slow lane (slow tests only)	Run actions/checkout@v5	2026-10-04T07:13:02.5529079Z 
Slow lane (slow tests only)	Run actions/checkout@v5	2026-10-04T07:13:02.5529210Z Or undo this operation with:
Slow lane (slow tests only)	Run actions/checkout@v5	2026-10-04T07:13:02.5529370Z 
Slow lane (slow tests only)	Run actions/checkout@v5	2026-10-04T07:13:02.5529473Z   git switch -
Slow lane (slow tests only)	Run actions/checkout@v5	2026-10-04T07:13:02.5529612Z 
Slow lane (slow tests only)	Run actions/checkout@v5	2026-10-04T07:13:02.5529841Z Turn off this advice by setting config variable advice.detachedHead to false
Slow lane (slow tests only)	Run actions/checkout@v5	2026-10-04T07:13:02.5530113Z 
Slow lane (slow tests only)	Run actions/checkout@v5	2026-10-04T07:13:02.5530453Z HEAD is now at 0143ebe Merge aaeaedfc11246a25828ffe0cf506ff35fdca8486 into 171c7d93866f67b58effa635be5ae737f54ef9eb
Slow lane (slow tests only)	Run actions/checkout@v5	2026-10-04T07:13:02.5540305Z ##[endgroup]
Slow lane (slow tests only)	Run actions/checkout@v5	2026-10-04T07:13:02.5612304Z [command]/usr/bin/git log -1 --format=%H
Slow lane (slow tests only)	Run actions/checkout@v5	2026-10-04T07:13:02.5634352Z 0143ebecfb71bfaf9d9eb9f2903db520ec98324a
Slow lane (slow tests only)	Materialize local trunk ref for real-git tests (#745)	﻿2026-10-04T07:13:02.5804457Z ##[group]Run git fetch --no-tags origin trunk:trunk
Slow lane (slow tests only)	Materialize local trunk ref for real-git tests (#745)	2026-10-04T07:13:02.5804790Z ^[[36;1mgit fetch --no-tags origin trunk:trunk^[[0m
Slow lane (slow tests only)	Materialize local trunk ref for real-git tests (#745)	2026-10-04T07:13:02.6021368Z shell: /usr/bin/bash -e {0}
Slow lane (slow tests only)	Materialize local trunk ref for real-git tests (#745)	2026-10-04T07:13:02.6021576Z env:
Slow lane (slow tests only)	Materialize local trunk ref for real-git tests (#745)	2026-10-04T07:13:02.6021728Z   GIT_AUTHOR_NAME: kendrick burson
Slow lane (slow tests only)	Materialize local trunk ref for real-git tests (#745)	2026-10-04T07:13:02.6021914Z   GIT_AUTHOR_EMAIL: kpburson@pm.me
Slow lane (slow tests only)	Materialize local trunk ref for real-git tests (#745)	2026-10-04T07:13:02.6022100Z   GIT_COMMITTER_NAME: kendrick burson
Slow lane (slow tests only)	Materialize local trunk ref for real-git tests (#745)	2026-10-04T07:13:02.6022305Z   GIT_COMMITTER_EMAIL: kpburson@pm.me
Slow lane (slow tests only)	Materialize local trunk ref for real-git tests (#745)	2026-10-04T07:13:02.6022481Z ##[endgroup]
Slow lane (slow tests only)	Materialize local trunk ref for real-git tests (#745)	2026-10-04T07:13:05.3782115Z From https://github.com/kburson/ai-task-manager
Slow lane (slow tests only)	Materialize local trunk ref for real-git tests (#745)	2026-10-04T07:13:05.3782469Z  * [new branch]        trunk      -> trunk
Slow lane (slow tests only)	Materialize local trunk ref for real-git tests (#745)	2026-10-04T07:13:05.3782649Z  * [new branch]        trunk      -> origin/trunk
Slow lane (slow tests only)	Run actions/setup-node@v5	﻿2026-10-04T07:13:05.3853222Z ##[group]Run actions/setup-node@v5
Slow lane (slow tests only)	Run actions/setup-node@v5	2026-10-04T07:13:05.3853398Z with:
Slow lane (slow tests only)	Run actions/setup-node@v5	2026-10-04T07:13:05.3853510Z   node-version: 24
Slow lane (slow tests only)	Run actions/setup-node@v5	2026-10-04T07:13:05.3853630Z   cache: npm
Slow lane (slow tests only)	Run actions/setup-node@v5	2026-10-04T07:13:05.3853741Z   always-auth: false
Slow lane (slow tests only)	Run actions/setup-node@v5	2026-10-04T07:13:05.3853861Z   check-latest: false
Slow lane (slow tests only)	Run actions/setup-node@v5	2026-10-04T07:13:05.3855254Z   token: ***
Slow lane (slow tests only)	Run actions/setup-node@v5	2026-10-04T07:13:05.3855374Z   package-manager-cache: true
Slow lane (slow tests only)	Run actions/setup-node@v5	2026-10-04T07:13:05.3855508Z env:
Slow lane (slow tests only)	Run actions/setup-node@v5	2026-10-04T07:13:05.3855620Z   GIT_AUTHOR_NAME: kendrick burson
Slow lane (slow tests only)	Run actions/setup-node@v5	2026-10-04T07:13:05.3855770Z   GIT_AUTHOR_EMAIL: kpburson@pm.me
Slow lane (slow tests only)	Run actions/setup-node@v5	2026-10-04T07:13:05.3855913Z   GIT_COMMITTER_NAME: kendrick burson
Slow lane (slow tests only)	Run actions/setup-node@v5	2026-10-04T07:13:05.3856081Z   GIT_COMMITTER_EMAIL: kpburson@pm.me
Slow lane (slow tests only)	Run actions/setup-node@v5	2026-10-04T07:13:05.3856220Z ##[endgroup]
Slow lane (slow tests only)	Run actions/setup-node@v5	2026-10-04T07:13:05.4753323Z Found in cache @ /opt/hostedtoolcache/node/24.21.0/x64
Slow lane (slow tests only)	Run actions/setup-node@v5	2026-10-04T07:13:05.4755804Z (node:2079) [DEP0040] DeprecationWarning: The `punycode` module is deprecated. Please use a userland alternative instead.
Slow lane (slow tests only)	Run actions/setup-node@v5	2026-10-04T07:13:05.4756157Z (Use `node --trace-deprecation ...` to show where the warning was created)
Slow lane (slow tests only)	Run actions/setup-node@v5	2026-10-04T07:13:05.4757889Z ##[group]Environment details
Slow lane (slow tests only)	Run actions/setup-node@v5	2026-10-04T07:13:05.7515395Z node: v24.21.0
Slow lane (slow tests only)	Run actions/setup-node@v5	2026-10-04T07:13:05.7515679Z npm: 11.19.0
Slow lane (slow tests only)	Run actions/setup-node@v5	2026-10-04T07:13:05.7515811Z yarn: 1.22.22
Slow lane (slow tests only)	Run actions/setup-node@v5	2026-10-04T07:13:05.7516300Z ##[endgroup]
Slow lane (slow tests only)	Run actions/setup-node@v5	2026-10-04T07:13:05.7529142Z [command]/opt/hostedtoolcache/node/24.21.0/x64/bin/npm config get cache
Slow lane (slow tests only)	Run actions/setup-node@v5	2026-10-04T07:13:05.8360514Z /home/runner/.npm
Slow lane (slow tests only)	Run actions/setup-node@v5	2026-10-04T07:13:05.9720344Z Cache hit for: node-cache-Linux-x64-npm-bd03a24e4fb6ea9135263ddfda5f6f14aceea5c97773b78dfd4f842230cc9a5f
Slow lane (slow tests only)	Run actions/setup-node@v5	2026-10-04T07:13:05.9781289Z (node:2079) [DEP0169] DeprecationWarning: `url.parse()` behavior is not standardized and prone to errors that have security implications. Use the WHATWG URL API instead. CVEs are not issued for `url.parse()` vulnerabilities.
Slow lane (slow tests only)	Run actions/setup-node@v5	2026-10-04T07:13:06.7023831Z Received 33193731 of 33193731 (100.0%), 53.2 MBs/sec
Slow lane (slow tests only)	Run actions/setup-node@v5	2026-10-04T07:13:06.7024300Z Cache Size: ~32 MB (33193731 B)
Slow lane (slow tests only)	Run actions/setup-node@v5	2026-10-04T07:13:06.7040811Z [command]/usr/bin/tar -xf /home/runner/work/_temp/5f165486-5f6f-44d5-b95b-e58adec0501c/cache.tzst -P -C /home/runner/work/ai-task-manager/ai-task-manager --use-compress-program unzstd
Slow lane (slow tests only)	Run actions/setup-node@v5	2026-10-04T07:13:06.7922518Z Cache restored successfully
Slow lane (slow tests only)	Run actions/setup-node@v5	2026-10-04T07:13:06.7939337Z Cache restored from key: node-cache-Linux-x64-npm-bd03a24e4fb6ea9135263ddfda5f6f14aceea5c97773b78dfd4f842230cc9a5f
Slow lane (slow tests only)	Run npm ci	﻿2026-10-04T07:13:06.8070266Z ##[group]Run npm ci
Slow lane (slow tests only)	Run npm ci	2026-10-04T07:13:06.8070414Z ^[[36;1mnpm ci^[[0m
Slow lane (slow tests only)	Run npm ci	2026-10-04T07:13:06.8127628Z shell: /usr/bin/bash -e {0}
Slow lane (slow tests only)	Run npm ci	2026-10-04T07:13:06.8127777Z env:
Slow lane (slow tests only)	Run npm ci	2026-10-04T07:13:06.8127893Z   GIT_AUTHOR_NAME: kendrick burson
Slow lane (slow tests only)	Run npm ci	2026-10-04T07:13:06.8128042Z   GIT_AUTHOR_EMAIL: kpburson@pm.me
Slow lane (slow tests only)	Run npm ci	2026-10-04T07:13:06.8128184Z   GIT_COMMITTER_NAME: kendrick burson
Slow lane (slow tests only)	Run npm ci	2026-10-04T07:13:06.8128336Z   GIT_COMMITTER_EMAIL: kpburson@pm.me
Slow lane (slow tests only)	Run npm ci	2026-10-04T07:13:06.8128476Z ##[endgroup]
Slow lane (slow tests only)	Run npm ci	2026-10-04T07:13:11.8609868Z 
Slow lane (slow tests only)	Run npm ci	2026-10-04T07:13:11.8616757Z added 318 packages, and audited 319 packages in 5s
Slow lane (slow tests only)	Run npm ci	2026-10-04T07:13:11.8617264Z 
Slow lane (slow tests only)	Run npm ci	2026-10-04T07:13:11.8617435Z 101 packages are looking for funding
Slow lane (slow tests only)	Run npm ci	2026-10-04T07:13:11.8617704Z   run `npm fund` for details
Slow lane (slow tests only)	Run npm ci	2026-10-04T07:13:11.8634779Z 
Slow lane (slow tests only)	Run npm ci	2026-10-04T07:13:11.8635151Z 8 vulnerabilities (2 moderate, 6 high)
Slow lane (slow tests only)	Run npm ci	2026-10-04T07:13:11.8635377Z 
Slow lane (slow tests only)	Run npm ci	2026-10-04T07:13:11.8635508Z To address all issues, run:
Slow lane (slow tests only)	Run npm ci	2026-10-04T07:13:11.8635776Z   npm audit fix
Slow lane (slow tests only)	Run npm ci	2026-10-04T07:13:11.8635894Z 
Slow lane (slow tests only)	Run npm ci	2026-10-04T07:13:11.8635995Z Run `npm audit` for details.
Slow lane (slow tests only)	Run npm ci	2026-10-04T07:13:11.8641407Z npm warn install-scripts 1 package has install scripts not yet covered by allowScripts:
Slow lane (slow tests only)	Run npm ci	2026-10-04T07:13:11.8641967Z npm warn install-scripts   puppeteer@25.11.0 (postinstall: node install.mjs)
Slow lane (slow tests only)	Run npm ci	2026-10-04T07:13:11.8642280Z npm warn install-scripts
Slow lane (slow tests only)	Run npm ci	2026-10-04T07:13:11.8642634Z npm warn install-scripts Run `npm install-scripts ls` to review, or `npm install-scripts approve <pkg>` to allow.
Slow lane (slow tests only)	Run npm run test:slow	﻿2026-10-04T07:13:11.9119138Z ##[group]Run npm run test:slow
Slow lane (slow tests only)	Run npm run test:slow	2026-10-04T07:13:11.9119337Z ^[[36;1mnpm run test:slow^[[0m
Slow lane (slow tests only)	Run npm run test:slow	2026-10-04T07:13:11.9170548Z shell: /usr/bin/bash -e {0}
Slow lane (slow tests only)	Run npm run test:slow	2026-10-04T07:13:11.9170704Z env:
Slow lane (slow tests only)	Run npm run test:slow	2026-10-04T07:13:11.9170831Z   GIT_AUTHOR_NAME: kendrick burson
Slow lane (slow tests only)	Run npm run test:slow	2026-10-04T07:13:11.9170980Z   GIT_AUTHOR_EMAIL: kpburson@pm.me
Slow lane (slow tests only)	Run npm run test:slow	2026-10-04T07:13:11.9171126Z   GIT_COMMITTER_NAME: kendrick burson
Slow lane (slow tests only)	Run npm run test:slow	2026-10-04T07:13:11.9171274Z   GIT_COMMITTER_EMAIL: kpburson@pm.me
Slow lane (slow tests only)	Run npm run test:slow	2026-10-04T07:13:11.9171440Z ##[endgroup]
Slow lane (slow tests only)	Run npm run test:slow	2026-10-04T07:13:11.9874659Z 
Slow lane (slow tests only)	Run npm run test:slow	2026-10-04T07:13:11.9875388Z > @kburson/ai-task-manager@0.1.0 test:slow
Slow lane (slow tests only)	Run npm run test:slow	2026-10-04T07:13:11.9875798Z > node scripts/run-tests.mjs --lane slow
Slow lane (slow tests only)	Run npm run test:slow	2026-10-04T07:13:11.9875988Z 
Slow lane (slow tests only)	Run npm run test:slow	2026-10-04T07:13:12.0524930Z ▶ lane=slow (55 files)
Slow lane (slow tests only)	Run npm run test:slow	2026-10-04T07:13:12.0525155Z 
Slow lane (slow tests only)	Run npm run test:slow	2026-10-04T07:16:41.6838038Z ▶ scripts/tests/slow/task-tracker/core/ci-lane-wiring.test.mjs ... ok (43ms)
Slow lane (slow tests only)	Run npm run test:slow	2026-10-04T07:16:41.6839000Z ▶ scripts/tests/slow/task-tracker/core/fleet-registry-concurrent.test.mjs ... ok (4.8s)
Slow lane (slow tests only)	Run npm run test:slow	2026-10-04T07:16:41.6839622Z ▶ scripts/tests/slow/task-tracker/core/lifecycle-traversal-e2e.test.mjs ... ok (57ms)
Slow lane (slow tests only)	Run npm run test:slow	2026-10-04T07:16:41.6840634Z ▶ scripts/tests/slow/task-tracker/core/maintenance-scripts-strict-argv.test.mjs ... ok (2.2s)
Slow lane (slow tests only)	Run npm run test:slow	2026-10-04T07:16:41.6842081Z ▶ scripts/tests/slow/task-tracker/core/packaged-doctor-consumer.test.mjs ... ok (3.4s)
Slow lane (slow tests only)	Run npm run test:slow	2026-10-04T07:16:41.6842745Z ▶ scripts/tests/slow/task-tracker/core/packaged-tail-profile-consumer.test.mjs ... ok (1.7s)
Slow lane (slow tests only)	Run npm run test:slow	2026-10-04T07:16:41.6843379Z ▶ scripts/tests/slow/task-tracker/core/verify-develop.test.mjs ... ok (537ms)
Slow lane (slow tests only)	Run npm run test:slow	2026-10-04T07:16:41.6843961Z ▶ scripts/tests/slow/task-tracker/lib/ac-evidence-gate.test.mjs ... ok (632ms)
Slow lane (slow tests only)	Run npm run test:slow	2026-10-04T07:16:41.6844584Z ▶ scripts/tests/slow/task-tracker/lib/action-capture-integration.test.mjs ... ok (705ms)
Slow lane (slow tests only)	Run npm run test:slow	2026-10-04T07:16:41.6845185Z ▶ scripts/tests/slow/task-tracker/lib/activity-guard.test.mjs ... ok (11.5s)
Slow lane (slow tests only)	Run npm run test:slow	2026-10-04T07:16:41.6845713Z ▶ scripts/tests/slow/task-tracker/lib/agent-guard.test.mjs ... ok (465ms)
Slow lane (slow tests only)	Run npm run test:slow	2026-10-04T07:16:41.6846295Z ▶ scripts/tests/slow/task-tracker/lib/agentic-help-runtime.test.mjs ... ok (101.5s)
Slow lane (slow tests only)	Run npm run test:slow	2026-10-04T07:16:41.6847060Z ▶ scripts/tests/slow/task-tracker/lib/aitm-dispatcher.test.mjs ... ok (4.5s)
Slow lane (slow tests only)	Run npm run test:slow	2026-10-04T07:16:41.6847650Z ▶ scripts/tests/slow/task-tracker/lib/body-write-roundtrip.test.mjs ... ok (33ms)
Slow lane (slow tests only)	Run npm run test:slow	2026-10-04T07:16:41.6848262Z ▶ scripts/tests/slow/task-tracker/lib/chore-mode-activity-guard.test.mjs ... ok (381ms)
Slow lane (slow tests only)	Run npm run test:slow	2026-10-04T07:16:41.6848807Z ▶ scripts/tests/slow/task-tracker/lib/cli.test.mjs ... ok (7.8s)
Slow lane (slow tests only)	Run npm run test:slow	2026-10-04T07:16:41.6849851Z ▶ scripts/tests/slow/task-tracker/lib/commit-trail-handler.test.mjs ... ok (1.1s)
Slow lane (slow tests only)	Run npm run test:slow	2026-10-04T07:16:41.6850485Z ▶ scripts/tests/slow/task-tracker/lib/config-completeness-invariant.test.mjs ... ok (229ms)
Slow lane (slow tests only)	Run npm run test:slow	2026-10-04T07:16:41.6851101Z ▶ scripts/tests/slow/task-tracker/lib/coverage-close-gates.test.mjs ... ok (1.4s)
Slow lane (slow tests only)	Run npm run test:slow	2026-10-04T07:16:41.6851686Z ▶ scripts/tests/slow/task-tracker/lib/coverage-hook-handler.test.mjs ... ok (3.0s)
Slow lane (slow tests only)	Run npm run test:slow	2026-10-04T07:16:41.6852309Z ▶ scripts/tests/slow/task-tracker/lib/coverage-orchestrator-lock.test.mjs ... ok (662ms)
Slow lane (slow tests only)	Run npm run test:slow	2026-10-04T07:16:41.6852910Z ▶ scripts/tests/slow/task-tracker/lib/create-issue.test.mjs ... ok (1.6s)
Slow lane (slow tests only)	Run npm run test:slow	2026-10-04T07:16:41.6853476Z ▶ scripts/tests/slow/task-tracker/lib/demonstrable-ac-gate.test.mjs ... ok (55ms)
Slow lane (slow tests only)	Run npm run test:slow	2026-10-04T07:16:41.6854148Z ▶ scripts/tests/slow/task-tracker/lib/dirty-review-promote-false-success.test.mjs ... ok (559ms)
Slow lane (slow tests only)	Run npm run test:slow	2026-10-04T07:16:41.6854802Z ▶ scripts/tests/slow/task-tracker/lib/dirty-workspace-gate.test.mjs ... ok (3.0s)
Slow lane (slow tests only)	Run npm run test:slow	2026-10-04T07:16:41.6855396Z ▶ scripts/tests/slow/task-tracker/lib/discover-autosave.test.mjs ... ok (72ms)
Slow lane (slow tests only)	Run npm run test:slow	2026-10-04T07:16:41.6855948Z ▶ scripts/tests/slow/task-tracker/lib/draft-branch.test.mjs ... ok (226ms)
Slow lane (slow tests only)	Run npm run test:slow	2026-10-04T07:16:41.6856507Z ▶ scripts/tests/slow/task-tracker/lib/ensure-wave-parent.test.mjs ... ok (3.0s)
Slow lane (slow tests only)	Run npm run test:slow	2026-10-04T07:16:41.6857440Z ▶ scripts/tests/slow/task-tracker/lib/epic-children-review-lifecycle.test.mjs ... ok (160ms)
Slow lane (slow tests only)	Run npm run test:slow	2026-10-04T07:16:41.6858046Z ▶ scripts/tests/slow/task-tracker/lib/epic-tree.test.mjs ... ok (564ms)
Slow lane (slow tests only)	Run npm run test:slow	2026-10-04T07:16:41.6859058Z ▶ scripts/tests/slow/task-tracker/lib/evidence-v2/frozen-worktree-rehearsal.test.mjs ... ok (3.7s)
Slow lane (slow tests only)	Run npm run test:slow	2026-10-04T07:16:41.6859715Z ▶ scripts/tests/slow/task-tracker/lib/gate-message-attribution.test.mjs ... ok (149ms)
Slow lane (slow tests only)	Run npm run test:slow	2026-10-04T07:16:41.6860266Z ▶ scripts/tests/slow/task-tracker/lib/gates.test.mjs ... ok (3.0s)
Slow lane (slow tests only)	Run npm run test:slow	2026-10-04T07:16:41.6860801Z ▶ scripts/tests/slow/task-tracker/lib/init-status-palette.test.mjs ... ok (3.7s)
Slow lane (slow tests only)	Run npm run test:slow	2026-10-04T07:16:41.6861376Z ▶ scripts/tests/slow/task-tracker/lib/issue-authoring.test.mjs ... ok (1.6s)
Slow lane (slow tests only)	Run npm run test:slow	2026-10-04T07:16:41.6861897Z ▶ scripts/tests/slow/task-tracker/lib/lifecycle.test.mjs ... ok (2.5s)
Slow lane (slow tests only)	Run npm run test:slow	2026-10-04T07:16:41.6862424Z ▶ scripts/tests/slow/task-tracker/lib/log-issue-time.test.mjs ... ok (1.1s)
Slow lane (slow tests only)	Run npm run test:slow	2026-10-04T07:16:41.6863202Z ▶ scripts/tests/slow/task-tracker/lib/move-state-approval-gate.test.mjs ... ok (5.1s)
Slow lane (slow tests only)	Run npm run test:slow	2026-10-04T07:16:41.6863793Z ▶ scripts/tests/slow/task-tracker/lib/move-state-gate.test.mjs ... ok (3.5s)
Slow lane (slow tests only)	Run npm run test:slow	2026-10-04T07:16:41.6864326Z ▶ scripts/tests/slow/task-tracker/lib/move-state.test.mjs ... ok (2.4s)
Slow lane (slow tests only)	Run npm run test:slow	2026-10-04T07:16:41.6864932Z ▶ scripts/tests/slow/task-tracker/lib/move-state/board-field-readback.test.mjs ... ok (2.9s)
Slow lane (slow tests only)	Run npm run test:slow	2026-10-04T07:16:41.6865574Z ▶ scripts/tests/slow/task-tracker/lib/proof-gate-reconciliation.test.mjs ... ok (421ms)
Slow lane (slow tests only)	Run npm run test:slow	2026-10-04T07:16:41.6866227Z ▶ scripts/tests/slow/task-tracker/lib/ready-for-plan-live-migration.test.mjs ... ok (310ms)
Slow lane (slow tests only)	Run npm run test:slow	2026-10-04T07:16:41.6867047Z ▶ scripts/tests/slow/task-tracker/lib/review-approval-prompt.test.mjs ... ok (13.7s)
Slow lane (slow tests only)	Run npm run test:slow	2026-10-04T07:16:41.6867684Z ▶ scripts/tests/slow/task-tracker/lib/verb-preflight-wiring.test.mjs ... ok (2.2s)
Slow lane (slow tests only)	Run npm run test:slow	2026-10-04T07:16:41.6868271Z ▶ scripts/tests/slow/task-tracker/lib/worktree-isolation.test.mjs ... ok (2.7s)
Slow lane (slow tests only)	Run npm run test:slow	2026-10-04T07:16:41.6868882Z ▶ scripts/tests/slow/task-tracker/lib/worktree-seed-integration.test.mjs ... ok (707ms)
Slow lane (slow tests only)	Run npm run test:slow	2026-10-04T07:16:41.6869501Z ▶ scripts/tests/slow/task-tracker/verbs/close-lifecycle-tick.test.mjs ... ok (123ms)
Slow lane (slow tests only)	Run npm run test:slow	2026-10-04T07:16:41.6870085Z ▶ scripts/tests/slow/task-tracker/verbs/coverage-close.test.mjs ... ok (2.3s)
Slow lane (slow tests only)	Run npm run test:slow	2026-10-04T07:16:41.6870651Z ▶ scripts/tests/slow/task-tracker/verbs/deadlock-regression.test.mjs ... ok (160ms)
Slow lane (slow tests only)	Run npm run test:slow	2026-10-04T07:16:41.6871212Z ▶ scripts/tests/slow/task-tracker/verbs/promote-verb.test.mjs ... ok (693ms)
Slow lane (slow tests only)	Run npm run test:slow	2026-10-04T07:16:41.6871823Z ▶ scripts/tests/slow/task-tracker/verbs/recovery-path-independence.test.mjs ... ok (279ms)
Slow lane (slow tests only)	Run npm run test:slow	2026-10-04T07:16:41.6872720Z ▶ scripts/tests/slow/task-tracker/verbs/state-marker-single-writer.test.mjs ... ok (205ms)
Slow lane (slow tests only)	Run npm run test:slow	2026-10-04T07:16:41.6873368Z ▶ scripts/tests/slow/task-tracker/verbs/verb-test-remove-worktree.test.mjs ... ok (171ms)
Slow lane (slow tests only)	Run npm run test:slow	2026-10-04T07:16:41.6874013Z ▶ scripts/tests/slow/task-tracker/workflow-exception-lifecycle.test.mjs ... ok (69ms)
Slow lane (slow tests only)	Run npm run test:slow	2026-10-04T07:16:41.6874301Z 
Slow lane (slow tests only)	Run npm run test:slow	2026-10-04T07:16:41.6875318Z ▶ scheduling: 0 pure unit file(s) at pool concurrency 3 (peak 0); 0 direct-subprocess file(s) at pool concurrency 2 (peak 0); 1 explicit-safe slow file(s) at pool concurrency 2 (peak 1); 54 explicit-unsafe/integration/unmarked-slow file(s) serial
Slow lane (slow tests only)	Run npm run test:slow	2026-10-04T07:16:41.6950411Z 
Slow lane (slow tests only)	Run npm run test:slow	2026-10-04T07:16:41.6951035Z run-tests: lane 'slow' bounded sections: slow-parallel=101.5s/600s (1 files); serial=108.0s/600s (54 files); aggregate=209.5s
Slow lane (slow tests only)	Run npm run test:slow	2026-10-04T07:16:41.6951397Z 
Slow lane (slow tests only)	Run npm run test:slow	2026-10-04T07:16:41.6951475Z All 55 test files passed.
Slow lane (slow tests only)	Post Run actions/setup-node@v5	﻿2026-10-04T07:16:41.7140406Z Post job cleanup.
Slow lane (slow tests only)	Post Run actions/setup-node@v5	2026-10-04T07:16:41.7969254Z (node:28445) [DEP0040] DeprecationWarning: The `punycode` module is deprecated. Please use a userland alternative instead.
Slow lane (slow tests only)	Post Run actions/setup-node@v5	2026-10-04T07:16:41.7969794Z (Use `node --trace-deprecation ...` to show where the warning was created)
Slow lane (slow tests only)	Post Run actions/setup-node@v5	2026-10-04T07:16:41.7971264Z Cache hit occurred on the primary key node-cache-Linux-x64-npm-bd03a24e4fb6ea9135263ddfda5f6f14aceea5c97773b78dfd4f842230cc9a5f, not saving cache.
Slow lane (slow tests only)	Post Run actions/checkout@v5	﻿2026-10-04T07:16:41.8082737Z Post job cleanup.
Slow lane (slow tests only)	Post Run actions/checkout@v5	2026-10-04T07:16:41.8631992Z [command]/usr/bin/git version
Slow lane (slow tests only)	Post Run actions/checkout@v5	2026-10-04T07:16:41.8665067Z git version 2.55.0
Slow lane (slow tests only)	Post Run actions/checkout@v5	2026-10-04T07:16:41.8688727Z Temporarily overriding HOME='/home/runner/work/_temp/13df78d6-9f09-4b19-837a-d61fe525dc62' before making global git config changes
Slow lane (slow tests only)	Post Run actions/checkout@v5	2026-10-04T07:16:41.8689732Z Adding repository directory to the temporary git global config as a safe directory
Slow lane (slow tests only)	Post Run actions/checkout@v5	2026-10-04T07:16:41.8691880Z [command]/usr/bin/git config --global --add safe.directory /home/runner/work/ai-task-manager/ai-task-manager
Slow lane (slow tests only)	Post Run actions/checkout@v5	2026-10-04T07:16:41.8730154Z [command]/usr/bin/git config --local --name-only --get-regexp core\.sshCommand
Slow lane (slow tests only)	Post Run actions/checkout@v5	2026-10-04T07:16:41.8759214Z [command]/usr/bin/git submodule foreach --recursive sh -c "git config --local --name-only --get-regexp 'core\.sshCommand' && git config --local --unset-all 'core.sshCommand' || :"
Slow lane (slow tests only)	Post Run actions/checkout@v5	2026-10-04T07:16:41.8965763Z [command]/usr/bin/git config --local --name-only --get-regexp http\.https\:\/\/github\.com\/\.extraheader
Slow lane (slow tests only)	Post Run actions/checkout@v5	2026-10-04T07:16:41.8993271Z http.https://github.com/.extraheader
Slow lane (slow tests only)	Post Run actions/checkout@v5	2026-10-04T07:16:41.9018153Z [command]/usr/bin/git config --local --unset-all http.https://github.com/.extraheader
Slow lane (slow tests only)	Post Run actions/checkout@v5	2026-10-04T07:16:41.9035350Z [command]/usr/bin/git submodule foreach --recursive sh -c "git config --local --name-only --get-regexp 'http\.https\:\/\/github\.com\/\.extraheader' && git config --local --unset-all 'http.https://github.com/.extraheader' || :"
Slow lane (slow tests only)	Post Run actions/checkout@v5	2026-10-04T07:16:41.9235704Z [command]/usr/bin/git config --local --name-only --get-regexp ^includeIf\.gitdir:
Slow lane (slow tests only)	Post Run actions/checkout@v5	2026-10-04T07:16:41.9266284Z [command]/usr/bin/git submodule foreach --recursive git config --local --show-origin --name-only --get-regexp remote.origin.url
Slow lane (slow tests only)	Complete job	﻿2026-10-04T07:16:41.9565403Z Cleaning up orphan processes
