✔ layout audit rejects a discovered test outside the canonical lane tree (245.002625ms)
✔ layout audit rejects a test placed directly in a canonical lane root (99.944375ms)
✔ line-cap audit still examines a misplaced test discovered outside the canonical tree (196.48525ms)
✔ a hidden support-subtree test cannot evade discovery, the runner, or any audit (219.700875ms)
✔ feature-oriented files keep semantic ownership after their lane correction (2.269042ms)
✔ current test-tree baseline is well formed (1.340334ms)
✔ AC3/AC4: every current baseline test remains live in its recorded lane (0.359042ms)
✔ AC1: no *.test.mjs file remains directly in a lane root (0.346916ms)
✔ AC2: every lane subdirectory has an explicit subsystem or integration owner (4.785ms)
✔ AC4: the three lanes are a disjoint partition whose union is the whole discovery set (15.677541ms)
✔ empty main and linked activation support real ordinary batches with exact control identities (2497.314ms)
✔ completed empty retry refuses an unfinished ordinary batch without rewriting any member (1344.471917ms)
✔ completed empty retry preserves ordinary writes and separately initialized new linked roots (2244.704208ms)
✔ empty planning refuses unknown despite complete with typed blockers and no writes (125.874791ms)
✔ empty planning refuses missing unknown census with typed blockers and no writes (123.421583ms)
✔ empty planning refuses partial self claim with typed blockers and no writes (118.028ms)
✔ empty planning refuses foreign host writer with typed blockers and no writes (105.917958ms)
✔ empty planning refuses unknown writer shape with typed blockers and no writes (107.268125ms)
✔ empty planning refuses uncooperative old writer with typed blockers and no writes (116.948917ms)
✔ completed empty retry preserves a real migration successor generation (1733.154167ms)
✔ competing empty applies admit one exclusive publisher and retain its exact coordinator (842.427042ms)
✔ migration publication excludes an approved but stale empty policy without changing its protected evidence (999.799542ms)
ℹ tests 22
ℹ suites 0
ℹ pass 22
ℹ fail 0
ℹ cancelled 0
ℹ skipped 0
ℹ todo 0
ℹ duration_ms 10473.850042
