2026-10-04T04:16:59.6894964Z Current runner version: '2.337.0'
2026-10-04T04:16:59.6922721Z ##[group]Runner Image Provisioner
2026-10-04T04:16:59.6923630Z Hosted Compute Agent
2026-10-04T04:16:59.6924377Z Version: 20260901.588
2026-10-04T04:16:59.6925016Z Commit: f88ec8081b781fac6c440065ac7ff9e710ce3d0b
2026-10-04T04:16:59.6925781Z Build Date: 2026-09-01T19:56:44Z
2026-10-04T04:16:59.6926494Z Worker ID: {b8fafce0-f5fd-495b-ad5c-bd57db442f43}
2026-10-04T04:16:59.6927222Z Azure Region: westus
2026-10-04T04:16:59.6927867Z ##[endgroup]
2026-10-04T04:16:59.6930083Z ##[group]Operating System
2026-10-04T04:16:59.6931019Z Ubuntu
2026-10-04T04:16:59.6931664Z 24.04.5
2026-10-04T04:16:59.6932259Z LTS
2026-10-04T04:16:59.6932826Z ##[endgroup]
2026-10-04T04:16:59.6933383Z ##[group]Runner Image
2026-10-04T04:16:59.6933974Z Image: ubuntu-24.04
2026-10-04T04:16:59.6934637Z Version: 20260927.320.1
2026-10-04T04:16:59.6935908Z Included Software: https://github.com/actions/runner-images/blob/ubuntu24/20260927.320/images/ubuntu/Ubuntu2404-Readme.md
2026-10-04T04:16:59.6937524Z Image Release: https://github.com/actions/runner-images/releases/tag/ubuntu24%2F20260927.320
2026-10-04T04:16:59.6938473Z ##[endgroup]
2026-10-04T04:16:59.6939659Z ##[group]GITHUB_TOKEN Permissions
2026-10-04T04:16:59.6942208Z Contents: read
2026-10-04T04:16:59.6942937Z Metadata: read
2026-10-04T04:16:59.6943501Z ##[endgroup]
2026-10-04T04:16:59.6945748Z Secret source: Actions
2026-10-04T04:16:59.6946782Z Cache mode: write
2026-10-04T04:16:59.6947553Z Prepare workflow directory
2026-10-04T04:16:59.7377838Z Prepare all required actions
2026-10-04T04:16:59.7431381Z Getting action download info
2026-10-04T04:17:00.7295246Z Download action repository 'actions/checkout@v5' (SHA:fbc6f3992d24b796d5a048ff273f7fcc4a7b6c09)
2026-10-04T04:17:00.8978100Z Download action repository 'actions/setup-node@v5' (SHA:a0853c24544627f65ddf259abe73b1d18a591444)
2026-10-04T04:17:01.1606912Z Complete job name: Slow lane (slow tests only)
2026-10-04T04:17:01.2551389Z ##[group]Run actions/checkout@v5
2026-10-04T04:17:01.2552521Z with:
2026-10-04T04:17:01.2553042Z   repository: kburson/ai-task-manager
2026-10-04T04:17:01.2557122Z   token: ***
2026-10-04T04:17:01.2557603Z   ssh-strict: true
2026-10-04T04:17:01.2558090Z   ssh-user: git
2026-10-04T04:17:01.2558577Z   persist-credentials: true
2026-10-04T04:17:01.2559114Z   clean: true
2026-10-04T04:17:01.2559599Z   sparse-checkout-cone-mode: true
2026-10-04T04:17:01.2560161Z   fetch-depth: 1
2026-10-04T04:17:01.2560975Z   fetch-tags: false
2026-10-04T04:17:01.2561482Z   show-progress: true
2026-10-04T04:17:01.2561986Z   lfs: false
2026-10-04T04:17:01.2562436Z   submodules: false
2026-10-04T04:17:01.2562956Z   set-safe-directory: true
2026-10-04T04:17:01.2563506Z   allow-unsafe-pr-checkout: false
2026-10-04T04:17:01.2564370Z env:
2026-10-04T04:17:01.2564866Z   GIT_AUTHOR_NAME: kendrick burson
2026-10-04T04:17:01.2565486Z   GIT_AUTHOR_EMAIL: kpburson@pm.me
2026-10-04T04:17:01.2566137Z   GIT_COMMITTER_NAME: kendrick burson
2026-10-04T04:17:01.2566749Z   GIT_COMMITTER_EMAIL: kpburson@pm.me
2026-10-04T04:17:01.2567334Z ##[endgroup]
2026-10-04T04:17:01.3642178Z Syncing repository: kburson/ai-task-manager
2026-10-04T04:17:01.3644763Z ##[group]Getting Git version info
2026-10-04T04:17:01.3645700Z Working directory is '/home/runner/work/ai-task-manager/ai-task-manager'
2026-10-04T04:17:01.3647190Z [command]/usr/bin/git version
2026-10-04T04:17:01.3780904Z git version 2.55.0
2026-10-04T04:17:01.3808720Z ##[endgroup]
2026-10-04T04:17:01.3825266Z Temporarily overriding HOME='/home/runner/work/_temp/7b55501e-4175-43f6-a2d9-e998be5e8a6c' before making global git config changes
2026-10-04T04:17:01.3827082Z Adding repository directory to the temporary git global config as a safe directory
2026-10-04T04:17:01.3832048Z [command]/usr/bin/git config --global --add safe.directory /home/runner/work/ai-task-manager/ai-task-manager
2026-10-04T04:17:01.3894934Z Deleting the contents of '/home/runner/work/ai-task-manager/ai-task-manager'
2026-10-04T04:17:01.3898817Z ##[group]Initializing the repository
2026-10-04T04:17:01.3905644Z [command]/usr/bin/git init /home/runner/work/ai-task-manager/ai-task-manager
2026-10-04T04:17:01.4108907Z hint: Using 'master' as the name for the initial branch. This default branch name
2026-10-04T04:17:01.4111745Z hint: will change to "main" in Git 3.0. To configure the initial branch name
2026-10-04T04:17:01.4113228Z hint: to use in all of your new repositories, which will suppress this warning,
2026-10-04T04:17:01.4114815Z hint: call:
2026-10-04T04:17:01.4115690Z hint:
2026-10-04T04:17:01.4116656Z hint: 	git config --global init.defaultBranch <name>
2026-10-04T04:17:01.4117927Z hint:
2026-10-04T04:17:01.4118796Z hint: Names commonly chosen instead of 'master' are 'main', 'trunk' and
2026-10-04T04:17:01.4119819Z hint: 'development'. The just-created branch can be renamed via this command:
2026-10-04T04:17:01.4120924Z hint:
2026-10-04T04:17:01.4121664Z hint: 	git branch -m <name>
2026-10-04T04:17:01.4122805Z hint:
2026-10-04T04:17:01.4124049Z hint: Disable this message with "git config set advice.defaultBranchName false"
2026-10-04T04:17:01.4125304Z Initialized empty Git repository in /home/runner/work/ai-task-manager/ai-task-manager/.git/
2026-10-04T04:17:01.4127363Z [command]/usr/bin/git remote add origin https://github.com/kburson/ai-task-manager
2026-10-04T04:17:01.4227625Z ##[endgroup]
2026-10-04T04:17:01.4233482Z ##[group]Disabling automatic garbage collection
2026-10-04T04:17:01.4235092Z [command]/usr/bin/git config --local gc.auto 0
2026-10-04T04:17:01.4274190Z ##[endgroup]
2026-10-04T04:17:01.4275801Z ##[group]Setting up auth
2026-10-04T04:17:01.4284177Z [command]/usr/bin/git config --local --name-only --get-regexp core\.sshCommand
2026-10-04T04:17:01.4326198Z [command]/usr/bin/git submodule foreach --recursive sh -c "git config --local --name-only --get-regexp 'core\.sshCommand' && git config --local --unset-all 'core.sshCommand' || :"
2026-10-04T04:17:01.4747639Z [command]/usr/bin/git config --local --name-only --get-regexp http\.https\:\/\/github\.com\/\.extraheader
2026-10-04T04:17:01.4789376Z [command]/usr/bin/git submodule foreach --recursive sh -c "git config --local --name-only --get-regexp 'http\.https\:\/\/github\.com\/\.extraheader' && git config --local --unset-all 'http.https://github.com/.extraheader' || :"
2026-10-04T04:17:01.5029622Z [command]/usr/bin/git config --local --name-only --get-regexp ^includeIf\.gitdir:
2026-10-04T04:17:01.5072382Z [command]/usr/bin/git submodule foreach --recursive git config --local --show-origin --name-only --get-regexp remote.origin.url
2026-10-04T04:17:01.5316857Z [command]/usr/bin/git config --local http.https://github.com/.extraheader AUTHORIZATION: basic ***
2026-10-04T04:17:01.5362781Z ##[endgroup]
2026-10-04T04:17:01.5364258Z ##[group]Fetching the repository
2026-10-04T04:17:01.5373377Z [command]/usr/bin/git -c protocol.version=2 fetch --no-tags --prune --no-recurse-submodules --depth=1 origin +4d563cd3c613b2119bd0aa649c8fcfe58576888b:refs/remotes/pull/1871/merge
2026-10-04T04:17:03.4127419Z From https://github.com/kburson/ai-task-manager
2026-10-04T04:17:03.4131767Z  * [new ref]         4d563cd3c613b2119bd0aa649c8fcfe58576888b -> pull/1871/merge
2026-10-04T04:17:03.4134833Z ##[endgroup]
2026-10-04T04:17:03.4136019Z ##[group]Determining the checkout info
2026-10-04T04:17:03.4137336Z ##[endgroup]
2026-10-04T04:17:03.4143575Z [command]/usr/bin/git sparse-checkout disable
2026-10-04T04:17:03.4215303Z [command]/usr/bin/git config --local --unset-all extensions.worktreeConfig
2026-10-04T04:17:03.4258297Z ##[group]Checking out the ref
2026-10-04T04:17:03.4259409Z [command]/usr/bin/git checkout --progress --force refs/remotes/pull/1871/merge
2026-10-04T04:17:03.7385276Z Note: switching to 'refs/remotes/pull/1871/merge'.
2026-10-04T04:17:03.7386013Z 
2026-10-04T04:17:03.7386391Z You are in 'detached HEAD' state. You can look around, make experimental
2026-10-04T04:17:03.7386984Z changes and commit them, and you can discard any commits you make in this
2026-10-04T04:17:03.7387617Z state without impacting any branches by switching back to a branch.
2026-10-04T04:17:03.7388358Z 
2026-10-04T04:17:03.7388615Z If you want to create a new branch to retain commits you create, you may
2026-10-04T04:17:03.7389143Z do so (now or later) by using -c with the switch command. Example:
2026-10-04T04:17:03.7389429Z 
2026-10-04T04:17:03.7389569Z   git switch -c <new-branch-name>
2026-10-04T04:17:03.7389763Z 
2026-10-04T04:17:03.7389905Z Or undo this operation with:
2026-10-04T04:17:03.7390092Z 
2026-10-04T04:17:03.7390209Z   git switch -
2026-10-04T04:17:03.7390760Z 
2026-10-04T04:17:03.7391018Z Turn off this advice by setting config variable advice.detachedHead to false
2026-10-04T04:17:03.7391407Z 
2026-10-04T04:17:03.7391773Z HEAD is now at 4d563cd Merge 1007a928b88c5431ed0565794af5512ddba5d639 into 171c7d93866f67b58effa635be5ae737f54ef9eb
2026-10-04T04:17:03.7402403Z ##[endgroup]
2026-10-04T04:17:03.7451748Z [command]/usr/bin/git log -1 --format=%H
2026-10-04T04:17:03.7481405Z 4d563cd3c613b2119bd0aa649c8fcfe58576888b
2026-10-04T04:17:03.7738461Z ##[group]Run git fetch --no-tags origin trunk:trunk
2026-10-04T04:17:03.7739060Z [36;1mgit fetch --no-tags origin trunk:trunk[0m
2026-10-04T04:17:03.8016433Z shell: /usr/bin/bash -e {0}
2026-10-04T04:17:03.8016894Z env:
2026-10-04T04:17:03.8017219Z   GIT_AUTHOR_NAME: kendrick burson
2026-10-04T04:17:03.8017635Z   GIT_AUTHOR_EMAIL: kpburson@pm.me
2026-10-04T04:17:03.8018045Z   GIT_COMMITTER_NAME: kendrick burson
2026-10-04T04:17:03.8018494Z   GIT_COMMITTER_EMAIL: kpburson@pm.me
2026-10-04T04:17:03.8018891Z ##[endgroup]
2026-10-04T04:17:06.7346735Z From https://github.com/kburson/ai-task-manager
2026-10-04T04:17:06.7347136Z  * [new branch]        trunk      -> trunk
2026-10-04T04:17:06.7355645Z  * [new branch]        trunk      -> origin/trunk
2026-10-04T04:17:06.7438120Z ##[group]Run actions/setup-node@v5
2026-10-04T04:17:06.7438407Z with:
2026-10-04T04:17:06.7438598Z   node-version: 24
2026-10-04T04:17:06.7438802Z   cache: npm
2026-10-04T04:17:06.7438996Z   always-auth: false
2026-10-04T04:17:06.7439205Z   check-latest: false
2026-10-04T04:17:06.7442056Z   token: ***
2026-10-04T04:17:06.7442284Z   package-manager-cache: true
2026-10-04T04:17:06.7442536Z env:
2026-10-04T04:17:06.7442734Z   GIT_AUTHOR_NAME: kendrick burson
2026-10-04T04:17:06.7443010Z   GIT_AUTHOR_EMAIL: kpburson@pm.me
2026-10-04T04:17:06.7443279Z   GIT_COMMITTER_NAME: kendrick burson
2026-10-04T04:17:06.7443553Z   GIT_COMMITTER_EMAIL: kpburson@pm.me
2026-10-04T04:17:06.7443808Z ##[endgroup]
2026-10-04T04:17:06.8959316Z Found in cache @ /opt/hostedtoolcache/node/24.21.0/x64
2026-10-04T04:17:06.8963474Z (node:2310) [DEP0040] DeprecationWarning: The `punycode` module is deprecated. Please use a userland alternative instead.
2026-10-04T04:17:06.8964352Z (Use `node --trace-deprecation ...` to show where the warning was created)
2026-10-04T04:17:06.8967003Z ##[group]Environment details
2026-10-04T04:17:07.3366699Z node: v24.21.0
2026-10-04T04:17:07.3367177Z npm: 11.19.0
2026-10-04T04:17:07.3367526Z yarn: 1.22.22
2026-10-04T04:17:07.3368584Z ##[endgroup]
2026-10-04T04:17:07.3393144Z [command]/opt/hostedtoolcache/node/24.21.0/x64/bin/npm config get cache
2026-10-04T04:17:07.4609605Z /home/runner/.npm
2026-10-04T04:17:07.7258695Z Cache hit for: node-cache-Linux-x64-npm-bd03a24e4fb6ea9135263ddfda5f6f14aceea5c97773b78dfd4f842230cc9a5f
2026-10-04T04:17:07.7372459Z (node:2310) [DEP0169] DeprecationWarning: `url.parse()` behavior is not standardized and prone to errors that have security implications. Use the WHATWG URL API instead. CVEs are not issued for `url.parse()` vulnerabilities.
2026-10-04T04:17:09.0087502Z Received 0 of 33193731 (0.0%), 0.0 MBs/sec
2026-10-04T04:17:09.2959721Z Received 33193731 of 33193731 (100.0%), 24.6 MBs/sec
2026-10-04T04:17:09.2960829Z Cache Size: ~32 MB (33193731 B)
2026-10-04T04:17:09.2991246Z [command]/usr/bin/tar -xf /home/runner/work/_temp/b0652f78-d38b-41e7-8c3b-399fb1521b0d/cache.tzst -P -C /home/runner/work/ai-task-manager/ai-task-manager --use-compress-program unzstd
2026-10-04T04:17:09.4665802Z Cache restored successfully
2026-10-04T04:17:09.4685419Z Cache restored from key: node-cache-Linux-x64-npm-bd03a24e4fb6ea9135263ddfda5f6f14aceea5c97773b78dfd4f842230cc9a5f
2026-10-04T04:17:09.4828372Z ##[group]Run npm ci
2026-10-04T04:17:09.4828658Z [36;1mnpm ci[0m
2026-10-04T04:17:09.4900818Z shell: /usr/bin/bash -e {0}
2026-10-04T04:17:09.4901093Z env:
2026-10-04T04:17:09.4901309Z   GIT_AUTHOR_NAME: kendrick burson
2026-10-04T04:17:09.4901601Z   GIT_AUTHOR_EMAIL: kpburson@pm.me
2026-10-04T04:17:09.4901900Z   GIT_COMMITTER_NAME: kendrick burson
2026-10-04T04:17:09.4902195Z   GIT_COMMITTER_EMAIL: kpburson@pm.me
2026-10-04T04:17:09.4902458Z ##[endgroup]
2026-10-04T04:17:17.8062794Z 
2026-10-04T04:17:17.8072202Z added 318 packages, and audited 319 packages in 8s
2026-10-04T04:17:17.8072924Z 
2026-10-04T04:17:17.8073671Z 101 packages are looking for funding
2026-10-04T04:17:17.8074201Z   run `npm fund` for details
2026-10-04T04:17:17.8107312Z 
2026-10-04T04:17:17.8108063Z 8 vulnerabilities (2 moderate, 6 high)
2026-10-04T04:17:17.8108612Z 
2026-10-04T04:17:17.8109029Z To address all issues, run:
2026-10-04T04:17:17.8109615Z   npm audit fix
2026-10-04T04:17:17.8110000Z 
2026-10-04T04:17:17.8110635Z Run `npm audit` for details.
2026-10-04T04:17:17.8118423Z npm warn install-scripts 1 package has install scripts not yet covered by allowScripts:
2026-10-04T04:17:17.8119757Z npm warn install-scripts   puppeteer@25.11.0 (postinstall: node install.mjs)
2026-10-04T04:17:17.8120922Z npm warn install-scripts
2026-10-04T04:17:17.8122114Z npm warn install-scripts Run `npm install-scripts ls` to review, or `npm install-scripts approve <pkg>` to allow.
2026-10-04T04:17:17.8760120Z ##[group]Run npm run test:slow
2026-10-04T04:17:17.8760854Z [36;1mnpm run test:slow[0m
2026-10-04T04:17:17.8837212Z shell: /usr/bin/bash -e {0}
2026-10-04T04:17:17.8837478Z env:
2026-10-04T04:17:17.8837690Z   GIT_AUTHOR_NAME: kendrick burson
2026-10-04T04:17:17.8837964Z   GIT_AUTHOR_EMAIL: kpburson@pm.me
2026-10-04T04:17:17.8838229Z   GIT_COMMITTER_NAME: kendrick burson
2026-10-04T04:17:17.8838518Z   GIT_COMMITTER_EMAIL: kpburson@pm.me
2026-10-04T04:17:17.8838782Z ##[endgroup]
2026-10-04T04:17:18.0012126Z 
2026-10-04T04:17:18.0012936Z > @kburson/ai-task-manager@0.1.0 test:slow
2026-10-04T04:17:18.0013644Z > node scripts/run-tests.mjs --lane slow
2026-10-04T04:17:18.0014000Z 
2026-10-04T04:17:18.1126472Z ▶ lane=slow (55 files)
2026-10-04T04:17:18.1126843Z 
2026-10-04T04:23:00.1917890Z ▶ scripts/tests/slow/task-tracker/core/ci-lane-wiring.test.mjs ... ok (61ms)
2026-10-04T04:23:00.1919286Z ▶ scripts/tests/slow/task-tracker/core/fleet-registry-concurrent.test.mjs ... ok (5.0s)
2026-10-04T04:23:00.1920161Z ▶ scripts/tests/slow/task-tracker/core/lifecycle-traversal-e2e.test.mjs ... ok (102ms)
2026-10-04T04:23:00.1922497Z ▶ scripts/tests/slow/task-tracker/core/maintenance-scripts-strict-argv.test.mjs ... ok (3.8s)
2026-10-04T04:23:00.1923334Z ▶ scripts/tests/slow/task-tracker/core/packaged-doctor-consumer.test.mjs ... ok (5.9s)
2026-10-04T04:23:00.1924178Z ▶ scripts/tests/slow/task-tracker/core/packaged-tail-profile-consumer.test.mjs ... ok (3.1s)
2026-10-04T04:23:00.1935439Z ▶ scripts/tests/slow/task-tracker/core/verify-develop.test.mjs ... ok (841ms)
2026-10-04T04:23:00.1936866Z ▶ scripts/tests/slow/task-tracker/lib/ac-evidence-gate.test.mjs ... ok (1.1s)
2026-10-04T04:23:00.1938287Z ▶ scripts/tests/slow/task-tracker/lib/action-capture-integration.test.mjs ... ok (1.1s)
2026-10-04T04:23:00.1939668Z ▶ scripts/tests/slow/task-tracker/lib/activity-guard.test.mjs ... ok (18.4s)
2026-10-04T04:23:00.1942504Z ▶ scripts/tests/slow/task-tracker/lib/agent-guard.test.mjs ... ok (711ms)
2026-10-04T04:23:00.1943884Z ▶ scripts/tests/slow/task-tracker/lib/agentic-help-runtime.test.mjs ... ok (180.0s)
2026-10-04T04:23:00.1945557Z ▶ scripts/tests/slow/task-tracker/lib/aitm-dispatcher.test.mjs ... ok (7.9s)
2026-10-04T04:23:00.1946910Z ▶ scripts/tests/slow/task-tracker/lib/body-write-roundtrip.test.mjs ... ok (55ms)
2026-10-04T04:23:00.1948338Z ▶ scripts/tests/slow/task-tracker/lib/chore-mode-activity-guard.test.mjs ... ok (557ms)
2026-10-04T04:23:00.1950070Z ▶ scripts/tests/slow/task-tracker/lib/cli.test.mjs ... ok (12.0s)
2026-10-04T04:23:00.1951674Z ▶ scripts/tests/slow/task-tracker/lib/commit-trail-handler.test.mjs ... ok (1.6s)
2026-10-04T04:23:00.1953213Z ▶ scripts/tests/slow/task-tracker/lib/config-completeness-invariant.test.mjs ... ok (329ms)
2026-10-04T04:23:00.1954752Z ▶ scripts/tests/slow/task-tracker/lib/coverage-close-gates.test.mjs ... ok (1.7s)
2026-10-04T04:23:00.1956238Z ▶ scripts/tests/slow/task-tracker/lib/coverage-hook-handler.test.mjs ... ok (4.8s)
2026-10-04T04:23:00.1957784Z ▶ scripts/tests/slow/task-tracker/lib/coverage-orchestrator-lock.test.mjs ... ok (990ms)
2026-10-04T04:23:00.1959205Z ▶ scripts/tests/slow/task-tracker/lib/create-issue.test.mjs ... ok (2.7s)
2026-10-04T04:23:00.1961843Z ▶ scripts/tests/slow/task-tracker/lib/demonstrable-ac-gate.test.mjs ... ok (89ms)
2026-10-04T04:23:00.1963480Z ▶ scripts/tests/slow/task-tracker/lib/dirty-review-promote-false-success.test.mjs ... ok (898ms)
2026-10-04T04:23:00.1965006Z ▶ scripts/tests/slow/task-tracker/lib/dirty-workspace-gate.test.mjs ... ok (4.8s)
2026-10-04T04:23:00.1966361Z ▶ scripts/tests/slow/task-tracker/lib/discover-autosave.test.mjs ... ok (109ms)
2026-10-04T04:23:00.1967642Z ▶ scripts/tests/slow/task-tracker/lib/draft-branch.test.mjs ... ok (352ms)
2026-10-04T04:23:00.1968934Z ▶ scripts/tests/slow/task-tracker/lib/ensure-wave-parent.test.mjs ... ok (4.8s)
2026-10-04T04:23:00.1970891Z ▶ scripts/tests/slow/task-tracker/lib/epic-children-review-lifecycle.test.mjs ... ok (259ms)
2026-10-04T04:23:00.1972752Z ▶ scripts/tests/slow/task-tracker/lib/epic-tree.test.mjs ... ok (819ms)
2026-10-04T04:23:00.1974369Z ▶ scripts/tests/slow/task-tracker/lib/evidence-v2/frozen-worktree-rehearsal.test.mjs ... ok (5.7s)
2026-10-04T04:23:00.1975989Z ▶ scripts/tests/slow/task-tracker/lib/gate-message-attribution.test.mjs ... ok (227ms)
2026-10-04T04:23:00.1977298Z ▶ scripts/tests/slow/task-tracker/lib/gates.test.mjs ... ok (4.6s)
2026-10-04T04:23:00.1978674Z ▶ scripts/tests/slow/task-tracker/lib/init-status-palette.test.mjs ... ok (5.5s)
2026-10-04T04:23:00.1980067Z ▶ scripts/tests/slow/task-tracker/lib/issue-authoring.test.mjs ... ok (2.7s)
2026-10-04T04:23:00.1981608Z ▶ scripts/tests/slow/task-tracker/lib/lifecycle.test.mjs ... ok (3.4s)
2026-10-04T04:23:00.1982826Z ▶ scripts/tests/slow/task-tracker/lib/log-issue-time.test.mjs ... ok (1.7s)
2026-10-04T04:23:00.1984200Z ▶ scripts/tests/slow/task-tracker/lib/move-state-approval-gate.test.mjs ... ok (7.5s)
2026-10-04T04:23:00.1985599Z ▶ scripts/tests/slow/task-tracker/lib/move-state-gate.test.mjs ... ok (5.4s)
2026-10-04T04:23:00.1986821Z ▶ scripts/tests/slow/task-tracker/lib/move-state.test.mjs ... ok (4.0s)
2026-10-04T04:23:00.1988274Z ▶ scripts/tests/slow/task-tracker/lib/move-state/board-field-readback.test.mjs ... ok (2.9s)
2026-10-04T04:23:00.1989922Z ▶ scripts/tests/slow/task-tracker/lib/proof-gate-reconciliation.test.mjs ... ok (653ms)
2026-10-04T04:23:00.1991369Z ▶ scripts/tests/slow/task-tracker/lib/ready-for-plan-live-migration.test.mjs ... ok (514ms)
2026-10-04T04:23:00.1992195Z ▶ scripts/tests/slow/task-tracker/lib/review-approval-prompt.test.mjs ... ok (19.8s)
2026-10-04T04:23:00.1992932Z ▶ scripts/tests/slow/task-tracker/lib/verb-preflight-wiring.test.mjs ... ok (3.4s)
2026-10-04T04:23:00.1993639Z ▶ scripts/tests/slow/task-tracker/lib/worktree-isolation.test.mjs ... ok (3.3s)
2026-10-04T04:23:00.1994366Z ▶ scripts/tests/slow/task-tracker/lib/worktree-seed-integration.test.mjs ... ok (942ms)
2026-10-04T04:23:00.1995393Z ▶ scripts/tests/slow/task-tracker/verbs/close-lifecycle-tick.test.mjs ... ok (209ms)
2026-10-04T04:23:00.1996094Z ▶ scripts/tests/slow/task-tracker/verbs/coverage-close.test.mjs ... ok (2.6s)
2026-10-04T04:23:00.1997168Z ▶ scripts/tests/slow/task-tracker/verbs/deadlock-regression.test.mjs ... ok (268ms)
2026-10-04T04:23:00.1998519Z ▶ scripts/tests/slow/task-tracker/verbs/promote-verb.test.mjs ... ok (971ms)
2026-10-04T04:23:00.1999732Z ▶ scripts/tests/slow/task-tracker/verbs/recovery-path-independence.test.mjs ... ok (406ms)
2026-10-04T04:23:00.2001899Z ▶ scripts/tests/slow/task-tracker/verbs/state-marker-single-writer.test.mjs ... ok (336ms)
2026-10-04T04:23:00.2002769Z ▶ scripts/tests/slow/task-tracker/verbs/verb-test-remove-worktree.test.mjs ... ok (286ms)
2026-10-04T04:23:00.2003605Z ▶ scripts/tests/slow/task-tracker/workflow-exception-lifecycle.test.mjs ... ok (112ms)
2026-10-04T04:23:00.2004061Z 
2026-10-04T04:23:00.2005313Z ▶ scheduling: 0 pure unit file(s) at pool concurrency 3 (peak 0); 0 direct-subprocess file(s) at pool concurrency 2 (peak 0); 1 explicit-safe slow file(s) at pool concurrency 2 (peak 1); 54 explicit-unsafe/integration/unmarked-slow file(s) serial
2026-10-04T04:23:00.2059762Z 
2026-10-04T04:23:00.2060892Z run-tests: lane 'slow' bounded sections: slow-parallel=180.0s/600s (1 files); serial=161.9s/600s (54 files); aggregate=341.9s
2026-10-04T04:23:00.2061627Z 
2026-10-04T04:23:00.2061976Z All 55 test files passed.
2026-10-04T04:23:00.2312513Z Post job cleanup.
2026-10-04T04:23:00.3543500Z (node:28710) [DEP0040] DeprecationWarning: The `punycode` module is deprecated. Please use a userland alternative instead.
2026-10-04T04:23:00.3545017Z (Use `node --trace-deprecation ...` to show where the warning was created)
2026-10-04T04:23:00.3547726Z Cache hit occurred on the primary key node-cache-Linux-x64-npm-bd03a24e4fb6ea9135263ddfda5f6f14aceea5c97773b78dfd4f842230cc9a5f, not saving cache.
2026-10-04T04:23:00.3709547Z Post job cleanup.
2026-10-04T04:23:00.4569159Z [command]/usr/bin/git version
2026-10-04T04:23:00.4615407Z git version 2.55.0
2026-10-04T04:23:00.4659622Z Temporarily overriding HOME='/home/runner/work/_temp/f41f8870-d9d6-4e23-add1-3fa629bb6b53' before making global git config changes
2026-10-04T04:23:00.4661254Z Adding repository directory to the temporary git global config as a safe directory
2026-10-04T04:23:00.4666442Z [command]/usr/bin/git config --global --add safe.directory /home/runner/work/ai-task-manager/ai-task-manager
2026-10-04T04:23:00.4709645Z [command]/usr/bin/git config --local --name-only --get-regexp core\.sshCommand
2026-10-04T04:23:00.4748995Z [command]/usr/bin/git submodule foreach --recursive sh -c "git config --local --name-only --get-regexp 'core\.sshCommand' && git config --local --unset-all 'core.sshCommand' || :"
2026-10-04T04:23:00.5021797Z [command]/usr/bin/git config --local --name-only --get-regexp http\.https\:\/\/github\.com\/\.extraheader
2026-10-04T04:23:00.5051445Z http.https://github.com/.extraheader
2026-10-04T04:23:00.5053328Z [command]/usr/bin/git config --local --unset-all http.https://github.com/.extraheader
2026-10-04T04:23:00.5084891Z [command]/usr/bin/git submodule foreach --recursive sh -c "git config --local --name-only --get-regexp 'http\.https\:\/\/github\.com\/\.extraheader' && git config --local --unset-all 'http.https://github.com/.extraheader' || :"
2026-10-04T04:23:00.5421303Z [command]/usr/bin/git config --local --name-only --get-regexp ^includeIf\.gitdir:
2026-10-04T04:23:00.5473943Z [command]/usr/bin/git submodule foreach --recursive git config --local --show-origin --name-only --get-regexp remote.origin.url
2026-10-04T04:23:00.5987155Z Cleaning up orphan processes
