✔ layout audit rejects a discovered test outside the canonical lane tree (181.479792ms)
✔ layout audit rejects a test placed directly in a canonical lane root (163.545375ms)
✔ line-cap audit still examines a misplaced test discovered outside the canonical tree (161.432042ms)
✔ a hidden support-subtree test cannot evade discovery, the runner, or any audit (171.149625ms)
✔ feature-oriented files keep semantic ownership after their lane correction (1.585917ms)
✔ current test-tree baseline is well formed (1.208458ms)
✔ AC3/AC4: every current baseline test remains live in its recorded lane (0.323792ms)
✔ AC1: no *.test.mjs file remains directly in a lane root (0.27625ms)
✔ AC2: every lane subdirectory has an explicit subsystem or integration owner (4.512708ms)
✔ AC4: the three lanes are a disjoint partition whose union is the whole discovery set (11.335167ms)
✔ empty main and linked activation support real ordinary batches with exact control identities (2327.139167ms)
✔ completed empty retry refuses an unfinished ordinary batch without rewriting any member (1150.349167ms)
✔ completed empty retry preserves ordinary writes and separately initialized new linked roots (1983.682667ms)
✔ empty planning refuses unknown despite complete with typed blockers and no writes (86.496709ms)
✔ empty planning refuses missing unknown census with typed blockers and no writes (112.9395ms)
✔ empty planning refuses partial self claim with typed blockers and no writes (92.117125ms)
✔ empty planning refuses foreign host writer with typed blockers and no writes (99.142792ms)
✔ empty planning refuses unknown writer shape with typed blockers and no writes (119.135209ms)
✔ empty planning refuses uncooperative old writer with typed blockers and no writes (108.96875ms)
✔ completed empty retry preserves a real migration successor generation (1873.757541ms)
✔ competing empty applies admit one exclusive publisher and retain its exact coordinator (1023.202ms)
