docs/reviews/1857-remaining-work/1861-empty-runtime-evidence/01-task2-recovery/recorded-eperm-01.json 307ms
docs/reviews/1857-remaining-work/1861-empty-runtime-evidence/01-task2-recovery/recorded-eperm-02.json 166ms
docs/reviews/1857-remaining-work/1861-empty-runtime-evidence/01-task2-recovery/recorded-eperm-03.json 69ms
docs/reviews/1857-remaining-work/1861-empty-runtime-evidence/01-task2-recovery/recorded-eperm-04.json 3ms
docs/reviews/1857-remaining-work/1861-empty-runtime-evidence/01-task2-recovery/other-failures-01.json 8ms
docs/reviews/1857-remaining-work/1861-empty-runtime-evidence/02-linked-first/recorded-eperm-01.json 38ms
docs/reviews/1857-remaining-work/1861-empty-runtime-evidence/02-linked-first/recorded-eperm-02.json 66ms
docs/reviews/1857-remaining-work/1861-empty-runtime-evidence/02-linked-first/recorded-eperm-03.json 15ms
docs/reviews/1857-remaining-work/1861-empty-runtime-evidence/02-linked-first/recorded-eperm-04.json 2ms
docs/reviews/1857-remaining-work/1861-empty-runtime-evidence/02-linked-first/other-failures-01.json 10ms
docs/reviews/1857-remaining-work/1861-empty-runtime-evidence/03-linked-status-first/recorded-eperm-01.json 16ms
docs/reviews/1857-remaining-work/1861-empty-runtime-evidence/03-linked-status-first/recorded-eperm-02.json 12ms
docs/reviews/1857-remaining-work/1861-empty-runtime-evidence/03-linked-status-first/recorded-eperm-03.json 16ms
docs/reviews/1857-remaining-work/1861-empty-runtime-evidence/03-linked-status-first/recorded-eperm-04.json 2ms
docs/reviews/1857-remaining-work/1861-empty-runtime-evidence/03-linked-status-first/other-failures-01.json 5ms
docs/reviews/1857-remaining-work/1861-empty-runtime-evidence/04-bootstrap-first/recorded-eperm-01.json 12ms
docs/reviews/1857-remaining-work/1861-empty-runtime-evidence/04-bootstrap-first/recorded-eperm-02.json 13ms
docs/reviews/1857-remaining-work/1861-empty-runtime-evidence/04-bootstrap-first/other-failures-01.json 2ms
docs/reviews/1857-remaining-work/1861-empty-runtime-evidence/05-bootstrap-next/recorded-eperm-01.json 11ms
docs/reviews/1857-remaining-work/1861-empty-runtime-evidence/05-bootstrap-next/recorded-eperm-02.json 8ms
docs/reviews/1857-remaining-work/1861-empty-runtime-evidence/05-bootstrap-next/other-failures-01.json 2ms
docs/reviews/1857-remaining-work/1861-empty-runtime-evidence/06-compatibility-red/other-failures-01.json 1ms (unchanged)
docs/reviews/1857-remaining-work/1861-empty-runtime-evidence/07-compatibility-retry-red/other-failures-01.json 0ms (unchanged)
docs/reviews/1857-remaining-work/1861-empty-runtime-evidence/09-compatibility-successor-red/other-failures-01.json 0ms (unchanged)
docs/reviews/1857-remaining-work/1861-empty-runtime-evidence/12-null-control-red/other-failures-01.json 0ms (unchanged)
docs/reviews/1857-remaining-work/1861-empty-runtime-evidence/13-task5-first/recorded-eperm-01.json 10ms
docs/reviews/1857-remaining-work/1861-empty-runtime-evidence/13-task5-first/recorded-eperm-02.json 9ms
docs/reviews/1857-remaining-work/1861-empty-runtime-evidence/13-task5-first/recorded-eperm-03.json 8ms
docs/reviews/1857-remaining-work/1861-empty-runtime-evidence/13-task5-first/recorded-eperm-04.json 1ms
docs/reviews/1857-remaining-work/1861-empty-runtime-evidence/13-task5-first/other-failures-01.json 5ms
docs/reviews/1857-remaining-work/1861-empty-runtime-evidence/14-final-cases/other-failures-01.json 0ms (unchanged)
docs/reviews/1857-remaining-work/1861-empty-runtime-evidence/15-final-cases-observed/other-failures-01.json 1ms (unchanged)
docs/reviews/1857-remaining-work/1861-empty-runtime-evidence/supplemental/01-linked-history-first.json 0ms (unchanged)
docs/reviews/1857-remaining-work/1861-empty-runtime-evidence/supplemental/02-linked-status-red.json 0ms (unchanged)
docs/reviews/1857-remaining-work/1861-empty-runtime-evidence/supplemental/03-admission-table.json 0ms (unchanged)
docs/reviews/1857-remaining-work/1861-empty-runtime-evidence/supplemental/04-admission-table-fixed.json 0ms (unchanged)
docs/reviews/1857-remaining-work/1861-empty-runtime-evidence/supplemental/05-concurrency-incomplete.json 1ms (unchanged)
docs/reviews/1857-remaining-work/1861-empty-runtime-evidence/supplemental/06-genuine-host-refusal.json 0ms (unchanged)
docs/reviews/1857-remaining-work/1861-empty-runtime-evidence/supplemental/07-cloud-ad03-red.json 0ms (unchanged)
docs/reviews/1857-remaining-work/2026-10-03-1861-empty-runtime-task2-local-tia-findings.json 4ms
docs/reviews/1857-remaining-work/1861-empty-runtime-evidence/README.md 34ms (unchanged)
docs/reviews/1857-remaining-work/2026-10-03-1861-empty-runtime-execution.md 16ms (unchanged)
