✔ layout audit rejects a discovered test outside the canonical lane tree (228.444ms)
✔ layout audit rejects a test placed directly in a canonical lane root (120.211ms)
✔ line-cap audit still examines a misplaced test discovered outside the canonical tree (152.255333ms)
✔ a hidden support-subtree test cannot evade discovery, the runner, or any audit (236.698458ms)
✔ feature-oriented files keep semantic ownership after their lane correction (1.612916ms)
✔ current test-tree baseline is well formed (1.378459ms)
✔ AC3/AC4: every current baseline test remains live in its recorded lane (0.617833ms)
✔ AC1: no *.test.mjs file remains directly in a lane root (0.68125ms)
✔ AC2: every lane subdirectory has an explicit subsystem or integration owner (5.610709ms)
✔ AC4: the three lanes are a disjoint partition whose union is the whole discovery set (11.25625ms)
✔ physical pristine-main empty bootstrap refuses absent native identity without writes (566.560542ms)
✔ closed initialize-resume grammar accepts both exact v2 and historical v1 forms (0.682334ms)
✔ registered initialization union publishes and exposes exact main empty proof (1809.270208ms)
✔ registered initialization union publishes and exposes exact linked-v2 proof (3441.664459ms)
✔ registered empty apply refuses foreign roots and aliased plan artifacts before writes (195.904542ms)
✔ bootstrap status rejects mutation arguments and nonexistent operation preserves pristine bytes (221.963292ms)
✔ public bootstrap initialization examples classify through the actual registered grammar (57.267125ms)
ℹ tests 17
ℹ suites 0
ℹ pass 17
ℹ fail 0
ℹ cancelled 0
ℹ skipped 0
ℹ todo 0
ℹ duration_ms 6410.849125
