✔ layout audit rejects a discovered test outside the canonical lane tree (331.701167ms)
✔ layout audit rejects a test placed directly in a canonical lane root (129.559958ms)
✔ line-cap audit still examines a misplaced test discovered outside the canonical tree (141.536625ms)
✔ a hidden support-subtree test cannot evade discovery, the runner, or any audit (197.806167ms)
✔ feature-oriented files keep semantic ownership after their lane correction (1.451042ms)
✔ current test-tree baseline is well formed (1.238459ms)
✔ AC3/AC4: every current baseline test remains live in its recorded lane (0.328ms)
✔ AC1: no *.test.mjs file remains directly in a lane root (0.330917ms)
✔ AC2: every lane subdirectory has an explicit subsystem or integration owner (4.65125ms)
✔ AC4: the three lanes are a disjoint partition whose union is the whole discovery set (15.662666ms)
✔ batched cwd observations keep missing and duplicate process evidence unavailable (29.3355ms)
✔ process observation preserves executable paths containing spaces without parsing argv as executable identity (0.641792ms)
✔ process census separates actual current/registered router ancestry from uncooperative or unknown writers (0.6495ms)
✔ process census observes an unleased writer with label node (0.198333ms)
✔ process census observes an unleased writer with label node-MainThread (0.109959ms)
ℹ tests 15
ℹ suites 0
ℹ pass 15
ℹ fail 0
ℹ cancelled 0
ℹ skipped 0
ℹ todo 0
ℹ duration_ms 951.321167
