✔ layout audit rejects a discovered test outside the canonical lane tree (219.009666ms)
✔ layout audit rejects a test placed directly in a canonical lane root (96.224416ms)
✔ line-cap audit still examines a misplaced test discovered outside the canonical tree (91.476584ms)
✔ a hidden support-subtree test cannot evade discovery, the runner, or any audit (183.473833ms)
✔ feature-oriented files keep semantic ownership after their lane correction (2.569583ms)
✔ current test-tree baseline is well formed (1.435792ms)
✔ AC3/AC4: every current baseline test remains live in its recorded lane (0.393209ms)
✔ AC1: no *.test.mjs file remains directly in a lane root (0.308625ms)
✔ AC2: every lane subdirectory has an explicit subsystem or integration owner (4.623042ms)
✔ AC4: the three lanes are a disjoint partition whose union is the whole discovery set (12.469917ms)
✔ a promise returned through the synchronous record wrapper retains real lease and coordinator evidence (1153.286459ms)
✔ nested synchronous Promise raw-discarded retains both protections until exact dead recovery (1606.075458ms)
✔ nested synchronous Promise record-discarded retains both protections until exact dead recovery (1479.581166ms)
✔ nested synchronous Promise record-propagated retains both protections until exact dead recovery (1703.534625ms)
✔ nested synchronous Promise record-caught retains both protections until exact dead recovery (2858.485916ms)
ℹ tests 15
ℹ suites 0
ℹ pass 15
ℹ fail 0
ℹ cancelled 0
ℹ skipped 0
ℹ todo 0
ℹ duration_ms 8888.174792
