✔ layout audit rejects a discovered test outside the canonical lane tree (284.452125ms)
✔ layout audit rejects a test placed directly in a canonical lane root (116.036875ms)
✔ line-cap audit still examines a misplaced test discovered outside the canonical tree (158.793541ms)
✔ a hidden support-subtree test cannot evade discovery, the runner, or any audit (320.850833ms)
✔ feature-oriented files keep semantic ownership after their lane correction (3.912458ms)
✔ current test-tree baseline is well formed (2.657834ms)
✔ AC3/AC4: every current baseline test remains live in its recorded lane (1.692584ms)
✔ AC1: no *.test.mjs file remains directly in a lane root (0.356291ms)
✔ AC2: every lane subdirectory has an explicit subsystem or integration owner (9.544291ms)
✔ AC4: the three lanes are a disjoint partition whose union is the whole discovery set (14.711875ms)
✔ migration-v1 original root recreation with unchanged runtime bytes refuses ordinary reads (1906.828875ms)
✔ migration-v1 killed linked resumer after active control fences ordinary reads until recovery finishes (1653.348625ms)
ℹ tests 12
ℹ suites 0
ℹ pass 12
ℹ fail 0
ℹ cancelled 0
ℹ skipped 0
ℹ todo 0
ℹ duration_ms 3641.559084
