Slow lane (slow tests only)	Set up job	﻿2026-10-03T17:27:13.2873970Z Current runner version: '2.337.0'
Slow lane (slow tests only)	Set up job	2026-10-03T17:27:13.2899127Z ##[group]Runner Image Provisioner
Slow lane (slow tests only)	Set up job	2026-10-03T17:27:13.2900006Z Hosted Compute Agent
Slow lane (slow tests only)	Set up job	2026-10-03T17:27:13.2900709Z Version: 20260901.588
Slow lane (slow tests only)	Set up job	2026-10-03T17:27:13.2901416Z Commit: f88ec8081b781fac6c440065ac7ff9e710ce3d0b
Slow lane (slow tests only)	Set up job	2026-10-03T17:27:13.2902168Z Build Date: 2026-09-01T19:56:44Z
Slow lane (slow tests only)	Set up job	2026-10-03T17:27:13.2902959Z Worker ID: {90d4cc14-98d8-4ca8-8924-ed2e70358ad6}
Slow lane (slow tests only)	Set up job	2026-10-03T17:27:13.2903690Z Azure Region: westus
Slow lane (slow tests only)	Set up job	2026-10-03T17:27:13.2904247Z ##[endgroup]
Slow lane (slow tests only)	Set up job	2026-10-03T17:27:13.2906122Z ##[group]Operating System
Slow lane (slow tests only)	Set up job	2026-10-03T17:27:13.2906804Z Ubuntu
Slow lane (slow tests only)	Set up job	2026-10-03T17:27:13.2907795Z 24.04.5
Slow lane (slow tests only)	Set up job	2026-10-03T17:27:13.2908352Z LTS
Slow lane (slow tests only)	Set up job	2026-10-03T17:27:13.2908854Z ##[endgroup]
Slow lane (slow tests only)	Set up job	2026-10-03T17:27:13.2909493Z ##[group]Runner Image
Slow lane (slow tests only)	Set up job	2026-10-03T17:27:13.2910107Z Image: ubuntu-24.04
Slow lane (slow tests only)	Set up job	2026-10-03T17:27:13.2910764Z Version: 20260927.320.1
Slow lane (slow tests only)	Set up job	2026-10-03T17:27:13.2911836Z Included Software: https://github.com/actions/runner-images/blob/ubuntu24/20260927.320/images/ubuntu/Ubuntu2404-Readme.md
Slow lane (slow tests only)	Set up job	2026-10-03T17:27:13.2913651Z Image Release: https://github.com/actions/runner-images/releases/tag/ubuntu24%2F20260927.320
Slow lane (slow tests only)	Set up job	2026-10-03T17:27:13.2914619Z ##[endgroup]
Slow lane (slow tests only)	Set up job	2026-10-03T17:27:13.2915797Z ##[group]GITHUB_TOKEN Permissions
Slow lane (slow tests only)	Set up job	2026-10-03T17:27:13.2917887Z Contents: read
Slow lane (slow tests only)	Set up job	2026-10-03T17:27:13.2918588Z Metadata: read
Slow lane (slow tests only)	Set up job	2026-10-03T17:27:13.2919186Z ##[endgroup]
Slow lane (slow tests only)	Set up job	2026-10-03T17:27:13.2921240Z Secret source: Actions
Slow lane (slow tests only)	Set up job	2026-10-03T17:27:13.2922303Z Cache mode: write
Slow lane (slow tests only)	Set up job	2026-10-03T17:27:13.2922987Z Prepare workflow directory
Slow lane (slow tests only)	Set up job	2026-10-03T17:27:13.3373226Z Prepare all required actions
Slow lane (slow tests only)	Set up job	2026-10-03T17:27:13.3422080Z Getting action download info
Slow lane (slow tests only)	Set up job	2026-10-03T17:27:13.6801249Z Download action repository 'actions/checkout@v5' (SHA:fbc6f3992d24b796d5a048ff273f7fcc4a7b6c09)
Slow lane (slow tests only)	Set up job	2026-10-03T17:27:13.7925473Z Download action repository 'actions/setup-node@v5' (SHA:a0853c24544627f65ddf259abe73b1d18a591444)
Slow lane (slow tests only)	Set up job	2026-10-03T17:27:14.0256089Z Complete job name: Slow lane (slow tests only)
Slow lane (slow tests only)	Run actions/checkout@v5	﻿2026-10-03T17:27:14.1025638Z ##[group]Run actions/checkout@v5
Slow lane (slow tests only)	Run actions/checkout@v5	2026-10-03T17:27:14.1026562Z with:
Slow lane (slow tests only)	Run actions/checkout@v5	2026-10-03T17:27:14.1027271Z   repository: kburson/ai-task-manager
Slow lane (slow tests only)	Run actions/checkout@v5	2026-10-03T17:27:14.1031336Z   token: ***
Slow lane (slow tests only)	Run actions/checkout@v5	2026-10-03T17:27:14.1031791Z   ssh-strict: true
Slow lane (slow tests only)	Run actions/checkout@v5	2026-10-03T17:27:14.1032256Z   ssh-user: git
Slow lane (slow tests only)	Run actions/checkout@v5	2026-10-03T17:27:14.1032715Z   persist-credentials: true
Slow lane (slow tests only)	Run actions/checkout@v5	2026-10-03T17:27:14.1033216Z   clean: true
Slow lane (slow tests only)	Run actions/checkout@v5	2026-10-03T17:27:14.1033675Z   sparse-checkout-cone-mode: true
Slow lane (slow tests only)	Run actions/checkout@v5	2026-10-03T17:27:14.1034207Z   fetch-depth: 1
Slow lane (slow tests only)	Run actions/checkout@v5	2026-10-03T17:27:14.1034651Z   fetch-tags: false
Slow lane (slow tests only)	Run actions/checkout@v5	2026-10-03T17:27:14.1035106Z   show-progress: true
Slow lane (slow tests only)	Run actions/checkout@v5	2026-10-03T17:27:14.1035577Z   lfs: false
Slow lane (slow tests only)	Run actions/checkout@v5	2026-10-03T17:27:14.1036018Z   submodules: false
Slow lane (slow tests only)	Run actions/checkout@v5	2026-10-03T17:27:14.1036485Z   set-safe-directory: true
Slow lane (slow tests only)	Run actions/checkout@v5	2026-10-03T17:27:14.1037135Z   allow-unsafe-pr-checkout: false
Slow lane (slow tests only)	Run actions/checkout@v5	2026-10-03T17:27:14.1037928Z env:
Slow lane (slow tests only)	Run actions/checkout@v5	2026-10-03T17:27:14.1038387Z   GIT_AUTHOR_NAME: kendrick burson
Slow lane (slow tests only)	Run actions/checkout@v5	2026-10-03T17:27:14.1038953Z   GIT_AUTHOR_EMAIL: kpburson@pm.me
Slow lane (slow tests only)	Run actions/checkout@v5	2026-10-03T17:27:14.1039515Z   GIT_COMMITTER_NAME: kendrick burson
Slow lane (slow tests only)	Run actions/checkout@v5	2026-10-03T17:27:14.1040131Z   GIT_COMMITTER_EMAIL: kpburson@pm.me
Slow lane (slow tests only)	Run actions/checkout@v5	2026-10-03T17:27:14.1040688Z ##[endgroup]
Slow lane (slow tests only)	Run actions/checkout@v5	2026-10-03T17:27:14.2041305Z Syncing repository: kburson/ai-task-manager
Slow lane (slow tests only)	Run actions/checkout@v5	2026-10-03T17:27:14.2043320Z ##[group]Getting Git version info
Slow lane (slow tests only)	Run actions/checkout@v5	2026-10-03T17:27:14.2044546Z Working directory is '/home/runner/work/ai-task-manager/ai-task-manager'
Slow lane (slow tests only)	Run actions/checkout@v5	2026-10-03T17:27:14.2046462Z [command]/usr/bin/git version
Slow lane (slow tests only)	Run actions/checkout@v5	2026-10-03T17:27:14.2122188Z git version 2.55.0
Slow lane (slow tests only)	Run actions/checkout@v5	2026-10-03T17:27:14.2147640Z ##[endgroup]
Slow lane (slow tests only)	Run actions/checkout@v5	2026-10-03T17:27:14.2172431Z Temporarily overriding HOME='/home/runner/work/_temp/955e6ef0-2e31-43a6-ae8c-b1ddae187934' before making global git config changes
Slow lane (slow tests only)	Run actions/checkout@v5	2026-10-03T17:27:14.2179443Z Adding repository directory to the temporary git global config as a safe directory
Slow lane (slow tests only)	Run actions/checkout@v5	2026-10-03T17:27:14.2181570Z [command]/usr/bin/git config --global --add safe.directory /home/runner/work/ai-task-manager/ai-task-manager
Slow lane (slow tests only)	Run actions/checkout@v5	2026-10-03T17:27:14.2232678Z Deleting the contents of '/home/runner/work/ai-task-manager/ai-task-manager'
Slow lane (slow tests only)	Run actions/checkout@v5	2026-10-03T17:27:14.2236639Z ##[group]Initializing the repository
Slow lane (slow tests only)	Run actions/checkout@v5	2026-10-03T17:27:14.2242534Z [command]/usr/bin/git init /home/runner/work/ai-task-manager/ai-task-manager
Slow lane (slow tests only)	Run actions/checkout@v5	2026-10-03T17:27:14.2352174Z hint: Using 'master' as the name for the initial branch. This default branch name
Slow lane (slow tests only)	Run actions/checkout@v5	2026-10-03T17:27:14.2353717Z hint: will change to "main" in Git 3.0. To configure the initial branch name
Slow lane (slow tests only)	Run actions/checkout@v5	2026-10-03T17:27:14.2355330Z hint: to use in all of your new repositories, which will suppress this warning,
Slow lane (slow tests only)	Run actions/checkout@v5	2026-10-03T17:27:14.2356554Z hint: call:
Slow lane (slow tests only)	Run actions/checkout@v5	2026-10-03T17:27:14.2357867Z hint:
Slow lane (slow tests only)	Run actions/checkout@v5	2026-10-03T17:27:14.2359268Z hint: 	git config --global init.defaultBranch <name>
Slow lane (slow tests only)	Run actions/checkout@v5	2026-10-03T17:27:14.2360848Z hint:
Slow lane (slow tests only)	Run actions/checkout@v5	2026-10-03T17:27:14.2362397Z hint: Names commonly chosen instead of 'master' are 'main', 'trunk' and
Slow lane (slow tests only)	Run actions/checkout@v5	2026-10-03T17:27:14.2364502Z hint: 'development'. The just-created branch can be renamed via this command:
Slow lane (slow tests only)	Run actions/checkout@v5	2026-10-03T17:27:14.2366132Z hint:
Slow lane (slow tests only)	Run actions/checkout@v5	2026-10-03T17:27:14.2367490Z hint: 	git branch -m <name>
Slow lane (slow tests only)	Run actions/checkout@v5	2026-10-03T17:27:14.2369078Z hint:
Slow lane (slow tests only)	Run actions/checkout@v5	2026-10-03T17:27:14.2370706Z hint: Disable this message with "git config set advice.defaultBranchName false"
Slow lane (slow tests only)	Run actions/checkout@v5	2026-10-03T17:27:14.2373010Z Initialized empty Git repository in /home/runner/work/ai-task-manager/ai-task-manager/.git/
Slow lane (slow tests only)	Run actions/checkout@v5	2026-10-03T17:27:14.2376930Z [command]/usr/bin/git remote add origin https://github.com/kburson/ai-task-manager
Slow lane (slow tests only)	Run actions/checkout@v5	2026-10-03T17:27:14.2424064Z ##[endgroup]
Slow lane (slow tests only)	Run actions/checkout@v5	2026-10-03T17:27:14.2425326Z ##[group]Disabling automatic garbage collection
Slow lane (slow tests only)	Run actions/checkout@v5	2026-10-03T17:27:14.2429255Z [command]/usr/bin/git config --local gc.auto 0
Slow lane (slow tests only)	Run actions/checkout@v5	2026-10-03T17:27:14.2461966Z ##[endgroup]
Slow lane (slow tests only)	Run actions/checkout@v5	2026-10-03T17:27:14.2463584Z ##[group]Setting up auth
Slow lane (slow tests only)	Run actions/checkout@v5	2026-10-03T17:27:14.2470775Z [command]/usr/bin/git config --local --name-only --get-regexp core\.sshCommand
Slow lane (slow tests only)	Run actions/checkout@v5	2026-10-03T17:27:14.2505914Z [command]/usr/bin/git submodule foreach --recursive sh -c "git config --local --name-only --get-regexp 'core\.sshCommand' && git config --local --unset-all 'core.sshCommand' || :"
Slow lane (slow tests only)	Run actions/checkout@v5	2026-10-03T17:27:14.2893803Z [command]/usr/bin/git config --local --name-only --get-regexp http\.https\:\/\/github\.com\/\.extraheader
Slow lane (slow tests only)	Run actions/checkout@v5	2026-10-03T17:27:14.2949212Z [command]/usr/bin/git submodule foreach --recursive sh -c "git config --local --name-only --get-regexp 'http\.https\:\/\/github\.com\/\.extraheader' && git config --local --unset-all 'http.https://github.com/.extraheader' || :"
Slow lane (slow tests only)	Run actions/checkout@v5	2026-10-03T17:27:14.3180740Z [command]/usr/bin/git config --local --name-only --get-regexp ^includeIf\.gitdir:
Slow lane (slow tests only)	Run actions/checkout@v5	2026-10-03T17:27:14.3217618Z [command]/usr/bin/git submodule foreach --recursive git config --local --show-origin --name-only --get-regexp remote.origin.url
Slow lane (slow tests only)	Run actions/checkout@v5	2026-10-03T17:27:14.3451023Z [command]/usr/bin/git config --local http.https://github.com/.extraheader AUTHORIZATION: basic ***
Slow lane (slow tests only)	Run actions/checkout@v5	2026-10-03T17:27:14.3498087Z ##[endgroup]
Slow lane (slow tests only)	Run actions/checkout@v5	2026-10-03T17:27:14.3499098Z ##[group]Fetching the repository
Slow lane (slow tests only)	Run actions/checkout@v5	2026-10-03T17:27:14.3514097Z [command]/usr/bin/git -c protocol.version=2 fetch --no-tags --prune --no-recurse-submodules --depth=1 origin +7122af564bfddee9225700728ab2434cd4b19c5f:refs/remotes/pull/1871/merge
Slow lane (slow tests only)	Run actions/checkout@v5	2026-10-03T17:27:16.0881500Z From https://github.com/kburson/ai-task-manager
Slow lane (slow tests only)	Run actions/checkout@v5	2026-10-03T17:27:16.0883524Z  * [new ref]         7122af564bfddee9225700728ab2434cd4b19c5f -> pull/1871/merge
Slow lane (slow tests only)	Run actions/checkout@v5	2026-10-03T17:27:16.0888007Z ##[endgroup]
Slow lane (slow tests only)	Run actions/checkout@v5	2026-10-03T17:27:16.0889692Z ##[group]Determining the checkout info
Slow lane (slow tests only)	Run actions/checkout@v5	2026-10-03T17:27:16.0891187Z ##[endgroup]
Slow lane (slow tests only)	Run actions/checkout@v5	2026-10-03T17:27:16.0894973Z [command]/usr/bin/git sparse-checkout disable
Slow lane (slow tests only)	Run actions/checkout@v5	2026-10-03T17:27:16.0946958Z [command]/usr/bin/git config --local --unset-all extensions.worktreeConfig
Slow lane (slow tests only)	Run actions/checkout@v5	2026-10-03T17:27:16.0989654Z ##[group]Checking out the ref
Slow lane (slow tests only)	Run actions/checkout@v5	2026-10-03T17:27:16.0992884Z [command]/usr/bin/git checkout --progress --force refs/remotes/pull/1871/merge
Slow lane (slow tests only)	Run actions/checkout@v5	2026-10-03T17:27:16.4014993Z Note: switching to 'refs/remotes/pull/1871/merge'.
Slow lane (slow tests only)	Run actions/checkout@v5	2026-10-03T17:27:16.4016145Z 
Slow lane (slow tests only)	Run actions/checkout@v5	2026-10-03T17:27:16.4016791Z You are in 'detached HEAD' state. You can look around, make experimental
Slow lane (slow tests only)	Run actions/checkout@v5	2026-10-03T17:27:16.4018582Z changes and commit them, and you can discard any commits you make in this
Slow lane (slow tests only)	Run actions/checkout@v5	2026-10-03T17:27:16.4020051Z state without impacting any branches by switching back to a branch.
Slow lane (slow tests only)	Run actions/checkout@v5	2026-10-03T17:27:16.4021162Z 
Slow lane (slow tests only)	Run actions/checkout@v5	2026-10-03T17:27:16.4021686Z If you want to create a new branch to retain commits you create, you may
Slow lane (slow tests only)	Run actions/checkout@v5	2026-10-03T17:27:16.4022815Z do so (now or later) by using -c with the switch command. Example:
Slow lane (slow tests only)	Run actions/checkout@v5	2026-10-03T17:27:16.4023473Z 
Slow lane (slow tests only)	Run actions/checkout@v5	2026-10-03T17:27:16.4023794Z   git switch -c <new-branch-name>
Slow lane (slow tests only)	Run actions/checkout@v5	2026-10-03T17:27:16.4024195Z 
Slow lane (slow tests only)	Run actions/checkout@v5	2026-10-03T17:27:16.4024477Z Or undo this operation with:
Slow lane (slow tests only)	Run actions/checkout@v5	2026-10-03T17:27:16.4024875Z 
Slow lane (slow tests only)	Run actions/checkout@v5	2026-10-03T17:27:16.4025123Z   git switch -
Slow lane (slow tests only)	Run actions/checkout@v5	2026-10-03T17:27:16.4025456Z 
Slow lane (slow tests only)	Run actions/checkout@v5	2026-10-03T17:27:16.4026010Z Turn off this advice by setting config variable advice.detachedHead to false
Slow lane (slow tests only)	Run actions/checkout@v5	2026-10-03T17:27:16.4026799Z 
Slow lane (slow tests only)	Run actions/checkout@v5	2026-10-03T17:27:16.4027894Z HEAD is now at 7122af5 Merge ea29cacc8d1bfe9aa4774bdb5cd7c03b06520091 into 171c7d93866f67b58effa635be5ae737f54ef9eb
Slow lane (slow tests only)	Run actions/checkout@v5	2026-10-03T17:27:16.4036288Z ##[endgroup]
Slow lane (slow tests only)	Run actions/checkout@v5	2026-10-03T17:27:16.4084269Z [command]/usr/bin/git log -1 --format=%H
Slow lane (slow tests only)	Run actions/checkout@v5	2026-10-03T17:27:16.4111418Z 7122af564bfddee9225700728ab2434cd4b19c5f
Slow lane (slow tests only)	Materialize local trunk ref for real-git tests (#745)	﻿2026-10-03T17:27:16.4348826Z ##[group]Run git fetch --no-tags origin trunk:trunk
Slow lane (slow tests only)	Materialize local trunk ref for real-git tests (#745)	2026-10-03T17:27:16.4349389Z ^[[36;1mgit fetch --no-tags origin trunk:trunk^[[0m
Slow lane (slow tests only)	Materialize local trunk ref for real-git tests (#745)	2026-10-03T17:27:16.4606543Z shell: /usr/bin/bash -e {0}
Slow lane (slow tests only)	Materialize local trunk ref for real-git tests (#745)	2026-10-03T17:27:16.4607222Z env:
Slow lane (slow tests only)	Materialize local trunk ref for real-git tests (#745)	2026-10-03T17:27:16.4607542Z   GIT_AUTHOR_NAME: kendrick burson
Slow lane (slow tests only)	Materialize local trunk ref for real-git tests (#745)	2026-10-03T17:27:16.4607947Z   GIT_AUTHOR_EMAIL: kpburson@pm.me
Slow lane (slow tests only)	Materialize local trunk ref for real-git tests (#745)	2026-10-03T17:27:16.4608368Z   GIT_COMMITTER_NAME: kendrick burson
Slow lane (slow tests only)	Materialize local trunk ref for real-git tests (#745)	2026-10-03T17:27:16.4608807Z   GIT_COMMITTER_EMAIL: kpburson@pm.me
Slow lane (slow tests only)	Materialize local trunk ref for real-git tests (#745)	2026-10-03T17:27:16.4609192Z ##[endgroup]
Slow lane (slow tests only)	Materialize local trunk ref for real-git tests (#745)	2026-10-03T17:27:19.4593500Z From https://github.com/kburson/ai-task-manager
Slow lane (slow tests only)	Materialize local trunk ref for real-git tests (#745)	2026-10-03T17:27:19.4594229Z  * [new branch]        trunk      -> trunk
Slow lane (slow tests only)	Materialize local trunk ref for real-git tests (#745)	2026-10-03T17:27:19.4594741Z  * [new branch]        trunk      -> origin/trunk
Slow lane (slow tests only)	Run actions/setup-node@v5	﻿2026-10-03T17:27:19.4691962Z ##[group]Run actions/setup-node@v5
Slow lane (slow tests only)	Run actions/setup-node@v5	2026-10-03T17:27:19.4692284Z with:
Slow lane (slow tests only)	Run actions/setup-node@v5	2026-10-03T17:27:19.4692487Z   node-version: 24
Slow lane (slow tests only)	Run actions/setup-node@v5	2026-10-03T17:27:19.4692696Z   cache: npm
Slow lane (slow tests only)	Run actions/setup-node@v5	2026-10-03T17:27:19.4692898Z   always-auth: false
Slow lane (slow tests only)	Run actions/setup-node@v5	2026-10-03T17:27:19.4693114Z   check-latest: false
Slow lane (slow tests only)	Run actions/setup-node@v5	2026-10-03T17:27:19.4695793Z   token: ***
Slow lane (slow tests only)	Run actions/setup-node@v5	2026-10-03T17:27:19.4696018Z   package-manager-cache: true
Slow lane (slow tests only)	Run actions/setup-node@v5	2026-10-03T17:27:19.4696275Z env:
Slow lane (slow tests only)	Run actions/setup-node@v5	2026-10-03T17:27:19.4696474Z   GIT_AUTHOR_NAME: kendrick burson
Slow lane (slow tests only)	Run actions/setup-node@v5	2026-10-03T17:27:19.4696741Z   GIT_AUTHOR_EMAIL: kpburson@pm.me
Slow lane (slow tests only)	Run actions/setup-node@v5	2026-10-03T17:27:19.4697277Z   GIT_COMMITTER_NAME: kendrick burson
Slow lane (slow tests only)	Run actions/setup-node@v5	2026-10-03T17:27:19.4697663Z   GIT_COMMITTER_EMAIL: kpburson@pm.me
Slow lane (slow tests only)	Run actions/setup-node@v5	2026-10-03T17:27:19.4697939Z ##[endgroup]
Slow lane (slow tests only)	Run actions/setup-node@v5	2026-10-03T17:27:19.6152381Z Found in cache @ /opt/hostedtoolcache/node/24.21.0/x64
Slow lane (slow tests only)	Run actions/setup-node@v5	2026-10-03T17:27:19.6155400Z (node:2311) [DEP0040] DeprecationWarning: The `punycode` module is deprecated. Please use a userland alternative instead.
Slow lane (slow tests only)	Run actions/setup-node@v5	2026-10-03T17:27:19.6156176Z (Use `node --trace-deprecation ...` to show where the warning was created)
Slow lane (slow tests only)	Run actions/setup-node@v5	2026-10-03T17:27:19.6160251Z ##[group]Environment details
Slow lane (slow tests only)	Run actions/setup-node@v5	2026-10-03T17:27:20.0081645Z node: v24.21.0
Slow lane (slow tests only)	Run actions/setup-node@v5	2026-10-03T17:27:20.0082324Z npm: 11.19.0
Slow lane (slow tests only)	Run actions/setup-node@v5	2026-10-03T17:27:20.0082679Z yarn: 1.22.22
Slow lane (slow tests only)	Run actions/setup-node@v5	2026-10-03T17:27:20.0083564Z ##[endgroup]
Slow lane (slow tests only)	Run actions/setup-node@v5	2026-10-03T17:27:20.0105680Z [command]/opt/hostedtoolcache/node/24.21.0/x64/bin/npm config get cache
Slow lane (slow tests only)	Run actions/setup-node@v5	2026-10-03T17:27:20.1279200Z /home/runner/.npm
Slow lane (slow tests only)	Run actions/setup-node@v5	2026-10-03T17:27:20.3915090Z Cache hit for: node-cache-Linux-x64-npm-bd03a24e4fb6ea9135263ddfda5f6f14aceea5c97773b78dfd4f842230cc9a5f
Slow lane (slow tests only)	Run actions/setup-node@v5	2026-10-03T17:27:20.4020180Z (node:2311) [DEP0169] DeprecationWarning: `url.parse()` behavior is not standardized and prone to errors that have security implications. Use the WHATWG URL API instead. CVEs are not issued for `url.parse()` vulnerabilities.
Slow lane (slow tests only)	Run actions/setup-node@v5	2026-10-03T17:27:21.6802331Z Received 4194304 of 33193731 (12.6%), 4.0 MBs/sec
Slow lane (slow tests only)	Run actions/setup-node@v5	2026-10-03T17:27:21.9470894Z Received 33193731 of 33193731 (100.0%), 25.0 MBs/sec
Slow lane (slow tests only)	Run actions/setup-node@v5	2026-10-03T17:27:21.9477980Z Cache Size: ~32 MB (33193731 B)
Slow lane (slow tests only)	Run actions/setup-node@v5	2026-10-03T17:27:21.9523998Z [command]/usr/bin/tar -xf /home/runner/work/_temp/f89d6ae2-9a60-4ece-b615-fbb9c9455f21/cache.tzst -P -C /home/runner/work/ai-task-manager/ai-task-manager --use-compress-program unzstd
Slow lane (slow tests only)	Run actions/setup-node@v5	2026-10-03T17:27:22.0813128Z Cache restored successfully
Slow lane (slow tests only)	Run actions/setup-node@v5	2026-10-03T17:27:22.0832213Z Cache restored from key: node-cache-Linux-x64-npm-bd03a24e4fb6ea9135263ddfda5f6f14aceea5c97773b78dfd4f842230cc9a5f
Slow lane (slow tests only)	Run npm ci	﻿2026-10-03T17:27:22.0971003Z ##[group]Run npm ci
Slow lane (slow tests only)	Run npm ci	2026-10-03T17:27:22.0971268Z ^[[36;1mnpm ci^[[0m
Slow lane (slow tests only)	Run npm ci	2026-10-03T17:27:22.1044594Z shell: /usr/bin/bash -e {0}
Slow lane (slow tests only)	Run npm ci	2026-10-03T17:27:22.1044875Z env:
Slow lane (slow tests only)	Run npm ci	2026-10-03T17:27:22.1045105Z   GIT_AUTHOR_NAME: kendrick burson
Slow lane (slow tests only)	Run npm ci	2026-10-03T17:27:22.1045411Z   GIT_AUTHOR_EMAIL: kpburson@pm.me
Slow lane (slow tests only)	Run npm ci	2026-10-03T17:27:22.1045711Z   GIT_COMMITTER_NAME: kendrick burson
Slow lane (slow tests only)	Run npm ci	2026-10-03T17:27:22.1046018Z   GIT_COMMITTER_EMAIL: kpburson@pm.me
Slow lane (slow tests only)	Run npm ci	2026-10-03T17:27:22.1046320Z ##[endgroup]
Slow lane (slow tests only)	Run npm ci	2026-10-03T17:27:30.5260792Z 
Slow lane (slow tests only)	Run npm ci	2026-10-03T17:27:30.5268793Z added 318 packages, and audited 319 packages in 8s
Slow lane (slow tests only)	Run npm ci	2026-10-03T17:27:30.5269478Z 
Slow lane (slow tests only)	Run npm ci	2026-10-03T17:27:30.5269838Z 101 packages are looking for funding
Slow lane (slow tests only)	Run npm ci	2026-10-03T17:27:30.5270275Z   run `npm fund` for details
Slow lane (slow tests only)	Run npm ci	2026-10-03T17:27:30.5301245Z 
Slow lane (slow tests only)	Run npm ci	2026-10-03T17:27:30.5301717Z 8 vulnerabilities (2 moderate, 6 high)
Slow lane (slow tests only)	Run npm ci	2026-10-03T17:27:30.5302145Z 
Slow lane (slow tests only)	Run npm ci	2026-10-03T17:27:30.5302337Z To address all issues, run:
Slow lane (slow tests only)	Run npm ci	2026-10-03T17:27:30.5302681Z   npm audit fix
Slow lane (slow tests only)	Run npm ci	2026-10-03T17:27:30.5302845Z 
Slow lane (slow tests only)	Run npm ci	2026-10-03T17:27:30.5303046Z Run `npm audit` for details.
Slow lane (slow tests only)	Run npm ci	2026-10-03T17:27:30.5311710Z npm warn install-scripts 1 package has install scripts not yet covered by allowScripts:
Slow lane (slow tests only)	Run npm ci	2026-10-03T17:27:30.5312539Z npm warn install-scripts   puppeteer@25.11.0 (postinstall: node install.mjs)
Slow lane (slow tests only)	Run npm ci	2026-10-03T17:27:30.5313054Z npm warn install-scripts
Slow lane (slow tests only)	Run npm ci	2026-10-03T17:27:30.5313759Z npm warn install-scripts Run `npm install-scripts ls` to review, or `npm install-scripts approve <pkg>` to allow.
Slow lane (slow tests only)	Run npm run test:slow	﻿2026-10-03T17:27:30.6365758Z ##[group]Run npm run test:slow
Slow lane (slow tests only)	Run npm run test:slow	2026-10-03T17:27:30.6366275Z ^[[36;1mnpm run test:slow^[[0m
Slow lane (slow tests only)	Run npm run test:slow	2026-10-03T17:27:30.6434458Z shell: /usr/bin/bash -e {0}
Slow lane (slow tests only)	Run npm run test:slow	2026-10-03T17:27:30.6434718Z env:
Slow lane (slow tests only)	Run npm run test:slow	2026-10-03T17:27:30.6434916Z   GIT_AUTHOR_NAME: kendrick burson
Slow lane (slow tests only)	Run npm run test:slow	2026-10-03T17:27:30.6435183Z   GIT_AUTHOR_EMAIL: kpburson@pm.me
Slow lane (slow tests only)	Run npm run test:slow	2026-10-03T17:27:30.6435460Z   GIT_COMMITTER_NAME: kendrick burson
Slow lane (slow tests only)	Run npm run test:slow	2026-10-03T17:27:30.6435759Z   GIT_COMMITTER_EMAIL: kpburson@pm.me
Slow lane (slow tests only)	Run npm run test:slow	2026-10-03T17:27:30.6436018Z ##[endgroup]
Slow lane (slow tests only)	Run npm run test:slow	2026-10-03T17:27:30.7996159Z 
Slow lane (slow tests only)	Run npm run test:slow	2026-10-03T17:27:30.7996904Z > @kburson/ai-task-manager@0.1.0 test:slow
Slow lane (slow tests only)	Run npm run test:slow	2026-10-03T17:27:30.7997947Z > node scripts/run-tests.mjs --lane slow
Slow lane (slow tests only)	Run npm run test:slow	2026-10-03T17:27:30.7998358Z 
Slow lane (slow tests only)	Run npm run test:slow	2026-10-03T17:27:30.9024546Z ▶ lane=slow (55 files)
Slow lane (slow tests only)	Run npm run test:slow	2026-10-03T17:27:30.9025383Z 
Slow lane (slow tests only)	Run npm run test:slow	2026-10-03T17:33:00.5033511Z ▶ scripts/tests/slow/task-tracker/core/ci-lane-wiring.test.mjs ... ok (58ms)
Slow lane (slow tests only)	Run npm run test:slow	2026-10-03T17:33:00.5035131Z ▶ scripts/tests/slow/task-tracker/core/fleet-registry-concurrent.test.mjs ... ok (4.9s)
Slow lane (slow tests only)	Run npm run test:slow	2026-10-03T17:33:00.5036548Z ▶ scripts/tests/slow/task-tracker/core/lifecycle-traversal-e2e.test.mjs ... ok (93ms)
Slow lane (slow tests only)	Run npm run test:slow	2026-10-03T17:33:00.5038263Z ▶ scripts/tests/slow/task-tracker/core/maintenance-scripts-strict-argv.test.mjs ... ok (3.7s)
Slow lane (slow tests only)	Run npm run test:slow	2026-10-03T17:33:00.5039217Z ▶ scripts/tests/slow/task-tracker/core/packaged-doctor-consumer.test.mjs ... ok (5.8s)
Slow lane (slow tests only)	Run npm run test:slow	2026-10-03T17:33:00.5040181Z ▶ scripts/tests/slow/task-tracker/core/packaged-tail-profile-consumer.test.mjs ... ok (3.0s)
Slow lane (slow tests only)	Run npm run test:slow	2026-10-03T17:33:00.5041052Z ▶ scripts/tests/slow/task-tracker/core/verify-develop.test.mjs ... ok (822ms)
Slow lane (slow tests only)	Run npm run test:slow	2026-10-03T17:33:00.5041828Z ▶ scripts/tests/slow/task-tracker/lib/ac-evidence-gate.test.mjs ... ok (1.0s)
Slow lane (slow tests only)	Run npm run test:slow	2026-10-03T17:33:00.5058556Z ▶ scripts/tests/slow/task-tracker/lib/action-capture-integration.test.mjs ... ok (1.1s)
Slow lane (slow tests only)	Run npm run test:slow	2026-10-03T17:33:00.5059414Z ▶ scripts/tests/slow/task-tracker/lib/activity-guard.test.mjs ... ok (17.5s)
Slow lane (slow tests only)	Run npm run test:slow	2026-10-03T17:33:00.5060251Z ▶ scripts/tests/slow/task-tracker/lib/agent-guard.test.mjs ... ok (679ms)
Slow lane (slow tests only)	Run npm run test:slow	2026-10-03T17:33:00.5060983Z ▶ scripts/tests/slow/task-tracker/lib/agentic-help-runtime.test.mjs ... ok (173.0s)
Slow lane (slow tests only)	Run npm run test:slow	2026-10-03T17:33:00.5061751Z ▶ scripts/tests/slow/task-tracker/lib/aitm-dispatcher.test.mjs ... ok (7.6s)
Slow lane (slow tests only)	Run npm run test:slow	2026-10-03T17:33:00.5062435Z ▶ scripts/tests/slow/task-tracker/lib/body-write-roundtrip.test.mjs ... ok (49ms)
Slow lane (slow tests only)	Run npm run test:slow	2026-10-03T17:33:00.5063193Z ▶ scripts/tests/slow/task-tracker/lib/chore-mode-activity-guard.test.mjs ... ok (531ms)
Slow lane (slow tests only)	Run npm run test:slow	2026-10-03T17:33:00.5064228Z ▶ scripts/tests/slow/task-tracker/lib/cli.test.mjs ... ok (11.7s)
Slow lane (slow tests only)	Run npm run test:slow	2026-10-03T17:33:00.5064873Z ▶ scripts/tests/slow/task-tracker/lib/commit-trail-handler.test.mjs ... ok (1.5s)
Slow lane (slow tests only)	Run npm run test:slow	2026-10-03T17:33:00.5065641Z ▶ scripts/tests/slow/task-tracker/lib/config-completeness-invariant.test.mjs ... ok (314ms)
Slow lane (slow tests only)	Run npm run test:slow	2026-10-03T17:33:00.5066403Z ▶ scripts/tests/slow/task-tracker/lib/coverage-close-gates.test.mjs ... ok (1.7s)
Slow lane (slow tests only)	Run npm run test:slow	2026-10-03T17:33:00.5067458Z ▶ scripts/tests/slow/task-tracker/lib/coverage-hook-handler.test.mjs ... ok (4.7s)
Slow lane (slow tests only)	Run npm run test:slow	2026-10-03T17:33:00.5068888Z ▶ scripts/tests/slow/task-tracker/lib/coverage-orchestrator-lock.test.mjs ... ok (958ms)
Slow lane (slow tests only)	Run npm run test:slow	2026-10-03T17:33:00.5069660Z ▶ scripts/tests/slow/task-tracker/lib/create-issue.test.mjs ... ok (2.6s)
Slow lane (slow tests only)	Run npm run test:slow	2026-10-03T17:33:00.5070336Z ▶ scripts/tests/slow/task-tracker/lib/demonstrable-ac-gate.test.mjs ... ok (84ms)
Slow lane (slow tests only)	Run npm run test:slow	2026-10-03T17:33:00.5071132Z ▶ scripts/tests/slow/task-tracker/lib/dirty-review-promote-false-success.test.mjs ... ok (860ms)
Slow lane (slow tests only)	Run npm run test:slow	2026-10-03T17:33:00.5071917Z ▶ scripts/tests/slow/task-tracker/lib/dirty-workspace-gate.test.mjs ... ok (4.6s)
Slow lane (slow tests only)	Run npm run test:slow	2026-10-03T17:33:00.5072602Z ▶ scripts/tests/slow/task-tracker/lib/discover-autosave.test.mjs ... ok (103ms)
Slow lane (slow tests only)	Run npm run test:slow	2026-10-03T17:33:00.5073258Z ▶ scripts/tests/slow/task-tracker/lib/draft-branch.test.mjs ... ok (331ms)
Slow lane (slow tests only)	Run npm run test:slow	2026-10-03T17:33:00.5073912Z ▶ scripts/tests/slow/task-tracker/lib/ensure-wave-parent.test.mjs ... ok (4.6s)
Slow lane (slow tests only)	Run npm run test:slow	2026-10-03T17:33:00.5074712Z ▶ scripts/tests/slow/task-tracker/lib/epic-children-review-lifecycle.test.mjs ... ok (246ms)
Slow lane (slow tests only)	Run npm run test:slow	2026-10-03T17:33:00.5075426Z ▶ scripts/tests/slow/task-tracker/lib/epic-tree.test.mjs ... ok (801ms)
Slow lane (slow tests only)	Run npm run test:slow	2026-10-03T17:33:00.5076465Z ▶ scripts/tests/slow/task-tracker/lib/evidence-v2/frozen-worktree-rehearsal.test.mjs ... ok (5.4s)
Slow lane (slow tests only)	Run npm run test:slow	2026-10-03T17:33:00.5077541Z ▶ scripts/tests/slow/task-tracker/lib/gate-message-attribution.test.mjs ... ok (210ms)
Slow lane (slow tests only)	Run npm run test:slow	2026-10-03T17:33:00.5078215Z ▶ scripts/tests/slow/task-tracker/lib/gates.test.mjs ... ok (4.2s)
Slow lane (slow tests only)	Run npm run test:slow	2026-10-03T17:33:00.5078868Z ▶ scripts/tests/slow/task-tracker/lib/init-status-palette.test.mjs ... ok (5.2s)
Slow lane (slow tests only)	Run npm run test:slow	2026-10-03T17:33:00.5079538Z ▶ scripts/tests/slow/task-tracker/lib/issue-authoring.test.mjs ... ok (2.6s)
Slow lane (slow tests only)	Run npm run test:slow	2026-10-03T17:33:00.5080160Z ▶ scripts/tests/slow/task-tracker/lib/lifecycle.test.mjs ... ok (3.3s)
Slow lane (slow tests only)	Run npm run test:slow	2026-10-03T17:33:00.5080822Z ▶ scripts/tests/slow/task-tracker/lib/log-issue-time.test.mjs ... ok (1.6s)
Slow lane (slow tests only)	Run npm run test:slow	2026-10-03T17:33:00.5081517Z ▶ scripts/tests/slow/task-tracker/lib/move-state-approval-gate.test.mjs ... ok (7.3s)
Slow lane (slow tests only)	Run npm run test:slow	2026-10-03T17:33:00.5082207Z ▶ scripts/tests/slow/task-tracker/lib/move-state-gate.test.mjs ... ok (5.2s)
Slow lane (slow tests only)	Run npm run test:slow	2026-10-03T17:33:00.5082837Z ▶ scripts/tests/slow/task-tracker/lib/move-state.test.mjs ... ok (3.8s)
Slow lane (slow tests only)	Run npm run test:slow	2026-10-03T17:33:00.5083544Z ▶ scripts/tests/slow/task-tracker/lib/move-state/board-field-readback.test.mjs ... ok (2.9s)
Slow lane (slow tests only)	Run npm run test:slow	2026-10-03T17:33:00.5084319Z ▶ scripts/tests/slow/task-tracker/lib/proof-gate-reconciliation.test.mjs ... ok (628ms)
Slow lane (slow tests only)	Run npm run test:slow	2026-10-03T17:33:00.5085101Z ▶ scripts/tests/slow/task-tracker/lib/ready-for-plan-live-migration.test.mjs ... ok (486ms)
Slow lane (slow tests only)	Run npm run test:slow	2026-10-03T17:33:00.5085879Z ▶ scripts/tests/slow/task-tracker/lib/review-approval-prompt.test.mjs ... ok (18.9s)
Slow lane (slow tests only)	Run npm run test:slow	2026-10-03T17:33:00.5086593Z ▶ scripts/tests/slow/task-tracker/lib/verb-preflight-wiring.test.mjs ... ok (3.4s)
Slow lane (slow tests only)	Run npm run test:slow	2026-10-03T17:33:00.5088356Z ▶ scripts/tests/slow/task-tracker/lib/worktree-isolation.test.mjs ... ok (3.3s)
Slow lane (slow tests only)	Run npm run test:slow	2026-10-03T17:33:00.5089240Z ▶ scripts/tests/slow/task-tracker/lib/worktree-seed-integration.test.mjs ... ok (912ms)
Slow lane (slow tests only)	Run npm run test:slow	2026-10-03T17:33:00.5089998Z ▶ scripts/tests/slow/task-tracker/verbs/close-lifecycle-tick.test.mjs ... ok (210ms)
Slow lane (slow tests only)	Run npm run test:slow	2026-10-03T17:33:00.5090706Z ▶ scripts/tests/slow/task-tracker/verbs/coverage-close.test.mjs ... ok (2.6s)
Slow lane (slow tests only)	Run npm run test:slow	2026-10-03T17:33:00.5091404Z ▶ scripts/tests/slow/task-tracker/verbs/deadlock-regression.test.mjs ... ok (261ms)
Slow lane (slow tests only)	Run npm run test:slow	2026-10-03T17:33:00.5092170Z ▶ scripts/tests/slow/task-tracker/verbs/promote-verb.test.mjs ... ok (985ms)
Slow lane (slow tests only)	Run npm run test:slow	2026-10-03T17:33:00.5093547Z ▶ scripts/tests/slow/task-tracker/verbs/recovery-path-independence.test.mjs ... ok (404ms)
Slow lane (slow tests only)	Run npm run test:slow	2026-10-03T17:33:00.5094754Z ▶ scripts/tests/slow/task-tracker/verbs/state-marker-single-writer.test.mjs ... ok (327ms)
Slow lane (slow tests only)	Run npm run test:slow	2026-10-03T17:33:00.5095561Z ▶ scripts/tests/slow/task-tracker/verbs/verb-test-remove-worktree.test.mjs ... ok (276ms)
Slow lane (slow tests only)	Run npm run test:slow	2026-10-03T17:33:00.5096338Z ▶ scripts/tests/slow/task-tracker/workflow-exception-lifecycle.test.mjs ... ok (110ms)
Slow lane (slow tests only)	Run npm run test:slow	2026-10-03T17:33:00.5096706Z 
Slow lane (slow tests only)	Run npm run test:slow	2026-10-03T17:33:00.5098240Z ▶ scheduling: 0 pure unit file(s) at pool concurrency 3 (peak 0); 0 direct-subprocess file(s) at pool concurrency 2 (peak 0); 1 explicit-safe slow file(s) at pool concurrency 2 (peak 1); 54 explicit-unsafe/integration/unmarked-slow file(s) serial
Slow lane (slow tests only)	Run npm run test:slow	2026-10-03T17:33:00.5168955Z 
Slow lane (slow tests only)	Run npm run test:slow	2026-10-03T17:33:00.5170183Z run-tests: lane 'slow' bounded sections: slow-parallel=173.0s/600s (1 files); serial=156.5s/600s (54 files); aggregate=329.4s
Slow lane (slow tests only)	Run npm run test:slow	2026-10-03T17:33:00.5170755Z 
Slow lane (slow tests only)	Run npm run test:slow	2026-10-03T17:33:00.5170896Z All 55 test files passed.
Slow lane (slow tests only)	Post Run actions/setup-node@v5	﻿2026-10-03T17:33:00.5418269Z Post job cleanup.
Slow lane (slow tests only)	Post Run actions/setup-node@v5	2026-10-03T17:33:00.6643455Z (node:28707) [DEP0040] DeprecationWarning: The `punycode` module is deprecated. Please use a userland alternative instead.
Slow lane (slow tests only)	Post Run actions/setup-node@v5	2026-10-03T17:33:00.6644658Z (Use `node --trace-deprecation ...` to show where the warning was created)
Slow lane (slow tests only)	Post Run actions/setup-node@v5	2026-10-03T17:33:00.6647377Z Cache hit occurred on the primary key node-cache-Linux-x64-npm-bd03a24e4fb6ea9135263ddfda5f6f14aceea5c97773b78dfd4f842230cc9a5f, not saving cache.
Slow lane (slow tests only)	Post Run actions/checkout@v5	﻿2026-10-03T17:33:00.6799983Z Post job cleanup.
Slow lane (slow tests only)	Post Run actions/checkout@v5	2026-10-03T17:33:00.7746992Z [command]/usr/bin/git version
Slow lane (slow tests only)	Post Run actions/checkout@v5	2026-10-03T17:33:00.7777343Z git version 2.55.0
Slow lane (slow tests only)	Post Run actions/checkout@v5	2026-10-03T17:33:00.7828542Z Temporarily overriding HOME='/home/runner/work/_temp/e4f33a2f-bc5a-4ee8-ae95-68c1178ab1fd' before making global git config changes
Slow lane (slow tests only)	Post Run actions/checkout@v5	2026-10-03T17:33:00.7831106Z Adding repository directory to the temporary git global config as a safe directory
Slow lane (slow tests only)	Post Run actions/checkout@v5	2026-10-03T17:33:00.7836546Z [command]/usr/bin/git config --global --add safe.directory /home/runner/work/ai-task-manager/ai-task-manager
Slow lane (slow tests only)	Post Run actions/checkout@v5	2026-10-03T17:33:00.7890228Z [command]/usr/bin/git config --local --name-only --get-regexp core\.sshCommand
Slow lane (slow tests only)	Post Run actions/checkout@v5	2026-10-03T17:33:00.7935542Z [command]/usr/bin/git submodule foreach --recursive sh -c "git config --local --name-only --get-regexp 'core\.sshCommand' && git config --local --unset-all 'core.sshCommand' || :"
Slow lane (slow tests only)	Post Run actions/checkout@v5	2026-10-03T17:33:00.8275494Z [command]/usr/bin/git config --local --name-only --get-regexp http\.https\:\/\/github\.com\/\.extraheader
Slow lane (slow tests only)	Post Run actions/checkout@v5	2026-10-03T17:33:00.8328532Z http.https://github.com/.extraheader
Slow lane (slow tests only)	Post Run actions/checkout@v5	2026-10-03T17:33:00.8353963Z [command]/usr/bin/git config --local --unset-all http.https://github.com/.extraheader
Slow lane (slow tests only)	Post Run actions/checkout@v5	2026-10-03T17:33:00.8413068Z [command]/usr/bin/git submodule foreach --recursive sh -c "git config --local --name-only --get-regexp 'http\.https\:\/\/github\.com\/\.extraheader' && git config --local --unset-all 'http.https://github.com/.extraheader' || :"
Slow lane (slow tests only)	Post Run actions/checkout@v5	2026-10-03T17:33:00.8808933Z [command]/usr/bin/git config --local --name-only --get-regexp ^includeIf\.gitdir:
Slow lane (slow tests only)	Post Run actions/checkout@v5	2026-10-03T17:33:00.8893946Z [command]/usr/bin/git submodule foreach --recursive git config --local --show-origin --name-only --get-regexp remote.origin.url
Slow lane (slow tests only)	Complete job	﻿2026-10-03T17:33:00.9385181Z Cleaning up orphan processes
