✔ layout audit rejects a discovered test outside the canonical lane tree (309.488958ms)
✔ layout audit rejects a test placed directly in a canonical lane root (104.451ms)
✔ line-cap audit still examines a misplaced test discovered outside the canonical tree (100.469167ms)
✔ a hidden support-subtree test cannot evade discovery, the runner, or any audit (216.935334ms)
✔ feature-oriented files keep semantic ownership after their lane correction (1.811292ms)
✔ current test-tree baseline is well formed (2.065416ms)
✔ AC3/AC4: every current baseline test remains live in its recorded lane (0.392167ms)
✔ AC1: no *.test.mjs file remains directly in a lane root (0.623333ms)
✔ AC2: every lane subdirectory has an explicit subsystem or integration owner (8.691834ms)
✔ AC4: the three lanes are a disjoint partition whose union is the whole discovery set (19.988375ms)
✔ resume refuses unbound first pending artifacts after a real SIGKILL (653.233458ms)
✔ SIGKILL at after-empty-first-journal preserves exact empty recovery (1667.746209ms)
✔ SIGKILL at after-empty-stage-record preserves exact empty recovery (1587.704917ms)
✔ SIGKILL at after-empty-staging preserves exact empty recovery (1680.585792ms)
✔ SIGKILL at after-empty-prepared-control preserves exact empty recovery (2448.916791ms)
✔ SIGKILL at after-empty-store-rename preserves exact empty recovery (2016.685292ms)
✔ SIGKILL at after-empty-complete-journal preserves exact empty recovery (3187.644125ms)
✔ SIGKILL at after-empty-active-control preserves exact empty recovery (5263.459791ms)
✔ staged byte conflict refuses recovery without changing any file (756.82725ms)
✔ unexpected ancestor sibling is never adopted by empty recovery (640.440792ms)
✔ SIGKILLed empty resumer requires its own exact death before another recovery (1904.590084ms)
✔ SIGKILL during coordinator recovery claim retains a resumable ordered history (1438.899875ms)
✔ live empty publisher cannot be recovered and all protected bytes stay unchanged (505.330625ms)
✔ closed empty journal refuses stage-path without writes (744.79925ms)
✔ closed empty journal refuses owner-extra without writes (729.2695ms)
✔ closed empty journal refuses owner-history without writes (1056.290167ms)
✔ registered recovery completes an exact dead receipt after durable coordinator removal (7654.227791ms)
ℹ tests 27
ℹ suites 0
ℹ pass 27
ℹ fail 0
ℹ cancelled 0
ℹ skipped 0
ℹ todo 0
ℹ duration_ms 34033.190833
