Checking formatting...
[warn] docs/reviews/1857-remaining-work/1861-empty-runtime-evidence/01-task2-recovery/recorded-eperm-01.json
[warn] docs/reviews/1857-remaining-work/1861-empty-runtime-evidence/01-task2-recovery/recorded-eperm-02.json
[warn] docs/reviews/1857-remaining-work/1861-empty-runtime-evidence/01-task2-recovery/recorded-eperm-03.json
[warn] docs/reviews/1857-remaining-work/1861-empty-runtime-evidence/01-task2-recovery/recorded-eperm-04.json
[warn] docs/reviews/1857-remaining-work/1861-empty-runtime-evidence/01-task2-recovery/other-failures-01.json
[warn] docs/reviews/1857-remaining-work/1861-empty-runtime-evidence/02-linked-first/recorded-eperm-01.json
[warn] docs/reviews/1857-remaining-work/1861-empty-runtime-evidence/02-linked-first/recorded-eperm-02.json
[warn] docs/reviews/1857-remaining-work/1861-empty-runtime-evidence/02-linked-first/recorded-eperm-03.json
[warn] docs/reviews/1857-remaining-work/1861-empty-runtime-evidence/02-linked-first/recorded-eperm-04.json
[warn] docs/reviews/1857-remaining-work/1861-empty-runtime-evidence/02-linked-first/other-failures-01.json
[warn] docs/reviews/1857-remaining-work/1861-empty-runtime-evidence/03-linked-status-first/recorded-eperm-01.json
[warn] docs/reviews/1857-remaining-work/1861-empty-runtime-evidence/03-linked-status-first/recorded-eperm-02.json
[warn] docs/reviews/1857-remaining-work/1861-empty-runtime-evidence/03-linked-status-first/recorded-eperm-03.json
[warn] docs/reviews/1857-remaining-work/1861-empty-runtime-evidence/03-linked-status-first/recorded-eperm-04.json
[warn] docs/reviews/1857-remaining-work/1861-empty-runtime-evidence/03-linked-status-first/other-failures-01.json
[warn] docs/reviews/1857-remaining-work/1861-empty-runtime-evidence/04-bootstrap-first/recorded-eperm-01.json
[warn] docs/reviews/1857-remaining-work/1861-empty-runtime-evidence/04-bootstrap-first/recorded-eperm-02.json
[warn] docs/reviews/1857-remaining-work/1861-empty-runtime-evidence/04-bootstrap-first/other-failures-01.json
[warn] docs/reviews/1857-remaining-work/1861-empty-runtime-evidence/05-bootstrap-next/recorded-eperm-01.json
[warn] docs/reviews/1857-remaining-work/1861-empty-runtime-evidence/05-bootstrap-next/recorded-eperm-02.json
[warn] docs/reviews/1857-remaining-work/1861-empty-runtime-evidence/05-bootstrap-next/other-failures-01.json
[warn] docs/reviews/1857-remaining-work/1861-empty-runtime-evidence/13-task5-first/recorded-eperm-01.json
[warn] docs/reviews/1857-remaining-work/1861-empty-runtime-evidence/13-task5-first/recorded-eperm-02.json
[warn] docs/reviews/1857-remaining-work/1861-empty-runtime-evidence/13-task5-first/recorded-eperm-03.json
[warn] docs/reviews/1857-remaining-work/1861-empty-runtime-evidence/13-task5-first/recorded-eperm-04.json
[warn] docs/reviews/1857-remaining-work/1861-empty-runtime-evidence/13-task5-first/other-failures-01.json
[warn] docs/reviews/1857-remaining-work/2026-10-03-1861-empty-runtime-task2-local-tia-findings.json
[warn] Code style issues found in 27 files. Run Prettier with --write to fix.
