✔ layout audit rejects a discovered test outside the canonical lane tree (478.334167ms)
✔ layout audit rejects a test placed directly in a canonical lane root (240.384917ms)
✔ line-cap audit still examines a misplaced test discovered outside the canonical tree (200.858791ms)
✔ a hidden support-subtree test cannot evade discovery, the runner, or any audit (629.943042ms)
✔ feature-oriented files keep semantic ownership after their lane correction (7.906125ms)
✔ current test-tree baseline is well formed (4.344208ms)
✔ AC3/AC4: every current baseline test remains live in its recorded lane (1.385792ms)
✔ AC1: no *.test.mjs file remains directly in a lane root (1.261083ms)
✔ AC2: every lane subdirectory has an explicit subsystem or integration owner (22.857375ms)
✔ AC4: the three lanes are a disjoint partition whose union is the whole discovery set (63.887ms)
✔ a supported batch publishes a complete durable receipt and preserves synchronous return (4425.181334ms)
✔ the complete validation set and expected-before assertion refuse before any member changes (2199.421875ms)
✔ batch deletion refuses mandatory state/task-tracker-state.json before changing any records (2148.594625ms)
✔ batch deletion refuses mandatory state/task-tracker-queue.json before changing any records (1188.150166ms)
✔ batch deletion refuses mandatory fleet/task-fleet.json before changing any records (2709.032583ms)
✔ batch deletion refuses mandatory fleet/occupancy.json before changing any records (1050.362625ms)
✔ deletion remains journaled and completed retry cannot restore an older outcome over later writes (2180.35075ms)
✔ unfinished batch fences even its lease holder and exact resume completes the original outcome (2586.400125ms)
✔ SIGKILL at after-batch-journal preserves read refusal and exact confirmed-death replay (3697.638708ms)
✔ SIGKILL at after-batch-member-0 preserves read refusal and exact confirmed-death replay (2910.3445ms)
✔ SIGKILL at after-batch-member-1 preserves read refusal and exact confirmed-death replay (3995.815667ms)
✔ SIGKILL at after-batch-member-stage-0 preserves read refusal and exact confirmed-death replay (4161.700167ms)
✔ SIGKILL at after-batch-journal-stage-publishing preserves read refusal and exact confirmed-death replay (4817.4415ms)
✔ SIGKILL at after-batch-journal-stage-prepared preserves read refusal and exact confirmed-death replay (3736.293417ms)
✔ SIGKILL at after-batch-journal-stage-complete preserves read refusal and exact confirmed-death replay (4408.1725ms)
✔ unsupported caller identities and nonabsolute targets refuse without creating an unreadable journal (908.476416ms)
✔ a live publisher cannot be taken over and a changed journal observation preserves every member (1451.020416ms)
✔ binary capture validates proposed metadata and deletes the complete recorded bundle (4625.772417ms)
✔ a killed resumer retains its genuine owner and excludes a competing recovery until confirmed death (3334.734958ms)
✔ ordinary reading rechecks batch admission for record after its initial check (1694.178417ms)
✔ ordinary reading rechecks batch admission for optional-absence after its initial check (1603.982292ms)
✔ one batch joins main global state with linked binding and actor timing authority (3395.519375ms)
ℹ tests 32
ℹ suites 0
ℹ pass 32
ℹ fail 0
ℹ cancelled 0
ℹ skipped 0
ℹ todo 0
ℹ duration_ms 63391.84475
