2026-10-03T16:34:28.3956002Z Current runner version: '2.337.0'
2026-10-03T16:34:28.3992046Z ##[group]Runner Image Provisioner
2026-10-03T16:34:28.3993490Z Hosted Compute Agent
2026-10-03T16:34:28.3994414Z Version: 20260901.588
2026-10-03T16:34:28.3995635Z Commit: f88ec8081b781fac6c440065ac7ff9e710ce3d0b
2026-10-03T16:34:28.3997148Z Build Date: 2026-09-01T19:56:44Z
2026-10-03T16:34:28.3998269Z Worker ID: {a4052f72-f833-43fb-906a-743f29eaeecf}
2026-10-03T16:34:28.3999702Z Azure Region: eastus2
2026-10-03T16:34:28.4000655Z ##[endgroup]
2026-10-03T16:34:28.4003626Z ##[group]Operating System
2026-10-03T16:34:28.4004695Z Ubuntu
2026-10-03T16:34:28.4005873Z 24.04.5
2026-10-03T16:34:28.4007129Z LTS
2026-10-03T16:34:28.4008006Z ##[endgroup]
2026-10-03T16:34:28.4009042Z ##[group]Runner Image
2026-10-03T16:34:28.4010120Z Image: ubuntu-24.04
2026-10-03T16:34:28.4011151Z Version: 20260927.320.1
2026-10-03T16:34:28.4013242Z Included Software: https://github.com/actions/runner-images/blob/ubuntu24/20260927.320/images/ubuntu/Ubuntu2404-Readme.md
2026-10-03T16:34:28.4016072Z Image Release: https://github.com/actions/runner-images/releases/tag/ubuntu24%2F20260927.320
2026-10-03T16:34:28.4018060Z ##[endgroup]
2026-10-03T16:34:28.4020053Z ##[group]GITHUB_TOKEN Permissions
2026-10-03T16:34:28.4022960Z Contents: read
2026-10-03T16:34:28.4024223Z Metadata: read
2026-10-03T16:34:28.4025131Z ##[endgroup]
2026-10-03T16:34:28.4028596Z Secret source: Actions
2026-10-03T16:34:28.4030164Z Cache mode: write
2026-10-03T16:34:28.4031714Z Prepare workflow directory
2026-10-03T16:34:28.4614083Z Prepare all required actions
2026-10-03T16:34:28.4689161Z Getting action download info
2026-10-03T16:34:28.6750901Z Download action repository 'actions/checkout@v5' (SHA:fbc6f3992d24b796d5a048ff273f7fcc4a7b6c09)
2026-10-03T16:34:28.7680632Z Download action repository 'actions/setup-node@v5' (SHA:a0853c24544627f65ddf259abe73b1d18a591444)
2026-10-03T16:34:28.9989337Z Complete job name: Slow lane (slow tests only)
2026-10-03T16:34:29.0765651Z ##[group]Run actions/checkout@v5
2026-10-03T16:34:29.0766898Z with:
2026-10-03T16:34:29.0767393Z   repository: kburson/ai-task-manager
2026-10-03T16:34:29.0771439Z   token: ***
2026-10-03T16:34:29.0771892Z   ssh-strict: true
2026-10-03T16:34:29.0772349Z   ssh-user: git
2026-10-03T16:34:29.0772820Z   persist-credentials: true
2026-10-03T16:34:29.0773335Z   clean: true
2026-10-03T16:34:29.0773808Z   sparse-checkout-cone-mode: true
2026-10-03T16:34:29.0774348Z   fetch-depth: 1
2026-10-03T16:34:29.0774795Z   fetch-tags: false
2026-10-03T16:34:29.0775257Z   show-progress: true
2026-10-03T16:34:29.0775733Z   lfs: false
2026-10-03T16:34:29.0776159Z   submodules: false
2026-10-03T16:34:29.0776813Z   set-safe-directory: true
2026-10-03T16:34:29.0777336Z   allow-unsafe-pr-checkout: false
2026-10-03T16:34:29.0778108Z env:
2026-10-03T16:34:29.0778554Z   GIT_AUTHOR_NAME: kendrick burson
2026-10-03T16:34:29.0779111Z   GIT_AUTHOR_EMAIL: kpburson@pm.me
2026-10-03T16:34:29.0779712Z   GIT_COMMITTER_NAME: kendrick burson
2026-10-03T16:34:29.0780280Z   GIT_COMMITTER_EMAIL: kpburson@pm.me
2026-10-03T16:34:29.0780825Z ##[endgroup]
2026-10-03T16:34:29.1847366Z Syncing repository: kburson/ai-task-manager
2026-10-03T16:34:29.1849782Z ##[group]Getting Git version info
2026-10-03T16:34:29.1850629Z Working directory is '/home/runner/work/ai-task-manager/ai-task-manager'
2026-10-03T16:34:29.1852052Z [command]/usr/bin/git version
2026-10-03T16:34:29.1937627Z git version 2.55.0
2026-10-03T16:34:29.1967109Z ##[endgroup]
2026-10-03T16:34:29.1989925Z Temporarily overriding HOME='/home/runner/work/_temp/f9a6aa9e-5356-4e61-8604-e8bfa500cc7d' before making global git config changes
2026-10-03T16:34:29.1992583Z Adding repository directory to the temporary git global config as a safe directory
2026-10-03T16:34:29.1997581Z [command]/usr/bin/git config --global --add safe.directory /home/runner/work/ai-task-manager/ai-task-manager
2026-10-03T16:34:29.2055634Z Deleting the contents of '/home/runner/work/ai-task-manager/ai-task-manager'
2026-10-03T16:34:29.2060418Z ##[group]Initializing the repository
2026-10-03T16:34:29.2066634Z [command]/usr/bin/git init /home/runner/work/ai-task-manager/ai-task-manager
2026-10-03T16:34:29.2199467Z hint: Using 'master' as the name for the initial branch. This default branch name
2026-10-03T16:34:29.2201294Z hint: will change to "main" in Git 3.0. To configure the initial branch name
2026-10-03T16:34:29.2202832Z hint: to use in all of your new repositories, which will suppress this warning,
2026-10-03T16:34:29.2203933Z hint: call:
2026-10-03T16:34:29.2204514Z hint:
2026-10-03T16:34:29.2205379Z hint: 	git config --global init.defaultBranch <name>
2026-10-03T16:34:29.2206152Z hint:
2026-10-03T16:34:29.2207016Z hint: Names commonly chosen instead of 'master' are 'main', 'trunk' and
2026-10-03T16:34:29.2208187Z hint: 'development'. The just-created branch can be renamed via this command:
2026-10-03T16:34:29.2208951Z hint:
2026-10-03T16:34:29.2209392Z hint: 	git branch -m <name>
2026-10-03T16:34:29.2209947Z hint:
2026-10-03T16:34:29.2210814Z hint: Disable this message with "git config set advice.defaultBranchName false"
2026-10-03T16:34:29.2212601Z Initialized empty Git repository in /home/runner/work/ai-task-manager/ai-task-manager/.git/
2026-10-03T16:34:29.2214511Z [command]/usr/bin/git remote add origin https://github.com/kburson/ai-task-manager
2026-10-03T16:34:29.2262356Z ##[endgroup]
2026-10-03T16:34:29.2263155Z ##[group]Disabling automatic garbage collection
2026-10-03T16:34:29.2268175Z [command]/usr/bin/git config --local gc.auto 0
2026-10-03T16:34:29.2301878Z ##[endgroup]
2026-10-03T16:34:29.2302735Z ##[group]Setting up auth
2026-10-03T16:34:29.2310317Z [command]/usr/bin/git config --local --name-only --get-regexp core\.sshCommand
2026-10-03T16:34:29.2345500Z [command]/usr/bin/git submodule foreach --recursive sh -c "git config --local --name-only --get-regexp 'core\.sshCommand' && git config --local --unset-all 'core.sshCommand' || :"
2026-10-03T16:34:29.2739233Z [command]/usr/bin/git config --local --name-only --get-regexp http\.https\:\/\/github\.com\/\.extraheader
2026-10-03T16:34:29.2778556Z [command]/usr/bin/git submodule foreach --recursive sh -c "git config --local --name-only --get-regexp 'http\.https\:\/\/github\.com\/\.extraheader' && git config --local --unset-all 'http.https://github.com/.extraheader' || :"
2026-10-03T16:34:29.3012832Z [command]/usr/bin/git config --local --name-only --get-regexp ^includeIf\.gitdir:
2026-10-03T16:34:29.3052588Z [command]/usr/bin/git submodule foreach --recursive git config --local --show-origin --name-only --get-regexp remote.origin.url
2026-10-03T16:34:29.3283172Z [command]/usr/bin/git config --local http.https://github.com/.extraheader AUTHORIZATION: basic ***
2026-10-03T16:34:29.3325039Z ##[endgroup]
2026-10-03T16:34:29.3325906Z ##[group]Fetching the repository
2026-10-03T16:34:29.3335348Z [command]/usr/bin/git -c protocol.version=2 fetch --no-tags --prune --no-recurse-submodules --depth=1 origin +65abd80f01f9707f30f631b9a663680b02e13971:refs/remotes/pull/1871/merge
2026-10-03T16:34:30.8072810Z From https://github.com/kburson/ai-task-manager
2026-10-03T16:34:30.8075165Z  * [new ref]         65abd80f01f9707f30f631b9a663680b02e13971 -> pull/1871/merge
2026-10-03T16:34:30.8080523Z ##[endgroup]
2026-10-03T16:34:30.8082766Z ##[group]Determining the checkout info
2026-10-03T16:34:30.8085264Z ##[endgroup]
2026-10-03T16:34:30.8086942Z [command]/usr/bin/git sparse-checkout disable
2026-10-03T16:34:30.8146043Z [command]/usr/bin/git config --local --unset-all extensions.worktreeConfig
2026-10-03T16:34:30.8200531Z ##[group]Checking out the ref
2026-10-03T16:34:30.8205442Z [command]/usr/bin/git checkout --progress --force refs/remotes/pull/1871/merge
2026-10-03T16:34:31.1242020Z Note: switching to 'refs/remotes/pull/1871/merge'.
2026-10-03T16:34:31.1242810Z 
2026-10-03T16:34:31.1243441Z You are in 'detached HEAD' state. You can look around, make experimental
2026-10-03T16:34:31.1244882Z changes and commit them, and you can discard any commits you make in this
2026-10-03T16:34:31.1246040Z state without impacting any branches by switching back to a branch.
2026-10-03T16:34:31.1247355Z 
2026-10-03T16:34:31.1247824Z If you want to create a new branch to retain commits you create, you may
2026-10-03T16:34:31.1248813Z do so (now or later) by using -c with the switch command. Example:
2026-10-03T16:34:31.1249379Z 
2026-10-03T16:34:31.1249648Z   git switch -c <new-branch-name>
2026-10-03T16:34:31.1250066Z 
2026-10-03T16:34:31.1250323Z Or undo this operation with:
2026-10-03T16:34:31.1250675Z 
2026-10-03T16:34:31.1250896Z   git switch -
2026-10-03T16:34:31.1251229Z 
2026-10-03T16:34:31.1251722Z Turn off this advice by setting config variable advice.detachedHead to false
2026-10-03T16:34:31.1252515Z 
2026-10-03T16:34:31.1253267Z HEAD is now at 65abd80 Merge 5d8bd6d8c749ecd21cb93cb8b14bc936da2b00a3 into 171c7d93866f67b58effa635be5ae737f54ef9eb
2026-10-03T16:34:31.1257331Z ##[endgroup]
2026-10-03T16:34:31.1299940Z [command]/usr/bin/git log -1 --format=%H
2026-10-03T16:34:31.1330802Z 65abd80f01f9707f30f631b9a663680b02e13971
2026-10-03T16:34:31.1579154Z ##[group]Run git fetch --no-tags origin trunk:trunk
2026-10-03T16:34:31.1579782Z [36;1mgit fetch --no-tags origin trunk:trunk[0m
2026-10-03T16:34:31.1840802Z shell: /usr/bin/bash -e {0}
2026-10-03T16:34:31.1841326Z env:
2026-10-03T16:34:31.1841702Z   GIT_AUTHOR_NAME: kendrick burson
2026-10-03T16:34:31.1842161Z   GIT_AUTHOR_EMAIL: kpburson@pm.me
2026-10-03T16:34:31.1842635Z   GIT_COMMITTER_NAME: kendrick burson
2026-10-03T16:34:31.1843132Z   GIT_COMMITTER_EMAIL: kpburson@pm.me
2026-10-03T16:34:31.1843582Z ##[endgroup]
2026-10-03T16:34:33.9051941Z From https://github.com/kburson/ai-task-manager
2026-10-03T16:34:33.9052757Z  * [new branch]        trunk      -> trunk
2026-10-03T16:34:33.9053097Z  * [new branch]        trunk      -> origin/trunk
2026-10-03T16:34:33.9156891Z ##[group]Run actions/setup-node@v5
2026-10-03T16:34:33.9157208Z with:
2026-10-03T16:34:33.9157419Z   node-version: 24
2026-10-03T16:34:33.9157642Z   cache: npm
2026-10-03T16:34:33.9157844Z   always-auth: false
2026-10-03T16:34:33.9158065Z   check-latest: false
2026-10-03T16:34:33.9160801Z   token: ***
2026-10-03T16:34:33.9161032Z   package-manager-cache: true
2026-10-03T16:34:33.9161285Z env:
2026-10-03T16:34:33.9161498Z   GIT_AUTHOR_NAME: kendrick burson
2026-10-03T16:34:33.9161763Z   GIT_AUTHOR_EMAIL: kpburson@pm.me
2026-10-03T16:34:33.9162032Z   GIT_COMMITTER_NAME: kendrick burson
2026-10-03T16:34:33.9162322Z   GIT_COMMITTER_EMAIL: kpburson@pm.me
2026-10-03T16:34:33.9162578Z ##[endgroup]
2026-10-03T16:34:34.0659071Z Found in cache @ /opt/hostedtoolcache/node/24.21.0/x64
2026-10-03T16:34:34.0662734Z (node:2317) [DEP0040] DeprecationWarning: The `punycode` module is deprecated. Please use a userland alternative instead.
2026-10-03T16:34:34.0663699Z (Use `node --trace-deprecation ...` to show where the warning was created)
2026-10-03T16:34:34.0666389Z ##[group]Environment details
2026-10-03T16:34:36.5602304Z node: v24.21.0
2026-10-03T16:34:36.5602600Z npm: 11.19.0
2026-10-03T16:34:36.5602808Z yarn: 1.22.22
2026-10-03T16:34:36.5603817Z ##[endgroup]
2026-10-03T16:34:36.5635765Z [command]/opt/hostedtoolcache/node/24.21.0/x64/bin/npm config get cache
2026-10-03T16:34:36.8600454Z /home/runner/.npm
2026-10-03T16:34:36.9603300Z Cache hit for: node-cache-Linux-x64-npm-bd03a24e4fb6ea9135263ddfda5f6f14aceea5c97773b78dfd4f842230cc9a5f
2026-10-03T16:34:36.9718195Z (node:2317) [DEP0169] DeprecationWarning: `url.parse()` behavior is not standardized and prone to errors that have security implications. Use the WHATWG URL API instead. CVEs are not issued for `url.parse()` vulnerabilities.
2026-10-03T16:34:37.2865975Z Received 33193731 of 33193731 (100.0%), 119.9 MBs/sec
2026-10-03T16:34:37.2866798Z Cache Size: ~32 MB (33193731 B)
2026-10-03T16:34:37.2901954Z [command]/usr/bin/tar -xf /home/runner/work/_temp/e273de7e-12d7-42ab-b0d3-17864bfa55f3/cache.tzst -P -C /home/runner/work/ai-task-manager/ai-task-manager --use-compress-program unzstd
2026-10-03T16:34:37.4314348Z Cache restored successfully
2026-10-03T16:34:37.4333429Z Cache restored from key: node-cache-Linux-x64-npm-bd03a24e4fb6ea9135263ddfda5f6f14aceea5c97773b78dfd4f842230cc9a5f
2026-10-03T16:34:37.4495440Z ##[group]Run npm ci
2026-10-03T16:34:37.4495702Z [36;1mnpm ci[0m
2026-10-03T16:34:37.4604834Z shell: /usr/bin/bash -e {0}
2026-10-03T16:34:37.4605104Z env:
2026-10-03T16:34:37.4605326Z   GIT_AUTHOR_NAME: kendrick burson
2026-10-03T16:34:37.4605616Z   GIT_AUTHOR_EMAIL: kpburson@pm.me
2026-10-03T16:34:37.4605905Z   GIT_COMMITTER_NAME: kendrick burson
2026-10-03T16:34:37.4606342Z   GIT_COMMITTER_EMAIL: kpburson@pm.me
2026-10-03T16:34:37.4606669Z ##[endgroup]
2026-10-03T16:34:45.9747104Z 
2026-10-03T16:34:45.9756025Z added 318 packages, and audited 319 packages in 8s
2026-10-03T16:34:45.9756753Z 
2026-10-03T16:34:45.9757141Z 101 packages are looking for funding
2026-10-03T16:34:45.9757762Z   run `npm fund` for details
2026-10-03T16:34:45.9817097Z 
2026-10-03T16:34:45.9817535Z 8 vulnerabilities (2 moderate, 6 high)
2026-10-03T16:34:45.9817920Z 
2026-10-03T16:34:45.9818227Z To address all issues, run:
2026-10-03T16:34:45.9818701Z   npm audit fix
2026-10-03T16:34:45.9818925Z 
2026-10-03T16:34:45.9819194Z Run `npm audit` for details.
2026-10-03T16:34:45.9831939Z npm warn install-scripts 1 package has install scripts not yet covered by allowScripts:
2026-10-03T16:34:45.9833101Z npm warn install-scripts   puppeteer@25.11.0 (postinstall: node install.mjs)
2026-10-03T16:34:45.9833860Z npm warn install-scripts
2026-10-03T16:34:45.9834978Z npm warn install-scripts Run `npm install-scripts ls` to review, or `npm install-scripts approve <pkg>` to allow.
2026-10-03T16:34:46.0645021Z ##[group]Run npm run test:slow
2026-10-03T16:34:46.0645349Z [36;1mnpm run test:slow[0m
2026-10-03T16:34:46.0711398Z shell: /usr/bin/bash -e {0}
2026-10-03T16:34:46.0711685Z env:
2026-10-03T16:34:46.0711913Z   GIT_AUTHOR_NAME: kendrick burson
2026-10-03T16:34:46.0712228Z   GIT_AUTHOR_EMAIL: kpburson@pm.me
2026-10-03T16:34:46.0712528Z   GIT_COMMITTER_NAME: kendrick burson
2026-10-03T16:34:46.0712849Z   GIT_COMMITTER_EMAIL: kpburson@pm.me
2026-10-03T16:34:46.0713158Z ##[endgroup]
2026-10-03T16:34:46.1878091Z 
2026-10-03T16:34:46.1879033Z > @kburson/ai-task-manager@0.1.0 test:slow
2026-10-03T16:34:46.1880100Z > node scripts/run-tests.mjs --lane slow
2026-10-03T16:34:46.1880653Z 
2026-10-03T16:34:46.3103518Z ▶ lane=slow (55 files)
2026-10-03T16:34:46.3127028Z 
2026-10-03T16:40:26.9231469Z ▶ scripts/tests/slow/task-tracker/core/ci-lane-wiring.test.mjs ... ok (62ms)
2026-10-03T16:40:26.9232877Z ▶ scripts/tests/slow/task-tracker/core/fleet-registry-concurrent.test.mjs ... ok (5.0s)
2026-10-03T16:40:26.9233803Z ▶ scripts/tests/slow/task-tracker/core/lifecycle-traversal-e2e.test.mjs ... ok (102ms)
2026-10-03T16:40:26.9234639Z ▶ scripts/tests/slow/task-tracker/core/maintenance-scripts-strict-argv.test.mjs ... ok (3.8s)
2026-10-03T16:40:26.9235433Z ▶ scripts/tests/slow/task-tracker/core/packaged-doctor-consumer.test.mjs ... ok (6.0s)
2026-10-03T16:40:26.9236535Z ▶ scripts/tests/slow/task-tracker/core/packaged-tail-profile-consumer.test.mjs ... ok (3.1s)
2026-10-03T16:40:26.9237832Z ▶ scripts/tests/slow/task-tracker/core/verify-develop.test.mjs ... ok (844ms)
2026-10-03T16:40:26.9239080Z ▶ scripts/tests/slow/task-tracker/lib/ac-evidence-gate.test.mjs ... ok (1.1s)
2026-10-03T16:40:26.9240396Z ▶ scripts/tests/slow/task-tracker/lib/action-capture-integration.test.mjs ... ok (1.1s)
2026-10-03T16:40:26.9241676Z ▶ scripts/tests/slow/task-tracker/lib/activity-guard.test.mjs ... ok (18.1s)
2026-10-03T16:40:26.9242831Z ▶ scripts/tests/slow/task-tracker/lib/agent-guard.test.mjs ... ok (697ms)
2026-10-03T16:40:26.9244091Z ▶ scripts/tests/slow/task-tracker/lib/agentic-help-runtime.test.mjs ... ok (179.6s)
2026-10-03T16:40:26.9245366Z ▶ scripts/tests/slow/task-tracker/lib/aitm-dispatcher.test.mjs ... ok (7.9s)
2026-10-03T16:40:26.9246798Z ▶ scripts/tests/slow/task-tracker/lib/body-write-roundtrip.test.mjs ... ok (52ms)
2026-10-03T16:40:26.9248149Z ▶ scripts/tests/slow/task-tracker/lib/chore-mode-activity-guard.test.mjs ... ok (559ms)
2026-10-03T16:40:26.9249314Z ▶ scripts/tests/slow/task-tracker/lib/cli.test.mjs ... ok (12.1s)
2026-10-03T16:40:26.9250926Z ▶ scripts/tests/slow/task-tracker/lib/commit-trail-handler.test.mjs ... ok (1.6s)
2026-10-03T16:40:26.9252120Z ▶ scripts/tests/slow/task-tracker/lib/config-completeness-invariant.test.mjs ... ok (331ms)
2026-10-03T16:40:26.9252914Z ▶ scripts/tests/slow/task-tracker/lib/coverage-close-gates.test.mjs ... ok (1.1s)
2026-10-03T16:40:26.9253646Z ▶ scripts/tests/slow/task-tracker/lib/coverage-hook-handler.test.mjs ... ok (4.8s)
2026-10-03T16:40:26.9254421Z ▶ scripts/tests/slow/task-tracker/lib/coverage-orchestrator-lock.test.mjs ... ok (976ms)
2026-10-03T16:40:26.9255120Z ▶ scripts/tests/slow/task-tracker/lib/create-issue.test.mjs ... ok (2.6s)
2026-10-03T16:40:26.9255798Z ▶ scripts/tests/slow/task-tracker/lib/demonstrable-ac-gate.test.mjs ... ok (91ms)
2026-10-03T16:40:26.9269394Z ▶ scripts/tests/slow/task-tracker/lib/dirty-review-promote-false-success.test.mjs ... ok (890ms)
2026-10-03T16:40:26.9271039Z ▶ scripts/tests/slow/task-tracker/lib/dirty-workspace-gate.test.mjs ... ok (4.8s)
2026-10-03T16:40:26.9272412Z ▶ scripts/tests/slow/task-tracker/lib/discover-autosave.test.mjs ... ok (108ms)
2026-10-03T16:40:26.9273706Z ▶ scripts/tests/slow/task-tracker/lib/draft-branch.test.mjs ... ok (335ms)
2026-10-03T16:40:26.9275041Z ▶ scripts/tests/slow/task-tracker/lib/ensure-wave-parent.test.mjs ... ok (4.8s)
2026-10-03T16:40:26.9276897Z ▶ scripts/tests/slow/task-tracker/lib/epic-children-review-lifecycle.test.mjs ... ok (263ms)
2026-10-03T16:40:26.9278755Z ▶ scripts/tests/slow/task-tracker/lib/epic-tree.test.mjs ... ok (806ms)
2026-10-03T16:40:26.9280364Z ▶ scripts/tests/slow/task-tracker/lib/evidence-v2/frozen-worktree-rehearsal.test.mjs ... ok (5.6s)
2026-10-03T16:40:26.9281992Z ▶ scripts/tests/slow/task-tracker/lib/gate-message-attribution.test.mjs ... ok (224ms)
2026-10-03T16:40:26.9283374Z ▶ scripts/tests/slow/task-tracker/lib/gates.test.mjs ... ok (4.5s)
2026-10-03T16:40:26.9284704Z ▶ scripts/tests/slow/task-tracker/lib/init-status-palette.test.mjs ... ok (5.4s)
2026-10-03T16:40:26.9286208Z ▶ scripts/tests/slow/task-tracker/lib/issue-authoring.test.mjs ... ok (2.7s)
2026-10-03T16:40:26.9287833Z ▶ scripts/tests/slow/task-tracker/lib/lifecycle.test.mjs ... ok (3.3s)
2026-10-03T16:40:26.9289142Z ▶ scripts/tests/slow/task-tracker/lib/log-issue-time.test.mjs ... ok (1.6s)
2026-10-03T16:40:26.9290566Z ▶ scripts/tests/slow/task-tracker/lib/move-state-approval-gate.test.mjs ... ok (7.4s)
2026-10-03T16:40:26.9291969Z ▶ scripts/tests/slow/task-tracker/lib/move-state-gate.test.mjs ... ok (5.3s)
2026-10-03T16:40:26.9293181Z ▶ scripts/tests/slow/task-tracker/lib/move-state.test.mjs ... ok (4.0s)
2026-10-03T16:40:26.9294586Z ▶ scripts/tests/slow/task-tracker/lib/move-state/board-field-readback.test.mjs ... ok (2.9s)
2026-10-03T16:40:26.9296138Z ▶ scripts/tests/slow/task-tracker/lib/proof-gate-reconciliation.test.mjs ... ok (646ms)
2026-10-03T16:40:26.9298083Z ▶ scripts/tests/slow/task-tracker/lib/ready-for-plan-live-migration.test.mjs ... ok (504ms)
2026-10-03T16:40:26.9299744Z ▶ scripts/tests/slow/task-tracker/lib/review-approval-prompt.test.mjs ... ok (19.8s)
2026-10-03T16:40:26.9301268Z ▶ scripts/tests/slow/task-tracker/lib/verb-preflight-wiring.test.mjs ... ok (3.5s)
2026-10-03T16:40:26.9302747Z ▶ scripts/tests/slow/task-tracker/lib/worktree-isolation.test.mjs ... ok (3.4s)
2026-10-03T16:40:26.9304216Z ▶ scripts/tests/slow/task-tracker/lib/worktree-seed-integration.test.mjs ... ok (942ms)
2026-10-03T16:40:26.9305762Z ▶ scripts/tests/slow/task-tracker/verbs/close-lifecycle-tick.test.mjs ... ok (215ms)
2026-10-03T16:40:26.9307478Z ▶ scripts/tests/slow/task-tracker/verbs/coverage-close.test.mjs ... ok (2.6s)
2026-10-03T16:40:26.9308982Z ▶ scripts/tests/slow/task-tracker/verbs/deadlock-regression.test.mjs ... ok (272ms)
2026-10-03T16:40:26.9310459Z ▶ scripts/tests/slow/task-tracker/verbs/promote-verb.test.mjs ... ok (1.0s)
2026-10-03T16:40:26.9311933Z ▶ scripts/tests/slow/task-tracker/verbs/recovery-path-independence.test.mjs ... ok (427ms)
2026-10-03T16:40:26.9313529Z ▶ scripts/tests/slow/task-tracker/verbs/state-marker-single-writer.test.mjs ... ok (344ms)
2026-10-03T16:40:26.9315452Z ▶ scripts/tests/slow/task-tracker/verbs/verb-test-remove-worktree.test.mjs ... ok (290ms)
2026-10-03T16:40:26.9317239Z ▶ scripts/tests/slow/task-tracker/workflow-exception-lifecycle.test.mjs ... ok (111ms)
2026-10-03T16:40:26.9317948Z 
2026-10-03T16:40:26.9320261Z ▶ scheduling: 0 pure unit file(s) at pool concurrency 3 (peak 0); 0 direct-subprocess file(s) at pool concurrency 2 (peak 0); 1 explicit-safe slow file(s) at pool concurrency 2 (peak 1); 54 explicit-unsafe/integration/unmarked-slow file(s) serial
2026-10-03T16:40:26.9378067Z 
2026-10-03T16:40:26.9379813Z run-tests: lane 'slow' bounded sections: slow-parallel=179.6s/600s (1 files); serial=160.8s/600s (54 files); aggregate=340.4s
2026-10-03T16:40:26.9380820Z 
2026-10-03T16:40:26.9381034Z All 55 test files passed.
2026-10-03T16:40:26.9637304Z Post job cleanup.
2026-10-03T16:40:27.0965773Z (node:28731) [DEP0040] DeprecationWarning: The `punycode` module is deprecated. Please use a userland alternative instead.
2026-10-03T16:40:27.0967181Z (Use `node --trace-deprecation ...` to show where the warning was created)
2026-10-03T16:40:27.0970195Z Cache hit occurred on the primary key node-cache-Linux-x64-npm-bd03a24e4fb6ea9135263ddfda5f6f14aceea5c97773b78dfd4f842230cc9a5f, not saving cache.
2026-10-03T16:40:27.1138022Z Post job cleanup.
2026-10-03T16:40:27.2048034Z [command]/usr/bin/git version
2026-10-03T16:40:27.2097914Z git version 2.55.0
2026-10-03T16:40:27.2139862Z Temporarily overriding HOME='/home/runner/work/_temp/8d1b9f32-4551-4d2f-bbdc-ece1c8c78729' before making global git config changes
2026-10-03T16:40:27.2141608Z Adding repository directory to the temporary git global config as a safe directory
2026-10-03T16:40:27.2145608Z [command]/usr/bin/git config --global --add safe.directory /home/runner/work/ai-task-manager/ai-task-manager
2026-10-03T16:40:27.2190637Z [command]/usr/bin/git config --local --name-only --get-regexp core\.sshCommand
2026-10-03T16:40:27.2231652Z [command]/usr/bin/git submodule foreach --recursive sh -c "git config --local --name-only --get-regexp 'core\.sshCommand' && git config --local --unset-all 'core.sshCommand' || :"
2026-10-03T16:40:27.2526500Z [command]/usr/bin/git config --local --name-only --get-regexp http\.https\:\/\/github\.com\/\.extraheader
2026-10-03T16:40:27.2561797Z http.https://github.com/.extraheader
2026-10-03T16:40:27.2576883Z [command]/usr/bin/git config --local --unset-all http.https://github.com/.extraheader
2026-10-03T16:40:27.2663470Z [command]/usr/bin/git submodule foreach --recursive sh -c "git config --local --name-only --get-regexp 'http\.https\:\/\/github\.com\/\.extraheader' && git config --local --unset-all 'http.https://github.com/.extraheader' || :"
2026-10-03T16:40:27.2983177Z [command]/usr/bin/git config --local --name-only --get-regexp ^includeIf\.gitdir:
2026-10-03T16:40:27.3038677Z [command]/usr/bin/git submodule foreach --recursive git config --local --show-origin --name-only --get-regexp remote.origin.url
2026-10-03T16:40:27.3558351Z Cleaning up orphan processes
