✔ layout audit rejects a discovered test outside the canonical lane tree (334.628666ms)
✔ layout audit rejects a test placed directly in a canonical lane root (142.888167ms)
✔ line-cap audit still examines a misplaced test discovered outside the canonical tree (125.900333ms)
✔ a hidden support-subtree test cannot evade discovery, the runner, or any audit (377.300167ms)
✔ feature-oriented files keep semantic ownership after their lane correction (1.374708ms)
✔ current test-tree baseline is well formed (1.27475ms)
✔ AC3/AC4: every current baseline test remains live in its recorded lane (0.290625ms)
✔ AC1: no *.test.mjs file remains directly in a lane root (0.284709ms)
✔ AC2: every lane subdirectory has an explicit subsystem or integration owner (4.514209ms)
✔ AC4: the three lanes are a disjoint partition whose union is the whole discovery set (11.74ms)
✔ resume refuses unbound first pending artifacts after a real SIGKILL (868.10025ms)
✔ SIGKILL at after-empty-first-journal preserves exact empty recovery (1467.837208ms)
✔ SIGKILL at after-empty-stage-record preserves exact empty recovery (1853.104792ms)
✔ SIGKILL at after-empty-staging preserves exact empty recovery (1278.311834ms)
✔ SIGKILL at after-empty-prepared-control preserves exact empty recovery (1277.732375ms)
✔ SIGKILL at after-empty-store-rename preserves exact empty recovery (1255.427916ms)
✔ SIGKILL at after-empty-complete-journal preserves exact empty recovery (1320.061583ms)
✔ SIGKILL at after-empty-active-control preserves exact empty recovery (1343.11175ms)
✔ staged byte conflict refuses recovery without changing any file (781.42675ms)
✔ unexpected ancestor sibling is never adopted by empty recovery (535.625208ms)
✔ SIGKILLed empty resumer requires its own exact death before another recovery (1915.392125ms)
✔ SIGKILL during coordinator recovery claim retains a resumable ordered history (1365.019875ms)
✔ live empty publisher cannot be recovered and all protected bytes stay unchanged (471.511708ms)
✔ closed empty journal refuses stage-path without writes (948.633291ms)
✔ closed empty journal refuses owner-extra without writes (798.9755ms)
✔ closed empty journal refuses owner-history without writes (871.619917ms)
✔ registered recovery completes an exact dead receipt after durable coordinator removal (2694.926166ms)
ℹ tests 27
ℹ suites 0
ℹ pass 27
ℹ fail 0
ℹ cancelled 0
ℹ skipped 0
ℹ todo 0
ℹ duration_ms 21146.381916
