2026-10-04T04:39:37.1453802Z Current runner version: '2.337.0'
2026-10-04T04:39:37.1477818Z ##[group]Runner Image Provisioner
2026-10-04T04:39:37.1479108Z Hosted Compute Agent
2026-10-04T04:39:37.1479821Z Version: 20260901.588
2026-10-04T04:39:37.1480452Z Commit: f88ec8081b781fac6c440065ac7ff9e710ce3d0b
2026-10-04T04:39:37.1481247Z Build Date: 2026-09-01T19:56:44Z
2026-10-04T04:39:37.1481953Z Worker ID: {3523168a-55ef-4af8-8a8b-3e6ab9ddd4f3}
2026-10-04T04:39:37.1482659Z Azure Region: westus
2026-10-04T04:39:37.1483341Z ##[endgroup]
2026-10-04T04:39:37.1484824Z ##[group]Operating System
2026-10-04T04:39:37.1485515Z Ubuntu
2026-10-04T04:39:37.1486049Z 24.04.5
2026-10-04T04:39:37.1486557Z LTS
2026-10-04T04:39:37.1487222Z ##[endgroup]
2026-10-04T04:39:37.1487773Z ##[group]Runner Image
2026-10-04T04:39:37.1488649Z Image: ubuntu-24.04
2026-10-04T04:39:37.1489242Z Version: 20260927.320.1
2026-10-04T04:39:37.1490495Z Included Software: https://github.com/actions/runner-images/blob/ubuntu24/20260927.320/images/ubuntu/Ubuntu2404-Readme.md
2026-10-04T04:39:37.1492081Z Image Release: https://github.com/actions/runner-images/releases/tag/ubuntu24%2F20260927.320
2026-10-04T04:39:37.1493097Z ##[endgroup]
2026-10-04T04:39:37.1494250Z ##[group]GITHUB_TOKEN Permissions
2026-10-04T04:39:37.1496194Z Contents: read
2026-10-04T04:39:37.1496827Z Metadata: read
2026-10-04T04:39:37.1497401Z ##[endgroup]
2026-10-04T04:39:37.1500037Z Secret source: Actions
2026-10-04T04:39:37.1501009Z Cache mode: write
2026-10-04T04:39:37.1501844Z Prepare workflow directory
2026-10-04T04:39:37.1902071Z Prepare all required actions
2026-10-04T04:39:37.1951633Z Getting action download info
2026-10-04T04:39:37.5422746Z Download action repository 'actions/checkout@v5' (SHA:fbc6f3992d24b796d5a048ff273f7fcc4a7b6c09)
2026-10-04T04:39:37.6665096Z Download action repository 'actions/setup-node@v5' (SHA:a0853c24544627f65ddf259abe73b1d18a591444)
2026-10-04T04:39:37.9121241Z Complete job name: Slow lane (slow tests only)
2026-10-04T04:39:37.9887302Z ##[group]Run actions/checkout@v5
2026-10-04T04:39:37.9888446Z with:
2026-10-04T04:39:37.9888934Z   repository: kburson/ai-task-manager
2026-10-04T04:39:37.9892941Z   token: ***
2026-10-04T04:39:37.9893381Z   ssh-strict: true
2026-10-04T04:39:37.9893836Z   ssh-user: git
2026-10-04T04:39:37.9894295Z   persist-credentials: true
2026-10-04T04:39:37.9894786Z   clean: true
2026-10-04T04:39:37.9895232Z   sparse-checkout-cone-mode: true
2026-10-04T04:39:37.9895751Z   fetch-depth: 1
2026-10-04T04:39:37.9896190Z   fetch-tags: false
2026-10-04T04:39:37.9896640Z   show-progress: true
2026-10-04T04:39:37.9897087Z   lfs: false
2026-10-04T04:39:37.9897501Z   submodules: false
2026-10-04T04:39:37.9898110Z   set-safe-directory: true
2026-10-04T04:39:37.9898633Z   allow-unsafe-pr-checkout: false
2026-10-04T04:39:37.9899412Z env:
2026-10-04T04:39:37.9899851Z   GIT_AUTHOR_NAME: kendrick burson
2026-10-04T04:39:37.9900389Z   GIT_AUTHOR_EMAIL: kpburson@pm.me
2026-10-04T04:39:37.9900961Z   GIT_COMMITTER_NAME: kendrick burson
2026-10-04T04:39:37.9901519Z   GIT_COMMITTER_EMAIL: kpburson@pm.me
2026-10-04T04:39:37.9902044Z ##[endgroup]
2026-10-04T04:39:38.0935656Z Syncing repository: kburson/ai-task-manager
2026-10-04T04:39:38.0937515Z ##[group]Getting Git version info
2026-10-04T04:39:38.0938646Z Working directory is '/home/runner/work/ai-task-manager/ai-task-manager'
2026-10-04T04:39:38.0939747Z [command]/usr/bin/git version
2026-10-04T04:39:38.1005345Z git version 2.55.0
2026-10-04T04:39:38.1029545Z ##[endgroup]
2026-10-04T04:39:38.1045607Z Temporarily overriding HOME='/home/runner/work/_temp/a4cf5d78-47db-4f17-be5d-2d72ff81d765' before making global git config changes
2026-10-04T04:39:38.1047833Z Adding repository directory to the temporary git global config as a safe directory
2026-10-04T04:39:38.1053056Z [command]/usr/bin/git config --global --add safe.directory /home/runner/work/ai-task-manager/ai-task-manager
2026-10-04T04:39:38.1111326Z Deleting the contents of '/home/runner/work/ai-task-manager/ai-task-manager'
2026-10-04T04:39:38.1116483Z ##[group]Initializing the repository
2026-10-04T04:39:38.1121842Z [command]/usr/bin/git init /home/runner/work/ai-task-manager/ai-task-manager
2026-10-04T04:39:38.1267059Z hint: Using 'master' as the name for the initial branch. This default branch name
2026-10-04T04:39:38.1268822Z hint: will change to "main" in Git 3.0. To configure the initial branch name
2026-10-04T04:39:38.1269821Z hint: to use in all of your new repositories, which will suppress this warning,
2026-10-04T04:39:38.1270586Z hint: call:
2026-10-04T04:39:38.1271007Z hint:
2026-10-04T04:39:38.1271565Z hint: 	git config --global init.defaultBranch <name>
2026-10-04T04:39:38.1272211Z hint:
2026-10-04T04:39:38.1272822Z hint: Names commonly chosen instead of 'master' are 'main', 'trunk' and
2026-10-04T04:39:38.1273773Z hint: 'development'. The just-created branch can be renamed via this command:
2026-10-04T04:39:38.1274536Z hint:
2026-10-04T04:39:38.1274977Z hint: 	git branch -m <name>
2026-10-04T04:39:38.1275492Z hint:
2026-10-04T04:39:38.1276142Z hint: Disable this message with "git config set advice.defaultBranchName false"
2026-10-04T04:39:38.1282811Z Initialized empty Git repository in /home/runner/work/ai-task-manager/ai-task-manager/.git/
2026-10-04T04:39:38.1295614Z [command]/usr/bin/git remote add origin https://github.com/kburson/ai-task-manager
2026-10-04T04:39:38.1350779Z ##[endgroup]
2026-10-04T04:39:38.1352115Z ##[group]Disabling automatic garbage collection
2026-10-04T04:39:38.1355924Z [command]/usr/bin/git config --local gc.auto 0
2026-10-04T04:39:38.1389083Z ##[endgroup]
2026-10-04T04:39:38.1390442Z ##[group]Setting up auth
2026-10-04T04:39:38.1396735Z [command]/usr/bin/git config --local --name-only --get-regexp core\.sshCommand
2026-10-04T04:39:38.1431511Z [command]/usr/bin/git submodule foreach --recursive sh -c "git config --local --name-only --get-regexp 'core\.sshCommand' && git config --local --unset-all 'core.sshCommand' || :"
2026-10-04T04:39:38.1826357Z [command]/usr/bin/git config --local --name-only --get-regexp http\.https\:\/\/github\.com\/\.extraheader
2026-10-04T04:39:38.1866319Z [command]/usr/bin/git submodule foreach --recursive sh -c "git config --local --name-only --get-regexp 'http\.https\:\/\/github\.com\/\.extraheader' && git config --local --unset-all 'http.https://github.com/.extraheader' || :"
2026-10-04T04:39:38.2107376Z [command]/usr/bin/git config --local --name-only --get-regexp ^includeIf\.gitdir:
2026-10-04T04:39:38.2147529Z [command]/usr/bin/git submodule foreach --recursive git config --local --show-origin --name-only --get-regexp remote.origin.url
2026-10-04T04:39:38.2404049Z [command]/usr/bin/git config --local http.https://github.com/.extraheader AUTHORIZATION: basic ***
2026-10-04T04:39:38.2448533Z ##[endgroup]
2026-10-04T04:39:38.2458721Z ##[group]Fetching the repository
2026-10-04T04:39:38.2461488Z [command]/usr/bin/git -c protocol.version=2 fetch --no-tags --prune --no-recurse-submodules --depth=1 origin +039d49bd50bcdf913480fb5e9b396fa720fcb758:refs/remotes/pull/1871/merge
2026-10-04T04:39:39.8814932Z From https://github.com/kburson/ai-task-manager
2026-10-04T04:39:39.8817662Z  * [new ref]         039d49bd50bcdf913480fb5e9b396fa720fcb758 -> pull/1871/merge
2026-10-04T04:39:39.8823445Z ##[endgroup]
2026-10-04T04:39:39.8825538Z ##[group]Determining the checkout info
2026-10-04T04:39:39.8828175Z ##[endgroup]
2026-10-04T04:39:39.8831701Z [command]/usr/bin/git sparse-checkout disable
2026-10-04T04:39:39.8920850Z [command]/usr/bin/git config --local --unset-all extensions.worktreeConfig
2026-10-04T04:39:39.8953744Z ##[group]Checking out the ref
2026-10-04T04:39:39.8957220Z [command]/usr/bin/git checkout --progress --force refs/remotes/pull/1871/merge
2026-10-04T04:39:40.2055945Z Note: switching to 'refs/remotes/pull/1871/merge'.
2026-10-04T04:39:40.2056411Z 
2026-10-04T04:39:40.2056746Z You are in 'detached HEAD' state. You can look around, make experimental
2026-10-04T04:39:40.2057440Z changes and commit them, and you can discard any commits you make in this
2026-10-04T04:39:40.2058591Z state without impacting any branches by switching back to a branch.
2026-10-04T04:39:40.2059602Z 
2026-10-04T04:39:40.2060021Z If you want to create a new branch to retain commits you create, you may
2026-10-04T04:39:40.2060653Z do so (now or later) by using -c with the switch command. Example:
2026-10-04T04:39:40.2061019Z 
2026-10-04T04:39:40.2061178Z   git switch -c <new-branch-name>
2026-10-04T04:39:40.2061422Z 
2026-10-04T04:39:40.2061583Z Or undo this operation with:
2026-10-04T04:39:40.2061834Z 
2026-10-04T04:39:40.2061972Z   git switch -
2026-10-04T04:39:40.2062172Z 
2026-10-04T04:39:40.2062525Z Turn off this advice by setting config variable advice.detachedHead to false
2026-10-04T04:39:40.2062956Z 
2026-10-04T04:39:40.2063418Z HEAD is now at 039d49b Merge bdb21d38f038583686bb1589d39f406bf11e2745 into 171c7d93866f67b58effa635be5ae737f54ef9eb
2026-10-04T04:39:40.2071982Z ##[endgroup]
2026-10-04T04:39:40.2118935Z [command]/usr/bin/git log -1 --format=%H
2026-10-04T04:39:40.2146598Z 039d49bd50bcdf913480fb5e9b396fa720fcb758
2026-10-04T04:39:40.2382751Z ##[group]Run git fetch --no-tags origin trunk:trunk
2026-10-04T04:39:40.2383297Z [36;1mgit fetch --no-tags origin trunk:trunk[0m
2026-10-04T04:39:40.2625218Z shell: /usr/bin/bash -e {0}
2026-10-04T04:39:40.2625610Z env:
2026-10-04T04:39:40.2625904Z   GIT_AUTHOR_NAME: kendrick burson
2026-10-04T04:39:40.2626281Z   GIT_AUTHOR_EMAIL: kpburson@pm.me
2026-10-04T04:39:40.2626660Z   GIT_COMMITTER_NAME: kendrick burson
2026-10-04T04:39:40.2627059Z   GIT_COMMITTER_EMAIL: kpburson@pm.me
2026-10-04T04:39:40.2627431Z ##[endgroup]
2026-10-04T04:39:43.3308530Z From https://github.com/kburson/ai-task-manager
2026-10-04T04:39:43.3309374Z  * [new branch]        trunk      -> trunk
2026-10-04T04:39:43.3309947Z  * [new branch]        trunk      -> origin/trunk
2026-10-04T04:39:43.3421039Z ##[group]Run actions/setup-node@v5
2026-10-04T04:39:43.3421419Z with:
2026-10-04T04:39:43.3421656Z   node-version: 24
2026-10-04T04:39:43.3421901Z   cache: npm
2026-10-04T04:39:43.3422136Z   always-auth: false
2026-10-04T04:39:43.3422394Z   check-latest: false
2026-10-04T04:39:43.3425206Z   token: ***
2026-10-04T04:39:43.3425470Z   package-manager-cache: true
2026-10-04T04:39:43.3425775Z env:
2026-10-04T04:39:43.3426024Z   GIT_AUTHOR_NAME: kendrick burson
2026-10-04T04:39:43.3426332Z   GIT_AUTHOR_EMAIL: kpburson@pm.me
2026-10-04T04:39:43.3426647Z   GIT_COMMITTER_NAME: kendrick burson
2026-10-04T04:39:43.3426979Z   GIT_COMMITTER_EMAIL: kpburson@pm.me
2026-10-04T04:39:43.3427280Z ##[endgroup]
2026-10-04T04:39:43.4922662Z Found in cache @ /opt/hostedtoolcache/node/24.21.0/x64
2026-10-04T04:39:43.4927635Z (node:2388) [DEP0040] DeprecationWarning: The `punycode` module is deprecated. Please use a userland alternative instead.
2026-10-04T04:39:43.4928881Z (Use `node --trace-deprecation ...` to show where the warning was created)
2026-10-04T04:39:43.4931140Z ##[group]Environment details
2026-10-04T04:39:43.9201564Z node: v24.21.0
2026-10-04T04:39:43.9202193Z npm: 11.19.0
2026-10-04T04:39:43.9202534Z yarn: 1.22.22
2026-10-04T04:39:43.9203767Z ##[endgroup]
2026-10-04T04:39:43.9227289Z [command]/opt/hostedtoolcache/node/24.21.0/x64/bin/npm config get cache
2026-10-04T04:39:44.0464895Z /home/runner/.npm
2026-10-04T04:39:44.3102835Z Cache hit for: node-cache-Linux-x64-npm-bd03a24e4fb6ea9135263ddfda5f6f14aceea5c97773b78dfd4f842230cc9a5f
2026-10-04T04:39:44.3210922Z (node:2388) [DEP0169] DeprecationWarning: `url.parse()` behavior is not standardized and prone to errors that have security implications. Use the WHATWG URL API instead. CVEs are not issued for `url.parse()` vulnerabilities.
2026-10-04T04:39:45.6156001Z Received 4194304 of 33193731 (12.6%), 4.0 MBs/sec
2026-10-04T04:39:45.9358468Z Received 33193731 of 33193731 (100.0%), 24.0 MBs/sec
2026-10-04T04:39:45.9359190Z Cache Size: ~32 MB (33193731 B)
2026-10-04T04:39:45.9390560Z [command]/usr/bin/tar -xf /home/runner/work/_temp/a5ca9bb5-a219-47f3-a6ef-dabba4015bc3/cache.tzst -P -C /home/runner/work/ai-task-manager/ai-task-manager --use-compress-program unzstd
2026-10-04T04:39:46.0947669Z Cache restored successfully
2026-10-04T04:39:46.0966745Z Cache restored from key: node-cache-Linux-x64-npm-bd03a24e4fb6ea9135263ddfda5f6f14aceea5c97773b78dfd4f842230cc9a5f
2026-10-04T04:39:46.1136760Z ##[group]Run npm ci
2026-10-04T04:39:46.1137019Z [36;1mnpm ci[0m
2026-10-04T04:39:46.1210456Z shell: /usr/bin/bash -e {0}
2026-10-04T04:39:46.1210721Z env:
2026-10-04T04:39:46.1210930Z   GIT_AUTHOR_NAME: kendrick burson
2026-10-04T04:39:46.1211236Z   GIT_AUTHOR_EMAIL: kpburson@pm.me
2026-10-04T04:39:46.1211514Z   GIT_COMMITTER_NAME: kendrick burson
2026-10-04T04:39:46.1211805Z   GIT_COMMITTER_EMAIL: kpburson@pm.me
2026-10-04T04:39:46.1212072Z ##[endgroup]
2026-10-04T04:39:54.1023967Z 
2026-10-04T04:39:54.1034226Z added 318 packages, and audited 319 packages in 8s
2026-10-04T04:39:54.1034625Z 
2026-10-04T04:39:54.1034891Z 101 packages are looking for funding
2026-10-04T04:39:54.1035290Z   run `npm fund` for details
2026-10-04T04:39:54.1073650Z 
2026-10-04T04:39:54.1074167Z 8 vulnerabilities (2 moderate, 6 high)
2026-10-04T04:39:54.1074569Z 
2026-10-04T04:39:54.1074793Z To address all issues, run:
2026-10-04T04:39:54.1075078Z   npm audit fix
2026-10-04T04:39:54.1075217Z 
2026-10-04T04:39:54.1075397Z Run `npm audit` for details.
2026-10-04T04:39:54.1084838Z npm warn install-scripts 1 package has install scripts not yet covered by allowScripts:
2026-10-04T04:39:54.1085614Z npm warn install-scripts   puppeteer@25.11.0 (postinstall: node install.mjs)
2026-10-04T04:39:54.1086112Z npm warn install-scripts
2026-10-04T04:39:54.1086803Z npm warn install-scripts Run `npm install-scripts ls` to review, or `npm install-scripts approve <pkg>` to allow.
2026-10-04T04:39:54.1679070Z ##[group]Run npm run test:slow
2026-10-04T04:39:54.1679409Z [36;1mnpm run test:slow[0m
2026-10-04T04:39:54.1744340Z shell: /usr/bin/bash -e {0}
2026-10-04T04:39:54.1744599Z env:
2026-10-04T04:39:54.1744804Z   GIT_AUTHOR_NAME: kendrick burson
2026-10-04T04:39:54.1745092Z   GIT_AUTHOR_EMAIL: kpburson@pm.me
2026-10-04T04:39:54.1745361Z   GIT_COMMITTER_NAME: kendrick burson
2026-10-04T04:39:54.1745651Z   GIT_COMMITTER_EMAIL: kpburson@pm.me
2026-10-04T04:39:54.1745903Z ##[endgroup]
2026-10-04T04:39:54.2854313Z 
2026-10-04T04:39:54.2854981Z > @kburson/ai-task-manager@0.1.0 test:slow
2026-10-04T04:39:54.2855728Z > node scripts/run-tests.mjs --lane slow
2026-10-04T04:39:54.2856090Z 
2026-10-04T04:39:54.3859734Z ▶ lane=slow (55 files)
2026-10-04T04:39:54.3860119Z 
2026-10-04T04:45:34.9957144Z ▶ scripts/tests/slow/task-tracker/core/ci-lane-wiring.test.mjs ... ok (62ms)
2026-10-04T04:45:34.9958952Z ▶ scripts/tests/slow/task-tracker/core/fleet-registry-concurrent.test.mjs ... ok (5.0s)
2026-10-04T04:45:34.9961026Z ▶ scripts/tests/slow/task-tracker/core/lifecycle-traversal-e2e.test.mjs ... ok (102ms)
2026-10-04T04:45:34.9963021Z ▶ scripts/tests/slow/task-tracker/core/maintenance-scripts-strict-argv.test.mjs ... ok (3.8s)
2026-10-04T04:45:34.9965177Z ▶ scripts/tests/slow/task-tracker/core/packaged-doctor-consumer.test.mjs ... ok (6.2s)
2026-10-04T04:45:34.9966338Z ▶ scripts/tests/slow/task-tracker/core/packaged-tail-profile-consumer.test.mjs ... ok (3.1s)
2026-10-04T04:45:34.9967690Z ▶ scripts/tests/slow/task-tracker/core/verify-develop.test.mjs ... ok (845ms)
2026-10-04T04:45:34.9969285Z ▶ scripts/tests/slow/task-tracker/lib/ac-evidence-gate.test.mjs ... ok (1.1s)
2026-10-04T04:45:34.9970633Z ▶ scripts/tests/slow/task-tracker/lib/action-capture-integration.test.mjs ... ok (1.1s)
2026-10-04T04:45:34.9972169Z ▶ scripts/tests/slow/task-tracker/lib/activity-guard.test.mjs ... ok (18.4s)
2026-10-04T04:45:34.9973452Z ▶ scripts/tests/slow/task-tracker/lib/agent-guard.test.mjs ... ok (696ms)
2026-10-04T04:45:34.9974867Z ▶ scripts/tests/slow/task-tracker/lib/agentic-help-runtime.test.mjs ... ok (178.8s)
2026-10-04T04:45:34.9976240Z ▶ scripts/tests/slow/task-tracker/lib/aitm-dispatcher.test.mjs ... ok (8.0s)
2026-10-04T04:45:34.9977487Z ▶ scripts/tests/slow/task-tracker/lib/body-write-roundtrip.test.mjs ... ok (53ms)
2026-10-04T04:45:34.9979091Z ▶ scripts/tests/slow/task-tracker/lib/chore-mode-activity-guard.test.mjs ... ok (567ms)
2026-10-04T04:45:34.9980730Z ▶ scripts/tests/slow/task-tracker/lib/cli.test.mjs ... ok (12.1s)
2026-10-04T04:45:34.9981883Z ▶ scripts/tests/slow/task-tracker/lib/commit-trail-handler.test.mjs ... ok (1.6s)
2026-10-04T04:45:34.9983246Z ▶ scripts/tests/slow/task-tracker/lib/config-completeness-invariant.test.mjs ... ok (325ms)
2026-10-04T04:45:34.9984589Z ▶ scripts/tests/slow/task-tracker/lib/coverage-close-gates.test.mjs ... ok (1.6s)
2026-10-04T04:45:34.9985877Z ▶ scripts/tests/slow/task-tracker/lib/coverage-hook-handler.test.mjs ... ok (4.9s)
2026-10-04T04:45:34.9986763Z ▶ scripts/tests/slow/task-tracker/lib/coverage-orchestrator-lock.test.mjs ... ok (1.0s)
2026-10-04T04:45:34.9987742Z ▶ scripts/tests/slow/task-tracker/lib/create-issue.test.mjs ... ok (2.7s)
2026-10-04T04:45:34.9988840Z ▶ scripts/tests/slow/task-tracker/lib/demonstrable-ac-gate.test.mjs ... ok (94ms)
2026-10-04T04:45:34.9990182Z ▶ scripts/tests/slow/task-tracker/lib/dirty-review-promote-false-success.test.mjs ... ok (926ms)
2026-10-04T04:45:34.9991677Z ▶ scripts/tests/slow/task-tracker/lib/dirty-workspace-gate.test.mjs ... ok (4.9s)
2026-10-04T04:45:34.9992564Z ▶ scripts/tests/slow/task-tracker/lib/discover-autosave.test.mjs ... ok (108ms)
2026-10-04T04:45:34.9993233Z ▶ scripts/tests/slow/task-tracker/lib/draft-branch.test.mjs ... ok (367ms)
2026-10-04T04:45:34.9993906Z ▶ scripts/tests/slow/task-tracker/lib/ensure-wave-parent.test.mjs ... ok (4.8s)
2026-10-04T04:45:34.9994669Z ▶ scripts/tests/slow/task-tracker/lib/epic-children-review-lifecycle.test.mjs ... ok (260ms)
2026-10-04T04:45:34.9995743Z ▶ scripts/tests/slow/task-tracker/lib/epic-tree.test.mjs ... ok (799ms)
2026-10-04T04:45:34.9996561Z ▶ scripts/tests/slow/task-tracker/lib/evidence-v2/frozen-worktree-rehearsal.test.mjs ... ok (5.4s)
2026-10-04T04:45:34.9997381Z ▶ scripts/tests/slow/task-tracker/lib/gate-message-attribution.test.mjs ... ok (223ms)
2026-10-04T04:45:34.9998669Z ▶ scripts/tests/slow/task-tracker/lib/gates.test.mjs ... ok (4.4s)
2026-10-04T04:45:34.9999921Z ▶ scripts/tests/slow/task-tracker/lib/init-status-palette.test.mjs ... ok (5.3s)
2026-10-04T04:45:35.0000968Z ▶ scripts/tests/slow/task-tracker/lib/issue-authoring.test.mjs ... ok (2.6s)
2026-10-04T04:45:35.0001630Z ▶ scripts/tests/slow/task-tracker/lib/lifecycle.test.mjs ... ok (3.3s)
2026-10-04T04:45:35.0002280Z ▶ scripts/tests/slow/task-tracker/lib/log-issue-time.test.mjs ... ok (1.6s)
2026-10-04T04:45:35.0003010Z ▶ scripts/tests/slow/task-tracker/lib/move-state-approval-gate.test.mjs ... ok (7.4s)
2026-10-04T04:45:35.0003723Z ▶ scripts/tests/slow/task-tracker/lib/move-state-gate.test.mjs ... ok (5.3s)
2026-10-04T04:45:35.0004362Z ▶ scripts/tests/slow/task-tracker/lib/move-state.test.mjs ... ok (4.0s)
2026-10-04T04:45:35.0005090Z ▶ scripts/tests/slow/task-tracker/lib/move-state/board-field-readback.test.mjs ... ok (2.9s)
2026-10-04T04:45:35.0005867Z ▶ scripts/tests/slow/task-tracker/lib/proof-gate-reconciliation.test.mjs ... ok (649ms)
2026-10-04T04:45:35.0006663Z ▶ scripts/tests/slow/task-tracker/lib/ready-for-plan-live-migration.test.mjs ... ok (515ms)
2026-10-04T04:45:35.0007441Z ▶ scripts/tests/slow/task-tracker/lib/review-approval-prompt.test.mjs ... ok (19.7s)
2026-10-04T04:45:35.0008708Z ▶ scripts/tests/slow/task-tracker/lib/verb-preflight-wiring.test.mjs ... ok (3.4s)
2026-10-04T04:45:35.0010234Z ▶ scripts/tests/slow/task-tracker/lib/worktree-isolation.test.mjs ... ok (3.3s)
2026-10-04T04:45:35.0011529Z ▶ scripts/tests/slow/task-tracker/lib/worktree-seed-integration.test.mjs ... ok (957ms)
2026-10-04T04:45:35.0012751Z ▶ scripts/tests/slow/task-tracker/verbs/close-lifecycle-tick.test.mjs ... ok (214ms)
2026-10-04T04:45:35.0013893Z ▶ scripts/tests/slow/task-tracker/verbs/coverage-close.test.mjs ... ok (2.6s)
2026-10-04T04:45:35.0015042Z ▶ scripts/tests/slow/task-tracker/verbs/deadlock-regression.test.mjs ... ok (273ms)
2026-10-04T04:45:35.0016190Z ▶ scripts/tests/slow/task-tracker/verbs/promote-verb.test.mjs ... ok (984ms)
2026-10-04T04:45:35.0017463Z ▶ scripts/tests/slow/task-tracker/verbs/recovery-path-independence.test.mjs ... ok (409ms)
2026-10-04T04:45:35.0019381Z ▶ scripts/tests/slow/task-tracker/verbs/state-marker-single-writer.test.mjs ... ok (338ms)
2026-10-04T04:45:35.0020917Z ▶ scripts/tests/slow/task-tracker/verbs/verb-test-remove-worktree.test.mjs ... ok (282ms)
2026-10-04T04:45:35.0022402Z ▶ scripts/tests/slow/task-tracker/workflow-exception-lifecycle.test.mjs ... ok (116ms)
2026-10-04T04:45:35.0023057Z 
2026-10-04T04:45:35.0025247Z ▶ scheduling: 0 pure unit file(s) at pool concurrency 3 (peak 0); 0 direct-subprocess file(s) at pool concurrency 2 (peak 0); 1 explicit-safe slow file(s) at pool concurrency 2 (peak 1); 54 explicit-unsafe/integration/unmarked-slow file(s) serial
2026-10-04T04:45:35.0131406Z 
2026-10-04T04:45:35.0132405Z run-tests: lane 'slow' bounded sections: slow-parallel=178.8s/600s (1 files); serial=161.6s/600s (54 files); aggregate=340.4s
2026-10-04T04:45:35.0133017Z 
2026-10-04T04:45:35.0133148Z All 55 test files passed.
2026-10-04T04:45:35.0394229Z Post job cleanup.
2026-10-04T04:45:35.1653137Z (node:28809) [DEP0040] DeprecationWarning: The `punycode` module is deprecated. Please use a userland alternative instead.
2026-10-04T04:45:35.1654108Z (Use `node --trace-deprecation ...` to show where the warning was created)
2026-10-04T04:45:35.1658172Z Cache hit occurred on the primary key node-cache-Linux-x64-npm-bd03a24e4fb6ea9135263ddfda5f6f14aceea5c97773b78dfd4f842230cc9a5f, not saving cache.
2026-10-04T04:45:35.1812290Z Post job cleanup.
2026-10-04T04:45:35.2707467Z [command]/usr/bin/git version
2026-10-04T04:45:35.2754333Z git version 2.55.0
2026-10-04T04:45:35.2799281Z Temporarily overriding HOME='/home/runner/work/_temp/26c6478a-0c06-4757-ada9-5f639f5fbaee' before making global git config changes
2026-10-04T04:45:35.2800983Z Adding repository directory to the temporary git global config as a safe directory
2026-10-04T04:45:35.2807438Z [command]/usr/bin/git config --global --add safe.directory /home/runner/work/ai-task-manager/ai-task-manager
2026-10-04T04:45:35.2848233Z [command]/usr/bin/git config --local --name-only --get-regexp core\.sshCommand
2026-10-04T04:45:35.2891334Z [command]/usr/bin/git submodule foreach --recursive sh -c "git config --local --name-only --get-regexp 'core\.sshCommand' && git config --local --unset-all 'core.sshCommand' || :"
2026-10-04T04:45:35.3155323Z [command]/usr/bin/git config --local --name-only --get-regexp http\.https\:\/\/github\.com\/\.extraheader
2026-10-04T04:45:35.3188351Z http.https://github.com/.extraheader
2026-10-04T04:45:35.3202331Z [command]/usr/bin/git config --local --unset-all http.https://github.com/.extraheader
2026-10-04T04:45:35.3255574Z [command]/usr/bin/git submodule foreach --recursive sh -c "git config --local --name-only --get-regexp 'http\.https\:\/\/github\.com\/\.extraheader' && git config --local --unset-all 'http.https://github.com/.extraheader' || :"
2026-10-04T04:45:35.3516252Z [command]/usr/bin/git config --local --name-only --get-regexp ^includeIf\.gitdir:
2026-10-04T04:45:35.3558513Z [command]/usr/bin/git submodule foreach --recursive git config --local --show-origin --name-only --get-regexp remote.origin.url
2026-10-04T04:45:35.3958669Z Cleaning up orphan processes
