2026-10-03T16:20:26.8231746Z Current runner version: '2.337.0'
2026-10-03T16:20:26.8266025Z ##[group]Runner Image Provisioner
2026-10-03T16:20:26.8267225Z Hosted Compute Agent
2026-10-03T16:20:26.8268333Z Version: 20260901.588
2026-10-03T16:20:26.8269705Z Commit: f88ec8081b781fac6c440065ac7ff9e710ce3d0b
2026-10-03T16:20:26.8270941Z Build Date: 2026-09-01T19:56:44Z
2026-10-03T16:20:26.8272194Z Worker ID: {2e7fa17f-aa62-4125-a2e9-1a92fca5b600}
2026-10-03T16:20:26.8273359Z Azure Region: eastus
2026-10-03T16:20:26.8274394Z ##[endgroup]
2026-10-03T16:20:26.8276659Z ##[group]Operating System
2026-10-03T16:20:26.8277817Z Ubuntu
2026-10-03T16:20:26.8278974Z 24.04.5
2026-10-03T16:20:26.8279784Z LTS
2026-10-03T16:20:26.8280688Z ##[endgroup]
2026-10-03T16:20:26.8281582Z ##[group]Runner Image
2026-10-03T16:20:26.8282734Z Image: ubuntu-24.04
2026-10-03T16:20:26.8283645Z Version: 20260927.320.1
2026-10-03T16:20:26.8285760Z Included Software: https://github.com/actions/runner-images/blob/ubuntu24/20260927.320/images/ubuntu/Ubuntu2404-Readme.md
2026-10-03T16:20:26.8288728Z Image Release: https://github.com/actions/runner-images/releases/tag/ubuntu24%2F20260927.320
2026-10-03T16:20:26.8290553Z ##[endgroup]
2026-10-03T16:20:26.8292360Z ##[group]GITHUB_TOKEN Permissions
2026-10-03T16:20:26.8294992Z Contents: read
2026-10-03T16:20:26.8296024Z Metadata: read
2026-10-03T16:20:26.8297064Z ##[endgroup]
2026-10-03T16:20:26.8300707Z Secret source: Actions
2026-10-03T16:20:26.8302221Z Cache mode: write
2026-10-03T16:20:26.8303627Z Prepare workflow directory
2026-10-03T16:20:26.8870838Z Prepare all required actions
2026-10-03T16:20:26.8941998Z Getting action download info
2026-10-03T16:20:27.0883481Z Download action repository 'actions/checkout@v5' (SHA:fbc6f3992d24b796d5a048ff273f7fcc4a7b6c09)
2026-10-03T16:20:27.1782307Z Download action repository 'actions/setup-node@v5' (SHA:a0853c24544627f65ddf259abe73b1d18a591444)
2026-10-03T16:20:27.3720471Z Complete job name: Slow lane (slow tests only)
2026-10-03T16:20:27.4478111Z ##[group]Run actions/checkout@v5
2026-10-03T16:20:27.4479268Z with:
2026-10-03T16:20:27.4479735Z   repository: kburson/ai-task-manager
2026-10-03T16:20:27.4483307Z   token: ***
2026-10-03T16:20:27.4483807Z   ssh-strict: true
2026-10-03T16:20:27.4484311Z   ssh-user: git
2026-10-03T16:20:27.4484822Z   persist-credentials: true
2026-10-03T16:20:27.4485360Z   clean: true
2026-10-03T16:20:27.4485834Z   sparse-checkout-cone-mode: true
2026-10-03T16:20:27.4486352Z   fetch-depth: 1
2026-10-03T16:20:27.4486779Z   fetch-tags: false
2026-10-03T16:20:27.4487236Z   show-progress: true
2026-10-03T16:20:27.4487687Z   lfs: false
2026-10-03T16:20:27.4488096Z   submodules: false
2026-10-03T16:20:27.4488720Z   set-safe-directory: true
2026-10-03T16:20:27.4489233Z   allow-unsafe-pr-checkout: false
2026-10-03T16:20:27.4489998Z env:
2026-10-03T16:20:27.4490426Z   GIT_AUTHOR_NAME: kendrick burson
2026-10-03T16:20:27.4490963Z   GIT_AUTHOR_EMAIL: kpburson@pm.me
2026-10-03T16:20:27.4491548Z   GIT_COMMITTER_NAME: kendrick burson
2026-10-03T16:20:27.4492115Z   GIT_COMMITTER_EMAIL: kpburson@pm.me
2026-10-03T16:20:27.4492645Z ##[endgroup]
2026-10-03T16:20:27.5500741Z Syncing repository: kburson/ai-task-manager
2026-10-03T16:20:27.5503371Z ##[group]Getting Git version info
2026-10-03T16:20:27.5504617Z Working directory is '/home/runner/work/ai-task-manager/ai-task-manager'
2026-10-03T16:20:27.5506371Z [command]/usr/bin/git version
2026-10-03T16:20:27.5564563Z git version 2.55.0
2026-10-03T16:20:27.5587170Z ##[endgroup]
2026-10-03T16:20:27.5602370Z Temporarily overriding HOME='/home/runner/work/_temp/09494977-44ec-41dc-a450-628f5350ae5a' before making global git config changes
2026-10-03T16:20:27.5604933Z Adding repository directory to the temporary git global config as a safe directory
2026-10-03T16:20:27.5608597Z [command]/usr/bin/git config --global --add safe.directory /home/runner/work/ai-task-manager/ai-task-manager
2026-10-03T16:20:27.5670145Z Deleting the contents of '/home/runner/work/ai-task-manager/ai-task-manager'
2026-10-03T16:20:27.5674186Z ##[group]Initializing the repository
2026-10-03T16:20:27.5678230Z [command]/usr/bin/git init /home/runner/work/ai-task-manager/ai-task-manager
2026-10-03T16:20:27.5789671Z hint: Using 'master' as the name for the initial branch. This default branch name
2026-10-03T16:20:27.5791408Z hint: will change to "main" in Git 3.0. To configure the initial branch name
2026-10-03T16:20:27.5792995Z hint: to use in all of your new repositories, which will suppress this warning,
2026-10-03T16:20:27.5794273Z hint: call:
2026-10-03T16:20:27.5794900Z hint:
2026-10-03T16:20:27.5795689Z hint: 	git config --global init.defaultBranch <name>
2026-10-03T16:20:27.5796658Z hint:
2026-10-03T16:20:27.5797566Z hint: Names commonly chosen instead of 'master' are 'main', 'trunk' and
2026-10-03T16:20:27.5799474Z hint: 'development'. The just-created branch can be renamed via this command:
2026-10-03T16:20:27.5800671Z hint:
2026-10-03T16:20:27.5801307Z hint: 	git branch -m <name>
2026-10-03T16:20:27.5802083Z hint:
2026-10-03T16:20:27.5803297Z hint: Disable this message with "git config set advice.defaultBranchName false"
2026-10-03T16:20:27.5805187Z Initialized empty Git repository in /home/runner/work/ai-task-manager/ai-task-manager/.git/
2026-10-03T16:20:27.5809173Z [command]/usr/bin/git remote add origin https://github.com/kburson/ai-task-manager
2026-10-03T16:20:27.5871149Z ##[endgroup]
2026-10-03T16:20:27.5872481Z ##[group]Disabling automatic garbage collection
2026-10-03T16:20:27.5876219Z [command]/usr/bin/git config --local gc.auto 0
2026-10-03T16:20:27.5910415Z ##[endgroup]
2026-10-03T16:20:27.5911785Z ##[group]Setting up auth
2026-10-03T16:20:27.5917955Z [command]/usr/bin/git config --local --name-only --get-regexp core\.sshCommand
2026-10-03T16:20:27.5952163Z [command]/usr/bin/git submodule foreach --recursive sh -c "git config --local --name-only --get-regexp 'core\.sshCommand' && git config --local --unset-all 'core.sshCommand' || :"
2026-10-03T16:20:27.6327397Z [command]/usr/bin/git config --local --name-only --get-regexp http\.https\:\/\/github\.com\/\.extraheader
2026-10-03T16:20:27.6366305Z [command]/usr/bin/git submodule foreach --recursive sh -c "git config --local --name-only --get-regexp 'http\.https\:\/\/github\.com\/\.extraheader' && git config --local --unset-all 'http.https://github.com/.extraheader' || :"
2026-10-03T16:20:27.6594887Z [command]/usr/bin/git config --local --name-only --get-regexp ^includeIf\.gitdir:
2026-10-03T16:20:27.6633031Z [command]/usr/bin/git submodule foreach --recursive git config --local --show-origin --name-only --get-regexp remote.origin.url
2026-10-03T16:20:27.6858991Z [command]/usr/bin/git config --local http.https://github.com/.extraheader AUTHORIZATION: basic ***
2026-10-03T16:20:27.6900678Z ##[endgroup]
2026-10-03T16:20:27.6901660Z ##[group]Fetching the repository
2026-10-03T16:20:27.6910580Z [command]/usr/bin/git -c protocol.version=2 fetch --no-tags --prune --no-recurse-submodules --depth=1 origin +e0a2db1a22be76eddc78fd5836b6d95851a006ba:refs/remotes/pull/1871/merge
2026-10-03T16:20:29.1344346Z From https://github.com/kburson/ai-task-manager
2026-10-03T16:20:29.1346953Z  * [new ref]         e0a2db1a22be76eddc78fd5836b6d95851a006ba -> pull/1871/merge
2026-10-03T16:20:29.1351655Z ##[endgroup]
2026-10-03T16:20:29.1353099Z ##[group]Determining the checkout info
2026-10-03T16:20:29.1354642Z ##[endgroup]
2026-10-03T16:20:29.1356190Z [command]/usr/bin/git sparse-checkout disable
2026-10-03T16:20:29.1411857Z [command]/usr/bin/git config --local --unset-all extensions.worktreeConfig
2026-10-03T16:20:29.1454395Z ##[group]Checking out the ref
2026-10-03T16:20:29.1457108Z [command]/usr/bin/git checkout --progress --force refs/remotes/pull/1871/merge
2026-10-03T16:20:29.4475115Z Note: switching to 'refs/remotes/pull/1871/merge'.
2026-10-03T16:20:29.4476901Z 
2026-10-03T16:20:29.4477342Z You are in 'detached HEAD' state. You can look around, make experimental
2026-10-03T16:20:29.4478634Z changes and commit them, and you can discard any commits you make in this
2026-10-03T16:20:29.4479665Z state without impacting any branches by switching back to a branch.
2026-10-03T16:20:29.4480564Z 
2026-10-03T16:20:29.4481039Z If you want to create a new branch to retain commits you create, you may
2026-10-03T16:20:29.4481893Z do so (now or later) by using -c with the switch command. Example:
2026-10-03T16:20:29.4482362Z 
2026-10-03T16:20:29.4482595Z   git switch -c <new-branch-name>
2026-10-03T16:20:29.4482949Z 
2026-10-03T16:20:29.4483192Z Or undo this operation with:
2026-10-03T16:20:29.4483502Z 
2026-10-03T16:20:29.4483688Z   git switch -
2026-10-03T16:20:29.4483962Z 
2026-10-03T16:20:29.4484400Z Turn off this advice by setting config variable advice.detachedHead to false
2026-10-03T16:20:29.4484975Z 
2026-10-03T16:20:29.4485611Z HEAD is now at e0a2db1 Merge 20d21fe9ab6ccc24555043b3566a5aeaf30d98a9 into 171c7d93866f67b58effa635be5ae737f54ef9eb
2026-10-03T16:20:29.4494306Z ##[endgroup]
2026-10-03T16:20:29.4541439Z [command]/usr/bin/git log -1 --format=%H
2026-10-03T16:20:29.4569148Z e0a2db1a22be76eddc78fd5836b6d95851a006ba
2026-10-03T16:20:29.4810528Z ##[group]Run git fetch --no-tags origin trunk:trunk
2026-10-03T16:20:29.4811090Z [36;1mgit fetch --no-tags origin trunk:trunk[0m
2026-10-03T16:20:29.5065084Z shell: /usr/bin/bash -e {0}
2026-10-03T16:20:29.5065480Z env:
2026-10-03T16:20:29.5065763Z   GIT_AUTHOR_NAME: kendrick burson
2026-10-03T16:20:29.5066113Z   GIT_AUTHOR_EMAIL: kpburson@pm.me
2026-10-03T16:20:29.5066461Z   GIT_COMMITTER_NAME: kendrick burson
2026-10-03T16:20:29.5066835Z   GIT_COMMITTER_EMAIL: kpburson@pm.me
2026-10-03T16:20:29.5067173Z ##[endgroup]
2026-10-03T16:20:32.1477815Z From https://github.com/kburson/ai-task-manager
2026-10-03T16:20:32.1478737Z  * [new branch]        trunk      -> trunk
2026-10-03T16:20:32.1479239Z  * [new branch]        trunk      -> origin/trunk
2026-10-03T16:20:32.1574981Z ##[group]Run actions/setup-node@v5
2026-10-03T16:20:32.1575285Z with:
2026-10-03T16:20:32.1575480Z   node-version: 24
2026-10-03T16:20:32.1575692Z   cache: npm
2026-10-03T16:20:32.1575883Z   always-auth: false
2026-10-03T16:20:32.1576097Z   check-latest: false
2026-10-03T16:20:32.1578576Z   token: ***
2026-10-03T16:20:32.1578806Z   package-manager-cache: true
2026-10-03T16:20:32.1579051Z env:
2026-10-03T16:20:32.1579259Z   GIT_AUTHOR_NAME: kendrick burson
2026-10-03T16:20:32.1579522Z   GIT_AUTHOR_EMAIL: kpburson@pm.me
2026-10-03T16:20:32.1579783Z   GIT_COMMITTER_NAME: kendrick burson
2026-10-03T16:20:32.1580073Z   GIT_COMMITTER_EMAIL: kpburson@pm.me
2026-10-03T16:20:32.1580324Z ##[endgroup]
2026-10-03T16:20:32.3059089Z Found in cache @ /opt/hostedtoolcache/node/24.21.0/x64
2026-10-03T16:20:32.3063551Z (node:2317) [DEP0040] DeprecationWarning: The `punycode` module is deprecated. Please use a userland alternative instead.
2026-10-03T16:20:32.3064470Z (Use `node --trace-deprecation ...` to show where the warning was created)
2026-10-03T16:20:32.3067183Z ##[group]Environment details
2026-10-03T16:20:32.7224296Z node: v24.21.0
2026-10-03T16:20:32.7224837Z npm: 11.19.0
2026-10-03T16:20:32.7225159Z yarn: 1.22.22
2026-10-03T16:20:32.7226503Z ##[endgroup]
2026-10-03T16:20:32.7254821Z [command]/opt/hostedtoolcache/node/24.21.0/x64/bin/npm config get cache
2026-10-03T16:20:32.8366476Z /home/runner/.npm
2026-10-03T16:20:32.9171360Z Cache hit for: node-cache-Linux-x64-npm-bd03a24e4fb6ea9135263ddfda5f6f14aceea5c97773b78dfd4f842230cc9a5f
2026-10-03T16:20:32.9276091Z (node:2317) [DEP0169] DeprecationWarning: `url.parse()` behavior is not standardized and prone to errors that have security implications. Use the WHATWG URL API instead. CVEs are not issued for `url.parse()` vulnerabilities.
2026-10-03T16:20:33.4129613Z Received 33193731 of 33193731 (100.0%), 68.4 MBs/sec
2026-10-03T16:20:33.4139964Z Cache Size: ~32 MB (33193731 B)
2026-10-03T16:20:33.4163009Z [command]/usr/bin/tar -xf /home/runner/work/_temp/9e540fd3-277e-402a-bdb1-6672f08d3ca8/cache.tzst -P -C /home/runner/work/ai-task-manager/ai-task-manager --use-compress-program unzstd
2026-10-03T16:20:33.5736277Z Cache restored successfully
2026-10-03T16:20:33.5754693Z Cache restored from key: node-cache-Linux-x64-npm-bd03a24e4fb6ea9135263ddfda5f6f14aceea5c97773b78dfd4f842230cc9a5f
2026-10-03T16:20:33.5920363Z ##[group]Run npm ci
2026-10-03T16:20:33.5920637Z [36;1mnpm ci[0m
2026-10-03T16:20:33.5994716Z shell: /usr/bin/bash -e {0}
2026-10-03T16:20:33.5994980Z env:
2026-10-03T16:20:33.5995186Z   GIT_AUTHOR_NAME: kendrick burson
2026-10-03T16:20:33.5995474Z   GIT_AUTHOR_EMAIL: kpburson@pm.me
2026-10-03T16:20:33.5995743Z   GIT_COMMITTER_NAME: kendrick burson
2026-10-03T16:20:33.5996018Z   GIT_COMMITTER_EMAIL: kpburson@pm.me
2026-10-03T16:20:33.5996266Z ##[endgroup]
2026-10-03T16:20:41.5357660Z 
2026-10-03T16:20:41.5365344Z added 318 packages, and audited 319 packages in 8s
2026-10-03T16:20:41.5365923Z 
2026-10-03T16:20:41.5366307Z 101 packages are looking for funding
2026-10-03T16:20:41.5366958Z   run `npm fund` for details
2026-10-03T16:20:41.5399645Z 
2026-10-03T16:20:41.5400397Z 8 vulnerabilities (2 moderate, 6 high)
2026-10-03T16:20:41.5400838Z 
2026-10-03T16:20:41.5401114Z To address all issues, run:
2026-10-03T16:20:41.5401574Z   npm audit fix
2026-10-03T16:20:41.5401735Z 
2026-10-03T16:20:41.5401961Z Run `npm audit` for details.
2026-10-03T16:20:41.5410756Z npm warn install-scripts 1 package has install scripts not yet covered by allowScripts:
2026-10-03T16:20:41.5412102Z npm warn install-scripts   puppeteer@25.11.0 (postinstall: node install.mjs)
2026-10-03T16:20:41.5412976Z npm warn install-scripts
2026-10-03T16:20:41.5414197Z npm warn install-scripts Run `npm install-scripts ls` to review, or `npm install-scripts approve <pkg>` to allow.
2026-10-03T16:20:41.6021106Z ##[group]Run npm run test:slow
2026-10-03T16:20:41.6021427Z [36;1mnpm run test:slow[0m
2026-10-03T16:20:41.6089444Z shell: /usr/bin/bash -e {0}
2026-10-03T16:20:41.6089698Z env:
2026-10-03T16:20:41.6089905Z   GIT_AUTHOR_NAME: kendrick burson
2026-10-03T16:20:41.6090179Z   GIT_AUTHOR_EMAIL: kpburson@pm.me
2026-10-03T16:20:41.6090447Z   GIT_COMMITTER_NAME: kendrick burson
2026-10-03T16:20:41.6090717Z   GIT_COMMITTER_EMAIL: kpburson@pm.me
2026-10-03T16:20:41.6090995Z ##[endgroup]
2026-10-03T16:20:41.7123814Z 
2026-10-03T16:20:41.7124576Z > @kburson/ai-task-manager@0.1.0 test:slow
2026-10-03T16:20:41.7125383Z > node scripts/run-tests.mjs --lane slow
2026-10-03T16:20:41.7125776Z 
2026-10-03T16:20:41.8185300Z ▶ lane=slow (55 files)
2026-10-03T16:20:41.8185641Z 
2026-10-03T16:26:15.3496625Z ▶ scripts/tests/slow/task-tracker/core/ci-lane-wiring.test.mjs ... ok (58ms)
2026-10-03T16:26:15.3498234Z ▶ scripts/tests/slow/task-tracker/core/fleet-registry-concurrent.test.mjs ... ok (5.0s)
2026-10-03T16:26:15.3501243Z ▶ scripts/tests/slow/task-tracker/core/lifecycle-traversal-e2e.test.mjs ... ok (99ms)
2026-10-03T16:26:15.3502878Z ▶ scripts/tests/slow/task-tracker/core/maintenance-scripts-strict-argv.test.mjs ... ok (3.7s)
2026-10-03T16:26:15.3504439Z ▶ scripts/tests/slow/task-tracker/core/packaged-doctor-consumer.test.mjs ... ok (5.8s)
2026-10-03T16:26:15.3506168Z ▶ scripts/tests/slow/task-tracker/core/packaged-tail-profile-consumer.test.mjs ... ok (3.0s)
2026-10-03T16:26:15.3507630Z ▶ scripts/tests/slow/task-tracker/core/verify-develop.test.mjs ... ok (841ms)
2026-10-03T16:26:15.3509416Z ▶ scripts/tests/slow/task-tracker/lib/ac-evidence-gate.test.mjs ... ok (1.0s)
2026-10-03T16:26:15.3511295Z ▶ scripts/tests/slow/task-tracker/lib/action-capture-integration.test.mjs ... ok (1.1s)
2026-10-03T16:26:15.3512942Z ▶ scripts/tests/slow/task-tracker/lib/activity-guard.test.mjs ... ok (17.6s)
2026-10-03T16:26:15.3514396Z ▶ scripts/tests/slow/task-tracker/lib/agent-guard.test.mjs ... ok (700ms)
2026-10-03T16:26:15.3515937Z ▶ scripts/tests/slow/task-tracker/lib/agentic-help-runtime.test.mjs ... ok (175.2s)
2026-10-03T16:26:15.3517520Z ▶ scripts/tests/slow/task-tracker/lib/aitm-dispatcher.test.mjs ... ok (7.8s)
2026-10-03T16:26:15.3519598Z ▶ scripts/tests/slow/task-tracker/lib/body-write-roundtrip.test.mjs ... ok (52ms)
2026-10-03T16:26:15.3521288Z ▶ scripts/tests/slow/task-tracker/lib/chore-mode-activity-guard.test.mjs ... ok (551ms)
2026-10-03T16:26:15.3522737Z ▶ scripts/tests/slow/task-tracker/lib/cli.test.mjs ... ok (12.0s)
2026-10-03T16:26:15.3524814Z ▶ scripts/tests/slow/task-tracker/lib/commit-trail-handler.test.mjs ... ok (1.5s)
2026-10-03T16:26:15.3526412Z ▶ scripts/tests/slow/task-tracker/lib/config-completeness-invariant.test.mjs ... ok (316ms)
2026-10-03T16:26:15.3527917Z ▶ scripts/tests/slow/task-tracker/lib/coverage-close-gates.test.mjs ... ok (1.3s)
2026-10-03T16:26:15.3529603Z ▶ scripts/tests/slow/task-tracker/lib/coverage-hook-handler.test.mjs ... ok (4.8s)
2026-10-03T16:26:15.3531135Z ▶ scripts/tests/slow/task-tracker/lib/coverage-orchestrator-lock.test.mjs ... ok (947ms)
2026-10-03T16:26:15.3532742Z ▶ scripts/tests/slow/task-tracker/lib/create-issue.test.mjs ... ok (2.6s)
2026-10-03T16:26:15.3534182Z ▶ scripts/tests/slow/task-tracker/lib/demonstrable-ac-gate.test.mjs ... ok (88ms)
2026-10-03T16:26:15.3535655Z ▶ scripts/tests/slow/task-tracker/lib/dirty-review-promote-false-success.test.mjs ... ok (897ms)
2026-10-03T16:26:15.3537269Z ▶ scripts/tests/slow/task-tracker/lib/dirty-workspace-gate.test.mjs ... ok (4.8s)
2026-10-03T16:26:15.3538965Z ▶ scripts/tests/slow/task-tracker/lib/discover-autosave.test.mjs ... ok (110ms)
2026-10-03T16:26:15.3540497Z ▶ scripts/tests/slow/task-tracker/lib/draft-branch.test.mjs ... ok (347ms)
2026-10-03T16:26:15.3542134Z ▶ scripts/tests/slow/task-tracker/lib/ensure-wave-parent.test.mjs ... ok (4.7s)
2026-10-03T16:26:15.3543911Z ▶ scripts/tests/slow/task-tracker/lib/epic-children-review-lifecycle.test.mjs ... ok (254ms)
2026-10-03T16:26:15.3545803Z ▶ scripts/tests/slow/task-tracker/lib/epic-tree.test.mjs ... ok (810ms)
2026-10-03T16:26:15.3547422Z ▶ scripts/tests/slow/task-tracker/lib/evidence-v2/frozen-worktree-rehearsal.test.mjs ... ok (5.5s)
2026-10-03T16:26:15.3549401Z ▶ scripts/tests/slow/task-tracker/lib/gate-message-attribution.test.mjs ... ok (217ms)
2026-10-03T16:26:15.3550916Z ▶ scripts/tests/slow/task-tracker/lib/gates.test.mjs ... ok (4.4s)
2026-10-03T16:26:15.3552348Z ▶ scripts/tests/slow/task-tracker/lib/init-status-palette.test.mjs ... ok (5.3s)
2026-10-03T16:26:15.3553911Z ▶ scripts/tests/slow/task-tracker/lib/issue-authoring.test.mjs ... ok (2.7s)
2026-10-03T16:26:15.3555337Z ▶ scripts/tests/slow/task-tracker/lib/lifecycle.test.mjs ... ok (3.3s)
2026-10-03T16:26:15.3556790Z ▶ scripts/tests/slow/task-tracker/lib/log-issue-time.test.mjs ... ok (1.6s)
2026-10-03T16:26:15.3558288Z ▶ scripts/tests/slow/task-tracker/lib/move-state-approval-gate.test.mjs ... ok (7.4s)
2026-10-03T16:26:15.3560222Z ▶ scripts/tests/slow/task-tracker/lib/move-state-gate.test.mjs ... ok (5.3s)
2026-10-03T16:26:15.3561693Z ▶ scripts/tests/slow/task-tracker/lib/move-state.test.mjs ... ok (3.9s)
2026-10-03T16:26:15.3563245Z ▶ scripts/tests/slow/task-tracker/lib/move-state/board-field-readback.test.mjs ... ok (2.9s)
2026-10-03T16:26:15.3564887Z ▶ scripts/tests/slow/task-tracker/lib/proof-gate-reconciliation.test.mjs ... ok (631ms)
2026-10-03T16:26:15.3566691Z ▶ scripts/tests/slow/task-tracker/lib/ready-for-plan-live-migration.test.mjs ... ok (491ms)
2026-10-03T16:26:15.3568747Z ▶ scripts/tests/slow/task-tracker/lib/review-approval-prompt.test.mjs ... ok (19.1s)
2026-10-03T16:26:15.3570483Z ▶ scripts/tests/slow/task-tracker/lib/verb-preflight-wiring.test.mjs ... ok (3.4s)
2026-10-03T16:26:15.3572238Z ▶ scripts/tests/slow/task-tracker/lib/worktree-isolation.test.mjs ... ok (3.3s)
2026-10-03T16:26:15.3573912Z ▶ scripts/tests/slow/task-tracker/lib/worktree-seed-integration.test.mjs ... ok (931ms)
2026-10-03T16:26:15.3575741Z ▶ scripts/tests/slow/task-tracker/verbs/close-lifecycle-tick.test.mjs ... ok (216ms)
2026-10-03T16:26:15.3577481Z ▶ scripts/tests/slow/task-tracker/verbs/coverage-close.test.mjs ... ok (2.6s)
2026-10-03T16:26:15.3579540Z ▶ scripts/tests/slow/task-tracker/verbs/deadlock-regression.test.mjs ... ok (267ms)
2026-10-03T16:26:15.3581309Z ▶ scripts/tests/slow/task-tracker/verbs/promote-verb.test.mjs ... ok (975ms)
2026-10-03T16:26:15.3583143Z ▶ scripts/tests/slow/task-tracker/verbs/recovery-path-independence.test.mjs ... ok (409ms)
2026-10-03T16:26:15.3585075Z ▶ scripts/tests/slow/task-tracker/verbs/state-marker-single-writer.test.mjs ... ok (333ms)
2026-10-03T16:26:15.3587399Z ▶ scripts/tests/slow/task-tracker/verbs/verb-test-remove-worktree.test.mjs ... ok (279ms)
2026-10-03T16:26:15.3589449Z ▶ scripts/tests/slow/task-tracker/workflow-exception-lifecycle.test.mjs ... ok (112ms)
2026-10-03T16:26:15.3590478Z 
2026-10-03T16:26:15.3592935Z ▶ scheduling: 0 pure unit file(s) at pool concurrency 3 (peak 0); 0 direct-subprocess file(s) at pool concurrency 2 (peak 0); 1 explicit-safe slow file(s) at pool concurrency 2 (peak 1); 54 explicit-unsafe/integration/unmarked-slow file(s) serial
2026-10-03T16:26:15.3653070Z 
2026-10-03T16:26:15.3654122Z run-tests: lane 'slow' bounded sections: slow-parallel=175.2s/600s (1 files); serial=158.2s/600s (54 files); aggregate=333.4s
2026-10-03T16:26:15.3654689Z 
2026-10-03T16:26:15.3654828Z All 55 test files passed.
2026-10-03T16:26:15.3912647Z Post job cleanup.
2026-10-03T16:26:15.5177093Z (node:28642) [DEP0040] DeprecationWarning: The `punycode` module is deprecated. Please use a userland alternative instead.
2026-10-03T16:26:15.5178089Z (Use `node --trace-deprecation ...` to show where the warning was created)
2026-10-03T16:26:15.5181668Z Cache hit occurred on the primary key node-cache-Linux-x64-npm-bd03a24e4fb6ea9135263ddfda5f6f14aceea5c97773b78dfd4f842230cc9a5f, not saving cache.
2026-10-03T16:26:15.5334520Z Post job cleanup.
2026-10-03T16:26:15.6245360Z [command]/usr/bin/git version
2026-10-03T16:26:15.6293405Z git version 2.55.0
2026-10-03T16:26:15.6338148Z Temporarily overriding HOME='/home/runner/work/_temp/ca01b597-262f-4121-8183-736f6bd280d6' before making global git config changes
2026-10-03T16:26:15.6339693Z Adding repository directory to the temporary git global config as a safe directory
2026-10-03T16:26:15.6344837Z [command]/usr/bin/git config --global --add safe.directory /home/runner/work/ai-task-manager/ai-task-manager
2026-10-03T16:26:15.6387364Z [command]/usr/bin/git config --local --name-only --get-regexp core\.sshCommand
2026-10-03T16:26:15.6431941Z [command]/usr/bin/git submodule foreach --recursive sh -c "git config --local --name-only --get-regexp 'core\.sshCommand' && git config --local --unset-all 'core.sshCommand' || :"
2026-10-03T16:26:15.6768122Z [command]/usr/bin/git config --local --name-only --get-regexp http\.https\:\/\/github\.com\/\.extraheader
2026-10-03T16:26:15.6801151Z http.https://github.com/.extraheader
2026-10-03T16:26:15.6818876Z [command]/usr/bin/git config --local --unset-all http.https://github.com/.extraheader
2026-10-03T16:26:15.6859147Z [command]/usr/bin/git submodule foreach --recursive sh -c "git config --local --name-only --get-regexp 'http\.https\:\/\/github\.com\/\.extraheader' && git config --local --unset-all 'http.https://github.com/.extraheader' || :"
2026-10-03T16:26:15.7152367Z [command]/usr/bin/git config --local --name-only --get-regexp ^includeIf\.gitdir:
2026-10-03T16:26:15.7191458Z [command]/usr/bin/git submodule foreach --recursive git config --local --show-origin --name-only --get-regexp remote.origin.url
2026-10-03T16:26:15.7629380Z Cleaning up orphan processes
