✔ package files explicitly exclude the canonical test support root (1.125916ms)
✔ npm pack excludes the test corpus while retaining required runtime files and assets (12276.850208ms)
✔ packed consumer verifies committed bootstrap after npm ci and reports drift read-only (19385.062459ms)
✔ packed consumer can select and execute effect-scoped move tails (15764.682542ms)
✔ package.json files[] ships docs/ai-memory but excludes archive/ (1.761541ms)
✔ npm pack tarball contains the seed index + durable facts, no archive (12440.069333ms)
✔ normalizes the observed npm 11 single-package array report (2.003083ms)
✔ normalizes the observed npm 12 package-keyed report (0.427667ms)
✔ requires callers to bind the expected package identity (0.468417ms)
✔ rejects malformed JSON and unsupported outer values (0.384208ms)
✔ rejects zero or multiple reports (0.398333ms)
✔ rejects an unexpected npm 12 package key or inner report identity (0.244542ms)
✔ requires a files array and optionally a non-empty filename (0.342292ms)
✔ all pack consumers import the shared normalizer (0.939458ms)
✔ package-boundary: no test files are packed (12523.379041ms)
✔ package-boundary: excluded directories do not reappear (2.037542ms)
✔ package-boundary: ships the exact docs/introduction/ set (4.869458ms)
✔ package-boundary: shipped README has no dead docs/introduction link (0.585792ms)
✔ package-boundary: total entry count stays under the ceiling (0.38175ms)
✔ package-boundary: development-only context calibration is not shipped (0.319125ms)
✔ package-boundary: runtime entry points are still shipped (0.13275ms)
✔ package-boundary: production parser and guidance release guard are declared (0.427917ms)
✔ package-boundary: tag and explicit release CI retain the B2 consumer gate (0.673875ms)
✔ npm pack --dry-run resolves the scoped @kburson/ai-task-manager name (12135.0095ms)
ℹ tests 24
ℹ suites 0
ℹ pass 24
ℹ fail 0
ℹ cancelled 0
ℹ skipped 0
ℹ todo 0
ℹ duration_ms 19457.962375
