✔ normalizes the observed npm 11 single-package array report (2.31325ms)
✔ normalizes the observed npm 12 package-keyed report (0.485709ms)
✔ requires callers to bind the expected package identity (0.377291ms)
✔ rejects malformed JSON and unsupported outer values (0.331208ms)
✔ rejects zero or multiple reports (0.368333ms)
✔ rejects an unexpected npm 12 package key or inner report identity (0.181875ms)
✔ requires a files array and optionally a non-empty filename (0.288625ms)
✔ all pack consumers import the shared normalizer (1.753375ms)
✔ package-boundary: no test files are packed (7728.226666ms)
✔ package-boundary: excluded directories do not reappear (0.250834ms)
✔ package-boundary: ships the exact docs/introduction/ set (0.2045ms)
✔ package-boundary: shipped README has no dead docs/introduction link (0.360125ms)
✔ package-boundary: total entry count stays under the ceiling (0.281417ms)
✔ package-boundary: development-only context calibration is not shipped (0.237458ms)
✔ package-boundary: runtime entry points are still shipped (0.114958ms)
✔ package-boundary: production parser and guidance release guard are declared (0.272292ms)
✔ package-boundary: tag and explicit release CI retain the B2 consumer gate (0.567792ms)
ℹ tests 17
ℹ suites 0
ℹ pass 17
ℹ fail 0
ℹ cancelled 0
ℹ skipped 0
ℹ todo 0
ℹ duration_ms 7791.643958
