✔ actual shared pexec refuses nested and supplied memory capability before native process dispatch (331.089291ms)
✔ actual shared execFile refuses nested and supplied memory capability before native process dispatch (346.407ms)
✔ actual shared spawn refuses nested and supplied memory capability before native process dispatch (317.351542ms)
✔ memory quarantine survives asynchronous work scheduled inside its original lifetime (414.376584ms)
✔ outside memory scope actual shared native transports keep ordinary offline behavior (930.639708ms)
✔ actual new-tests comment default read cannot dispatch GitHub from memory authority (310.889125ms)
✔ actual new-tests comment default write cannot dispatch GitHub from memory authority (323.544833ms)
✔ actual timing find default refuses memory OS dispatch (525.231208ms)
✔ actual timing legacy default refuses memory OS dispatch (285.659375ms)
✔ actual timing canonical default refuses memory OS dispatch (297.789208ms)
✔ actual timing update default refuses memory OS dispatch (260.388792ms)
✔ stage-only timing update refuses before fallback transport (507.922083ms)
✔ stage-only timing create refuses before fallback transport (519.033834ms)
✔ stage-only timing post-default refuses before fallback transport (440.972084ms)
✔ stage-only body entry refuses before public callbacks (343.017833ms)
✔ stage-only body failure-audit refuses before public callbacks (316.351125ms)
✔ stage-only body versioned refuses before public callbacks (283.153334ms)
✔ stage-only body mutate refuses input getters before observation (0.436375ms)
✔ stage-only body versioned refuses input getters before observation (0.106625ms)
✔ stage-only post15 write refuses context getters before native selection (0.426292ms)
✔ stage-only post15 write refuses an ordinarily reachable callback route (0.732959ms)
✔ stage-only post15 repair refuses context getters before native selection (0.118292ms)
✔ stage-only post15 repair refuses an ordinarily reachable callback route (0.261875ms)
✔ stage-only post15 tail refuses context getters before native selection (0.146208ms)
✔ stage-only post15 tail refuses an ordinarily reachable callback route (0.1205ms)
✔ native consistency public inputs deny before caller access (0.505583ms)
✔ transition16 new public roots refuse forged input before caller descriptors are consumed (0.836292ms)
✔ native actor state root refuses own getters before record construction (312.127958ms)
✔ native actor state root refuses inherited getters before record construction (301.808542ms)
✔ native actor state root refuses nested-identity getters before record construction (334.176625ms)
✔ native actor state root refuses nested-state getters before record construction (313.477125ms)
✔ actual tail leaf dispatchOnEnterActions refuses public getters before selecting any callback (281.666542ms)
✔ actual tail leaf refreshKanbanStateCache refuses public getters before selecting any callback (313.144209ms)
✔ actual tail leaf emitFullAutoReviewAudit refuses public getters before selecting any callback (279.090875ms)
✔ actual tail leaf unparkDoneDependents refuses public getters before selecting any callback (306.328917ms)
✔ actual tail leaf emitOutOfBandAudit refuses public getters before selecting any callback (349.761333ms)
✔ actual tail leaf syncTrackerState refuses public getters before selecting any callback (301.743542ms)
✔ actual tail leaf syncEventFields refuses public getters before selecting any callback (325.237791ms)
✔ actual tail leaf endTaskTracking refuses public getters before selecting any callback (296.260375ms)
✔ original state recording refuses own before getters or legacy writes (272.822334ms)
✔ original state recording refuses inherited before getters or legacy writes (323.290625ms)
✔ original state recording refuses plain-callback before getters or legacy writes (262.264542ms)
ℹ tests 42
ℹ suites 0
ℹ pass 42
ℹ fail 0
ℹ cancelled 0
ℹ skipped 0
ℹ todo 0
ℹ duration_ms 11517.202959
