✔ native actor state root refuses own getters before record construction (485.555667ms)
✔ native actor state root refuses inherited getters before record construction (437.124375ms)
✔ native actor state root refuses nested-identity getters before record construction (433.898291ms)
✔ native actor state root refuses nested-state getters before record construction (567.112625ms)
✔ actual tail leaf dispatchOnEnterActions refuses public getters before selecting any callback (497.875709ms)
✔ actual tail leaf refreshKanbanStateCache refuses public getters before selecting any callback (640.010625ms)
✔ actual tail leaf emitFullAutoReviewAudit refuses public getters before selecting any callback (558.743584ms)
✔ actual tail leaf unparkDoneDependents refuses public getters before selecting any callback (481.31225ms)
✔ actual tail leaf emitOutOfBandAudit refuses public getters before selecting any callback (458.483875ms)
✔ actual tail leaf syncTrackerState refuses public getters before selecting any callback (386.695584ms)
✔ actual tail leaf syncEventFields refuses public getters before selecting any callback (416.1905ms)
✔ actual tail leaf endTaskTracking refuses public getters before selecting any callback (407.669667ms)
✔ original state recording refuses own before getters or legacy writes (390.528542ms)
✔ original state recording refuses inherited before getters or legacy writes (386.53825ms)
✔ original state recording refuses plain-callback before getters or legacy writes (405.654709ms)
✔ actual shared pexec refuses nested and supplied memory capability before native process dispatch (509.398375ms)
✔ actual shared execFile refuses nested and supplied memory capability before native process dispatch (502.820875ms)
✔ actual shared spawn refuses nested and supplied memory capability before native process dispatch (449.46875ms)
✔ memory quarantine survives asynchronous work scheduled inside its original lifetime (583.094208ms)
✔ outside memory scope actual shared native transports keep ordinary offline behavior (1083.069792ms)
✔ actual new-tests comment default read cannot dispatch GitHub from memory authority (551.892833ms)
✔ actual new-tests comment default write cannot dispatch GitHub from memory authority (498.094708ms)
✔ actual timing find default refuses memory OS dispatch (673.154ms)
✔ actual timing legacy default refuses memory OS dispatch (402.474917ms)
✔ actual timing canonical default refuses memory OS dispatch (368.532834ms)
✔ actual timing update default refuses memory OS dispatch (410.331042ms)
✔ stage-only timing update refuses before fallback transport (608.345709ms)
✔ stage-only timing create refuses before fallback transport (602.002209ms)
✔ stage-only timing post-default refuses before fallback transport (289.794542ms)
✔ stage-only body entry refuses before public callbacks (332.309292ms)
✔ stage-only body failure-audit refuses before public callbacks (361.193709ms)
✔ stage-only body versioned refuses before public callbacks (342.143542ms)
✔ stage-only body mutate refuses input getters before observation (0.54975ms)
✔ stage-only body versioned refuses input getters before observation (0.111084ms)
✔ stage-only post15 write refuses context getters before native selection (0.367ms)
✔ stage-only post15 write refuses an ordinarily reachable callback route (1.171625ms)
✔ stage-only post15 repair refuses context getters before native selection (0.193125ms)
✔ stage-only post15 repair refuses an ordinarily reachable callback route (0.428459ms)
✔ stage-only post15 tail refuses context getters before native selection (0.198333ms)
✔ stage-only post15 tail refuses an ordinarily reachable callback route (0.491042ms)
✔ native consistency public inputs deny before caller access (1.182916ms)
✔ transition16 new public roots refuse forged input before caller descriptors are consumed (1.347333ms)
ℹ tests 42
ℹ suites 0
ℹ pass 42
ℹ fail 0
ℹ cancelled 0
ℹ skipped 0
ℹ todo 0
ℹ duration_ms 8916.017792
