✔ scanner distinguishes explicit, HTTP, opaque, bypass, and REST paths (9.697125ms)
✔ source-level scan matches committed expectations (311.382959ms)
✔ multiline executable calls and shell continuations remain visible (0.157166ms)
✔ moving a source site cannot hide behind an unchanged per-file count (252.222542ms)
✔ dynamic run wrappers remain visible as uncovered GraphQL-capable dispatches (0.190083ms)
✔ production inventory includes the dynamic issue-creation dispatch (247.777166ms)
✔ the exact vocabulary includes every canonical lifecycle slug once (0.812958ms)
✔ vocabulary definitions are separate from emitters and source-verified (0.709583ms)
✔ production timing emitter discovery exactly matches the characterized call sites (73.412167ms)
✔ every direct production timing-row producer supplies the full-marker observation (77.974625ms)
✔ every characterized production timing emitter maps to known strict-reader rules (2.913625ms)
✔ parameterized interruption and audit families retain their current classification (0.14575ms)
✔ retired timing slugs remain neutral read-side history only (0.143375ms)
ℹ tests 13
ℹ suites 0
ℹ pass 13
ℹ fail 0
ℹ cancelled 0
ℹ skipped 0
ℹ todo 0
ℹ duration_ms 908.244708
