approve: lifecycle-tick-noop: 'passed-final-review' label not matched — body may use legacy heading or customized DoD
✔ auto both/review provide repeatable standing authority; off and reset revoke/re-evaluate it (2.384916ms)
✔ approval evidence must be current-head and genuine human approval remains independent (0.112542ms)
✔ fresh Test and Agent Review cannot rebind an approval from an older head (1.237667ms)
✔ stale Full-Auto body evidence cannot survive auto off or reset (0.145875ms)
✔ standing Full-Auto authorizes immutable A while a reused branch is observed at B (0.380625ms)
✔ reconstructs intent authority only from an advanced merged historical delivery (0.29625ms)
✔ historical reconstruction rejects an extra intent property at its exact-key boundary (0.091917ms)
✔ historical reconstruction refuses authority that is not an advanced, clean merged delivery (0.301834ms)
✔ Full-Auto changes only review authorization; delivery safety gates still refuse independently (0.350875ms)
approve: lifecycle-tick-noop: 'passed-final-review' label not matched — body may use legacy heading or customized DoD
approve: lifecycle-tick-noop: 'passed-final-review' label not matched — body may use legacy heading or customized DoD
✔ runApprove remains the audited producer of Full-Auto approval evidence (340.752875ms)
approve: lifecycle-tick-noop: 'passed-final-review' label not matched — body may use legacy heading or customized DoD
✔ stale human approval cannot be silently rebound after head drift (33.529083ms)
✔ an operator cannot launder a false squash through the lane (0.96875ms)
✔ the lane cannot be used to rubber-stamp a matching configuration (0.08925ms)
✔ an unattributable topology refuses rather than defaulting to the declaration (0.142792ms)
✔ a merge whose second parent is not the delivered head refuses (0.094959ms)
✔ parses one exact canonical reconciliation marker and validates all record fields (6.59825ms)
✔ builds a reconciliation record carrying both methods and the reason (0.159333ms)
✔ builds a frozen v2 reconstruction record with the exact retroactive origin (0.092833ms)
✔ validates a v2 reconstruction record and refuses a tampered origin (0.133ms)
✔ renders v2 with the no-delivery-time-intent reconstruction explanation (0.13725ms)
✔ records are frozen so a caller cannot mutate recorded evidence (0.062ms)
✔ divergent is false when the observed method equals the configured one (0.072167ms)
✔ refuses an empty or whitespace reason (0.093666ms)
✔ refuses a reason that is only a placeholder (0.097166ms)
✔ refuses a merge method outside the known set (0.133ms)
✔ refuses malformed shas (0.0965ms)
✔ validate accepts a freshly built record and rejects a tampered one (0.107166ms)
✔ resolve returns the declared method when observation agrees (0.065667ms)
✔ resolve refuses when the declared method contradicts observation (1.344792ms)
✔ resolve refuses a no-op reconciliation that matches configuration (0.269541ms)
✔ resolve refuses an unknown observation rather than guessing (0.288833ms)
✔ verifies multi-issue squash attribution from exact inspected commit bytes (6.637583ms)
✔ external recovery accepts one canonical inspected attribution line (2.429875ms)
✔ external recovery verifies an advanced observed local head against accepted authority (0.358125ms)
✔ external recovery keeps its exact input schema and authority equality checks (0.568541ms)
✔ external recovery rejects noncanonical inspected attribution lines (0.743042ms)
✔ @me resolves to the authenticated user and an explicit reviewer is preserved (0.627833ms)
✔ disabled gate authorizes delivery without PR review evidence (0.460209ms)
✔ missing approval requests the eligible human reviewer (0.136791ms)
✔ an existing review request waits without requesting the same reviewer again (0.113875ms)
✔ only the latest applicable exact-head review can authorize delivery (0.193292ms)
✔ review assignment and stale-head approval are not approval evidence (0.069791ms)
✔ the PR author, bots, and unreadable evidence fail closed (0.08775ms)
✔ delivery checks CI before requesting a reviewer and emits no delivery intent (2.771ms)
✔ exact-head human PR approval authorizes normal provider delivery (4.382333ms)
✔ advanced local head refuses historical recovery without a prior intent (2.440583ms)
✔ advanced local head explicitly reconstructs a missing intent after proving historical delivery (10.869125ms)
▶ historical reconstruction and every retry enforce manual approval of the accepted historical SHA
  ✔ 0 records: missing approval (0.566042ms)
  ✔ 0 records: stale local-head approval (0.303583ms)
  ✔ 0 records: exact accepted-head approval (1.562458ms)
  ✔ 1 records: missing approval (0.283417ms)
  ✔ 1 records: stale local-head approval (0.263833ms)
  ✔ 1 records: exact accepted-head approval (1.162875ms)
  ✔ 2 records: missing approval (0.468917ms)
  ✔ 2 records: stale local-head approval (0.425625ms)
  ✔ 2 records: exact accepted-head approval (0.839666ms)
  ✔ 3 records: missing approval (0.358417ms)
  ✔ 3 records: stale local-head approval (0.344291ms)
  ✔ 3 records: exact accepted-head approval (0.518666ms)
✔ historical reconstruction and every retry enforce manual approval of the accepted historical SHA (9.715083ms)
✔ ordinary prior-intent historical recovery retains its existing manual-review behavior (2.463208ms)
✔ historical reconstruction retries a persisted 1-record prefix without duplicates (1.646916ms)
✔ historical reconstruction retries a persisted 2-record prefix without duplicates (1.196125ms)
✔ historical reconstruction retries a persisted 3-record prefix without duplicates (0.926708ms)
✔ historical reconstruction recovers a lost reconciliation POST response without duplicate records (1.022333ms)
▶ historical reconstruction retries require explicit authority and fresh provider/Git proof
  ✔ 1 records: missing flag (0.2465ms)
  ✔ 1 records: changed reason (0.205042ms)
  ✔ 1 records: placeholder reason (0.161833ms)
  ✔ 1 records: changed declaration (0.1215ms)
  ✔ 1 records: unreachable merge (0.196625ms)
  ✔ 1 records: changed topology (0.136125ms)
  ✔ 1 records: changed live bytes (0.29025ms)
  ✔ 2 records: missing flag (0.194333ms)
  ✔ 2 records: changed reason (0.260958ms)
  ✔ 2 records: placeholder reason (0.342667ms)
  ✔ 2 records: changed declaration (0.253417ms)
  ✔ 2 records: unreachable merge (0.309083ms)
  ✔ 2 records: changed topology (0.229458ms)
  ✔ 2 records: changed live bytes (0.379ms)
  ✔ 3 records: missing flag (0.341292ms)
  ✔ 3 records: changed reason (0.333542ms)
  ✔ 3 records: placeholder reason (0.265583ms)
  ✔ 3 records: changed declaration (0.240375ms)
  ✔ 3 records: unreachable merge (0.321333ms)
  ✔ 3 records: changed topology (0.261542ms)
  ✔ 3 records: changed live bytes (0.328666ms)
✔ historical reconstruction retries require explicit authority and fresh provider/Git proof (7.2995ms)
▶ historical reconstruction refuses missing, malformed, or mismatched v2 retry provenance
  ✔ missing (0.322208ms)
  ✔ malformed (0.288667ms)
  ✔ v1 only (0.260083ms)
  ✔ wrong origin (0.203583ms)
  ✔ wrong issue (0.354875ms)
  ✔ wrong repository (0.211125ms)
  ✔ wrong PR (0.215041ms)
  ✔ wrong accepted SHA (0.323208ms)
  ✔ wrong merge SHA (0.356125ms)
  ✔ wrong configured method (0.252709ms)
  ✔ wrong observed method (0.23475ms)
  ✔ wrong reason (0.222542ms)
  ✔ false divergence (0.22825ms)
✔ historical reconstruction refuses missing, malformed, or mismatched v2 retry provenance (4.822208ms)
✔ historical reconstruction refuses unmerged PR without any ledger writes (0.141542ms)
✔ historical reconstruction refuses unreachable merge without any ledger writes (0.144084ms)
✔ historical reconstruction refuses unattributable topology without any ledger writes (0.095042ms)
✔ historical reconstruction refuses declared method mismatch without any ledger writes (0.091084ms)
✔ historical reconstruction refuses missing flag without any ledger writes (0.087958ms)
✔ historical reconstruction refuses failed trunk fetch without any ledger writes (0.142375ms)
✔ historical reconstruction refuses provider method mismatch without any ledger writes (0.159167ms)
✔ historical reconstruction refuses invalid attribution without any ledger writes (0.180792ms)
✔ advanced local head refuses an external recovery intent (0.303542ms)
✔ first open-PR call posts one exact intent before emitting one action and exits 20 (8.181791ms)
✔ configured rebase refuses before durable intent or provider action output (0.554042ms)
✔ lost POST response reconciles the server-visible dedupe key without posting again (0.757542ms)
✔ same dedupe key with divergent authorized bytes fails closed (1.240458ms)
✔ same-head pending intent reruns live preflight and re-emits byte-identical JSON (1.006666ms)
✔ merged exact head is independently verified and receives one durable receipt (2.324708ms)
✔ merged verification rejects a missing merge SHA (1.305875ms)
✔ merged verification rejects the wrong recorded pre-merge head (0.660709ms)
✔ merged delivery refuses a test SHA disagreement without appending a receipt (0.675417ms)
✔ merged delivery refuses a review SHA disagreement without appending a receipt (1.081542ms)
✔ merged verification rejects an exposed merge-method mismatch (0.776125ms)
✔ merged verification rejects a live-history merge-method mismatch (0.62225ms)
✔ merged verification rejects an indistinguishable live-history merge method (0.554417ms)
✔ ordinary delivery still requires live merge bytes to equal the prior authorization (0.561917ms)
✔ configured merge verifies an exact two-parent live-history shape (0.850417ms)
✔ merged verification rejects unknown branch disposition observations (3.029292ms)
✔ merged verification fails closed when the authoritative trunk fetch fails (0.782709ms)
✔ merged verification rejects a merge result unreachable from fetched origin/trunk (0.668167ms)
✔ ordinary intent rejects a merge timestamp earlier than the server intent timestamp (0.649917ms)
✔ ambiguous provider outcome reconciles an open PR as the same action-required intent (0.578958ms)
✔ ambiguous provider outcome reconciles a merged PR from live state, not provider output (0.743625ms)
✔ repeated exact receipt re-verifies live PR and trunk without creating another comment (1.555209ms)
✔ advanced local head recovers one historical receipt from a prior durable intent (1.140583ms)
✔ advanced local head refuses historical recovery while the accepted PR is open (0.528541ms)
✔ advanced local head requires accepted Agent Review and standing approval (0.810792ms)
✔ advanced local head refuses wrong-SHA Test or Review evidence (0.690417ms)
✔ advanced local head enforces intent-time ordering and trunk reachability (1.463333ms)
✔ advanced local head rejects divergent prior intent repository bytes (1.055584ms)
✔ advanced local head rejects divergent prior intent issue bytes (0.565125ms)
✔ advanced local head rejects divergent prior intent pull request bytes (0.624667ms)
✔ advanced local head rejects divergent prior intent base bytes (0.543625ms)
✔ advanced local head rejects divergent prior intent branch bytes (0.514083ms)
✔ advanced local head rejects divergent prior intent head bytes (0.504958ms)
✔ advanced local head rejects divergent prior intent method bytes (0.516542ms)
✔ advanced local head rejects divergent prior intent attribution bytes (0.5205ms)
✔ advanced local head rejects divergent prior intent title bytes (2.086292ms)
✔ advanced local head rejects divergent prior intent message bytes (0.574291ms)
✔ advanced local head refuses historical recovery when Full-Auto delivery is disabled (0.518666ms)
✔ advanced local head rejects duplicate and divergent historical receipts (1.889541ms)
✔ lost receipt POST response is reconciled from the single server-visible receipt (0.723458ms)
✔ conflicting receipts fail closed before any new comment is created (1.390917ms)
✔ already-merged external recovery appends an external intent and receipt without an action (0.83825ms)
✔ external recovery proves a configured squash from complete single-source history (0.586541ms)
✔ external recovery accepts exact legacy escaped attribution (0.819792ms)
▶ external recovery refuses altered legacy escaped attribution
  ✔ missing (0.269709ms)
  ✔ altered (0.191833ms)
  ✔ duplicated (0.20025ms)
  ✔ physical newlines (0.17275ms)
  ✔ altered title (0.361834ms)
  ✔ non-squash (0.350583ms)
  ✔ multiple tokens (0.231375ms)
✔ external recovery refuses altered legacy escaped attribution (2.174625ms)
✔ external recovery refuses ambiguous one-parent rewritten history with missing method observation (0.210125ms)
✔ external recovery refuses ambiguous one-parent rewritten history with null method observation (0.134167ms)
✔ external recovery strictly rejects malformed provider merge-method evidence (0.165208ms)
✔ external recovery rejects a provider method observation that mismatches configuration (0.165875ms)
✔ external recovery structurally verifies a two-parent merge without provider method evidence (0.78275ms)
✔ ordinary prior-intent squash remains verifiable without provider method evidence (0.674542ms)
✔ external recovery records observed merge bytes instead of synthesizing provider bytes (0.691542ms)
✔ external recovery refuses empty-title observed commit bytes before writing (0.224208ms)
✔ external recovery refuses control-character-title observed commit bytes before writing (0.183917ms)
✔ external recovery refuses control-character-message observed commit bytes before writing (0.142167ms)
✔ failed first external recovery writes nothing and a corrected retry succeeds (0.548ms)
✔ external recovery derives required attribution from PR history when post-merge range is empty (0.487875ms)
✔ repeated external recovery re-verifies as already delivered without timestamp reclassification (0.678666ms)
✔ changed head requires fresh Test and review evidence then supersedes the prior intent (0.995458ms)
✔ child lineage returns an explicit non-provider result without provider or terminal effects (0.083125ms)
✔ unknown lineage fails closed instead of being classified as child delivery (0.076875ms)
✔ requested issue number never substitutes for a missing active binding (0.1255ms)
ℹ tests 179
ℹ suites 0
ℹ pass 179
ℹ fail 0
ℹ cancelled 0
ℹ skipped 0
ℹ todo 0
ℹ duration_ms 484.180458

