approve: lifecycle-tick-noop: 'passed-final-review' label not matched — body may use legacy heading or customized DoD
✔ auto both/review provide repeatable standing authority; off and reset revoke/re-evaluate it (2.072083ms)
✔ approval evidence must be current-head and genuine human approval remains independent (0.104666ms)
✔ fresh Test and Agent Review cannot rebind an approval from an older head (1.167917ms)
✔ stale Full-Auto body evidence cannot survive auto off or reset (0.139125ms)
✔ standing Full-Auto authorizes immutable A while a reused branch is observed at B (0.368708ms)
✔ reconstructs intent authority only from an advanced merged historical delivery (0.315417ms)
✔ historical reconstruction rejects an extra intent property at its exact-key boundary (0.095375ms)
✔ historical reconstruction refuses authority that is not an advanced, clean merged delivery (0.283791ms)
✔ Full-Auto changes only review authorization; delivery safety gates still refuse independently (0.327125ms)
approve: lifecycle-tick-noop: 'passed-final-review' label not matched — body may use legacy heading or customized DoD
approve: lifecycle-tick-noop: 'passed-final-review' label not matched — body may use legacy heading or customized DoD
✔ runApprove remains the audited producer of Full-Auto approval evidence (399.51ms)
approve: lifecycle-tick-noop: 'passed-final-review' label not matched — body may use legacy heading or customized DoD
✔ stale human approval cannot be silently rebound after head drift (32.271334ms)
✔ an operator cannot launder a false squash through the lane (0.74ms)
✔ the lane cannot be used to rubber-stamp a matching configuration (0.076084ms)
✔ an unattributable topology refuses rather than defaulting to the declaration (0.140833ms)
✔ a merge whose second parent is not the delivered head refuses (0.092167ms)
✔ parses one exact canonical reconciliation marker and validates all record fields (3.544167ms)
✔ builds a reconciliation record carrying both methods and the reason (0.119959ms)
✔ builds a frozen v2 reconstruction record with the exact retroactive origin (0.081375ms)
✔ validates a v2 reconstruction record and refuses a tampered origin (0.102292ms)
✔ renders v2 with the no-delivery-time-intent reconstruction explanation (0.11925ms)
✔ records are frozen so a caller cannot mutate recorded evidence (0.059458ms)
✔ divergent is false when the observed method equals the configured one (0.073959ms)
✔ refuses an empty or whitespace reason (0.110167ms)
✔ refuses a reason that is only a placeholder (0.100875ms)
✔ refuses a merge method outside the known set (0.1405ms)
✔ refuses malformed shas (0.106834ms)
✔ validate accepts a freshly built record and rejects a tampered one (0.611208ms)
✔ resolve returns the declared method when observation agrees (0.181083ms)
✔ resolve refuses when the declared method contradicts observation (0.070959ms)
✔ resolve refuses a no-op reconciliation that matches configuration (0.055416ms)
✔ resolve refuses an unknown observation rather than guessing (0.070209ms)
✔ verifies multi-issue squash attribution from exact inspected commit bytes (3.750125ms)
✔ external recovery accepts one canonical inspected attribution line (0.570417ms)
✔ external recovery verifies an advanced observed local head against accepted authority (0.26925ms)
✔ external recovery keeps its exact input schema and authority equality checks (0.5525ms)
✔ external recovery rejects noncanonical inspected attribution lines (0.782333ms)
✔ @me resolves to the authenticated user and an explicit reviewer is preserved (0.765708ms)
✔ disabled gate authorizes delivery without PR review evidence (0.471875ms)
✔ missing approval requests the eligible human reviewer (0.122834ms)
✔ an existing review request waits without requesting the same reviewer again (0.114333ms)
✔ only the latest applicable exact-head review can authorize delivery (0.200125ms)
✔ review assignment and stale-head approval are not approval evidence (0.072375ms)
✔ the PR author, bots, and unreadable evidence fail closed (0.091458ms)
✔ delivery checks CI before requesting a reviewer and emits no delivery intent (2.445416ms)
✔ exact-head human PR approval authorizes normal provider delivery (3.239125ms)
✔ first open-PR call posts one exact intent before emitting one action and exits 20 (8.168416ms)
✔ configured rebase refuses before durable intent or provider action output (0.503ms)
✔ lost POST response reconciles the server-visible dedupe key without posting again (1.371542ms)
✔ same dedupe key with divergent authorized bytes fails closed (0.8325ms)
✔ same-head pending intent reruns live preflight and re-emits byte-identical JSON (1.098625ms)
✔ merged exact head is independently verified and receives one durable receipt (2.054ms)
✔ merged verification rejects a missing merge SHA (1.275583ms)
✔ merged verification rejects the wrong recorded pre-merge head (0.681833ms)
✔ merged delivery refuses a test SHA disagreement without appending a receipt (1.850334ms)
✔ merged delivery refuses a review SHA disagreement without appending a receipt (0.635708ms)
✔ merged verification rejects an exposed merge-method mismatch (0.77975ms)
✔ merged verification rejects a live-history merge-method mismatch (0.642625ms)
✔ merged verification rejects an indistinguishable live-history merge method (0.590042ms)
✔ ordinary delivery still requires live merge bytes to equal the prior authorization (0.66575ms)
✔ configured merge verifies an exact two-parent live-history shape (0.865541ms)
✔ merged verification rejects unknown branch disposition observations (3.309333ms)
✔ merged verification fails closed when the authoritative trunk fetch fails (0.766708ms)
✔ merged verification rejects a merge result unreachable from fetched origin/trunk (0.655792ms)
✔ ordinary intent rejects a merge timestamp earlier than the server intent timestamp (0.576417ms)
✔ ambiguous provider outcome reconciles an open PR as the same action-required intent (0.51925ms)
✔ ambiguous provider outcome reconciles a merged PR from live state, not provider output (0.6885ms)
✔ repeated exact receipt re-verifies live PR and trunk without creating another comment (1.207916ms)
✔ advanced local head recovers one historical receipt from a prior durable intent (1.1855ms)
✔ advanced local head refuses historical recovery while the accepted PR is open (0.563708ms)
✔ advanced local head requires accepted Agent Review and standing approval (1.23825ms)
✔ advanced local head refuses wrong-SHA Test or Review evidence (0.753459ms)
✔ advanced local head enforces intent-time ordering and trunk reachability (1.311625ms)
✔ advanced local head rejects divergent prior intent repository bytes (0.640792ms)
✔ advanced local head rejects divergent prior intent issue bytes (0.483667ms)
✔ advanced local head rejects divergent prior intent pull request bytes (0.544916ms)
✔ advanced local head rejects divergent prior intent base bytes (0.489292ms)
✔ advanced local head rejects divergent prior intent branch bytes (0.47825ms)
✔ advanced local head rejects divergent prior intent head bytes (0.457417ms)
✔ advanced local head rejects divergent prior intent method bytes (0.467375ms)
✔ advanced local head rejects divergent prior intent attribution bytes (0.826291ms)
✔ advanced local head rejects divergent prior intent title bytes (0.682958ms)
✔ advanced local head rejects divergent prior intent message bytes (0.545ms)
✔ advanced local head refuses historical recovery when Full-Auto delivery is disabled (0.489583ms)
✔ advanced local head rejects duplicate and divergent historical receipts (1.768417ms)
✔ advanced local head refuses historical recovery without a prior intent (0.145458ms)
✔ advanced local head explicitly reconstructs a missing intent after proving historical delivery (1.25975ms)
▶ historical reconstruction and every retry enforce manual approval of the accepted historical SHA
  ✔ 0 records: missing approval (0.299875ms)
  ✔ 0 records: stale local-head approval (0.168959ms)
  ✔ 0 records: exact accepted-head approval (0.499958ms)
  ✔ 1 records: missing approval (0.127666ms)
  ✔ 1 records: stale local-head approval (0.12625ms)
  ✔ 1 records: exact accepted-head approval (0.608125ms)
  ✔ 2 records: missing approval (0.203166ms)
  ✔ 2 records: stale local-head approval (0.236792ms)
  ✔ 2 records: exact accepted-head approval (0.448667ms)
  ✔ 3 records: missing approval (0.214583ms)
  ✔ 3 records: stale local-head approval (0.206708ms)
  ✔ 3 records: exact accepted-head approval (0.315917ms)
✔ historical reconstruction and every retry enforce manual approval of the accepted historical SHA (4.665375ms)
✔ ordinary prior-intent historical recovery retains its existing manual-review behavior (0.812917ms)
✔ historical reconstruction retries a persisted 1-record prefix without duplicates (1.514875ms)
✔ historical reconstruction retries a persisted 2-record prefix without duplicates (0.9195ms)
✔ historical reconstruction retries a persisted 3-record prefix without duplicates (0.750375ms)
✔ historical reconstruction recovers a lost reconciliation POST response without duplicate records (0.765458ms)
▶ historical reconstruction retries require explicit authority and fresh provider/Git proof
  ✔ 1 records: missing flag (0.437958ms)
  ✔ 1 records: changed reason (0.166458ms)
  ✔ 1 records: placeholder reason (0.160917ms)
  ✔ 1 records: changed declaration (0.165209ms)
  ✔ 1 records: unreachable merge (0.17025ms)
  ✔ 1 records: changed topology (0.117042ms)
  ✔ 1 records: changed live bytes (0.243792ms)
  ✔ 2 records: missing flag (0.18825ms)
  ✔ 2 records: changed reason (0.20025ms)
  ✔ 2 records: placeholder reason (0.170125ms)
  ✔ 2 records: changed declaration (0.294833ms)
  ✔ 2 records: unreachable merge (0.250625ms)
  ✔ 2 records: changed topology (0.163833ms)
  ✔ 2 records: changed live bytes (0.244834ms)
  ✔ 3 records: missing flag (0.204458ms)
  ✔ 3 records: changed reason (0.227666ms)
  ✔ 3 records: placeholder reason (0.236084ms)
  ✔ 3 records: changed declaration (0.203667ms)
  ✔ 3 records: unreachable merge (0.282125ms)
  ✔ 3 records: changed topology (0.202833ms)
  ✔ 3 records: changed live bytes (0.255833ms)
✔ historical reconstruction retries require explicit authority and fresh provider/Git proof (5.6255ms)
▶ historical reconstruction refuses missing, malformed, or mismatched v2 retry provenance
  ✔ missing (0.387041ms)
  ✔ malformed (0.271458ms)
  ✔ v1 only (0.240417ms)
  ✔ wrong origin (0.198042ms)
  ✔ wrong issue (0.213167ms)
  ✔ wrong repository (0.218125ms)
  ✔ wrong PR (0.205625ms)
  ✔ wrong accepted SHA (0.190583ms)
  ✔ wrong merge SHA (0.204208ms)
  ✔ wrong configured method (0.21975ms)
  ✔ wrong observed method (0.202041ms)
  ✔ wrong reason (0.20175ms)
  ✔ false divergence (0.198334ms)
✔ historical reconstruction refuses missing, malformed, or mismatched v2 retry provenance (4.249959ms)
✔ historical reconstruction refuses unmerged PR without any ledger writes (0.168917ms)
✔ historical reconstruction refuses unreachable merge without any ledger writes (0.162584ms)
✔ historical reconstruction refuses unattributable topology without any ledger writes (0.10625ms)
✔ historical reconstruction refuses declared method mismatch without any ledger writes (0.097875ms)
✔ historical reconstruction refuses missing flag without any ledger writes (0.096333ms)
✔ historical reconstruction refuses failed trunk fetch without any ledger writes (0.149208ms)
✔ historical reconstruction refuses provider method mismatch without any ledger writes (0.159667ms)
✔ historical reconstruction refuses invalid attribution without any ledger writes (0.205584ms)
✔ advanced local head refuses an external recovery intent (0.296667ms)
✔ lost receipt POST response is reconciled from the single server-visible receipt (1.087583ms)
✔ conflicting receipts fail closed before any new comment is created (0.887375ms)
✔ already-merged external recovery appends an external intent and receipt without an action (0.603708ms)
✔ external recovery proves a configured squash from complete single-source history (0.492208ms)
✔ external recovery accepts exact legacy escaped attribution (0.68425ms)
▶ external recovery refuses altered legacy escaped attribution
  ✔ missing (0.210792ms)
  ✔ altered (0.155042ms)
  ✔ duplicated (0.164666ms)
  ✔ physical newlines (0.145166ms)
  ✔ altered title (0.1495ms)
  ✔ non-squash (0.147584ms)
  ✔ multiple tokens (0.151792ms)
✔ external recovery refuses altered legacy escaped attribution (1.343042ms)
✔ external recovery refuses ambiguous one-parent rewritten history with missing method observation (0.157667ms)
✔ external recovery refuses ambiguous one-parent rewritten history with null method observation (0.118333ms)
✔ external recovery strictly rejects malformed provider merge-method evidence (0.145959ms)
✔ external recovery rejects a provider method observation that mismatches configuration (0.460542ms)
✔ external recovery structurally verifies a two-parent merge without provider method evidence (0.462833ms)
✔ ordinary prior-intent squash remains verifiable without provider method evidence (0.652208ms)
✔ external recovery records observed merge bytes instead of synthesizing provider bytes (0.665375ms)
✔ external recovery refuses empty-title observed commit bytes before writing (0.20225ms)
✔ external recovery refuses control-character-title observed commit bytes before writing (0.176708ms)
✔ external recovery refuses control-character-message observed commit bytes before writing (0.138292ms)
✔ failed first external recovery writes nothing and a corrected retry succeeds (0.536ms)
✔ external recovery derives required attribution from PR history when post-merge range is empty (0.455708ms)
✔ repeated external recovery re-verifies as already delivered without timestamp reclassification (0.725834ms)
✔ changed head requires fresh Test and review evidence then supersedes the prior intent (0.890792ms)
✔ child lineage returns an explicit non-provider result without provider or terminal effects (0.073041ms)
✔ unknown lineage fails closed instead of being classified as child delivery (0.067791ms)
✔ requested issue number never substitutes for a missing active binding (0.114166ms)
ℹ tests 179
ℹ suites 0
ℹ pass 179
ℹ fail 0
ℹ cancelled 0
ℹ skipped 0
ℹ todo 0
ℹ duration_ms 520.204208

