Started #1857.
Paused #1857: +Unknown active min (wall 0), +0 words. Use "/task resume" to resume.
Resumed #1857.
✔ question hooks close only their own actor interval and resume without charging the wait (405.2255ms)
✔ question reply ambiguity retains the original row and replays before resuming (293.933125ms)
✔ question marker cannot substitute another event for the frozen resume (339.874458ms)
✔ question hook respects its own manual pause without creating a resume marker (160.327583ms)
✔ flush preserves genuine own wall interval and unknown estimate despite another actor tail (187.661625ms)
✔ first attributed interruption retains observed cursor delta without a fabricated opener (180.217125ms)
✔ update preserves cumulative actor cursor and unknown total after an unavailable estimate (204.837875ms)
✔ real start pause and resume retain one actor identity and explicit current boundaries (580.417667ms)
✔ phase boundary flushes own actor interval and shared lifecycle rows do not duplicate actor work (199.865458ms)
✔ Test interlock records actual verification engagement from a paused own binding (179.141375ms)
✔ status distinguishes missing activity observation from zero work (116.20875ms)
✔ failed Test execution retains both its failure and actual actor work (177.171333ms)
✔ session tracking initializes a versioned own cursor and refuses corrupt existing authority (161.91725ms)
✔ failed publication retains original row and cursor, then exact replay precedes new work (741.893792ms)
✔ publication cannot overwrite a concurrently changed own timing boundary (109.6635ms)
✔ Review human handoff flushes actual actor work before pausing its own binding (164.543875ms)
✔ compaction hooks use the same actor journal and never resume a paused binding (261.452417ms)
✔ session restart records unknown prior work without synthesizing historical active or idle time (258.119958ms)
✔ actual hook entrypoint refuses a foreign payload actor before mutating timing state (334.031709ms)
✔ actual idle SessionStart preserves cumulative actor word evidence (573.672667ms)
ℹ tests 20
ℹ suites 0
ℹ pass 20
ℹ fail 0
ℹ cancelled 0
ℹ skipped 0
ℹ todo 0
ℹ duration_ms 5806.320417
