[task-tracker] Functional DoD normalization persisted for #1887; Review transition remains pending.
Issue #1887: 19 timing rows
  Engaged: Unknown
  Session: Unknown
  Review: Unknown
  Plan: Unknown
  Known engagement lower bound: 3622.947 seconds
  Unavailable: legacy-attribution-unknown
  Stage Time (per visit):
    backlog#1: 1m 54s
    refine#1: 2m 03s
    ready-for-plan#1: 1m 17s
    plan#1: 15m 27s
    develop#1: 38m 27s
    test#1: 4m 06s
    review#1: open
  Stage Time (totals):
    backlog: 1m 54s
    refine: 2m 03s
    ready-for-plan: 1m 17s
    plan: 15m 27s
    develop: 38m 27s
    test: 4m 06s
AITM_TIMING_RESULT {"schema":"aitm.timing-field-result/v1","status":"incomplete","reasons":["legacy-attribution-unknown"],"knownEngagedSec":3622.947,"values":{"engagedTime":null,"sessionTime":null,"reviewTime":null,"planTime":null},"secondsByKey":{"engagedTime":null,"sessionTime":null,"reviewTime":null,"planTime":null},"unknownFields":["engagedTime","sessionTime","reviewTime","planTime"],"issue":1887,"repository":"kburson/ai-task-manager","sourceCommentId":"IC_kwDOSU6LgM8AAAABZNV3GQ"}
Fields updated on GitHub Projects board.
✓ #1887 moved to Review — all verification passed.
Review #1887: Full-Auto continuation remains active.
