▶ direct Test and Develop Promote explain the same ready entry without effects
  ✔ direct Test from Develop (8.379667ms)
  ✔ direct Test self-rerun from Test (1.196833ms)
  ✔ Promote from Develop (0.837917ms)
✔ direct Test and Develop Promote explain the same ready entry without effects (11.166459ms)
✔ accepted directory-backed Test evidence does not require legacy VCs or sandbox (1.67775ms)
✔ Review-state Test request is not advertised as runnable (0.90975ms)
✔ Test entry needs an explicit project directory for command and provider authority (1.661916ms)
✔ Test entry resolves the bound project directory when the caller omits it (1.459292ms)
✔ Test explanation reports missing Verification Commands without effects (1.585417ms)
✔ Test entry preserves simultaneous declaration and Develop-exit refusals (0.789375ms)
✔ Test entry aggregates independent binding and declaration blockers (0.593458ms)
▶ Test explanation reports mismatched HEAD, binding, and malformed receipt authority
  ✔ worktree HEAD (0.518709ms)
  ✔ session binding (0.431292ms)
  ✔ claimed receipt (0.629416ms)
✔ Test explanation reports mismatched HEAD, binding, and malformed receipt authority (1.80075ms)
✔ Test explanation names an unavailable required authority read and makes no effects (0.610667ms)
✔ network-skipped Test entry is indeterminate without an empty observation attempt (0.281417ms)
✔ malformed observed HEAD is indeterminate, not blocked or ready (0.910584ms)
✔ a required workflow-policy read failure remains indeterminate for Test entry (0.857083ms)
✔ a configured provider rejected by execution is blocked in Test explanation (0.723625ms)
✔ real Develop-exit guards explain the affected AC and repair on Test and Promote (4840.350042ms)
✔ Test entry retains registered guard warnings while remaining blocked (0.83675ms)
✔ a missing Develop-final receipt is runnable resident work, not completed proof (0.580959ms)
✔ a ready Test explanation does not predetermine a later red locked execution (6.741667ms)
✔ production Test read adapter rechecks live body and board at a fresh boundary (7.132541ms)
✔ production adapter rejects directory evidence whose accepted record epoch is stale (1.884958ms)
✔ the locked Test wrapper supplies the production preflight by default (0.16025ms)
✔ locked Test execution refuses a freshly blocked entry before any sandbox effect (0.199458ms)
✔ rebased Test readiness audits the projected body without changing observed authority (3.3475ms)
✔ current wrong-tree Test provenance remains a readiness refusal (1.644417ms)
✔ retires stale claimed Test evidence before finalization or worktree creation (78.216625ms)
✔ retires stale claimed Test evidence from Develop before replacement verification (39.237416ms)
✔ stops all execution when receipt retirement fails (2.872708ms)
✔ refuses malformed claimed Test evidence before execution (0.451958ms)
✔ refuses malformed generic receipt claims before execution (0.456542ms)
✔ refuses live command drift introduced by the fresh evidence mutation (26.189958ms)
✔ reports invalid fresh-base command authority without throwing (16.366542ms)
✔ refuses command drift reported by the persisted write response (13.435958ms)
✔ fresh entry is rechecked after stale retirement before finalization (13.13875ms)
✔ a new entry blocker after retirement prevents finalization and sandbox effects (0.561459ms)
✔ an independent initial entry blocker leaves the stale receipt and execution untouched (0.273709ms)
✔ retires only the exact stage and receipt identity (4.624833ms)
✔ is idempotent when the exact identity is already absent (0.908083ms)
✔ fails closed on wrong issue, duplicate target, malformed claim, and missing identity (1.181667ms)
✔ governed retirement mutates a fresh base and verifies write plus fresh read-back (0.51125ms)
✔ governed retirement refuses failed writes and either read-back retaining the target (0.652167ms)
✔ stale projection removes only one exact Test claim and keeps other evidence (0.485ms)
✔ current and absent Test receipts are retained without eligibility (0.37575ms)
✔ stale projection refuses malformed foreign ambiguous and missing authority (0.707458ms)
✔ stale retirement refuses fresh-base eligibility drift before writing (1.108ms)
ℹ tests 50
ℹ suites 0
ℹ pass 50
ℹ fail 0
ℹ cancelled 0
ℹ skipped 0
ℹ todo 0
ℹ duration_ms 5115.677958
