✔ retires only the exact stage and receipt identity (4.508917ms)
✔ is idempotent when the exact identity is already absent (0.757667ms)
✔ fails closed on wrong issue, duplicate target, malformed claim, and missing identity (0.781875ms)
✔ governed retirement mutates a fresh base and verifies write plus fresh read-back (0.479584ms)
✔ governed retirement refuses failed writes and either read-back retaining the target (0.564125ms)
✔ stale projection removes only one exact Test claim and keeps other evidence (0.343667ms)
✔ current and absent Test receipts are retained without eligibility (0.226666ms)
✔ stale projection refuses malformed foreign ambiguous and missing authority (0.54625ms)
✖ stale retirement refuses fresh-base eligibility drift before writing (1.228375ms)
ℹ tests 9
ℹ suites 0
ℹ pass 8
ℹ fail 1
ℹ cancelled 0
ℹ skipped 0
ℹ todo 0
ℹ duration_ms 92.815458

✖ failing tests:

test at scripts/tests/unit/task-tracker/lib/verification-receipt-retirement.test.mjs:248:1
✖ stale retirement refuses fresh-base eligibility drift before writing (1.228375ms)
  AssertionError [ERR_ASSERTION]: Missing expected rejection.
      at async TestContext.<anonymous> (file:///Users/kpburson/projects/Vibe-Coding/ai-task-manager/.worktrees/1882-child-ci-integration/scripts/tests/unit/task-tracker/lib/verification-receipt-retirement.test.mjs:255:5)
      at async Test.run (node:internal/test_runner/test:1409:7)
      at async Test.processPendingSubtests (node:internal/test_runner/test:974:7) {
    generatedMessage: false,
    code: 'ERR_ASSERTION',
    actual: undefined,
    expected: undefined,
    operator: 'rejects',
    diff: 'simple'
  }
