▶ direct Test and Develop Promote explain the same ready entry without effects
  ✔ direct Test from Develop (6.527583ms)
  ✔ direct Test self-rerun from Test (0.88875ms)
  ✔ Promote from Develop (0.624125ms)
✔ direct Test and Develop Promote explain the same ready entry without effects (8.618167ms)
✔ accepted directory-backed Test evidence does not require legacy VCs or sandbox (1.027209ms)
✔ Review-state Test request is not advertised as runnable (0.557584ms)
✔ Test entry needs an explicit project directory for command and provider authority (0.761375ms)
✔ Test entry resolves the bound project directory when the caller omits it (0.547833ms)
✔ Test explanation reports missing Verification Commands without effects (1.462625ms)
✔ Test entry preserves simultaneous declaration and Develop-exit refusals (1.3505ms)
✔ Test entry aggregates independent binding and declaration blockers (0.89825ms)
▶ Test explanation reports mismatched HEAD, binding, and malformed receipt authority
  ✔ worktree HEAD (0.525875ms)
  ✔ session binding (0.546916ms)
  ✔ claimed receipt (0.642042ms)
✔ Test explanation reports mismatched HEAD, binding, and malformed receipt authority (1.988083ms)
✔ Test explanation names an unavailable required authority read and makes no effects (0.563083ms)
✔ network-skipped Test entry is indeterminate without an empty observation attempt (0.297625ms)
✔ malformed observed HEAD is indeterminate, not blocked or ready (0.515625ms)
✔ a required workflow-policy read failure remains indeterminate for Test entry (0.673958ms)
✔ a configured provider rejected by execution is blocked in Test explanation (0.7285ms)
✔ real Develop-exit guards explain the affected AC and repair on Test and Promote (4262.616834ms)
✔ Test entry retains registered guard warnings while remaining blocked (1.534917ms)
✔ a missing Develop-final receipt is runnable resident work, not completed proof (0.558666ms)
✔ a ready Test explanation does not predetermine a later red locked execution (4.452875ms)
✔ production Test read adapter rechecks live body and board at a fresh boundary (1.10625ms)
✔ production adapter rejects directory evidence whose accepted record epoch is stale (1.275458ms)
✔ the locked Test wrapper supplies the production preflight by default (0.143ms)
✔ locked Test execution refuses a freshly blocked entry before any sandbox effect (0.186584ms)
✔ rebased Test readiness audits the projected body without changing observed authority (2.549917ms)
✔ current wrong-tree Test provenance remains a readiness refusal (4.488458ms)
✔ retires stale claimed Test evidence before finalization or worktree creation (32.416458ms)
✔ retires stale claimed Test evidence from Develop before replacement verification (10.523041ms)
✔ stops all execution when receipt retirement fails (1.190458ms)
✔ refuses malformed claimed Test evidence before execution (0.398875ms)
✔ refuses malformed generic receipt claims before execution (0.22375ms)
✔ refuses live command drift introduced by the fresh evidence mutation (10.384208ms)
✔ reports invalid fresh-base command authority without throwing (11.541042ms)
✔ refuses command drift reported by the persisted write response (7.576167ms)
✔ fresh entry is rechecked after stale retirement before finalization (9.45975ms)
✔ a new entry blocker after retirement prevents finalization and sandbox effects (0.584542ms)
✔ an independent initial entry blocker leaves the stale receipt and execution untouched (0.314667ms)
✔ retires only the exact stage and receipt identity (3.454417ms)
✔ is idempotent when the exact identity is already absent (0.859125ms)
✔ fails closed on wrong issue, duplicate target, malformed claim, and missing identity (0.767834ms)
✔ governed retirement mutates a fresh base and verifies write plus fresh read-back (0.45925ms)
✔ governed retirement refuses failed writes and either read-back retaining the target (0.557458ms)
✔ stale projection removes only one exact Test claim and keeps other evidence (0.354375ms)
✔ current and absent Test receipts are retained without eligibility (0.232333ms)
✔ stale projection refuses malformed foreign ambiguous and missing authority (0.509875ms)
ℹ tests 49
ℹ suites 0
ℹ pass 49
ℹ fail 0
ℹ cancelled 0
ℹ skipped 0
ℹ todo 0
ℹ duration_ms 4447.268334
