✔ known-prefix DATA rejects journal getter before reading any selected value (0.866084ms)
✔ known-prefix DATA rejects resources getter before reading any selected value (0.091792ms)
✔ known-prefix DATA rejects body getter before reading any selected value (0.081208ms)
✔ known-prefix DATA rejects stage getter before reading any selected value (0.074666ms)
✔ known-prefix DATA rejects executor getter before reading any selected value (0.078459ms)
✔ known-prefix DATA refuses prototype shape without recognition (0.130125ms)
✔ known-prefix DATA refuses hidden shape without recognition (0.070209ms)
✔ known-prefix DATA refuses symbol shape without recognition (0.071958ms)
✔ known-prefix DATA refuses extra shape without recognition (0.075167ms)
✔ known-prefix DATA refuses missing shape without recognition (0.12225ms)
✔ known-prefix DATA refuses null, scalar and incomplete roots (0.687083ms)
sysctl: sysctl fmt -1 1024 1: Operation not permitted
sysctl: sysctl fmt -1 1024 1: Operation not permitted
[move-state:warn] #741: transition commit provenance missing: Cannot read properties of undefined (reading 'repo')
sysctl: sysctl fmt -1 1024 1: Operation not permitted
⛔ #741 → test: board confirmed at target but aitm-last-known-state marker reads "develop". Board/marker consistency post-condition FAILED.
sysctl: sysctl fmt -1 1024 1: Operation not permitted
[move-state:warn] #741: transition commit provenance missing: Cannot read properties of undefined (reading 'repo')
sysctl: sysctl fmt -1 1024 1: Operation not permitted
✔ AC1: a failed board write rolls the marker back to the prior stage and stays loud (14.804917ms)
✔ AC3: rollback restores aitm-last-known-state to priorState (real code) (73.326208ms)
✔ AC3: rollback is a no-op when the marker already reads priorState (0.554375ms)
✔ AC2: success path runs the board==marker consistency assertion (20.141208ms)
✔ AC2: a board/marker mismatch on success fails closed and never runs the tail (13.893041ms)
✔ AC2: assertBoardMarkerConsistent reports consistent iff marker == expected (real code) (0.377291ms)
✔ AC4: with no priorState (undefined stamp result) the #741 branches stay dormant (18.353208ms)
✔ AC4: with no priorState a failed board write does NOT attempt a rollback (17.622125ms)
sysctl: sysctl fmt -1 1024 1: Operation not permitted
sysctl: sysctl fmt -1 1024 1: Operation not permitted
sysctl: sysctl fmt -1 1024 1: Operation not permitted
[move-state:warn] #999: transition commit provenance missing: github unavailable
sysctl: sysctl fmt -1 1024 1: Operation not permitted
sysctl: sysctl fmt -1 1024 1: Operation not permitted
sysctl: sysctl fmt -1 1024 1: Operation not permitted
✔ moveState runs guard → rows → markers → status → sentinel → commit → tail (32.050875ms)
✔ atomic core order: rows + markers land before Status, sentinel before tail (20.001833ms)
✔ transition commit failure warns without failing a confirmed move (20.753125ms)
✔ moveState fails closed when the sentinel does not verify (17.879083ms)
✔ moveState halts on guard refusal and never writes status (15.0235ms)
✔ moveState prefers the public pre-evaluated guard over the legacy test seam (13.058916ms)
sysctl: sysctl fmt -1 1024 1: Operation not permitted

⛔ Refusing to move #1462 to test:
   BLOCKED: contiguity-hole — missing prior-stage entry marker(s): aitm-entered-backlog, aitm-entered-refine, aitm-entered-plan, aitm-entered-develop. The board shows develop but the body never recorded entry into: backlog, refine, plan, develop

A forward move may not enter a new stage while an earlier stage in the chain is unrecorded.
Recovery:
   • Run `/task reconcile backfill 1462` to fill the missing entry marker(s) if the stage(s) genuinely ran, then retry.
   • Only if the board and recorded body state have actually drifted (not merely a missing historical marker), run `/task reconcile accept-live 1462` instead.

sysctl: sysctl fmt -1 1024 1: Operation not permitted
sysctl: sysctl fmt -1 1024 1: Operation not permitted
✔ pre-mutation guard consumes the locked snapshot body without a second issue fetch (521.236917ms)
✔ pre-mutation boundary reloads policy only after a waivable guard refusal (50.870417ms)
✔ Plan → Develop exposes the exact successful guard decision for durable authority (26.012708ms)
✔ Plan → Develop verifies authority after replay probe and before mutation (22.26175ms)
✔ Plan → Develop authority failure is fail-closed before every mutation (12.687292ms)
✔ Plan → Develop scope drift after authority write fails before lifecycle mutation (15.931084ms)
✔ Plan → Develop scope drift at entry stamping returns the typed authority refusal (12.841542ms)
✔ moveState halts on status exit and never runs tail (22.091625ms)
✔ AC5: a throwing tail step is logged and never fails-reports or reverts the move (14.627917ms)
sysctl: sysctl fmt -1 1024 1: Operation not permitted
sysctl: sysctl fmt -1 1024 1: Operation not permitted
sysctl: sysctl fmt -1 1024 1: Operation not permitted
sysctl: sysctl fmt -1 1024 1: Operation not permitted
✔ re-run of a complete move is a no-op (no rows/markers/status/sentinel rewrite) (15.61275ms)
✔ partial move (sentinel absent) rolls forward through the saga (14.934458ms)
✔ same-target replay repairs a post-Status partial move with the existing transition ID (16.1565ms)
✔ same-target replay without a recoverable partial move remains a strict no-op (14.533333ms)
✔ production completion probe recovers only the latest fully-evidenced entry identity (77.320333ms)
✔ production completion probe recovers a demotion with target-bound timing evidence (46.469042ms)
✔ success readout asserts each element verified-as-stored + sentinel + tail summary (#757 AC1) (1.580416ms)
✔ success readout names deferred tail steps when some best-effort steps failed (#757 AC1) (0.18ms)
✔ idempotent replay renders an "already complete" header (#757 AC1) (0.098708ms)
✔ status-phase failure: names element, BEFORE Status write, sentinel ABSENT (#757 AC2) (0.198042ms)
✔ sentinel-phase failure: AFTER Status write, board moved, sentinel ABSENT ⇒ converge (#757 AC2) (0.145708ms)
✔ status-phase failure recommends re-run (#757 AC3) (0.086167ms)
✔ sentinel-phase failure recommends re-run to converge (#757 AC3) (0.081208ms)
✔ guard-phase failure recommends demote to fix code (#757 AC3) (0.077584ms)
✔ unclassifiable exit recommends filing a bug (#757 AC3) (0.089833ms)
✔ sentinel present on a reported failure ⇒ treat as complete/reconcile (#757 AC2) (0.154542ms)
✔ BACKWARD_TARGETS is non-empty (sanity — otherwise this test vacuously passes) (0.466583ms)
✔ every BACKWARD_TARGETS state has a refusalVerbHint verb that can actually declare it legal (135.556958ms)
✔ demote is unaffected by #848: still hardcoded to develop, from test/review only (3.649958ms)
⛔ #999 → test: board moved but aitm-move-complete sentinel did NOT confirm on re-read. Move is NOT stamped complete; re-run to converge.
✔ sentinel is written and re-read-verified as target (1.900209ms)
✔ SKIP_NETWORK short-circuits: no body write, reported verified (0.215666ms)
✔ sentinel verify fails closed when the verified body does not show target (0.50875ms)
✔ AC1: a child exiting non-zero WITH stderr detail names the step and exit code (0.606292ms)
✔ AC1: exit code read from `.status` when `.code` is a string (spawn-style) (0.121666ms)
✔ AC3: a non-zero exit with NO usable stderr detail yields the explicit fallback (0.383292ms)
✔ AC2: a benign human-reviewer-audit line is NOT chosen as the failure reason (0.112125ms)
✔ AC2: when ONLY benign informational lines are present, fall back to no-detail (0.0945ms)
✔ a plain (non-child) Error throw without an exit code names the step and message (0.071667ms)
✔ AC2 (source): audit-timing informational lines are level-tagged as non-failure (0.200584ms)
ℹ tests 63
ℹ suites 0
ℹ pass 63
ℹ fail 0
ℹ cancelled 0
ℹ skipped 0
ℹ todo 0
ℹ duration_ms 2486.203875
