✔ independent descriptors include current-source drift and all eleven sentinel late inputs (0.786875ms)
ℹ [{"filename":"native-stage-late-sources.test.mjs","mode":"late-sources","fault":null},{"filename":"native-stage-sentinel-late-context-executor-accessor.test.mjs","mode":"sentinel-late-context-executor-accessor","fault":null},{"filename":"native-stage-sentinel-late-context-identity.test.mjs","mode":"sentinel-late-context-identity","fault":null},{"filename":"native-stage-sentinel-late-context-issue-accessor.test.mjs","mode":"sentinel-late-context-issue-accessor","fault":null},{"filename":"native-stage-sentinel-late-effect-token-accessor.test.mjs","mode":"sentinel-late-effect-token-accessor","fault":null},{"filename":"native-stage-sentinel-late-effect-token-identity.test.mjs","mode":"sentinel-late-effect-token-identity","fault":null},{"filename":"native-stage-sentinel-late-persist-invocation-accessor.test.mjs","mode":"sentinel-late-persist-invocation-accessor","fault":null},{"filename":"native-stage-sentinel-late-persist-invocation-identity.test.mjs","mode":"sentinel-late-persist-invocation-identity","fault":null},{"filename":"native-stage-sentinel-late-persist-step-accessor.test.mjs","mode":"sentinel-late-persist-step-accessor","fault":null},{"filename":"native-stage-sentinel-late-persist-step-identity.test.mjs","mode":"sentinel-late-persist-step-identity","fault":null},{"filename":"native-stage-sentinel-late-persist-token-accessor.test.mjs","mode":"sentinel-late-persist-token-accessor","fault":null},{"filename":"native-stage-sentinel-late-persist-token-identity.test.mjs","mode":"sentinel-late-persist-token-identity","fault":null}]
▶ actual original source drift and late custody mutations refuse without effects
  ✔ native-stage-late-sources.test.mjs (28900.6685ms)
  ℹ scripts/tests/integration/task-tracker/lib/native-stage-late-sources.test.mjs: 1 complete original cases
  ✔ native-stage-sentinel-late-context-executor-accessor.test.mjs (118456.30225ms)
  ℹ scripts/tests/integration/task-tracker/lib/native-stage-sentinel-late-context-executor-accessor.test.mjs: 1 complete original cases
  ✔ native-stage-sentinel-late-context-identity.test.mjs (118500.697625ms)
  ℹ scripts/tests/integration/task-tracker/lib/native-stage-sentinel-late-context-identity.test.mjs: 1 complete original cases
  ✔ native-stage-sentinel-late-context-issue-accessor.test.mjs (118421.774792ms)
  ℹ scripts/tests/integration/task-tracker/lib/native-stage-sentinel-late-context-issue-accessor.test.mjs: 1 complete original cases
  ✔ native-stage-sentinel-late-effect-token-accessor.test.mjs (112985.855667ms)
  ℹ scripts/tests/integration/task-tracker/lib/native-stage-sentinel-late-effect-token-accessor.test.mjs: 1 complete original cases
  ✔ native-stage-sentinel-late-effect-token-identity.test.mjs (117438.657958ms)
  ℹ scripts/tests/integration/task-tracker/lib/native-stage-sentinel-late-effect-token-identity.test.mjs: 1 complete original cases
  ✔ native-stage-sentinel-late-persist-invocation-accessor.test.mjs (115884.676542ms)
  ℹ scripts/tests/integration/task-tracker/lib/native-stage-sentinel-late-persist-invocation-accessor.test.mjs: 1 complete original cases
  ✔ native-stage-sentinel-late-persist-invocation-identity.test.mjs (115672.394625ms)
  ℹ scripts/tests/integration/task-tracker/lib/native-stage-sentinel-late-persist-invocation-identity.test.mjs: 1 complete original cases
  ✔ native-stage-sentinel-late-persist-step-accessor.test.mjs (112957.676959ms)
  ℹ scripts/tests/integration/task-tracker/lib/native-stage-sentinel-late-persist-step-accessor.test.mjs: 1 complete original cases
  ✔ native-stage-sentinel-late-persist-step-identity.test.mjs (99850.035ms)
  ℹ scripts/tests/integration/task-tracker/lib/native-stage-sentinel-late-persist-step-identity.test.mjs: 1 complete original cases
  ✔ native-stage-sentinel-late-persist-token-accessor.test.mjs (99876.097166ms)
  ℹ scripts/tests/integration/task-tracker/lib/native-stage-sentinel-late-persist-token-accessor.test.mjs: 1 complete original cases
  ✔ native-stage-sentinel-late-persist-token-identity.test.mjs (99624.357791ms)
  ℹ scripts/tests/integration/task-tracker/lib/native-stage-sentinel-late-persist-token-identity.test.mjs: 1 complete original cases
✔ actual original source drift and late custody mutations refuse without effects (335496.516042ms)
✔ independent original descriptors account for the complete sentinel and all eight fault points (0.819375ms)
ℹ [{"filename":"native-stage-sentinel-complete.test.mjs","mode":"sentinel-complete","fault":null},{"filename":"native-stage-sentinel-effect-readback-failAfter.test.mjs","mode":"sentinel-prefix","fault":{"when":"failAfter","suffix":"effect-readback"}},{"filename":"native-stage-sentinel-effect-readback-failBefore.test.mjs","mode":"sentinel-prefix","fault":{"when":"failBefore","suffix":"effect-readback"}},{"filename":"native-stage-sentinel-effect-write-failAfter.test.mjs","mode":"sentinel-prefix","fault":{"when":"failAfter","suffix":"effect-write"}},{"filename":"native-stage-sentinel-effect-write-failBefore.test.mjs","mode":"sentinel-prefix","fault":{"when":"failBefore","suffix":"effect-write"}},{"filename":"native-stage-sentinel-intent-readback-failAfter.test.mjs","mode":"sentinel-prefix","fault":{"when":"failAfter","suffix":"intent-readback"}},{"filename":"native-stage-sentinel-intent-readback-failBefore.test.mjs","mode":"sentinel-prefix","fault":{"when":"failBefore","suffix":"intent-readback"}},{"filename":"native-stage-sentinel-intent-write-failAfter.test.mjs","mode":"sentinel-prefix","fault":{"when":"failAfter","suffix":"intent-write"}},{"filename":"native-stage-sentinel-intent-write-failBefore.test.mjs","mode":"sentinel-prefix","fault":{"when":"failBefore","suffix":"intent-write"}},{"filename":"native-stage-actor-override.test.mjs","mode":"actor-override","fault":null},{"filename":"native-stage-guard-fence.test.mjs","mode":"guard-fence","fault":null},{"filename":"native-stage-sentinel-data.test.mjs","mode":"sentinel-data","fault":null},{"filename":"native-stage-sentinel-history.test.mjs","mode":"sentinel-history","fault":null}]
✔ complete original prefix DATA and custody regressions (1343.476542ms)
ℹ scripts/tests/unit/task-tracker/lib/criteria-revision/native-stage-execution-resources.test.mjs, scripts/tests/unit/task-tracker/lib/criteria-revision/native-stage-body-data.test.mjs, scripts/tests/unit/task-tracker/lib/criteria-revision/native-stage-local-data.test.mjs, scripts/tests/unit/task-tracker/lib/criteria-revision/native-stage-sentinel-boundary.test.mjs, scripts/tests/unit/task-tracker/lib/criteria-revision/native-stage-board-attempts.test.mjs: 61 complete original cases
▶ actual original prefix and sentinel transport cases retain verified facts
  ✔ native-stage-actor-override.test.mjs (11764.034417ms)
  ℹ scripts/tests/integration/task-tracker/lib/native-stage-actor-override.test.mjs: 1 complete original cases
  ✔ native-stage-guard-fence.test.mjs (12615.838375ms)
  ℹ scripts/tests/integration/task-tracker/lib/native-stage-guard-fence.test.mjs: 1 complete original cases
  ✔ native-stage-sentinel-complete.test.mjs (128015.339667ms)
  ℹ scripts/tests/integration/task-tracker/lib/native-stage-sentinel-complete.test.mjs: 1 complete original cases
  ✔ native-stage-sentinel-data.test.mjs (116990.927042ms)
  ℹ scripts/tests/integration/task-tracker/lib/native-stage-sentinel-data.test.mjs: 1 complete original cases
  ✔ native-stage-sentinel-effect-readback-failAfter.test.mjs (122837.697792ms)
  ℹ scripts/tests/integration/task-tracker/lib/native-stage-sentinel-effect-readback-failAfter.test.mjs: 1 complete original cases
  ✔ native-stage-sentinel-effect-readback-failBefore.test.mjs (122021.154625ms)
  ℹ scripts/tests/integration/task-tracker/lib/native-stage-sentinel-effect-readback-failBefore.test.mjs: 1 complete original cases
  ✔ native-stage-sentinel-effect-write-failAfter.test.mjs (116137.7115ms)
  ℹ scripts/tests/integration/task-tracker/lib/native-stage-sentinel-effect-write-failAfter.test.mjs: 1 complete original cases
  ✔ native-stage-sentinel-effect-write-failBefore.test.mjs (116795.704791ms)
  ℹ scripts/tests/integration/task-tracker/lib/native-stage-sentinel-effect-write-failBefore.test.mjs: 1 complete original cases
  ✔ native-stage-sentinel-history.test.mjs (123930.781375ms)
  ℹ scripts/tests/integration/task-tracker/lib/native-stage-sentinel-history.test.mjs: 1 complete original cases
  ✔ native-stage-sentinel-intent-readback-failAfter.test.mjs (114976.259667ms)
  ℹ scripts/tests/integration/task-tracker/lib/native-stage-sentinel-intent-readback-failAfter.test.mjs: 1 complete original cases
  ✔ native-stage-sentinel-intent-readback-failBefore.test.mjs (110512.256625ms)
  ℹ scripts/tests/integration/task-tracker/lib/native-stage-sentinel-intent-readback-failBefore.test.mjs: 1 complete original cases
  ✔ native-stage-sentinel-intent-write-failAfter.test.mjs (109019.885333ms)
  ℹ scripts/tests/integration/task-tracker/lib/native-stage-sentinel-intent-write-failAfter.test.mjs: 1 complete original cases
  ✔ native-stage-sentinel-intent-write-failBefore.test.mjs (108648.319042ms)
  ℹ scripts/tests/integration/task-tracker/lib/native-stage-sentinel-intent-write-failBefore.test.mjs: 1 complete original cases
✔ actual original prefix and sentinel transport cases retain verified facts (358272.024833ms)
ℹ tests 30
ℹ suites 0
ℹ pass 30
ℹ fail 0
ℹ cancelled 0
ℹ skipped 0
ℹ todo 0
ℹ duration_ms 695559.457292
