✔ audit reports each executable edge to a discovered entrypoint with stable diagnostics (104.157834ms)
✔ audit ignores source-like strings and comments and permits non-discovered helpers (8.944625ms)
✔ audit resolves relative specifiers with Node ESM file-URL semantics (8.463375ms)
✔ audit CLI fails with stable importer, target, and source-line diagnostics (65.707166ms)
✔ observer is read-only and distinguishes modified, untracked, and unsafe artifacts (187.708541ms)
✔ observer classifies a cyclic parent symlink as unsafe instead of missing (21.755292ms)
✔ observer accepts a healthy relative symlink to the declared in-project package target (45.137833ms)
✔ packed consumer verifies committed bootstrap after npm ci and reports drift read-only (17181.250334ms)
✔ packed consumer can select and execute effect-scoped move tails (11748.454ms)
✔ package-boundary: no test files are packed (8488.185875ms)
✔ package-boundary: excluded directories do not reappear (0.309584ms)
✔ package-boundary: ships the exact docs/introduction/ set (0.24675ms)
✔ package-boundary: shipped README has no dead docs/introduction link (0.443542ms)
✔ package-boundary: total entry count stays under the ceiling (0.335666ms)
✔ package-boundary: development-only context calibration is not shipped (0.30075ms)
✔ package-boundary: runtime entry points are still shipped (0.133917ms)
✔ package-boundary: production parser and guidance release guard are declared (0.302ms)
✔ package-boundary: tag and explicit release CI retain the B2 consumer gate (0.781416ms)
ℹ tests 18
ℹ suites 0
ℹ pass 18
ℹ fail 0
ℹ cancelled 0
ℹ skipped 0
ℹ todo 0
ℹ duration_ms 38286.977458
