✔ all audit and late-source cases are classified independently (1.154167ms)
ℹ [{"filename":"criteria-revision-compensation-audit-effect-readback-failAfter.test.mjs","mode":"compensation-audit","fault":{"when":"failAfter","suffix":"audit-effect-readback"}},{"filename":"criteria-revision-compensation-audit-effect-readback-failBefore.test.mjs","mode":"compensation-audit","fault":{"when":"failBefore","suffix":"audit-effect-readback"}},{"filename":"criteria-revision-compensation-audit-effect-write-failAfter.test.mjs","mode":"compensation-audit","fault":{"when":"failAfter","suffix":"audit-effect-write"}},{"filename":"criteria-revision-compensation-audit-effect-write-failBefore.test.mjs","mode":"compensation-audit","fault":{"when":"failBefore","suffix":"audit-effect-write"}},{"filename":"criteria-revision-compensation-audit-intent-readback-failAfter.test.mjs","mode":"compensation-audit","fault":{"when":"failAfter","suffix":"audit-intent-readback"}},{"filename":"criteria-revision-compensation-audit-intent-readback-failBefore.test.mjs","mode":"compensation-audit","fault":{"when":"failBefore","suffix":"audit-intent-readback"}},{"filename":"criteria-revision-compensation-audit-intent-write-failAfter.test.mjs","mode":"compensation-audit","fault":{"when":"failAfter","suffix":"audit-intent-write"}},{"filename":"criteria-revision-compensation-audit-intent-write-failBefore.test.mjs","mode":"compensation-audit","fault":{"when":"failBefore","suffix":"audit-intent-write"}},{"filename":"criteria-revision-compensation-audit-interrupted.test.mjs","mode":"compensation-audit","fault":{"when":"failAfter","suffix":"audit-effect-write"}},{"filename":"criteria-revision-compensation-audit.test.mjs","mode":"compensation-audit","fault":null},{"filename":"criteria-revision-compensation-late-config.test.mjs","mode":"compensation-late-config","fault":null},{"filename":"criteria-revision-compensation-late-read.test.mjs","mode":"compensation-late-read","fault":null}]
✔ complete actual public compensation boundary profile (251.44875ms)
ℹ scripts/tests/unit/task-tracker/lib/criteria-revision/native-stage-compensation-boundary.test.mjs: 19 complete original cases
▶ actual original audit and late custody cases preserve verified committed facts
  ✔ criteria-revision-compensation-audit-effect-readback-failAfter.test.mjs (175629.239583ms)
  ℹ scripts/tests/integration/task-tracker/lib/criteria-revision-compensation-audit-effect-readback-failAfter.test.mjs: 1 complete original cases
  ✔ criteria-revision-compensation-audit-effect-readback-failBefore.test.mjs (175360.938ms)
  ℹ scripts/tests/integration/task-tracker/lib/criteria-revision-compensation-audit-effect-readback-failBefore.test.mjs: 1 complete original cases
  ✔ criteria-revision-compensation-audit-effect-write-failAfter.test.mjs (174779.204958ms)
  ℹ scripts/tests/integration/task-tracker/lib/criteria-revision-compensation-audit-effect-write-failAfter.test.mjs: 1 complete original cases
  ✔ criteria-revision-compensation-audit-effect-write-failBefore.test.mjs (174266.987875ms)
  ℹ scripts/tests/integration/task-tracker/lib/criteria-revision-compensation-audit-effect-write-failBefore.test.mjs: 1 complete original cases
  ✔ criteria-revision-compensation-audit-intent-readback-failAfter.test.mjs (161572.115125ms)
  ℹ scripts/tests/integration/task-tracker/lib/criteria-revision-compensation-audit-intent-readback-failAfter.test.mjs: 1 complete original cases
  ✔ criteria-revision-compensation-audit-intent-readback-failBefore.test.mjs (162169.524667ms)
  ℹ scripts/tests/integration/task-tracker/lib/criteria-revision-compensation-audit-intent-readback-failBefore.test.mjs: 1 complete original cases
  ✔ criteria-revision-compensation-audit-intent-write-failAfter.test.mjs (162002.221833ms)
  ℹ scripts/tests/integration/task-tracker/lib/criteria-revision-compensation-audit-intent-write-failAfter.test.mjs: 1 complete original cases
  ✔ criteria-revision-compensation-audit-intent-write-failBefore.test.mjs (161409.907375ms)
  ℹ scripts/tests/integration/task-tracker/lib/criteria-revision-compensation-audit-intent-write-failBefore.test.mjs: 1 complete original cases
  ✔ criteria-revision-compensation-audit-interrupted.test.mjs (157511.318375ms)
  ℹ scripts/tests/integration/task-tracker/lib/criteria-revision-compensation-audit-interrupted.test.mjs: 1 complete original cases
  ✔ criteria-revision-compensation-audit.test.mjs (157382.294959ms)
  ℹ scripts/tests/integration/task-tracker/lib/criteria-revision-compensation-audit.test.mjs: 1 complete original cases
  ✔ criteria-revision-compensation-late-config.test.mjs (138328.4155ms)
  ℹ scripts/tests/integration/task-tracker/lib/criteria-revision-compensation-late-config.test.mjs: 1 complete original cases
  ✔ criteria-revision-compensation-late-read.test.mjs (139161.264375ms)
  ℹ scripts/tests/integration/task-tracker/lib/criteria-revision-compensation-late-read.test.mjs: 1 complete original cases
✔ actual original audit and late custody cases preserve verified committed facts (494341.949125ms)
[state-recording] issue #1916 marker write to "develop" FAILED after 2 attempts: original rollback write failed 2
[state-recording] issue #1916 marker write to "develop" FAILED after 2 attempts: original rollback write failed 2
✔ exhausted actual rollback reports failure when audit succeeds (521.106708ms)
✔ exhausted actual rollback reports failure when audit fails (236.78875ms)
✔ complete original recording retry, board readback and marker atomicity profiles (3620.714375ms)
ℹ scripts/tests/unit/task-tracker/lib/coverage-state-recording.test.mjs, scripts/tests/unit/task-tracker/lib/marker-write-retry.test.mjs, scripts/tests/slow/task-tracker/lib/move-state/board-field-readback.test.mjs, scripts/tests/unit/task-tracker/lib/move-state/move-state-board-marker-atomicity.test.mjs: 31 complete original cases
✔ independent compensation descriptors retain positive and all eight intent/body fault points (0.265208ms)
ℹ [{"filename":"criteria-revision-compensation-body-effect-readback-failAfter.test.mjs","mode":"compensation","fault":{"when":"failAfter","suffix":"body-effect-readback"}},{"filename":"criteria-revision-compensation-body-effect-readback-failBefore.test.mjs","mode":"compensation","fault":{"when":"failBefore","suffix":"body-effect-readback"}},{"filename":"criteria-revision-compensation-body-effect-write-failAfter.test.mjs","mode":"compensation","fault":{"when":"failAfter","suffix":"body-effect-write"}},{"filename":"criteria-revision-compensation-body-effect-write-failBefore.test.mjs","mode":"compensation","fault":{"when":"failBefore","suffix":"body-effect-write"}},{"filename":"criteria-revision-compensation-intent-readback-failAfter.test.mjs","mode":"compensation","fault":{"when":"failAfter","suffix":"intent-readback"}},{"filename":"criteria-revision-compensation-intent-readback-failBefore.test.mjs","mode":"compensation","fault":{"when":"failBefore","suffix":"intent-readback"}},{"filename":"criteria-revision-compensation-intent-write-failAfter.test.mjs","mode":"compensation","fault":{"when":"failAfter","suffix":"intent-write"}},{"filename":"criteria-revision-compensation-intent-write-failBefore.test.mjs","mode":"compensation","fault":{"when":"failBefore","suffix":"intent-write"}},{"filename":"criteria-revision-compensation-native.test.mjs","mode":"compensation","fault":null},{"filename":"criteria-revision-compensation-return-custody.test.mjs","mode":"compensation-return-custody","fault":null}]
▶ actual original exhausted board and complete bounded compensation fault matrix
  ✔ criteria-revision-compensation-body-effect-readback-failAfter.test.mjs (186912.945833ms)
  ℹ scripts/tests/integration/task-tracker/lib/criteria-revision-compensation-body-effect-readback-failAfter.test.mjs: 1 complete original cases
  ✔ criteria-revision-compensation-body-effect-readback-failBefore.test.mjs (187841.710833ms)
  ℹ scripts/tests/integration/task-tracker/lib/criteria-revision-compensation-body-effect-readback-failBefore.test.mjs: 1 complete original cases
  ✔ criteria-revision-compensation-body-effect-write-failAfter.test.mjs (183162.255125ms)
  ℹ scripts/tests/integration/task-tracker/lib/criteria-revision-compensation-body-effect-write-failAfter.test.mjs: 1 complete original cases
  ✔ criteria-revision-compensation-body-effect-write-failBefore.test.mjs (183158.594375ms)
  ℹ scripts/tests/integration/task-tracker/lib/criteria-revision-compensation-body-effect-write-failBefore.test.mjs: 1 complete original cases
  ✔ criteria-revision-compensation-intent-readback-failAfter.test.mjs (173832.356583ms)
  ℹ scripts/tests/integration/task-tracker/lib/criteria-revision-compensation-intent-readback-failAfter.test.mjs: 1 complete original cases
  ✔ criteria-revision-compensation-intent-readback-failBefore.test.mjs (173405.995291ms)
  ℹ scripts/tests/integration/task-tracker/lib/criteria-revision-compensation-intent-readback-failBefore.test.mjs: 1 complete original cases
  ✔ criteria-revision-compensation-intent-write-failAfter.test.mjs (170501.723709ms)
  ℹ scripts/tests/integration/task-tracker/lib/criteria-revision-compensation-intent-write-failAfter.test.mjs: 1 complete original cases
  ✔ criteria-revision-compensation-intent-write-failBefore.test.mjs (169207.488666ms)
  ℹ scripts/tests/integration/task-tracker/lib/criteria-revision-compensation-intent-write-failBefore.test.mjs: 1 complete original cases
  ✔ criteria-revision-compensation-native.test.mjs (132085.194167ms)
  ℹ scripts/tests/integration/task-tracker/lib/criteria-revision-compensation-native.test.mjs: 1 complete original cases
  ✔ criteria-revision-compensation-return-custody.test.mjs (131770.574833ms)
  ℹ scripts/tests/integration/task-tracker/lib/criteria-revision-compensation-return-custody.test.mjs: 1 complete original cases
✔ actual original exhausted board and complete bounded compensation fault matrix (488772.662167ms)
ℹ tests 30
ℹ suites 0
ℹ pass 30
ℹ fail 0
ℹ cancelled 0
ℹ skipped 0
ℹ todo 0
ℹ duration_ms 988371.042917
