✔ native actor state root refuses own getters before record construction (1040.5405ms)
✔ native actor state root refuses inherited getters before record construction (1087.854ms)
✔ native actor state root refuses nested-identity getters before record construction (718.221917ms)
✔ native actor state root refuses nested-state getters before record construction (838.731791ms)
✔ actual tail leaf dispatchOnEnterActions refuses public getters before selecting any callback (683.61175ms)
✔ actual tail leaf refreshKanbanStateCache refuses public getters before selecting any callback (581.412917ms)
✔ actual tail leaf emitFullAutoReviewAudit refuses public getters before selecting any callback (576.15625ms)
✔ actual tail leaf unparkDoneDependents refuses public getters before selecting any callback (559.5915ms)
✔ actual tail leaf emitOutOfBandAudit refuses public getters before selecting any callback (748.995958ms)
✔ actual tail leaf syncTrackerState refuses public getters before selecting any callback (749.930958ms)
✔ actual tail leaf syncEventFields refuses public getters before selecting any callback (618.438333ms)
✔ actual tail leaf endTaskTracking refuses public getters before selecting any callback (458.182417ms)
✔ original state recording refuses own before getters or legacy writes (408.782667ms)
✔ original state recording refuses inherited before getters or legacy writes (506.34525ms)
✔ original state recording refuses plain-callback before getters or legacy writes (575.179041ms)
✔ actual shared pexec refuses nested and supplied memory capability before native process dispatch (1091.14ms)
✔ actual shared execFile refuses nested and supplied memory capability before native process dispatch (1121.68ms)
✔ actual shared spawn refuses nested and supplied memory capability before native process dispatch (890.514583ms)
✔ memory quarantine survives asynchronous work scheduled inside its original lifetime (729.458ms)
✔ outside memory scope actual shared native transports keep ordinary offline behavior (1318.478333ms)
✔ actual new-tests comment default read cannot dispatch GitHub from memory authority (604.369ms)
✔ actual new-tests comment default write cannot dispatch GitHub from memory authority (561.578417ms)
✔ actual timing find default refuses memory OS dispatch (980.591417ms)
✔ actual timing legacy default refuses memory OS dispatch (694.298208ms)
✔ actual timing canonical default refuses memory OS dispatch (564.763708ms)
✔ actual timing update default refuses memory OS dispatch (398.557459ms)
✔ stage-only timing update refuses before fallback transport (661.863875ms)
✔ stage-only timing create refuses before fallback transport (888.358042ms)
✔ stage-only timing post-default refuses before fallback transport (724.542167ms)
✔ stage-only body entry refuses before public callbacks (639.790667ms)
✔ stage-only body failure-audit refuses before public callbacks (992.461708ms)
✔ stage-only body versioned refuses before public callbacks (981.965417ms)
✔ stage-only body mutate refuses input getters before observation (2.987209ms)
✔ stage-only body versioned refuses input getters before observation (0.131417ms)
✔ stage-only post15 write refuses context getters before native selection (2.44625ms)
✔ stage-only post15 write refuses an ordinarily reachable callback route (12.017ms)
✔ stage-only post15 repair refuses context getters before native selection (0.240959ms)
✔ stage-only post15 repair refuses an ordinarily reachable callback route (0.571875ms)
✔ stage-only post15 tail refuses context getters before native selection (0.360667ms)
✔ stage-only post15 tail refuses an ordinarily reachable callback route (3.611208ms)
✔ native consistency public inputs deny before caller access (5.426125ms)
✔ transition16 new public roots refuse forged input before caller descriptors are consumed (7.70425ms)
✔ board attempt keeps unknown write pending and preserves original raw resource (5.903042ms)
✔ actual second read success is distinct from first mismatch and retains both attempts (1.352833ms)
✔ empty and mismatched exhausted reads stay unconfirmed without successful readback (1.292833ms)
✔ board attempt refuses reordered, invented-success, altered resource and unknown outcome claims (7.151209ms)
✔ no attempted write recognizes only before, and a completed resource read fixes that exact prefix (55.919708ms)
✔ actual thrown write and swallowed read failure remain distinct from successful completion (3.02675ms)
✔ an unknown repeated write cannot resurrect the original before-board value (3.454708ms)
✔ a completed repeated write rejects a full resource regression despite a lagging scalar read (3.330458ms)
sysctl: sysctl fmt -1 1024 1: Operation not permitted
sysctl: sysctl fmt -1 1024 1: Operation not permitted
✔ recorded entry derives separate timestamps, first visit and exactly one native version increment (10.304625ms)
✔ recorded sentinel is exact native upsert and compensation leaves the target visit intact (0.489ms)
✔ recorded stage body refuses unknown intent, forged visit, arbitrary bytes and invalid clock data (0.646875ms)
✔ recorded sentinel bytes match actual native versioned mutation including a separate repeated invocation (203.603333ms)
✔ acquireMemoryNativeStageCompensation refuses all authority getters and non-data shapes (7.196666ms)
✔ acquireMemoryNativeStageCompensation validates nested context before capability lookup (0.640333ms)
✔ persistMemoryNativeStageCompensation refuses all authority getters and non-data shapes (2.432875ms)
✔ persistMemoryNativeStageCompensation validates nested context before capability lookup (0.155541ms)
✔ beginMemoryNativeStageCompensationAttempt refuses all authority getters and non-data shapes (0.362834ms)
✔ beginMemoryNativeStageCompensationAttempt validates nested context before capability lookup (0.094625ms)
✔ writeMemoryNativeStageCompensation refuses all authority getters and non-data shapes (1.521458ms)
✔ writeMemoryNativeStageCompensation validates nested context before capability lookup (0.094625ms)
✔ completeMemoryNativeStageCompensation refuses all authority getters and non-data shapes (1.699667ms)
✔ completeMemoryNativeStageCompensation validates nested context before capability lookup (0.577167ms)
✔ recordMemoryNativeStageCompensationFailure refuses all authority getters and non-data shapes (5.867792ms)
✔ recordMemoryNativeStageCompensationFailure validates nested context before capability lookup (0.595041ms)
✔ writeMemoryNativeStageCompensationAudit refuses all authority getters and non-data shapes (0.456083ms)
✔ writeMemoryNativeStageCompensationAudit validates nested context before capability lookup (0.096541ms)
✔ completeMemoryNativeStageCompensationResult refuses all authority getters and non-data shapes (2.678459ms)
✔ completeMemoryNativeStageCompensationResult validates nested context before capability lookup (0.19925ms)
✔ unowned rollback refuses before original context or callback access (3.541125ms)
✔ unowned recording refuses before original context or callback access (0.729042ms)
✔ unowned core comparison refuses before original context or callback access (1.049917ms)
✔ native event-field data factor preserves set-once and explicit field write semantics (3.268583ms)
✔ native event-field data factor retains native date, number coercion and missing-ID body-only behavior (0.216667ms)
✔ native event-field data factor retains persisted DB precedence over changed seed values (2.324209ms)
✔ native event-field data input is closed and never executes supplied helpers (0.611ms)
✔ native recorded last-known-state serializer shares exact current grammar without reading a clock (3.423875ms)
✔ native CodeComplete declaration data preserves checked, missing and deferred AC predicates (2.927084ms)
✔ native CodeComplete touch data keeps tracked intersection and deterministic order (0.18625ms)
✔ native commit trail membership data shares prefix comparison without accepting decisions (1.635916ms)
✔ native recorded ancestry qualification derives malformed and unreachable reasons from closed original data (0.578542ms)
✔ native event binding keeps permissive current config semantics separate from closed recorded data (0.191625ms)
✔ native catalog data refuses replaced original functions, incomplete and reordered membership (0.311625ms)
✔ recorded phase row data shares native rendering with zero accounting and exact original offset (26.224833ms)
✔ recorded actor row validates exact original native bytes without returning a row or bypassing current time (3.233708ms)
✔ native stage current resources retain independent complete fixture bytes without authority or effects (299.98475ms)
✔ native stage current resources refuse unknown vector member (95.295333ms)
✔ native stage current resources refuse unknown local resource (134.324208ms)
✔ native stage current resources refuse local path selector (152.947792ms)
✔ native stage current resources refuse missing local member (174.723791ms)
✔ native stage current resources refuse nonstring local bytes (61.875875ms)
✔ native stage current resources refuse missing retained comment (27.985042ms)
✔ native stage current resources refuse duplicate comment (44.660125ms)
✔ native stage current resources refuse comment identity (19.3625ms)
✔ native stage current resources refuse comment bytes (19.470875ms)
✔ native stage current resources refuse foreign comment (21.874375ms)
✔ native stage current resources refuse retained body drift (24.980875ms)
✔ native stage current resources refuse foreign item (34.425041ms)
✔ native stage current resources refuse foreign project (95.52175ms)
✔ native stage current resources refuse foreign content (90.693209ms)
✔ native stage current resources refuse partial fields (35.583958ms)
✔ native stage current resources refuse field census drift (53.838458ms)
✔ native stage current resources refuse duplicate field (31.644584ms)
✔ historical lifecycle source shape shares native validation without a backend or readiness (39.001375ms)
✔ recorded CodeComplete Git data uses native file and dirty parsers with exact leaf membership (6.984ms)
✔ recorded transition actor follows native environment fallback without authorizing caller override (0.3155ms)
✔ native stage source item binds actual status option and unique assignment membership (0.664458ms)
✔ native stage persistence rejects caller token and closed-input authority additions before writes (202.867875ms)
sysctl: sysctl fmt -1 1024 1: Operation not permitted
✔ native stage body step derives exact fixed effect and original subject readback without admitting execution (19.762917ms)
✔ native stage body step refuses ordinal drift (0.341417ms)
✔ native stage body step refuses predecessor drift (0.121833ms)
✔ native stage body step refuses kind drift (0.108916ms)
✔ native stage body step refuses intent bytes drift (0.167208ms)
✔ native stage body step refuses visit drift (0.2055ms)
✔ native stage body step refuses foreign issue drift (0.415958ms)
✔ native stage body step refuses foreign repository drift (0.294667ms)
✔ native stage body step refuses failed read drift (0.340292ms)
✔ native stage body step refuses partial read drift (0.42925ms)
✔ native stage body step refuses unrelated body drift (0.513917ms)
✔ native stage body step refuses forged version drift (0.753125ms)
✔ native stage body step refuses success scalar drift (0.795292ms)
✔ native stage body step refuses caller callback drift (0.108375ms)
✔ native stage body readback retains CLI suffix while matching actual native write verification (152.20875ms)
✔ native stage body readback refuses missing resource (0.214ms)
✔ native stage body readback refuses resource foreign issue (0.166292ms)
✔ native stage body readback refuses resource failed read (0.128ms)
✔ native stage body readback refuses resource partial read (0.121917ms)
✔ native stage body readback refuses malformed resource (0.284125ms)
✔ native stage body readback refuses resource extra key (0.4295ms)
✔ native stage body readback refuses resource trailing byte drift (0.531125ms)
✔ native stage body readback refuses coherent raw resource delta (0.246417ms)
✔ native stage transition step reconstructs actual native publication requests and exact record readback (2.330125ms)
✔ native stage transition step refuses extra record key (0.505958ms)
✔ native stage transition step refuses foreign actor (0.269042ms)
✔ native stage transition step refuses foreign sentinel (0.455334ms)
✔ native stage transition step refuses foreign visit (0.246ms)
✔ native stage transition step refuses ordinal (0.653041ms)
✔ native stage transition step refuses predecessor (0.297458ms)
✔ native stage transition step refuses foreign POST issue (0.291584ms)
✔ native stage transition step refuses foreign read comment (1.246042ms)
✔ native stage transition step refuses partial POST (0.322417ms)
✔ native stage transition step refuses failed read (0.221042ms)
✔ native stage transition step refuses foreign owner (0.184583ms)
✔ native stage transition step refuses read id mismatch (0.289666ms)
✔ native stage transition step refuses same id different record (0.240667ms)
✔ native stage transition step refuses success scalar (0.173ms)
✔ ordinary transition default transport keeps receiver getter argument and stdout order (0.264375ms)
✔ ordinary transition create rejection remains the exact original error and prevents read (0.460125ms)
✔ recorded config derives the actual native defaults, precedence, field fallbacks and preferences (443.776917ms)
✔ recorded config shares original legacy warnings and conflict semantics without printing or reading (0.462708ms)
✔ recorded config distinguishes proven absence from corrupt, unresolved and caller-selected read data (0.190125ms)
✔ recorded active-task payload preserves native sticky fields and exact atomic-write bytes (95.045167ms)
✔ recorded active-task data refuses corrupt or unresolved source and caller effect fields (0.299ms)
✔ recorded state preserves real actor overlay, shared unknown fields and split write bytes (112.637125ms)
✔ recorded state rejects corrupt, foreign actor and caller read or clock inputs (1.062125ms)
✔ recorded Test cache preserves native unknown fields and exact no-op disposition (57.904292ms)
✔ native config capture retains actual ordered selection and selected source bytes on exact result only (163.499042ms)
✔ native config capture retains parse failure and absence diagnostics without minting default authority (212.528583ms)
✔ recorded session policy preserves native original overlay, unknown fields, gates and final SID override (0.3365ms)
✔ recorded session policy rejects corruption and caller reader fields while native permissive fallback stays (0.15025ms)
✔ recorded active-task read uses native normalization while preserving unknown fields (0.157791ms)
✔ sentinel persist refuses every authority accessor before reading it (3.051583ms)
✔ sentinel persist rejects inherited hidden symbolic and extra authority keys (0.671125ms)
✔ sentinel persist validates nested context before capability property access (0.356875ms)
✔ sentinel intent comparison refuses every authority accessor before reading it (0.166625ms)
✔ sentinel intent comparison rejects inherited hidden symbolic and extra authority keys (0.2405ms)
✔ sentinel intent comparison validates nested context before capability property access (0.158208ms)
✔ sentinel write refuses every authority accessor before reading it (0.263208ms)
✔ sentinel write rejects inherited hidden symbolic and extra authority keys (0.155666ms)
✔ sentinel write validates nested context before capability property access (0.1485ms)
✔ sentinel readback refuses every authority accessor before reading it (0.241708ms)
✔ sentinel readback rejects inherited hidden symbolic and extra authority keys (0.155375ms)
✔ sentinel readback validates nested context before capability property access (0.155ms)
✔ loaded sentinel code never selects an unowned context or body wrapper (1.363625ms)
✔ recorded stage source data derives original native config and session without reading current files (228.5435ms)
✔ recorded stage source data rejects unresolved selections, foreign roots and substituted native projections (7.673542ms)
✔ recorded legacy and absent source data retain native semantics without authenticating absence (2.033792ms)
✔ recorded actor publication validates actual native create and idempotent append bytes without returning a row (30.996833ms)
✔ native memory timing page data refuses unknown input (0.412625ms)
✔ native memory timing page data refuses foreign subject (0.193708ms)
✔ native memory timing page data refuses duplicate ID (0.187ms)
✔ native memory timing page data refuses mismatched node (0.090708ms)
✔ native memory timing page data refuses unknown resource key (0.078292ms)
✔ native memory timing page data refuses unsafe ID (0.083917ms)
✔ native memory timing pages retain complete census and actual canonical pagination semantics (4.248125ms)
✔ recorded shared phase append validates actual native legacy bytes without returning row authority (10.101833ms)
✔ stage-only board denial precedes public context access and project callbacks (74.349ms)
✔ stage-only failure audit refuses before public input getters or comment callback (6.268792ms)
✔ stage-only native gh root denies before options getters and injectable transport (19.588583ms)
✔ stage-only native item root denies before public getters (1.369291ms)
✔ stage-only native gql root denies before public getters (0.396833ms)
✔ stage-only sentinel denies before public context getter (0.298875ms)
✔ stage-only sentinel denies before injected body callback (0.143875ms)
✔ foreign copied and accessor error DATA cannot enter original board failure custody (0.205208ms)
✔ ordinary native loop rethrows the identical write error and never reads status afterward (0.33625ms)
✔ stage-only rollback denies before public context getter (0.344458ms)
✔ stage-only rollback denies before injected read callback (0.740584ms)
✔ stage-only consistency denies before public context getter (0.77775ms)
✔ stage-only consistency denies before injected read callback (0.131667ms)
✓ Issue #124 moved to: test
✔ native board argv is shared with the ordinary actual status loop (1.483792ms)
✔ native item parser retains actual node ID and configured membership semantics (0.309125ms)
✔ native Status parser preserves exact first configured item and empty fallback (0.103583ms)
✔ original raw Status custody refuses public copied foreign and getter inputs without evaluation (140.958709ms)
✔ raw Status recording refuses caller authority getters before evaluation (0.6565ms)
✔ raw Status recording closes inherited null-prototype symbol and hidden authority fields (0.356166ms)
✔ closed native response parser preserves absent data, null and actual native JSON value (1.095792ms)
✔ recorded native response distinguishes undefined and null and derives exact Status result (0.784792ms)
✔ recorded native close error preserves raw code 3 (0.399333ms)
✔ recorded native close error preserves raw code null (0.154ms)
✔ recorded gql and Status-parser failures remain separate native outcomes (0.605125ms)
✔ closed recorded response rejects supplied parser, result, malformed envelopes and getters (6.878417ms)
✔ recorded response owns closed input before its fixed import await (0.325875ms)
✔ recorded DATA refuses nonfinite scalar without normalizing native parser output (6.257166ms)
✔ recorded DATA refuses nested nonfinite without normalizing native parser output (21.814042ms)
✔ recorded DATA refuses negative zero without normalizing native parser output (0.190125ms)
✔ recorded DATA refuses unsupported Unicode without normalizing native parser output (0.134833ms)
stage-entry-markers.test.mjs: all passed
✔ same-second transition IDs produce distinct visits and idempotent exact replay (0.540709ms)
✔ transition commit codec and deterministic backfill identity are stable (0.885583ms)
✔ transition commit write verifies read-back and replay repair stays idempotent (0.572208ms)
✔ mixed visit ordering uses occurrence and ordinal, never timestamps (0.145083ms)
ℹ tests 221
ℹ suites 0
ℹ pass 221
ℹ fail 0
ℹ cancelled 0
ℹ skipped 0
ℹ todo 0
ℹ duration_ms 14666.982667
