✔ independent dispatcher and requested phase frontier discovery retains all five originals (0.818084ms)
ℹ [{"filename":"native-stage-phase-12-prefix-after-effect-readback.test.mjs","mode":"phase-12-prefix","fault":{"when":"failAfter","suffix":"effect-readback"}},{"filename":"native-stage-phase-adversarial.test.mjs","mode":"phase-adversarial","fault":null},{"filename":"native-stage-phase-pair.test.mjs","mode":"phase-pair","fault":null},{"filename":"native-stage-tail-dispatch-reentry.test.mjs","mode":"tail-dispatch-reentry","fault":null},{"filename":"native-stage-tail-dispatch.test.mjs","mode":"tail-dispatch","fault":null}]
✔ cache intent transport membership retains both sides of every original boundary (0.163042ms)
▶ complete original dispatcher and phase frontiers preserve actual effects and private window
  ✔ criteria-revision-cache-intent-readback-failAfter.test.mjs (170176.611875ms)
  ℹ scripts/tests/integration/task-tracker/lib/criteria-revision-cache-intent-readback-failAfter.test.mjs: 1 complete original cases
  ✔ criteria-revision-cache-intent-readback-failBefore.test.mjs (168667.803791ms)
  ℹ scripts/tests/integration/task-tracker/lib/criteria-revision-cache-intent-readback-failBefore.test.mjs: 1 complete original cases
  ✔ criteria-revision-cache-intent-write-failAfter.test.mjs (169773.136125ms)
  ℹ scripts/tests/integration/task-tracker/lib/criteria-revision-cache-intent-write-failAfter.test.mjs: 1 complete original cases
  ✔ criteria-revision-cache-intent-write-failBefore.test.mjs (168190.021458ms)
  ℹ scripts/tests/integration/task-tracker/lib/criteria-revision-cache-intent-write-failBefore.test.mjs: 1 complete original cases
  ✔ native-stage-phase-12-prefix-after-effect-readback.test.mjs (109350.553208ms)
  ℹ scripts/tests/integration/task-tracker/lib/native-stage-phase-12-prefix-after-effect-readback.test.mjs: 1 complete original cases
  ✔ native-stage-phase-adversarial.test.mjs (116202.260959ms)
  ℹ scripts/tests/integration/task-tracker/lib/native-stage-phase-adversarial.test.mjs: 1 complete original cases
  ✔ native-stage-phase-pair.test.mjs (112262.827875ms)
  ℹ scripts/tests/integration/task-tracker/lib/native-stage-phase-pair.test.mjs: 1 complete original cases
  ✔ native-stage-tail-dispatch-reentry.test.mjs (161956.590417ms)
  ℹ scripts/tests/integration/task-tracker/lib/native-stage-tail-dispatch-reentry.test.mjs: 1 complete original cases
  ✔ native-stage-tail-dispatch.test.mjs (128325.6235ms)
  ℹ scripts/tests/integration/task-tracker/lib/native-stage-tail-dispatch.test.mjs: 1 complete original cases
✔ complete original dispatcher and phase frontiers preserve actual effects and private window (405880.826625ms)
✔ complete ordinary cache and tail profiles remain intact (1180.880584ms)
ℹ scripts/tests/integration/task-tracker/lib/coverage-cache-unpark.test.mjs, scripts/tests/unit/task-tracker/lib/move-state/move-state-terminal-tail-isolation.test.mjs, scripts/tests/unit/task-tracker/lib/move-state/move-state-tail-profiles.test.mjs, scripts/tests/unit/task-tracker/lib/move-state/local-tail-program.test.mjs: 40 complete original cases
✔ shared original move command preserves ordinary stdout stderr promise and child handle (39.228875ms)
✔ shared original move command preserves ordinary rejection fields and child failure (71.738208ms)
✔ shared move command denies transport scope before public argument access or process creation (0.7165ms)
✔ shared move command denies stage scope before public argument access or process creation (0.143125ms)
✔ complete cache descriptor partition retains positive all eight faults and two late sources (0.156833ms)
✔ complete original cache public boundary profiles (194.390666ms)
ℹ scripts/tests/unit/task-tracker/lib/criteria-revision/native-stage-cache-boundary.test.mjs: 11 complete original cases
▶ actual cache effects and current-source cases preserve full original predecessor and resources
  ✔ criteria-revision-cache-effect-readback-failAfter.test.mjs (154421.541333ms)
  ℹ scripts/tests/integration/task-tracker/lib/criteria-revision-cache-effect-readback-failAfter.test.mjs: 1 complete original cases
  ✔ criteria-revision-cache-effect-readback-failBefore.test.mjs (154152.86675ms)
  ℹ scripts/tests/integration/task-tracker/lib/criteria-revision-cache-effect-readback-failBefore.test.mjs: 1 complete original cases
  ✔ criteria-revision-cache-effect-write-failAfter.test.mjs (151413.261875ms)
  ℹ scripts/tests/integration/task-tracker/lib/criteria-revision-cache-effect-write-failAfter.test.mjs: 1 complete original cases
  ✔ criteria-revision-cache-effect-write-failBefore.test.mjs (150929.620625ms)
  ℹ scripts/tests/integration/task-tracker/lib/criteria-revision-cache-effect-write-failBefore.test.mjs: 1 complete original cases
  ✔ criteria-revision-cache-late-config.test.mjs (140646.545667ms)
  ℹ scripts/tests/integration/task-tracker/lib/criteria-revision-cache-late-config.test.mjs: 1 complete original cases
  ✔ criteria-revision-cache-late-read.test.mjs (142235.77ms)
  ℹ scripts/tests/integration/task-tracker/lib/criteria-revision-cache-late-read.test.mjs: 1 complete original cases
  ✔ criteria-revision-cache-native.test.mjs (156386.166ms)
  ℹ scripts/tests/integration/task-tracker/lib/criteria-revision-cache-native.test.mjs: 1 complete original cases
✔ actual cache effects and current-source cases preserve full original predecessor and resources (310548.033125ms)
ℹ tests 27
ℹ suites 0
ℹ pass 27
ℹ fail 0
ℹ cancelled 0
ℹ skipped 0
ℹ todo 0
ℹ duration_ms 718451.697
