✔ actual backlog registration preserves pending current revision authority (105.118625ms)
✔ actual backlog registration preserves stale current revision authority (238.764625ms)
✔ actual backlog registration preserves malformed current revision authority (17.358166ms)
✔ actual backlog registration preserves unavailable current revision authority (17.154041ms)
✔ actual backlog registration preserves baseline current revision authority (17.213791ms)
✔ actual backlog registration preserves approved current revision authority (355.815375ms)
✔ actual develop registration preserves pending current revision authority (73.295291ms)
✔ actual develop registration preserves stale current revision authority (231.899167ms)
✔ actual develop registration preserves malformed current revision authority (16.444333ms)
✔ actual develop registration preserves unavailable current revision authority (16.579167ms)
✔ actual develop registration preserves baseline current revision authority (18.226167ms)
✔ actual develop registration preserves approved current revision authority (343.913833ms)
✔ actual done registration preserves pending current revision authority (75.880125ms)
✔ actual done registration preserves stale current revision authority (217.879ms)
✔ actual done registration preserves malformed current revision authority (16.763ms)
✔ actual done registration preserves unavailable current revision authority (16.522208ms)
✔ actual done registration preserves baseline current revision authority (16.811917ms)
✔ actual done registration preserves approved current revision authority (359.0475ms)
✔ actual plan registration preserves pending current revision authority (70.003291ms)
✔ actual plan registration preserves stale current revision authority (220.787417ms)
✔ actual plan registration preserves malformed current revision authority (16.257ms)
✔ actual plan registration preserves unavailable current revision authority (16.211167ms)
✔ actual plan registration preserves baseline current revision authority (15.895958ms)
✔ actual plan registration preserves approved current revision authority (340.248542ms)
✔ actual ready-for-plan registration preserves pending current revision authority (68.069042ms)
✔ actual ready-for-plan registration preserves stale current revision authority (214.936667ms)
✔ actual ready-for-plan registration preserves malformed current revision authority (16.822209ms)
✔ actual ready-for-plan registration preserves unavailable current revision authority (17.337709ms)
✔ actual ready-for-plan registration preserves baseline current revision authority (16.189792ms)
✔ actual ready-for-plan registration preserves approved current revision authority (324.35175ms)
✔ actual refine registration preserves pending current revision authority (71.05275ms)
✔ actual refine registration preserves stale current revision authority (212.282417ms)
✔ actual refine registration preserves malformed current revision authority (15.718042ms)
✔ actual refine registration preserves unavailable current revision authority (15.713833ms)
✔ actual refine registration preserves baseline current revision authority (16.011084ms)
✔ actual refine registration preserves approved current revision authority (332.396375ms)
✔ actual review registration preserves pending current revision authority (67.506084ms)
✔ actual review registration preserves stale current revision authority (212.566417ms)
✔ actual review registration preserves malformed current revision authority (15.185166ms)
✔ actual review registration preserves unavailable current revision authority (15.811167ms)
✔ actual review registration preserves baseline current revision authority (15.827125ms)
✔ actual review registration preserves approved current revision authority (324.209292ms)
✔ actual test registration preserves pending current revision authority (66.705ms)
✔ actual test registration preserves stale current revision authority (217.042208ms)
✔ actual test registration preserves malformed current revision authority (15.35975ms)
✔ actual test registration preserves unavailable current revision authority (15.499584ms)
✔ actual test registration preserves baseline current revision authority (15.216458ms)
✔ actual test registration preserves approved current revision authority (335.508125ms)
✔ actual complete guard evaluator cannot translate pending authority into Explain readiness (67.638833ms)
✔ actual complete guard evaluator cannot translate stale authority into Explain readiness (206.513334ms)
✔ actual complete guard evaluator cannot translate malformed authority into Explain readiness (15.769291ms)
✔ actual complete guard evaluator cannot translate unavailable authority into Explain readiness (15.913167ms)
✔ independent imports and actual calls discover the current evidence reader frontier (292.243667ms)
ℹ {"readers":["scripts/task-tracker/lib/ac-evidence.mjs","scripts/task-tracker/lib/evidence-v2/eligibility.mjs","scripts/task-tracker/lib/evidence-v2/subject-inputs.mjs","scripts/task-tracker/lib/functional-dod-evidence.mjs","scripts/task-tracker/lib/verification-receipt.mjs"],"states":["backlog","develop","done","plan","ready-for-plan","refine","review","test"]}
▶ complete current proof and native execution profiles retain original fixtures and budgets
  ✔ actual evidence, lifecycle and Explain algorithms (15600.48175ms)
  ℹ Complete original profile: 133 cases
  ✔ native-proof-execution (32308.965291ms)
  ℹ Complete original profile: 29 cases
  ✔ native-proof-execution-authority (7464.570125ms)
  ℹ Complete original profile: 10 cases
  ✔ native-proof-execution-drift (31899.122167ms)
  ℹ Complete original profile: 24 cases
  ✔ native-proof-execution-abort (19751.454ms)
  ℹ Complete original profile: 3 cases
✔ complete current proof and native execution profiles retain original fixtures and budgets (32313.014292ms)
✔ the actual lifecycle reader rereads the same backend after a current approval becomes malformed (383.968125ms)
✔ requirements projection consumes actual consolidated AC stamps and native multi-VC declarations (2.663708ms)
✔ requirements projection uses observed legacy stable identities and current canonical epochs (448.006125ms)
✔ requirements projection uses observed canonical stable identities and current canonical epochs (768.373041ms)
✔ actual ac individual stamper binds current revision and its reader rejects stripped new proof (355.768625ms)
✔ actual dod individual stamper binds current revision and its reader rejects stripped new proof (356.7995ms)
✔ only exact preserved legacy individual proof survives current revision read side (376.520208ms)
✔ metadata continuation rejects duplicate body-version control claims before push (434.431542ms)
✔ caller activity status cannot turn a stale approval into mutation authority (151.591333ms)
✔ caller activity plan-approve cannot turn a stale approval into mutation authority (144.445917ms)
✔ caller activity invented-consumer cannot turn a stale approval into mutation authority (149.636625ms)
✔ unknown mutation activity cannot execute even against an empty verified chain (16.471542ms)
✔ unconfigured activity retains ordinary gates only after fresh proof that host has no enabled revision domains (0.381458ms)
✔ registered lifecycle revision guard preserves typed pending authority without publishing admission (70.762667ms)
✔ registered lifecycle revision guard preserves typed stale authority without publishing admission (217.381875ms)
✔ registered lifecycle revision guard preserves typed unavailable authority without publishing admission (16.435958ms)
✔ registered lifecycle revision guard preserves typed malformed authority without publishing admission (16.702375ms)
✔ registered lifecycle revision guard preserves typed baseline authority without publishing admission (18.659791ms)
✔ registered lifecycle revision guard preserves typed approved authority without publishing admission (337.120916ms)
✔ new typed guard conformance requires discovered producer and complete typed emissions while preserving frozen legacy rules (8.145167ms)
ℹ tests 79
ℹ suites 0
ℹ pass 79
ℹ fail 0
ℹ cancelled 0
ℹ skipped 0
ℹ todo 0
ℹ duration_ms 39016.832084
