✔ board attempt keeps unknown write pending and preserves original raw resource (2.054708ms)
✔ actual second read success is distinct from first mismatch and retains both attempts (1.796167ms)
✔ empty and mismatched exhausted reads stay unconfirmed without successful readback (0.706625ms)
✔ board attempt refuses reordered, invented-success, altered resource and unknown outcome claims (5.062083ms)
✔ no attempted write recognizes only before, and a completed resource read fixes that exact prefix (1.152208ms)
✔ actual thrown write and swallowed read failure remain distinct from successful completion (1.291625ms)
✔ an unknown repeated write cannot resurrect the original before-board value (0.861583ms)
✔ a completed repeated write rejects a full resource regression despite a lagging scalar read (0.76575ms)
sysctl: sysctl fmt -1 1024 1: Operation not permitted
sysctl: sysctl fmt -1 1024 1: Operation not permitted
✔ recorded entry derives separate timestamps, first visit and exactly one native version increment (5.255208ms)
✔ recorded sentinel is exact native upsert and compensation leaves the target visit intact (0.458ms)
✔ recorded stage body refuses unknown intent, forged visit, arbitrary bytes and invalid clock data (0.49ms)
✔ recorded sentinel bytes match actual native versioned mutation including a separate repeated invocation (34.823584ms)
✔ native stage current resources retain independent complete fixture bytes without authority or effects (49.257541ms)
✔ native stage current resources refuse unknown vector member (23.697333ms)
✔ native stage current resources refuse unknown local resource (21.303ms)
✔ native stage current resources refuse local path selector (18.000333ms)
✔ native stage current resources refuse missing local member (18.249542ms)
✔ native stage current resources refuse nonstring local bytes (17.886833ms)
✔ native stage current resources refuse missing retained comment (19.199667ms)
✔ native stage current resources refuse duplicate comment (18.051333ms)
✔ native stage current resources refuse comment identity (17.230958ms)
✔ native stage current resources refuse comment bytes (17.092833ms)
✔ native stage current resources refuse foreign comment (17.015667ms)
✔ native stage current resources refuse retained body drift (18.536ms)
✔ native stage current resources refuse foreign item (17.370167ms)
✔ native stage current resources refuse foreign project (16.155208ms)
✔ native stage current resources refuse foreign content (17.342875ms)
✔ native stage current resources refuse partial fields (20.356125ms)
✔ native stage current resources refuse field census drift (17.073709ms)
✔ native stage current resources refuse duplicate field (17.216917ms)
✔ historical lifecycle source shape shares native validation without a backend or readiness (18.563334ms)
✔ recorded CodeComplete Git data uses native file and dirty parsers with exact leaf membership (3.250208ms)
✔ recorded transition actor follows native environment fallback without authorizing caller override (0.241083ms)
✔ native stage source item binds actual status option and unique assignment membership (0.376084ms)
✔ native stage persistence rejects caller token and closed-input authority additions before writes (66.169875ms)
✔ recorded config derives the actual native defaults, precedence, field fallbacks and preferences (131.753042ms)
✔ recorded config shares original legacy warnings and conflict semantics without printing or reading (0.413666ms)
✔ recorded config distinguishes proven absence from corrupt, unresolved and caller-selected read data (0.191084ms)
✔ recorded active-task payload preserves native sticky fields and exact atomic-write bytes (29.80125ms)
✔ recorded active-task data refuses corrupt or unresolved source and caller effect fields (0.304791ms)
✔ recorded state preserves real actor overlay, shared unknown fields and split write bytes (31.368875ms)
✔ recorded state rejects corrupt, foreign actor and caller read or clock inputs (0.545833ms)
✔ recorded Test cache preserves native unknown fields and exact no-op disposition (27.856833ms)
✔ native config capture retains actual ordered selection and selected source bytes on exact result only (63.159833ms)
✔ native config capture retains parse failure and absence diagnostics without minting default authority (96.592542ms)
✔ recorded session policy preserves native original overlay, unknown fields, gates and final SID override (0.351084ms)
✔ recorded session policy rejects corruption and caller reader fields while native permissive fallback stays (0.188458ms)
✔ recorded active-task read uses native normalization while preserving unknown fields (0.157125ms)
✔ sentinel persist refuses every authority accessor before reading it (1.657166ms)
✔ sentinel persist rejects inherited hidden symbolic and extra authority keys (0.365ms)
✔ sentinel persist validates nested context before capability property access (0.385542ms)
✔ sentinel intent comparison refuses every authority accessor before reading it (0.169042ms)
✔ sentinel intent comparison rejects inherited hidden symbolic and extra authority keys (0.165625ms)
✔ sentinel intent comparison validates nested context before capability property access (0.173833ms)
✔ sentinel write refuses every authority accessor before reading it (0.294584ms)
✔ sentinel write rejects inherited hidden symbolic and extra authority keys (0.175458ms)
✔ sentinel write validates nested context before capability property access (0.179292ms)
✔ sentinel readback refuses every authority accessor before reading it (0.2625ms)
✔ sentinel readback rejects inherited hidden symbolic and extra authority keys (0.171375ms)
✔ sentinel readback validates nested context before capability property access (0.332209ms)
✔ loaded sentinel code never selects an unowned context or body wrapper (0.891917ms)
ℹ tests 61
ℹ suites 0
ℹ pass 61
ℹ fail 0
ℹ cancelled 0
ℹ skipped 0
ℹ todo 0
ℹ duration_ms 650.816209
