✔ native actor state root refuses own getters before record construction (1281.263625ms)
✔ native actor state root refuses inherited getters before record construction (1356.27475ms)
✔ native actor state root refuses nested-identity getters before record construction (1060.73425ms)
✔ native actor state root refuses nested-state getters before record construction (1196.431291ms)
✔ actual tail leaf dispatchOnEnterActions refuses public getters before selecting any callback (771.0405ms)
✔ actual tail leaf refreshKanbanStateCache refuses public getters before selecting any callback (956.404833ms)
✔ actual tail leaf emitFullAutoReviewAudit refuses public getters before selecting any callback (778.823875ms)
✔ actual tail leaf unparkDoneDependents refuses public getters before selecting any callback (746.967375ms)
✔ actual tail leaf emitOutOfBandAudit refuses public getters before selecting any callback (575.261416ms)
✔ actual tail leaf syncTrackerState refuses public getters before selecting any callback (611.1535ms)
✔ actual tail leaf syncEventFields refuses public getters before selecting any callback (565.761625ms)
✔ actual tail leaf endTaskTracking refuses public getters before selecting any callback (528.56375ms)
✔ original state recording refuses own before getters or legacy writes (478.84675ms)
✔ original state recording refuses inherited before getters or legacy writes (447.627125ms)
✔ original state recording refuses plain-callback before getters or legacy writes (466.335625ms)
✔ actual shared pexec refuses nested and supplied memory capability before native process dispatch (1487.258792ms)
✔ actual shared execFile refuses nested and supplied memory capability before native process dispatch (1408.69025ms)
✔ actual shared spawn refuses nested and supplied memory capability before native process dispatch (1131.577042ms)
✔ memory quarantine survives asynchronous work scheduled inside its original lifetime (1250.124125ms)
✔ outside memory scope actual shared native transports keep ordinary offline behavior (1345.646958ms)
✔ actual new-tests comment default read cannot dispatch GitHub from memory authority (870.33725ms)
✔ actual new-tests comment default write cannot dispatch GitHub from memory authority (762.169458ms)
✔ actual timing find default refuses memory OS dispatch (861.527417ms)
✔ actual timing legacy default refuses memory OS dispatch (568.517208ms)
✔ actual timing canonical default refuses memory OS dispatch (552.966625ms)
✔ actual timing update default refuses memory OS dispatch (477.621709ms)
✔ stage-only timing update refuses before fallback transport (761.969333ms)
✔ stage-only timing create refuses before fallback transport (721.4105ms)
✔ stage-only timing post-default refuses before fallback transport (411.435792ms)
✔ stage-only body entry refuses before public callbacks (428.026916ms)
✔ stage-only body failure-audit refuses before public callbacks (422.493ms)
✔ stage-only body versioned refuses before public callbacks (563.859375ms)
✔ stage-only body mutate refuses input getters before observation (3.3735ms)
✔ stage-only body versioned refuses input getters before observation (0.350708ms)
✔ stage-only post15 write refuses context getters before native selection (1.194791ms)
✔ stage-only post15 write refuses an ordinarily reachable callback route (1.057417ms)
✔ stage-only post15 repair refuses context getters before native selection (0.212917ms)
✔ stage-only post15 repair refuses an ordinarily reachable callback route (0.463042ms)
✔ stage-only post15 tail refuses context getters before native selection (0.233667ms)
✔ stage-only post15 tail refuses an ordinarily reachable callback route (0.17875ms)
✔ native consistency public inputs deny before caller access (2.350625ms)
✔ transition16 new public roots refuse forged input before caller descriptors are consumed (1.7215ms)
✔ board attempt keeps unknown write pending and preserves original raw resource (24.638458ms)
✔ actual second read success is distinct from first mismatch and retains both attempts (3.669ms)
✔ empty and mismatched exhausted reads stay unconfirmed without successful readback (3.521334ms)
✔ board attempt refuses reordered, invented-success, altered resource and unknown outcome claims (78.965417ms)
✔ no attempted write recognizes only before, and a completed resource read fixes that exact prefix (1.77525ms)
✔ actual thrown write and swallowed read failure remain distinct from successful completion (1.381166ms)
✔ an unknown repeated write cannot resurrect the original before-board value (1.203833ms)
✔ a completed repeated write rejects a full resource regression despite a lagging scalar read (0.435375ms)
sysctl: sysctl fmt -1 1024 1: Operation not permitted
sysctl: sysctl fmt -1 1024 1: Operation not permitted
✔ recorded entry derives separate timestamps, first visit and exactly one native version increment (5.410917ms)
✔ recorded sentinel is exact native upsert and compensation leaves the target visit intact (0.401583ms)
✔ recorded stage body refuses unknown intent, forged visit, arbitrary bytes and invalid clock data (0.478167ms)
✔ recorded sentinel bytes match actual native versioned mutation including a separate repeated invocation (284.022333ms)
✔ acquireMemoryNativeStageCache refuses every authority getter and non-DATA shape before lookup (1.100792ms)
✔ readMemoryNativeStageCache refuses every authority getter and non-DATA shape before lookup (0.309667ms)
✔ persistMemoryNativeStageCache refuses every authority getter and non-DATA shape before lookup (0.327708ms)
✔ writeMemoryNativeStageCache refuses every authority getter and non-DATA shape before lookup (0.286ms)
✔ completeMemoryNativeStageCache refuses every authority getter and non-DATA shape before lookup (0.280334ms)
✔ cache release rejects resource getters before selecting a lock (0.128167ms)
✔ public refresh rejects unowned getter inputs before callback or field access (69.418541ms)
✔ cache sequence rejects unowned getter inputs before callback or field access (0.215375ms)
✔ operation driver rejects unowned getter inputs before callback or field access (0.222125ms)
✔ original read rejects unowned getter inputs before callback or field access (0.479ms)
✔ original set rejects unowned getter inputs before callback or field access (0.175625ms)
✔ acquireMemoryNativeStageCompensation refuses all authority getters and non-data shapes (5.162542ms)
✔ acquireMemoryNativeStageCompensation validates nested context before capability lookup (0.308333ms)
✔ persistMemoryNativeStageCompensation refuses all authority getters and non-data shapes (0.39ms)
✔ persistMemoryNativeStageCompensation validates nested context before capability lookup (0.081917ms)
✔ beginMemoryNativeStageCompensationAttempt refuses all authority getters and non-data shapes (0.269083ms)
✔ beginMemoryNativeStageCompensationAttempt validates nested context before capability lookup (0.072667ms)
✔ writeMemoryNativeStageCompensation refuses all authority getters and non-data shapes (0.253125ms)
✔ writeMemoryNativeStageCompensation validates nested context before capability lookup (0.126375ms)
✔ completeMemoryNativeStageCompensation refuses all authority getters and non-data shapes (0.295791ms)
✔ completeMemoryNativeStageCompensation validates nested context before capability lookup (0.131792ms)
✔ recordMemoryNativeStageCompensationFailure refuses all authority getters and non-data shapes (0.308292ms)
✔ recordMemoryNativeStageCompensationFailure validates nested context before capability lookup (0.076917ms)
✔ writeMemoryNativeStageCompensationAudit refuses all authority getters and non-data shapes (0.45025ms)
✔ writeMemoryNativeStageCompensationAudit validates nested context before capability lookup (0.126167ms)
✔ completeMemoryNativeStageCompensationResult refuses all authority getters and non-data shapes (0.322792ms)
✔ completeMemoryNativeStageCompensationResult validates nested context before capability lookup (0.080458ms)
✔ unowned rollback refuses before original context or callback access (0.73025ms)
✔ unowned recording refuses before original context or callback access (0.21525ms)
✔ unowned core comparison refuses before original context or callback access (0.0765ms)
✔ assertMemoryNativeCompensationCurrent rejects resource authority getters before lookup or release (0.250541ms)
✔ releaseMemoryNativeStageCompensation rejects resource authority getters before lookup or release (0.152709ms)
✔ native event-field data factor preserves set-once and explicit field write semantics (2.312875ms)
✔ native event-field data factor retains native date, number coercion and missing-ID body-only behavior (0.183833ms)
✔ native event-field data factor retains persisted DB precedence over changed seed values (0.926708ms)
✔ native event-field data input is closed and never executes supplied helpers (0.245709ms)
✔ native recorded last-known-state serializer shares exact current grammar without reading a clock (2.424416ms)
✔ native CodeComplete declaration data preserves checked, missing and deferred AC predicates (68.393542ms)
✔ native CodeComplete touch data keeps tracked intersection and deterministic order (0.222292ms)
✔ native commit trail membership data shares prefix comparison without accepting decisions (0.130375ms)
✔ native recorded ancestry qualification derives malformed and unreachable reasons from closed original data (0.288334ms)
✔ native event binding keeps permissive current config semantics separate from closed recorded data (0.161708ms)
✔ native catalog data refuses replaced original functions, incomplete and reordered membership (0.661917ms)
✔ recorded phase row data shares native rendering with zero accounting and exact original offset (66.178041ms)
✔ recorded actor row validates exact original native bytes without returning a row or bypassing current time (2.395542ms)
✔ native stage current resources retain independent complete fixture bytes without authority or effects (302.347584ms)
✔ native stage current resources refuse unknown vector member (74.868084ms)
✔ native stage current resources refuse unknown local resource (294.93825ms)
✔ native stage current resources refuse local path selector (220.253ms)
✔ native stage current resources refuse missing local member (220.530875ms)
✔ native stage current resources refuse nonstring local bytes (258.379625ms)
✔ native stage current resources refuse missing retained comment (94.861209ms)
✔ native stage current resources refuse duplicate comment (49.567625ms)
✔ native stage current resources refuse comment identity (119.644291ms)
✔ native stage current resources refuse comment bytes (23.688291ms)
✔ native stage current resources refuse foreign comment (25.099125ms)
✔ native stage current resources refuse retained body drift (74.687041ms)
✔ native stage current resources refuse foreign item (60.038375ms)
✔ native stage current resources refuse foreign project (21.4655ms)
✔ native stage current resources refuse foreign content (28.296667ms)
✔ native stage current resources refuse partial fields (56.819666ms)
✔ native stage current resources refuse field census drift (32.818667ms)
✔ native stage current resources refuse duplicate field (53.216459ms)
✔ historical lifecycle source shape shares native validation without a backend or readiness (28.195667ms)
✔ recorded CodeComplete Git data uses native file and dirty parsers with exact leaf membership (7.818792ms)
✔ recorded transition actor follows native environment fallback without authorizing caller override (0.275042ms)
✔ native stage source item binds actual status option and unique assignment membership (0.406708ms)
✔ native stage persistence rejects caller token and closed-input authority additions before writes (262.761625ms)
sysctl: sysctl fmt -1 1024 1: Operation not permitted
✔ native stage body step derives exact fixed effect and original subject readback without admitting execution (10.790917ms)
✔ native stage body step refuses ordinal drift (0.328791ms)
✔ native stage body step refuses predecessor drift (0.124417ms)
✔ native stage body step refuses kind drift (0.107ms)
✔ native stage body step refuses intent bytes drift (0.139ms)
✔ native stage body step refuses visit drift (0.16775ms)
✔ native stage body step refuses foreign issue drift (0.1955ms)
✔ native stage body step refuses foreign repository drift (0.194833ms)
✔ native stage body step refuses failed read drift (0.1525ms)
✔ native stage body step refuses partial read drift (0.201916ms)
✔ native stage body step refuses unrelated body drift (0.17825ms)
✔ native stage body step refuses forged version drift (0.161584ms)
✔ native stage body step refuses success scalar drift (0.159834ms)
✔ native stage body step refuses caller callback drift (1.594292ms)
✔ native stage body readback retains CLI suffix while matching actual native write verification (142.655167ms)
✔ native stage body readback refuses missing resource (0.320125ms)
✔ native stage body readback refuses resource foreign issue (14.554458ms)
✔ native stage body readback refuses resource failed read (2.961542ms)
✔ native stage body readback refuses resource partial read (0.387917ms)
✔ native stage body readback refuses malformed resource (0.196791ms)
✔ native stage body readback refuses resource extra key (16.394542ms)
✔ native stage body readback refuses resource trailing byte drift (0.298375ms)
✔ native stage body readback refuses coherent raw resource delta (0.84975ms)
✔ native stage transition step reconstructs actual native publication requests and exact record readback (2.794209ms)
✔ native stage transition step refuses extra record key (0.354792ms)
✔ native stage transition step refuses foreign actor (0.242125ms)
✔ native stage transition step refuses foreign sentinel (0.203875ms)
✔ native stage transition step refuses foreign visit (0.19525ms)
✔ native stage transition step refuses ordinal (0.161625ms)
✔ native stage transition step refuses predecessor (0.153375ms)
✔ native stage transition step refuses foreign POST issue (0.315042ms)
✔ native stage transition step refuses foreign read comment (0.257292ms)
✔ native stage transition step refuses partial POST (0.19575ms)
✔ native stage transition step refuses failed read (0.173291ms)
✔ native stage transition step refuses foreign owner (0.182958ms)
✔ native stage transition step refuses read id mismatch (0.192292ms)
✔ native stage transition step refuses same id different record (0.208583ms)
✔ native stage transition step refuses success scalar (0.163583ms)
✔ ordinary transition default transport keeps receiver getter argument and stdout order (0.262917ms)
✔ ordinary transition create rejection remains the exact original error and prevents read (0.197833ms)
✔ recorded config derives the actual native defaults, precedence, field fallbacks and preferences (534.801125ms)
✔ recorded config shares original legacy warnings and conflict semantics without printing or reading (0.391416ms)
✔ recorded config distinguishes proven absence from corrupt, unresolved and caller-selected read data (0.185125ms)
✔ recorded active-task payload preserves native sticky fields and exact atomic-write bytes (86.960458ms)
✔ recorded active-task data refuses corrupt or unresolved source and caller effect fields (0.383208ms)
✔ recorded state preserves real actor overlay, shared unknown fields and split write bytes (183.271333ms)
✔ recorded state rejects corrupt, foreign actor and caller read or clock inputs (1.81975ms)
✔ recorded Test cache preserves native unknown fields and exact no-op disposition (83.786875ms)
✔ native config capture retains actual ordered selection and selected source bytes on exact result only (250.784709ms)
✔ native config capture retains parse failure and absence diagnostics without minting default authority (381.986542ms)
✔ recorded session policy preserves native original overlay, unknown fields, gates and final SID override (0.365709ms)
✔ recorded session policy rejects corruption and caller reader fields while native permissive fallback stays (0.169209ms)
✔ recorded active-task read uses native normalization while preserving unknown fields (0.186167ms)
✔ sentinel persist refuses every authority accessor before reading it (1.506833ms)
✔ sentinel persist rejects inherited hidden symbolic and extra authority keys (128.218791ms)
✔ sentinel persist validates nested context before capability property access (8.029667ms)
✔ sentinel intent comparison refuses every authority accessor before reading it (0.220333ms)
✔ sentinel intent comparison rejects inherited hidden symbolic and extra authority keys (0.455792ms)
✔ sentinel intent comparison validates nested context before capability property access (0.296625ms)
✔ sentinel write refuses every authority accessor before reading it (72.476625ms)
✔ sentinel write rejects inherited hidden symbolic and extra authority keys (0.251375ms)
✔ sentinel write validates nested context before capability property access (0.34625ms)
✔ sentinel readback refuses every authority accessor before reading it (2.3775ms)
✔ sentinel readback rejects inherited hidden symbolic and extra authority keys (0.163667ms)
✔ sentinel readback validates nested context before capability property access (0.183875ms)
✔ loaded sentinel code never selects an unowned context or body wrapper (0.6815ms)
✔ recorded stage source data derives original native config and session without reading current files (467.055125ms)
✔ recorded stage source data rejects unresolved selections, foreign roots and substituted native projections (5.675458ms)
✔ recorded legacy and absent source data retain native semantics without authenticating absence (3.060708ms)
✔ recorded actor publication validates actual native create and idempotent append bytes without returning a row (37.702416ms)
✔ native memory timing page data refuses unknown input (0.4125ms)
✔ native memory timing page data refuses foreign subject (0.1975ms)
✔ native memory timing page data refuses duplicate ID (0.184292ms)
✔ native memory timing page data refuses mismatched node (0.096666ms)
✔ native memory timing page data refuses unknown resource key (0.082333ms)
✔ native memory timing page data refuses unsafe ID (0.096292ms)
✔ native memory timing pages retain complete census and actual canonical pagination semantics (5.989ms)
✔ recorded shared phase append validates actual native legacy bytes without returning row authority (3.601417ms)
[move-state] #10: phase-pair emission failed: buildRow boom
[human-reviewer-audit:info] #10: posted full-auto audit comment (no human reviewer)
[human-reviewer-audit:info] #10: stamped human-reviewer marker (alice)
[human-reviewer-audit] #10: enforcement failed: gh view down
✔ emitPhasePairRows: SKIP_NETWORK short-circuits before any emission (0.7345ms)
✔ emitPhasePairRows: demote emits a `demoted:<target>` row then the <next>:enter row (3.524958ms)
✔ emitPhasePairRows: forward move emits <prev>:complete then <next>:enter (0.187667ms)
✔ emitPhasePairRows leaves shared lifecycle words neutral instead of borrowing actor cursors (0.323208ms)
✔ emitPhasePairRows keeps row-sec trailing when it adds transition identity (1.147583ms)
✔ shared phase facts do not project unavailable actor observations as their own work (0.1925ms)
✔ emitPhasePairRows: move to done emits a single done.complete row (0.104334ms)
✔ emitPhasePairRows: a throwing helper is swallowed (best-effort) (0.473375ms)
✔ emitFullAutoReviewAudit: non-done move short-circuits (0.162625ms)
✔ emitFullAutoReviewAudit: full-auto posts the audit comment (423.171167ms)
✔ emitFullAutoReviewAudit: human-reviewer stamps a marker via ctx.gh (95.550791ms)
✔ emitFullAutoReviewAudit: a throwing pexec is swallowed (0.201042ms)
✔ emitOutOfBandAudit: no reason short-circuits (0.0985ms)
✔ out-of-band lifecycle audit never converts another actor gap or cursor into engagement (0.188167ms)
✔ emitOutOfBandAudit: full path posts the audit comment and a timing row (0.097167ms)
✔ emitOutOfBandAudit: comment-throw and timing-throw are both swallowed (0.1155ms)
✔ stage-only board denial precedes public context access and project callbacks (1.733041ms)
✔ stage-only failure audit refuses before public input getters or comment callback (0.292709ms)
✔ stage-only native gh root denies before options getters and injectable transport (0.483416ms)
✔ stage-only native item root denies before public getters (0.338083ms)
✔ stage-only native gql root denies before public getters (0.291375ms)
✔ stage-only sentinel denies before public context getter (0.437541ms)
✔ stage-only sentinel denies before injected body callback (0.170833ms)
✔ foreign copied and accessor error DATA cannot enter original board failure custody (43.824666ms)
✔ ordinary native loop rethrows the identical write error and never reads status afterward (5.322709ms)
✔ stage-only rollback denies before public context getter (3.07025ms)
✔ stage-only rollback denies before injected read callback (0.570709ms)
✔ stage-only consistency denies before public context getter (0.724167ms)
✔ stage-only consistency denies before injected read callback (0.2915ms)
✓ Issue #124 moved to: test
✔ native board argv is shared with the ordinary actual status loop (2.421625ms)
✔ native item parser retains actual node ID and configured membership semantics (0.319ms)
✔ native Status parser preserves exact first configured item and empty fallback (0.095459ms)
✔ original raw Status custody refuses public copied foreign and getter inputs without evaluation (142.469708ms)
✔ raw Status recording refuses caller authority getters before evaluation (0.627917ms)
✔ raw Status recording closes inherited null-prototype symbol and hidden authority fields (0.865583ms)
✔ closed native response parser preserves absent data, null and actual native JSON value (1.128ms)
✔ recorded native response distinguishes undefined and null and derives exact Status result (1.2815ms)
✔ recorded native close error preserves raw code 3 (0.411959ms)
✔ recorded native close error preserves raw code null (0.159791ms)
✔ recorded gql and Status-parser failures remain separate native outcomes (0.60275ms)
✔ closed recorded response rejects supplied parser, result, malformed envelopes and getters (0.577125ms)
✔ recorded response owns closed input before its fixed import await (0.163125ms)
✔ recorded DATA refuses nonfinite scalar without normalizing native parser output (0.156375ms)
✔ recorded DATA refuses nested nonfinite without normalizing native parser output (1.051541ms)
✔ recorded DATA refuses negative zero without normalizing native parser output (0.236584ms)
✔ recorded DATA refuses unsupported Unicode without normalizing native parser output (0.129375ms)
stage-entry-markers.test.mjs: all passed
✔ same-second transition IDs produce distinct visits and idempotent exact replay (0.662ms)
✔ transition commit codec and deterministic backfill identity are stable (1.953667ms)
✔ transition commit write verifies read-back and replay repair stays idempotent (1.495083ms)
✔ mixed visit ordering uses occurrence and ordinal, never timestamps (0.160583ms)
ℹ tests 250
ℹ suites 0
ℹ pass 250
ℹ fail 0
ℹ cancelled 0
ℹ skipped 0
ℹ todo 0
ℹ duration_ms 14753.874792
