✔ AC1/AC4: dropped board-field write fails loudly and never prints success (1207.041542ms)
✔ AC2: a write that confirms on read-back proceeds normally (3.749042ms)
✔ AC2: read-back recovers after an initial dropped write (retry succeeds) (401.144ms)
✔ AC1: a persistently empty/unreadable read-back fails closed (#747 supersedes #711 soft-proceed) (1205.328333ms)
✔ SKIP_NETWORK short-circuits the read-back entirely (2.708292ms)
✔ AC3: the drift-refusal message names a dropped/failed board-field write (1.224042ms)
✔ throws when target is missing (0.891625ms)
✔ StateRecordingFailedError carries issueNumber/target/cause and message (0.413458ms)
✔ legacy path: noop when body === bodyBefore (no write attempted) (0.522292ms)
✔ legacy path: success on first attempt (no warn, no audit) (0.133541ms)
✔ legacy path: first attempt throws, retry succeeds (+warn, no audit) (0.19825ms)
✔ legacy path: both attempts throw → warn + audit comment posted (auditPosted:true) (0.173917ms)
✔ legacy path: both attempts throw AND audit-post throws → auditPosted:false (0.149375ms)
✔ findRecordingFailureFromComments: non-array input returns null (0.094292ms)
✔ findRecordingFailureFromComments: no marker → null; skips missing/invalid dates (0.17275ms)
✔ findRecordingFailureFromComments: returns most-recent match with parsed target (0.376709ms)
✔ findRecordingFailureFromComments: sinceMs filters out older matches (0.073208ms)
✔ findRecordingFailureFromComments: match with no parseable target yields target:null (0.09425ms)
sysctl: sysctl fmt -1 1024 1: Operation not permitted
sysctl: sysctl fmt -1 1024 1: Operation not permitted
sysctl: sysctl fmt -1 1024 1: Operation not permitted
sysctl: sysctl fmt -1 1024 1: Operation not permitted
sysctl: sysctl fmt -1 1024 1: Operation not permitted
sysctl: sysctl fmt -1 1024 1: Operation not permitted
sysctl: sysctl fmt -1 1024 1: Operation not permitted
sysctl: sysctl fmt -1 1024 1: Operation not permitted
✔ identity mutate is a noop — no push, no version bump (post-#697 contract) (25.925917ms)
✔ succeeds on first attempt — 1 push, no warn, no audit (13.678375ms)
✔ succeeds on retry — 2 pushes + stderr warn, no audit comment (24.313958ms)
✔ fails — stderr + audit comment posted (24.619ms)
✔ audit-post failure does not throw — auditPosted=false (22.752708ms)
ℹ tests 23
ℹ suites 0
ℹ pass 23
ℹ fail 0
ℹ cancelled 0
ℹ skipped 0
ℹ todo 0
ℹ duration_ms 3050.527334
