sysctl: sysctl fmt -1 1024 1: Operation not permitted
sysctl: sysctl fmt -1 1024 1: Operation not permitted
sysctl: sysctl fmt -1 1024 1: Operation not permitted
sysctl: sysctl fmt -1 1024 1: Operation not permitted
sysctl: sysctl fmt -1 1024 1: Operation not permitted
sysctl: sysctl fmt -1 1024 1: Operation not permitted
sysctl: sysctl fmt -1 1024 1: Operation not permitted
sysctl: sysctl fmt -1 1024 1: Operation not permitted
sysctl: sysctl fmt -1 1024 1: Operation not permitted
sysctl: sysctl fmt -1 1024 1: Operation not permitted
sysctl: sysctl fmt -1 1024 1: Operation not permitted
sysctl: sysctl fmt -1 1024 1: Operation not permitted
sysctl: sysctl fmt -1 1024 1: Operation not permitted
sysctl: sysctl fmt -1 1024 1: Operation not permitted
sysctl: sysctl fmt -1 1024 1: Operation not permitted
sysctl: sysctl fmt -1 1024 1: Operation not permitted
sysctl: sysctl fmt -1 1024 1: Operation not permitted
sysctl: sysctl fmt -1 1024 1: Operation not permitted
sysctl: sysctl fmt -1 1024 1: Operation not permitted
sysctl: sysctl fmt -1 1024 1: Operation not permitted
sysctl: sysctl fmt -1 1024 1: Operation not permitted
sysctl: sysctl fmt -1 1024 1: Operation not permitted
sysctl: sysctl fmt -1 1024 1: Operation not permitted
sysctl: sysctl fmt -1 1024 1: Operation not permitted
✔ independent initializeIssueDirectory pending refuses before original callback or transport selection (109.419042ms)
✔ independent initializeIssueDirectory stale refuses before original callback or transport selection (265.549125ms)
✔ independent initializeIssueDirectory malformed refuses before original callback or transport selection (17.996084ms)
✔ independent initializeIssueDirectory unavailable refuses before original callback or transport selection (19.484583ms)
✔ independent initializeIssueDirectory baseline retains its complete original algorithm (20.324167ms)
✔ independent initializeIssueDirectory approved retains its complete original algorithm (370.992667ms)
✔ independent repairIssueDirectory pending refuses before original callback or transport selection (78.667083ms)
✔ independent repairIssueDirectory stale refuses before original callback or transport selection (249.670334ms)
✔ independent repairIssueDirectory malformed refuses before original callback or transport selection (58.226208ms)
✔ independent repairIssueDirectory unavailable refuses before original callback or transport selection (20.104583ms)
✔ independent repairIssueDirectory baseline retains its complete original algorithm (19.165667ms)
✔ independent repairIssueDirectory approved retains its complete original algorithm (425.288375ms)
✔ independent createIssueComment pending refuses before original callback or transport selection (74.700542ms)
✔ independent createIssueComment stale refuses before original callback or transport selection (222.780208ms)
✔ independent createIssueComment malformed refuses before original callback or transport selection (17.146959ms)
✔ independent createIssueComment unavailable refuses before original callback or transport selection (15.895ms)
✔ independent createIssueComment baseline retains its complete original algorithm (17.337ms)
✔ independent createIssueComment approved retains its complete original algorithm (335.44875ms)
✔ independent updateIssueComment pending refuses before original callback or transport selection (69.379833ms)
✔ independent updateIssueComment stale refuses before original callback or transport selection (217.829834ms)
✔ independent updateIssueComment malformed refuses before original callback or transport selection (16.426625ms)
✔ independent updateIssueComment unavailable refuses before original callback or transport selection (19.178458ms)
✔ independent updateIssueComment baseline retains its complete original algorithm (17.293166ms)
✔ independent updateIssueComment approved retains its complete original algorithm (339.156125ms)
✔ durable projection repair pending retains custody and rereads revision admission (108.006333ms)
✔ durable projection repair stale retains custody and rereads revision admission (258.584083ms)
✔ durable projection repair malformed retains custody and rereads revision admission (60.785417ms)
✔ durable projection repair unavailable retains custody and rereads revision admission (49.786375ms)
✔ durable projection repair baseline retains custody and rereads revision admission (78.370084ms)
✔ durable projection repair approved retains custody and rereads revision admission (370.884542ms)
✔ independent lifecycle append pending cannot reuse historical custody as current readiness (101.2175ms)
✔ independent lifecycle append stale cannot reuse historical custody as current readiness (243.323583ms)
✔ independent lifecycle append malformed cannot reuse historical custody as current readiness (38.735917ms)
✔ independent lifecycle append unavailable cannot reuse historical custody as current readiness (41.889292ms)
✔ independent lifecycle append baseline cannot reuse historical custody as current readiness (39.127791ms)
✔ independent lifecycle append approved cannot reuse historical custody as current readiness (373.248542ms)
ℹ tests 36
ℹ suites 0
ℹ pass 36
ℹ fail 0
ℹ cancelled 0
ℹ skipped 0
ℹ todo 0
ℹ duration_ms 4989.660125
