[move-state] #10: phase-pair emission failed: buildRow boom
[human-reviewer-audit:info] #10: posted full-auto audit comment (no human reviewer)
[human-reviewer-audit:info] #10: stamped human-reviewer marker (alice)
[human-reviewer-audit] #10: enforcement failed: gh view down
✔ emitPhasePairRows: SKIP_NETWORK short-circuits before any emission (0.746042ms)
✔ emitPhasePairRows: demote emits a `demoted:<target>` row then the <next>:enter row (1.818667ms)
✔ emitPhasePairRows: forward move emits <prev>:complete then <next>:enter (0.185791ms)
✔ emitPhasePairRows leaves shared lifecycle words neutral instead of borrowing actor cursors (0.212375ms)
✔ emitPhasePairRows keeps row-sec trailing when it adds transition identity (0.669167ms)
✔ shared phase facts do not project unavailable actor observations as their own work (0.124583ms)
✔ emitPhasePairRows: move to done emits a single done.complete row (0.09775ms)
✔ emitPhasePairRows: a throwing helper is swallowed (best-effort) (0.901334ms)
✔ emitFullAutoReviewAudit: non-done move short-circuits (0.176709ms)
✔ emitFullAutoReviewAudit: full-auto posts the audit comment (35.336416ms)
✔ emitFullAutoReviewAudit: human-reviewer stamps a marker via ctx.gh (28.736917ms)
✔ emitFullAutoReviewAudit: a throwing pexec is swallowed (0.211542ms)
✔ emitOutOfBandAudit: no reason short-circuits (0.103583ms)
✔ out-of-band lifecycle audit never converts another actor gap or cursor into engagement (0.241375ms)
✔ emitOutOfBandAudit: full path posts the audit comment and a timing row (0.091583ms)
✔ emitOutOfBandAudit: comment-throw and timing-throw are both swallowed (0.115333ms)
ℹ tests 16
ℹ suites 0
ℹ pass 16
ℹ fail 0
ℹ cancelled 0
ℹ skipped 0
ℹ todo 0
ℹ duration_ms 216.026167
