✔ opaque invocation capability permits exact nested scopes and expires after release (2.105833ms)
✔ sibling asynchronous invocations contend and all issue locks acquire numerically (1.088625ms)
✔ only a proved-dead unchanged local holder is reclaimed; unknown, live and foreign persist (0.849291ms)
✔ foreign, corrupt and replaced holders remain owned; partial multi-issue acquisition unwinds (0.839375ms)
✔ executor identity must satisfy the closed Task 1 host contract (0.18875ms)
✔ recovery proves all v2 executors dead and refuses old or uncertain delegation records (4.717583ms)
✔ versionedWriteBody pending authority refuses before caller transformation or transport effects (357.997792ms)
✔ versionedWriteBody stale authority refuses before caller transformation or transport effects (261.072292ms)
✔ versionedWriteBody unavailable authority refuses before caller transformation or transport effects (17.789916ms)
✔ mutateIssueBody pending authority refuses before caller transformation or transport effects (77.394875ms)
✔ mutateIssueBody stale authority refuses before caller transformation or transport effects (255.442709ms)
✔ mutateIssueBody unavailable authority refuses before caller transformation or transport effects (17.273ms)
✔ real baseline authority permits ordinary body writing with deny published before effects (18.602875ms)
✔ real approved authority permits ordinary body writing with deny published before effects (446.00875ms)
✔ public observation objects and caller ready callbacks cannot mint authority (18.819166ms)
✔ appendCapsule real adapter pending authority and transport effects (73.568792ms)
✔ appendCapsule real adapter stale authority and transport effects (221.383542ms)
✔ appendCapsule real adapter unavailable authority and transport effects (16.361417ms)
✔ appendCapsule real adapter malformed authority and transport effects (16.764458ms)
✔ appendCapsule real adapter baseline authority and transport effects (17.46725ms)
✔ appendCapsule real adapter approved authority and transport effects (326.960084ms)
✔ executeContractWrite real adapter pending authority and transport effects (67.486875ms)
✔ executeContractWrite real adapter stale authority and transport effects (208.351625ms)
✔ executeContractWrite real adapter unavailable authority and transport effects (15.804291ms)
✔ executeContractWrite real adapter malformed authority and transport effects (16.434416ms)
✔ executeContractWrite real adapter baseline authority and transport effects (16.469667ms)
✔ executeContractWrite real adapter approved authority and transport effects (402.624708ms)
✔ writeDirectoryContractOperation real adapter pending authority and transport effects (69.529042ms)
✔ writeDirectoryContractOperation real adapter stale authority and transport effects (211.379583ms)
✔ writeDirectoryContractOperation real adapter unavailable authority and transport effects (16.223708ms)
✔ writeDirectoryContractOperation real adapter malformed authority and transport effects (16.151208ms)
✔ writeDirectoryContractOperation real adapter baseline authority and transport effects (17.910667ms)
✔ writeDirectoryContractOperation real adapter approved authority and transport effects (472.115042ms)
✔ ordinary metadata body write retains recognized current approval for the next real backend consumer (449.115125ms)
sysctl: sysctl fmt -1 1024 1: Operation not permitted
sysctl: sysctl fmt -1 1024 1: Operation not permitted
sysctl: sysctl fmt -1 1024 1: Operation not permitted
[move-state:warn] #999: transition commit provenance missing: github unavailable
sysctl: sysctl fmt -1 1024 1: Operation not permitted
sysctl: sysctl fmt -1 1024 1: Operation not permitted
sysctl: sysctl fmt -1 1024 1: Operation not permitted
✔ moveState runs guard → rows → markers → status → sentinel → commit → tail (65.773458ms)
✔ atomic core order: rows + markers land before Status, sentinel before tail (77.721083ms)
✔ transition commit failure warns without failing a confirmed move (179.6255ms)
✔ moveState fails closed when the sentinel does not verify (45.084625ms)
✔ moveState halts on guard refusal and never writes status (19.831833ms)
✔ moveState prefers the public pre-evaluated guard over the legacy test seam (20.363083ms)
sysctl: sysctl fmt -1 1024 1: Operation not permitted

⛔ Refusing to move #1462 to test:
   BLOCKED: contiguity-hole — missing prior-stage entry marker(s): aitm-entered-backlog, aitm-entered-refine, aitm-entered-plan, aitm-entered-develop. The board shows develop but the body never recorded entry into: backlog, refine, plan, develop

A forward move may not enter a new stage while an earlier stage in the chain is unrecorded.
Recovery:
   • Run `/task reconcile backfill 1462` to fill the missing entry marker(s) if the stage(s) genuinely ran, then retry.
   • Only if the board and recorded body state have actually drifted (not merely a missing historical marker), run `/task reconcile accept-live 1462` instead.

sysctl: sysctl fmt -1 1024 1: Operation not permitted
sysctl: sysctl fmt -1 1024 1: Operation not permitted
✔ pre-mutation guard consumes the locked snapshot body without a second issue fetch (464.329625ms)
✔ pre-mutation boundary reloads policy only after a waivable guard refusal (49.128708ms)
✔ Plan → Develop exposes the exact successful guard decision for durable authority (22.923209ms)
✔ Plan → Develop verifies authority after replay probe and before mutation (14.66275ms)
✔ Plan → Develop authority failure is fail-closed before every mutation (13.340083ms)
✔ Plan → Develop scope drift after authority write fails before lifecycle mutation (11.861958ms)
✔ Plan → Develop scope drift at entry stamping returns the typed authority refusal (14.013875ms)
✔ moveState halts on status exit and never runs tail (13.371709ms)
✔ AC5: a throwing tail step is logged and never fails-reports or reverts the move (15.388709ms)
ℹ tests 49
ℹ suites 0
ℹ pass 49
ℹ fail 0
ℹ cancelled 0
ℹ skipped 0
ℹ todo 0
ℹ duration_ms 4480.718833
