✔ acquireMemoryNativeStageCompensation refuses all authority getters and non-data shapes (1.514667ms)
✔ acquireMemoryNativeStageCompensation validates nested context before capability lookup (0.333791ms)
✔ persistMemoryNativeStageCompensation refuses all authority getters and non-data shapes (0.396416ms)
✔ persistMemoryNativeStageCompensation validates nested context before capability lookup (0.096125ms)
✔ beginMemoryNativeStageCompensationAttempt refuses all authority getters and non-data shapes (0.566083ms)
✔ beginMemoryNativeStageCompensationAttempt validates nested context before capability lookup (0.090625ms)
✔ writeMemoryNativeStageCompensation refuses all authority getters and non-data shapes (0.268417ms)
✔ writeMemoryNativeStageCompensation validates nested context before capability lookup (0.326792ms)
✔ completeMemoryNativeStageCompensation refuses all authority getters and non-data shapes (0.394041ms)
✔ completeMemoryNativeStageCompensation validates nested context before capability lookup (0.162541ms)
✔ recordMemoryNativeStageCompensationFailure refuses all authority getters and non-data shapes (0.2855ms)
✔ recordMemoryNativeStageCompensationFailure validates nested context before capability lookup (0.062292ms)
✔ completeMemoryNativeStageCompensationResult refuses all authority getters and non-data shapes (0.270041ms)
✔ completeMemoryNativeStageCompensationResult validates nested context before capability lookup (0.075708ms)
✔ unowned rollback refuses before original context or callback access (0.778084ms)
✔ unowned recording refuses before original context or callback access (0.233292ms)
✔ unowned core comparison refuses before original context or callback access (0.079833ms)
ℹ tests 17
ℹ suites 0
ℹ pass 17
ℹ fail 0
ℹ cancelled 0
ℹ skipped 0
ℹ todo 0
ℹ duration_ms 204.711916
