✔ independent initializeIssueDirectory pending refuses before original callback or transport selection (109.147416ms)
✔ independent initializeIssueDirectory stale refuses before original callback or transport selection (231.825917ms)
✔ independent initializeIssueDirectory malformed refuses before original callback or transport selection (16.91575ms)
✔ independent initializeIssueDirectory unavailable refuses before original callback or transport selection (17.858542ms)
✔ independent initializeIssueDirectory baseline retains its complete original algorithm (19.307417ms)
✔ independent initializeIssueDirectory approved retains its complete original algorithm (351.9895ms)
✔ independent repairIssueDirectory pending refuses before original callback or transport selection (76.378208ms)
✔ independent repairIssueDirectory stale refuses before original callback or transport selection (239.023625ms)
✔ independent repairIssueDirectory malformed refuses before original callback or transport selection (17.65825ms)
✔ independent repairIssueDirectory unavailable refuses before original callback or transport selection (16.793667ms)
✔ independent repairIssueDirectory baseline retains its complete original algorithm (17.586541ms)
✔ independent repairIssueDirectory approved retains its complete original algorithm (411.096417ms)
✔ independent createIssueComment pending refuses before original callback or transport selection (67.341916ms)
✔ independent createIssueComment stale refuses before original callback or transport selection (217.962583ms)
✔ independent createIssueComment malformed refuses before original callback or transport selection (15.816291ms)
✔ independent createIssueComment unavailable refuses before original callback or transport selection (15.632084ms)
✔ independent createIssueComment baseline retains its complete original algorithm (16.325917ms)
✔ independent createIssueComment approved retains its complete original algorithm (330.974542ms)
✔ independent updateIssueComment pending refuses before original callback or transport selection (66.694292ms)
✔ independent updateIssueComment stale refuses before original callback or transport selection (216.63825ms)
✔ independent updateIssueComment malformed refuses before original callback or transport selection (15.494125ms)
✔ independent updateIssueComment unavailable refuses before original callback or transport selection (17.10975ms)
✔ independent updateIssueComment baseline retains its complete original algorithm (17.187333ms)
✔ independent updateIssueComment approved retains its complete original algorithm (361.1455ms)
✔ durable projection repair pending retains custody and rereads revision admission (137.640458ms)
✔ durable projection repair stale retains custody and rereads revision admission (457.227875ms)
✔ durable projection repair malformed retains custody and rereads revision admission (76.493125ms)
✔ durable projection repair unavailable retains custody and rereads revision admission (64.431917ms)
✔ durable projection repair baseline retains custody and rereads revision admission (92.030708ms)
✔ durable projection repair approved retains custody and rereads revision admission (402.672792ms)
✔ independent lifecycle append pending cannot reuse historical custody as current readiness (159.521166ms)
✔ independent lifecycle append stale cannot reuse historical custody as current readiness (294.578958ms)
✔ independent lifecycle append malformed cannot reuse historical custody as current readiness (82.650791ms)
✔ independent lifecycle append unavailable cannot reuse historical custody as current readiness (88.892375ms)
✔ independent lifecycle append baseline cannot reuse historical custody as current readiness (87.986417ms)
✔ independent lifecycle append approved cannot reuse historical custody as current readiness (448.088ms)
✔ independent singleton convergence pending requires fresh admission before reads and writes (68.084083ms)
✔ independent singleton convergence stale requires fresh admission before reads and writes (222.198ms)
✔ independent singleton convergence malformed requires fresh admission before reads and writes (16.638667ms)
✔ independent singleton convergence unavailable requires fresh admission before reads and writes (16.61875ms)
✔ independent singleton convergence baseline requires fresh admission before reads and writes (16.346542ms)
✔ independent singleton convergence approved requires fresh admission before reads and writes (338.606583ms)
✔ versionedWriteBody malformed authority refuses before original body callbacks (18.276625ms)
✔ mutateIssueBody malformed authority refuses before original body callbacks (32.001417ms)
✔ versionedWriteBody baseline retains its real read-transform-write-readback algorithm (17.825416ms)
✔ versionedWriteBody approved retains its real read-transform-write-readback algorithm (349.214583ms)
✔ independent source call graph accounts for every public writer in actual complete cases (20849.688375ms)
ℹ [{"file":"scripts/task-tracker/lib/github-records/capsule-chain.mjs","name":"appendCapsule"},{"file":"scripts/task-tracker/lib/github-records/contract-write.mjs","name":"executeContractWrite"},{"file":"scripts/task-tracker/lib/github-records/contract-write.mjs","name":"writeDirectoryContractOperation"},{"file":"scripts/task-tracker/lib/github-records/github-comment-store.mjs","name":"createIssueComment"},{"file":"scripts/task-tracker/lib/github-records/github-comment-store.mjs","name":"updateIssueComment"},{"file":"scripts/task-tracker/lib/github-records/lifecycle-transition.mjs","name":"appendLifecycleTransition"},{"file":"scripts/task-tracker/lib/github-records/projection-repair.mjs","name":"repairIssueProjections"},{"file":"scripts/task-tracker/lib/github-records/singleton-initializer.mjs","name":"initializeIssueDirectory"},{"file":"scripts/task-tracker/lib/github-records/singleton-initializer.mjs","name":"repairIssueDirectory"},{"file":"scripts/task-tracker/lib/github-records/singleton-projections.mjs","name":"convergeSingletonProjections"},{"file":"scripts/task-tracker/lib/issue-body-mutate.mjs","name":"mutateIssueBody"},{"file":"scripts/task-tracker/lib/versioned-issue-write.mjs","name":"versionedWriteBody"}]
ℹ Complete original policy/interlock/admission cases: 62
✔ source discovery detects a new imported writer and excludes an uncalled transport factory (370.013625ms)
✔ singleton convergence refuses missing or mismatched identity in an authenticated revision frame (18.201917ms)
✔ unidentified ordinary convergence remains compatible and an enabled real fixture domain fails closed (240.058542ms)
✔ fresh lifecycle append pending qualifies its original nested capsule path (70.915ms)
✔ fresh lifecycle append stale qualifies its original nested capsule path (212.921917ms)
✔ fresh lifecycle append malformed qualifies its original nested capsule path (16.701375ms)
✔ fresh lifecycle append unavailable qualifies its original nested capsule path (16.85625ms)
✔ fresh lifecycle append baseline qualifies its original nested capsule path (17.29775ms)
✔ fresh lifecycle append approved qualifies its original nested capsule path (488.2535ms)
ℹ tests 56
ℹ suites 0
ℹ pass 56
ℹ fail 0
ℹ cancelled 0
ℹ skipped 0
ℹ todo 0
ℹ duration_ms 28873.334208
