✔ actual backlog registration preserves pending current revision authority (103.844833ms)
✔ actual backlog registration preserves stale current revision authority (235.702791ms)
✔ actual backlog registration preserves malformed current revision authority (17.625334ms)
✔ actual backlog registration preserves unavailable current revision authority (18.272834ms)
✔ actual backlog registration preserves baseline current revision authority (17.456584ms)
✔ actual backlog registration preserves approved current revision authority (399.00975ms)
✔ actual develop registration preserves pending current revision authority (70.6765ms)
✔ actual develop registration preserves stale current revision authority (234.306583ms)
✔ actual develop registration preserves malformed current revision authority (16.116875ms)
✔ actual develop registration preserves unavailable current revision authority (16.712417ms)
✔ actual develop registration preserves baseline current revision authority (16.206334ms)
✔ actual develop registration preserves approved current revision authority (339.375333ms)
✔ actual done registration preserves pending current revision authority (70.452208ms)
✔ actual done registration preserves stale current revision authority (220.306333ms)
✔ actual done registration preserves malformed current revision authority (15.918541ms)
✔ actual done registration preserves unavailable current revision authority (15.662375ms)
✔ actual done registration preserves baseline current revision authority (16.238834ms)
✔ actual done registration preserves approved current revision authority (332.29125ms)
✔ actual plan registration preserves pending current revision authority (67.174583ms)
✔ actual plan registration preserves stale current revision authority (221.279417ms)
✔ actual plan registration preserves malformed current revision authority (16.25625ms)
✔ actual plan registration preserves unavailable current revision authority (16.491959ms)
✔ actual plan registration preserves baseline current revision authority (17.458458ms)
✔ actual plan registration preserves approved current revision authority (333.338334ms)
✔ actual ready-for-plan registration preserves pending current revision authority (67.080917ms)
✔ actual ready-for-plan registration preserves stale current revision authority (216.217584ms)
✔ actual ready-for-plan registration preserves malformed current revision authority (16.044833ms)
✔ actual ready-for-plan registration preserves unavailable current revision authority (15.733041ms)
✔ actual ready-for-plan registration preserves baseline current revision authority (15.389416ms)
✔ actual ready-for-plan registration preserves approved current revision authority (325.711041ms)
✔ actual refine registration preserves pending current revision authority (71.639417ms)
✔ actual refine registration preserves stale current revision authority (210.834459ms)
✔ actual refine registration preserves malformed current revision authority (15.979166ms)
✔ actual refine registration preserves unavailable current revision authority (17.060792ms)
✔ actual refine registration preserves baseline current revision authority (16.568084ms)
✔ actual refine registration preserves approved current revision authority (339.692292ms)
✔ actual review registration preserves pending current revision authority (68.421417ms)
✔ actual review registration preserves stale current revision authority (302.774125ms)
✔ actual review registration preserves malformed current revision authority (15.434417ms)
✔ actual review registration preserves unavailable current revision authority (16.226958ms)
✔ actual review registration preserves baseline current revision authority (16.137167ms)
✔ actual review registration preserves approved current revision authority (364.317ms)
✔ actual test registration preserves pending current revision authority (66.583417ms)
✔ actual test registration preserves stale current revision authority (211.538083ms)
✔ actual test registration preserves malformed current revision authority (15.432958ms)
✔ actual test registration preserves unavailable current revision authority (15.428625ms)
✔ actual test registration preserves baseline current revision authority (15.98ms)
✔ actual test registration preserves approved current revision authority (335.907208ms)
✔ actual complete guard evaluator cannot translate pending authority into Explain readiness (77.5085ms)
✔ actual complete guard evaluator cannot translate stale authority into Explain readiness (220.672792ms)
✔ actual complete guard evaluator cannot translate malformed authority into Explain readiness (16.196ms)
✔ actual complete guard evaluator cannot translate unavailable authority into Explain readiness (16.80325ms)
✔ independent imports and actual calls discover the current evidence reader frontier (315.143083ms)
ℹ {"readers":["scripts/task-tracker/lib/ac-evidence.mjs","scripts/task-tracker/lib/evidence-v2/eligibility.mjs","scripts/task-tracker/lib/evidence-v2/subject-inputs.mjs","scripts/task-tracker/lib/functional-dod-evidence.mjs","scripts/task-tracker/lib/verification-receipt.mjs"],"states":["backlog","develop","done","plan","ready-for-plan","refine","review","test"]}
▶ complete current proof and native execution profiles retain original fixtures and budgets
  ✔ actual evidence, lifecycle and Explain algorithms (20444.947042ms)
  ℹ Complete original profile: 153 cases
  ✔ native-proof-execution (30756.498791ms)
  ℹ Complete original profile: 29 cases
  ✔ native-proof-execution-authority (6124.178042ms)
  ℹ Complete original profile: 10 cases
  ✔ native-proof-execution-drift (30540.36025ms)
  ℹ Complete original profile: 24 cases
  ✔ native-proof-execution-abort (18974.524417ms)
  ℹ Complete original profile: 3 cases
✔ complete current proof and native execution profiles retain original fixtures and budgets (30758.867375ms)
✔ the actual lifecycle reader rereads the same backend after a current approval becomes malformed (344.302375ms)
✔ requirements projection consumes actual consolidated AC stamps and native multi-VC declarations (2.870792ms)
✔ requirements projection uses observed legacy stable identities and current canonical epochs (441.400083ms)
✔ requirements projection uses observed canonical stable identities and current canonical epochs (816.317917ms)
✔ actual ac individual stamper binds current revision and its reader rejects stripped new proof (349.136875ms)
✔ actual dod individual stamper binds current revision and its reader rejects stripped new proof (336.49275ms)
✔ only exact preserved legacy individual proof survives current revision read side (332.763833ms)
✔ metadata continuation rejects duplicate body-version control claims before push (420.876125ms)
✔ caller activity status cannot turn a stale approval into mutation authority (143.681084ms)
✔ caller activity plan-approve cannot turn a stale approval into mutation authority (141.240417ms)
✔ caller activity invented-consumer cannot turn a stale approval into mutation authority (144.998375ms)
✔ unknown mutation activity cannot execute even against an empty verified chain (16.113ms)
✔ unconfigured activity retains ordinary gates only after fresh proof that host has no enabled revision domains (0.375ms)
✔ registered lifecycle revision guard preserves typed pending authority without publishing admission (68.54275ms)
✔ registered lifecycle revision guard preserves typed stale authority without publishing admission (212.587833ms)
✔ registered lifecycle revision guard preserves typed unavailable authority without publishing admission (15.54625ms)
✔ registered lifecycle revision guard preserves typed malformed authority without publishing admission (15.637ms)
✔ registered lifecycle revision guard preserves typed baseline authority without publishing admission (15.639375ms)
✔ registered lifecycle revision guard preserves typed approved authority without publishing admission (325.613ms)
✔ new typed guard conformance requires discovered producer and complete typed emissions while preserving frozen legacy rules (7.70975ms)
ℹ tests 79
ℹ suites 0
ℹ pass 79
ℹ fail 0
ℹ cancelled 0
ℹ skipped 0
ℹ todo 0
ℹ duration_ms 37573.368958
