✔ native actor state root refuses own getters before record construction (868.557875ms)
✔ native actor state root refuses inherited getters before record construction (540.667958ms)
✔ native actor state root refuses nested-identity getters before record construction (874.585583ms)
✔ native actor state root refuses nested-state getters before record construction (424.715834ms)
✔ actual tail leaf dispatchOnEnterActions refuses public getters before selecting any callback (621.982708ms)
✔ actual tail leaf refreshKanbanStateCache refuses public getters before selecting any callback (573.340875ms)
✔ actual tail leaf emitFullAutoReviewAudit refuses public getters before selecting any callback (482.099333ms)
✔ actual tail leaf unparkDoneDependents refuses public getters before selecting any callback (383.535291ms)
✔ actual tail leaf emitOutOfBandAudit refuses public getters before selecting any callback (395.549291ms)
✔ actual tail leaf syncTrackerState refuses public getters before selecting any callback (433.202958ms)
✔ actual tail leaf syncEventFields refuses public getters before selecting any callback (417.752458ms)
✔ actual tail leaf endTaskTracking refuses public getters before selecting any callback (450.5015ms)
✔ original state recording refuses own before getters or legacy writes (634.029625ms)
✔ original state recording refuses inherited before getters or legacy writes (544.107583ms)
✔ original state recording refuses plain-callback before getters or legacy writes (413.616625ms)
✔ actual shared pexec refuses nested and supplied memory capability before native process dispatch (996.236875ms)
✔ actual shared execFile refuses nested and supplied memory capability before native process dispatch (600.691375ms)
✔ actual shared spawn refuses nested and supplied memory capability before native process dispatch (926.824375ms)
✔ memory quarantine survives asynchronous work scheduled inside its original lifetime (431.579ms)
✔ outside memory scope actual shared native transports keep ordinary offline behavior (1294.516917ms)
✔ actual new-tests comment default read cannot dispatch GitHub from memory authority (463.926375ms)
✔ actual new-tests comment default write cannot dispatch GitHub from memory authority (379.740292ms)
✔ actual timing find default refuses memory OS dispatch (694.729041ms)
✔ actual timing legacy default refuses memory OS dispatch (423.591542ms)
✔ actual timing canonical default refuses memory OS dispatch (462.678875ms)
✔ actual timing update default refuses memory OS dispatch (620.598792ms)
✔ stage-only timing update refuses before fallback transport (787.831209ms)
✔ stage-only timing create refuses before fallback transport (595.972667ms)
✔ stage-only timing post-default refuses before fallback transport (419.924708ms)
✔ stage-only body entry refuses before public callbacks (388.397334ms)
✔ stage-only body failure-audit refuses before public callbacks (415.518291ms)
✔ stage-only body versioned refuses before public callbacks (333.591083ms)
✔ stage-only body mutate refuses input getters before observation (0.773583ms)
✔ stage-only body versioned refuses input getters before observation (0.143666ms)
✔ stage-only post15 write refuses context getters before native selection (0.437208ms)
✔ stage-only post15 write refuses an ordinarily reachable callback route (0.771416ms)
✔ stage-only post15 repair refuses context getters before native selection (0.131791ms)
✔ stage-only post15 repair refuses an ordinarily reachable callback route (0.284833ms)
✔ stage-only post15 tail refuses context getters before native selection (0.152792ms)
✔ stage-only post15 tail refuses an ordinarily reachable callback route (0.14125ms)
✔ native consistency public inputs deny before caller access (0.643417ms)
✔ transition16 new public roots refuse forged input before caller descriptors are consumed (1.4365ms)
✔ board attempt keeps unknown write pending and preserves original raw resource (9.400375ms)
✔ actual second read success is distinct from first mismatch and retains both attempts (3.614875ms)
✔ empty and mismatched exhausted reads stay unconfirmed without successful readback (3.49975ms)
✔ board attempt refuses reordered, invented-success, altered resource and unknown outcome claims (19.527042ms)
✔ no attempted write recognizes only before, and a completed resource read fixes that exact prefix (5.446291ms)
✔ actual thrown write and swallowed read failure remain distinct from successful completion (1.462125ms)
✔ an unknown repeated write cannot resurrect the original before-board value (4.067875ms)
✔ a completed repeated write rejects a full resource regression despite a lagging scalar read (3.935333ms)
sysctl: sysctl fmt -1 1024 1: Operation not permitted
sysctl: sysctl fmt -1 1024 1: Operation not permitted
✔ recorded entry derives separate timestamps, first visit and exactly one native version increment (12.225125ms)
✔ recorded sentinel is exact native upsert and compensation leaves the target visit intact (0.452875ms)
✔ recorded stage body refuses unknown intent, forged visit, arbitrary bytes and invalid clock data (1.086584ms)
✔ recorded sentinel bytes match actual native versioned mutation including a separate repeated invocation (300.035125ms)
✔ acquireMemoryNativeStageCompensation refuses all authority getters and non-data shapes (3.548917ms)
✔ acquireMemoryNativeStageCompensation validates nested context before capability lookup (0.311459ms)
✔ persistMemoryNativeStageCompensation refuses all authority getters and non-data shapes (0.339708ms)
✔ persistMemoryNativeStageCompensation validates nested context before capability lookup (0.262667ms)
✔ beginMemoryNativeStageCompensationAttempt refuses all authority getters and non-data shapes (0.636375ms)
✔ beginMemoryNativeStageCompensationAttempt validates nested context before capability lookup (0.417292ms)
✔ writeMemoryNativeStageCompensation refuses all authority getters and non-data shapes (32.787875ms)
✔ writeMemoryNativeStageCompensation validates nested context before capability lookup (0.18275ms)
✔ completeMemoryNativeStageCompensation refuses all authority getters and non-data shapes (10.703958ms)
✔ completeMemoryNativeStageCompensation validates nested context before capability lookup (0.158709ms)
✔ recordMemoryNativeStageCompensationFailure refuses all authority getters and non-data shapes (0.287708ms)
✔ recordMemoryNativeStageCompensationFailure validates nested context before capability lookup (0.064166ms)
✔ writeMemoryNativeStageCompensationAudit refuses all authority getters and non-data shapes (0.281333ms)
✔ writeMemoryNativeStageCompensationAudit validates nested context before capability lookup (0.088792ms)
✔ completeMemoryNativeStageCompensationResult refuses all authority getters and non-data shapes (0.221667ms)
✔ completeMemoryNativeStageCompensationResult validates nested context before capability lookup (0.05625ms)
✔ unowned rollback refuses before original context or callback access (0.733167ms)
✔ unowned recording refuses before original context or callback access (0.248542ms)
✔ unowned core comparison refuses before original context or callback access (0.083916ms)
✔ native event-field data factor preserves set-once and explicit field write semantics (9.44975ms)
✔ native event-field data factor retains native date, number coercion and missing-ID body-only behavior (0.174125ms)
✔ native event-field data factor retains persisted DB precedence over changed seed values (0.894792ms)
✔ native event-field data input is closed and never executes supplied helpers (0.256875ms)
✔ native recorded last-known-state serializer shares exact current grammar without reading a clock (13.388583ms)
✔ native CodeComplete declaration data preserves checked, missing and deferred AC predicates (5.952292ms)
✔ native CodeComplete touch data keeps tracked intersection and deterministic order (0.16375ms)
✔ native commit trail membership data shares prefix comparison without accepting decisions (0.127417ms)
✔ native recorded ancestry qualification derives malformed and unreachable reasons from closed original data (0.278917ms)
✔ native event binding keeps permissive current config semantics separate from closed recorded data (0.160792ms)
✔ native catalog data refuses replaced original functions, incomplete and reordered membership (4.965292ms)
✔ recorded phase row data shares native rendering with zero accounting and exact original offset (28.373417ms)
✔ recorded actor row validates exact original native bytes without returning a row or bypassing current time (2.483834ms)
✔ native stage current resources retain independent complete fixture bytes without authority or effects (98.9475ms)
✔ native stage current resources refuse unknown vector member (143.643042ms)
✔ native stage current resources refuse unknown local resource (62.409209ms)
✔ native stage current resources refuse local path selector (129.542375ms)
✔ native stage current resources refuse missing local member (124.111375ms)
✔ native stage current resources refuse nonstring local bytes (42.095333ms)
✔ native stage current resources refuse missing retained comment (63.917ms)
✔ native stage current resources refuse duplicate comment (37.934459ms)
✔ native stage current resources refuse comment identity (36.303833ms)
✔ native stage current resources refuse comment bytes (46.468292ms)
✔ native stage current resources refuse foreign comment (27.522417ms)
✔ native stage current resources refuse retained body drift (27.646958ms)
✔ native stage current resources refuse foreign item (29.547875ms)
✔ native stage current resources refuse foreign project (32.44425ms)
✔ native stage current resources refuse foreign content (32.392958ms)
✔ native stage current resources refuse partial fields (38.7085ms)
✔ native stage current resources refuse field census drift (22.482417ms)
✔ native stage current resources refuse duplicate field (26.800625ms)
✔ historical lifecycle source shape shares native validation without a backend or readiness (28.707084ms)
✔ recorded CodeComplete Git data uses native file and dirty parsers with exact leaf membership (3.32875ms)
✔ recorded transition actor follows native environment fallback without authorizing caller override (0.287542ms)
✔ native stage source item binds actual status option and unique assignment membership (0.471333ms)
✔ native stage persistence rejects caller token and closed-input authority additions before writes (114.362041ms)
sysctl: sysctl fmt -1 1024 1: Operation not permitted
✔ native stage body step derives exact fixed effect and original subject readback without admitting execution (8.048167ms)
✔ native stage body step refuses ordinal drift (0.334417ms)
✔ native stage body step refuses predecessor drift (0.120917ms)
✔ native stage body step refuses kind drift (0.103084ms)
✔ native stage body step refuses intent bytes drift (0.142458ms)
✔ native stage body step refuses visit drift (0.158792ms)
✔ native stage body step refuses foreign issue drift (0.177459ms)
✔ native stage body step refuses foreign repository drift (0.170875ms)
✔ native stage body step refuses failed read drift (0.158959ms)
✔ native stage body step refuses partial read drift (0.220458ms)
✔ native stage body step refuses unrelated body drift (0.175792ms)
✔ native stage body step refuses forged version drift (0.150125ms)
✔ native stage body step refuses success scalar drift (0.152625ms)
✔ native stage body step refuses caller callback drift (0.078083ms)
✔ native stage body readback retains CLI suffix while matching actual native write verification (185.501ms)
✔ native stage body readback refuses missing resource (0.216375ms)
✔ native stage body readback refuses resource foreign issue (0.166833ms)
✔ native stage body readback refuses resource failed read (0.134792ms)
✔ native stage body readback refuses resource partial read (0.126041ms)
✔ native stage body readback refuses malformed resource (0.162834ms)
✔ native stage body readback refuses resource extra key (0.134916ms)
✔ native stage body readback refuses resource trailing byte drift (0.15175ms)
✔ native stage body readback refuses coherent raw resource delta (0.120458ms)
✔ native stage transition step reconstructs actual native publication requests and exact record readback (1.231542ms)
✔ native stage transition step refuses extra record key (0.327917ms)
✔ native stage transition step refuses foreign actor (0.225ms)
✔ native stage transition step refuses foreign sentinel (0.214333ms)
✔ native stage transition step refuses foreign visit (0.190666ms)
✔ native stage transition step refuses ordinal (0.176291ms)
✔ native stage transition step refuses predecessor (0.152708ms)
✔ native stage transition step refuses foreign POST issue (0.244916ms)
✔ native stage transition step refuses foreign read comment (0.280292ms)
✔ native stage transition step refuses partial POST (0.220458ms)
✔ native stage transition step refuses failed read (0.22675ms)
✔ native stage transition step refuses foreign owner (0.214625ms)
✔ native stage transition step refuses read id mismatch (0.223834ms)
✔ native stage transition step refuses same id different record (2.787292ms)
✔ native stage transition step refuses success scalar (0.348041ms)
✔ ordinary transition default transport keeps receiver getter argument and stdout order (0.340917ms)
✔ ordinary transition create rejection remains the exact original error and prevents read (0.245083ms)
✔ recorded config derives the actual native defaults, precedence, field fallbacks and preferences (756.528458ms)
✔ recorded config shares original legacy warnings and conflict semantics without printing or reading (0.41425ms)
✔ recorded config distinguishes proven absence from corrupt, unresolved and caller-selected read data (0.192666ms)
✔ recorded active-task payload preserves native sticky fields and exact atomic-write bytes (147.194833ms)
✔ recorded active-task data refuses corrupt or unresolved source and caller effect fields (0.28225ms)
✔ recorded state preserves real actor overlay, shared unknown fields and split write bytes (104.337042ms)
✔ recorded state rejects corrupt, foreign actor and caller read or clock inputs (0.599625ms)
✔ recorded Test cache preserves native unknown fields and exact no-op disposition (93.2705ms)
✔ native config capture retains actual ordered selection and selected source bytes on exact result only (93.295167ms)
✔ native config capture retains parse failure and absence diagnostics without minting default authority (246.695334ms)
✔ recorded session policy preserves native original overlay, unknown fields, gates and final SID override (0.81925ms)
✔ recorded session policy rejects corruption and caller reader fields while native permissive fallback stays (0.179625ms)
✔ recorded active-task read uses native normalization while preserving unknown fields (0.183708ms)
✔ sentinel persist refuses every authority accessor before reading it (3.430209ms)
✔ sentinel persist rejects inherited hidden symbolic and extra authority keys (0.355ms)
✔ sentinel persist validates nested context before capability property access (0.349166ms)
✔ sentinel intent comparison refuses every authority accessor before reading it (0.163209ms)
✔ sentinel intent comparison rejects inherited hidden symbolic and extra authority keys (0.180583ms)
✔ sentinel intent comparison validates nested context before capability property access (0.145791ms)
✔ sentinel write refuses every authority accessor before reading it (0.437917ms)
✔ sentinel write rejects inherited hidden symbolic and extra authority keys (0.227166ms)
✔ sentinel write validates nested context before capability property access (0.157584ms)
✔ sentinel readback refuses every authority accessor before reading it (0.239542ms)
✔ sentinel readback rejects inherited hidden symbolic and extra authority keys (0.159542ms)
✔ sentinel readback validates nested context before capability property access (0.208375ms)
✔ loaded sentinel code never selects an unowned context or body wrapper (0.701125ms)
✔ recorded stage source data derives original native config and session without reading current files (120.154458ms)
✔ recorded stage source data rejects unresolved selections, foreign roots and substituted native projections (5.290958ms)
✔ recorded legacy and absent source data retain native semantics without authenticating absence (0.820083ms)
✔ recorded actor publication validates actual native create and idempotent append bytes without returning a row (49.226792ms)
✔ native memory timing page data refuses unknown input (0.447583ms)
✔ native memory timing page data refuses foreign subject (0.219667ms)
✔ native memory timing page data refuses duplicate ID (0.223458ms)
✔ native memory timing page data refuses mismatched node (0.140166ms)
✔ native memory timing page data refuses unknown resource key (0.087875ms)
✔ native memory timing page data refuses unsafe ID (0.079417ms)
✔ native memory timing pages retain complete census and actual canonical pagination semantics (3.465917ms)
✔ recorded shared phase append validates actual native legacy bytes without returning row authority (2.551833ms)
stage-entry-markers.test.mjs: all passed
✔ same-second transition IDs produce distinct visits and idempotent exact replay (2.426ms)
✔ transition commit codec and deterministic backfill identity are stable (2.270041ms)
✔ transition commit write verifies read-back and replay repair stays idempotent (0.689041ms)
✔ mixed visit ordering uses occurrence and ordinal, never timestamps (0.169042ms)
ℹ tests 191
ℹ suites 0
ℹ pass 191
ℹ fail 0
ℹ cancelled 0
ℹ skipped 0
ℹ todo 0
ℹ duration_ms 11352.122125
