✔ observer is read-only and distinguishes modified, untracked, and unsafe artifacts (439.361416ms)
✔ observer classifies a cyclic parent symlink as unsafe instead of missing (62.09975ms)
✔ observer accepts a healthy relative symlink to the declared in-project package target (93.249792ms)
✔ packed consumer verifies committed bootstrap after npm ci and reports drift read-only (12307.409833ms)
✔ packed consumer can select and execute effect-scoped move tails (9314.708041ms)
✔ package-boundary: no test files are packed (7670.555083ms)
✔ package-boundary: excluded directories do not reappear (0.336833ms)
✔ package-boundary: ships the exact docs/introduction/ set (0.255584ms)
✔ package-boundary: shipped README has no dead docs/introduction link (0.480542ms)
✔ package-boundary: total entry count stays under the ceiling (0.346916ms)
✔ package-boundary: development-only context calibration is not shipped (0.315542ms)
✔ package-boundary: runtime entry points are still shipped (0.122542ms)
✔ package-boundary: production parser and guidance release guard are declared (0.347833ms)
✔ package-boundary: tag and explicit release CI retain the B2 consumer gate (0.780375ms)
ℹ tests 14
ℹ suites 0
ℹ pass 14
ℹ fail 0
ℹ cancelled 0
ℹ skipped 0
ℹ todo 0
ℹ duration_ms 30180.779917
