✔ audit reports each executable edge to a discovered entrypoint with stable diagnostics (191.928375ms)
✔ audit ignores source-like strings and comments and permits non-discovered helpers (11.956041ms)
✔ audit resolves relative specifiers with Node ESM file-URL semantics (10.740958ms)
✔ audit CLI fails with stable importer, target, and source-line diagnostics (80.3645ms)
✔ observer is read-only and distinguishes modified, untracked, and unsafe artifacts (338.055291ms)
✔ observer classifies a cyclic parent symlink as unsafe instead of missing (28.635083ms)
✔ observer accepts a healthy relative symlink to the declared in-project package target (98.755333ms)
✔ packed consumer verifies committed bootstrap after npm ci and reports drift read-only (22689.702334ms)
✔ packed consumer can select and execute effect-scoped move tails (14477.611583ms)
✔ package-boundary: no test files are packed (9648.973625ms)
✔ package-boundary: excluded directories do not reappear (0.311875ms)
✔ package-boundary: ships the exact docs/introduction/ set (0.271875ms)
✔ package-boundary: shipped README has no dead docs/introduction link (0.517125ms)
✔ package-boundary: total entry count stays under the ceiling (0.370625ms)
✔ package-boundary: development-only context calibration is not shipped (0.285833ms)
✔ package-boundary: runtime entry points are still shipped (0.135584ms)
✔ package-boundary: production parser and guidance release guard are declared (0.309375ms)
✔ package-boundary: tag and explicit release CI retain the B2 consumer gate (0.708083ms)
ℹ tests 18
ℹ suites 0
ℹ pass 18
ℹ fail 0
ℹ cancelled 0
ℹ skipped 0
ℹ todo 0
ℹ duration_ms 48118.026083
