✔ acquireMemoryNativeStageCompensation refuses all authority getters and non-data shapes (2.248875ms)
✔ acquireMemoryNativeStageCompensation validates nested context before capability lookup (0.375ms)
✔ persistMemoryNativeStageCompensation refuses all authority getters and non-data shapes (0.731625ms)
✔ persistMemoryNativeStageCompensation validates nested context before capability lookup (0.137583ms)
✔ beginMemoryNativeStageCompensationAttempt refuses all authority getters and non-data shapes (0.614125ms)
✔ beginMemoryNativeStageCompensationAttempt validates nested context before capability lookup (0.127083ms)
✔ writeMemoryNativeStageCompensation refuses all authority getters and non-data shapes (0.433ms)
✔ writeMemoryNativeStageCompensation validates nested context before capability lookup (0.090416ms)
✔ completeMemoryNativeStageCompensation refuses all authority getters and non-data shapes (0.293292ms)
✔ completeMemoryNativeStageCompensation validates nested context before capability lookup (0.139958ms)
✔ recordMemoryNativeStageCompensationFailure refuses all authority getters and non-data shapes (0.346334ms)
✔ recordMemoryNativeStageCompensationFailure validates nested context before capability lookup (0.097583ms)
✔ writeMemoryNativeStageCompensationAudit refuses all authority getters and non-data shapes (0.386833ms)
✔ writeMemoryNativeStageCompensationAudit validates nested context before capability lookup (0.080042ms)
✔ completeMemoryNativeStageCompensationResult refuses all authority getters and non-data shapes (0.27025ms)
✔ completeMemoryNativeStageCompensationResult validates nested context before capability lookup (0.106917ms)
✔ unowned rollback refuses before original context or callback access (0.859083ms)
✔ unowned recording refuses before original context or callback access (0.247292ms)
✔ unowned core comparison refuses before original context or callback access (0.091584ms)
✔ assertMemoryNativeCompensationCurrent rejects resource authority getters before lookup or release (0.2835ms)
✔ releaseMemoryNativeStageCompensation rejects resource authority getters before lookup or release (0.137375ms)
ℹ tests 21
ℹ suites 0
ℹ pass 21
ℹ fail 0
ℹ cancelled 0
ℹ skipped 0
ℹ todo 0
ℹ duration_ms 277.097959
