✔ partial reporting retains all genuine verified, interrupted, cancellation and current profiles (0.826292ms)
▶ actual original failure reports verified committed facts after joined work
  ✔ criteria-revision-partial-14.test.mjs (151611.026333ms)
  ℹ scripts/tests/integration/task-tracker/lib/criteria-revision-partial-14.test.mjs: 1 complete original cases
  ✔ criteria-revision-partial-15.test.mjs (161411.895042ms)
  ℹ scripts/tests/integration/task-tracker/lib/criteria-revision-partial-15.test.mjs: 1 complete original cases
  ✔ criteria-revision-partial-16.test.mjs (169278.198375ms)
  ℹ scripts/tests/integration/task-tracker/lib/criteria-revision-partial-16.test.mjs: 1 complete original cases
  ✔ criteria-revision-partial-unknown.test.mjs (163259.500542ms)
  ℹ scripts/tests/integration/task-tracker/lib/criteria-revision-partial-unknown.test.mjs: 1 complete original cases
✔ actual original failure reports verified committed facts after joined work (169292.793042ms)
▶ current authority, cancellation and original interruption profiles stay truthful
  ✔ criteria-revision-partial-cancel.test.mjs (23131.156167ms)
  ℹ scripts/tests/integration/task-tracker/lib/criteria-revision-partial-cancel.test.mjs: 1 complete original cases
  ✔ criteria-revision-partial-late-authority.test.mjs (146219.785084ms)
  ℹ scripts/tests/integration/task-tracker/lib/criteria-revision-partial-late-authority.test.mjs: 1 complete original cases
  ✔ criteria-revision-partial-late-input.test.mjs (145193.309042ms)
  ℹ scripts/tests/integration/task-tracker/lib/criteria-revision-partial-late-input.test.mjs: 1 complete original cases
  ✔ criteria-revision-partial-late-source.test.mjs (145911.981625ms)
  ℹ scripts/tests/integration/task-tracker/lib/criteria-revision-partial-late-source.test.mjs: 1 complete original cases
  ✔ native-stage-board-effect-readback-failAfter.test.mjs (120920.952209ms)
  ℹ scripts/tests/integration/task-tracker/lib/native-stage-board-effect-readback-failAfter.test.mjs: 1 complete original cases
  ✔ native-stage-phase-12-prefix-after-effect-readback.test.mjs (92185.248042ms)
  ℹ scripts/tests/integration/task-tracker/lib/native-stage-phase-12-prefix-after-effect-readback.test.mjs: 1 complete original cases
  ✔ native-stage-sentinel-effect-readback-failAfter.test.mjs (117093.764791ms)
  ℹ scripts/tests/integration/task-tracker/lib/native-stage-sentinel-effect-readback-failAfter.test.mjs: 1 complete original cases
  ✔ native-stage-transition-comment.test.mjs (130042.306209ms)
  ℹ scripts/tests/integration/task-tracker/lib/native-stage-transition-comment.test.mjs: 1 complete original cases
✔ current authority, cancellation and original interruption profiles stay truthful (275957.338209ms)
✔ complete original ordinary facade and public reporting boundaries stay intact (2006.068292ms)
ℹ scripts/tests/unit/task-tracker/lib/criteria-revision/native-stage-partial-boundary.test.mjs, scripts/tests/unit/task-tracker/lib/move-state/move-state-core.test.mjs, scripts/tests/unit/task-tracker/lib/move-state/move-state-idempotent.test.mjs, scripts/tests/unit/task-tracker/lib/move-state/move-state-board-marker-atomicity.test.mjs, scripts/tests/unit/task-tracker/lib/move-state/move-state-sentinel-write.test.mjs, scripts/tests/unit/task-tracker/lib/move-state/move-state-output.test.mjs, scripts/tests/unit/task-tracker/lib/move-state/move-state-policy.test.mjs, scripts/tests/unit/task-tracker/lib/move-state/move-state-tail-error-diagnostics.test.mjs: 64 complete original cases
ℹ tests 16
ℹ suites 0
ℹ pass 16
ℹ fail 0
ℹ cancelled 0
ℹ skipped 0
ℹ todo 0
ℹ duration_ms 447703.498875
