✔ tracked invalid override refuses a read-only operational route before normal dispatch (474.556375ms)
✔ invalid catalog refuses before GitHub, lock, or session effects without network skip (12257.922125ms)
✔ dynamic issue-bind route cannot bypass admission (306.238041ms)
✔ direct verb hub refuses invalid guidance before context construction (392.841833ms)
✔ direct verb executables refuse invalid guidance before their own main paths (2093.981541ms)
✔ direct verb help-shaped arguments cannot bypass admission (2129.76025ms)
✔ unsupported direct-hub recovery words are admitted as operational (555.318208ms)
✔ session annotation requires a durable issue write, not a zero-exit or local change (0.629167ms)
✔ timing-post observation distinguishes durable issue writes from queued rows (0.283584ms)
✔ package installer refuses invalid guidance before init writes (315.151291ms)
✔ direct support-script path refuses invalid guidance before its own parser (323.620292ms)
✔ guidance validation remains a routed recovery command (466.874542ms)
✔ top-level help remains available while the selected catalog is invalid (320.077667ms)
✔ command help, guidance source, and package version remain effect-free recovery routes (875.382792ms)
✔ admission inventory accounts for every canonical command, alias, and classified executable (114.298042ms)
✔ every registered operational token refuses an invalid catalog (18709.77325ms)
✔ every supported direct operational entrypoint refuses an invalid catalog (12078.587334ms)
✔ package-boundary: no test files are packed (7468.674209ms)
✔ package-boundary: excluded directories do not reappear (0.262292ms)
✔ package-boundary: ships the exact docs/introduction/ set (0.233375ms)
✔ package-boundary: shipped README has no dead docs/introduction link (0.295542ms)
✔ package-boundary: total entry count stays under the ceiling (0.286584ms)
✔ package-boundary: development-only context calibration is not shipped (0.251708ms)
✔ package-boundary: runtime entry points are still shipped (0.118292ms)
✔ package-boundary: production parser and guidance release guard are declared (0.274084ms)
✔ package-boundary: tag and explicit release CI retain the B2 consumer gate (0.625542ms)
ℹ tests 26
ℹ suites 0
ℹ pass 26
ℹ fail 0
ℹ cancelled 0
ℹ skipped 0
ℹ todo 0
ℹ duration_ms 51727.852417
