✔ actual B activity hook rereads shared admission for code writes and mixed commits after A publishes deny (2537.963166ms)
✔ actual issue lock pending obtains revision admission before lock or callback effects (403.886875ms)
✔ actual issue lock stale obtains revision admission before lock or callback effects (706.051792ms)
✔ actual issue lock unavailable obtains revision admission before lock or callback effects (298.678458ms)
✔ actual issue lock malformed obtains revision admission before lock or callback effects (293.317375ms)
✔ actual issue lock baseline obtains revision admission before lock or callback effects (337.814125ms)
✔ actual issue lock approved obtains revision admission before lock or callback effects (973.429208ms)
✔ actual explicit issue lock pending cannot turn a holder capability into mutation readiness (420.412458ms)
✔ actual explicit issue lock stale cannot turn a holder capability into mutation readiness (496.996625ms)
✔ actual explicit issue lock unavailable cannot turn a holder capability into mutation readiness (333.487208ms)
✔ internal deep-import lock ownership does not admit a pending semantic writer (478.343916ms)
✔ bare inherited issue-lock flag cannot admit enabled mutation or first acquire strict lock below issue lock (441.673833ms)
✔ actual move-state host pending refuses before native lifecycle phases despite inherited flag (404.186458ms)
✔ actual move-state core pending refuses before native lifecycle phases despite inherited flag (459.941083ms)
✔ actual move-state host stale refuses before native lifecycle phases despite inherited flag (572.240167ms)
✔ actual move-state core stale refuses before native lifecycle phases despite inherited flag (543.416916ms)
✔ actual move-state host unavailable refuses before native lifecycle phases despite inherited flag (366.566667ms)
✔ actual move-state core unavailable refuses before native lifecycle phases despite inherited flag (315.463583ms)
✔ actual move-state host malformed refuses before native lifecycle phases despite inherited flag (319.424458ms)
✔ actual move-state core malformed refuses before native lifecycle phases despite inherited flag (317.565708ms)
✔ opaque invocation capability permits exact nested scopes and expires after release (1.535042ms)
✔ sibling asynchronous invocations contend and all issue locks acquire numerically (0.965334ms)
✔ only a proved-dead unchanged local holder is reclaimed; unknown, live and foreign persist (0.727459ms)
✔ foreign, corrupt and replaced holders remain owned; partial multi-issue acquisition unwinds (0.393208ms)
✔ executor identity must satisfy the closed Task 1 host contract (0.14725ms)
✔ recovery proves all v2 executors dead and refuses old or uncertain delegation records (1.226125ms)
✔ versionedWriteBody pending authority refuses before caller transformation or transport effects (102.826292ms)
✔ versionedWriteBody stale authority refuses before caller transformation or transport effects (234.180209ms)
✔ versionedWriteBody unavailable authority refuses before caller transformation or transport effects (16.496208ms)
✔ mutateIssueBody pending authority refuses before caller transformation or transport effects (69.634875ms)
✔ mutateIssueBody stale authority refuses before caller transformation or transport effects (221.460167ms)
✔ mutateIssueBody unavailable authority refuses before caller transformation or transport effects (15.834542ms)
✔ real baseline authority permits ordinary body writing with deny published before effects (17.645375ms)
✔ real approved authority permits ordinary body writing with deny published before effects (354.688916ms)
✔ public observation objects and caller ready callbacks cannot mint authority (17.004541ms)
✔ appendCapsule real adapter pending authority and transport effects (72.053083ms)
✔ appendCapsule real adapter stale authority and transport effects (213.688458ms)
✔ appendCapsule real adapter unavailable authority and transport effects (16.135166ms)
✔ appendCapsule real adapter malformed authority and transport effects (16.699916ms)
✔ appendCapsule real adapter baseline authority and transport effects (18.095333ms)
✔ appendCapsule real adapter approved authority and transport effects (337.760708ms)
✔ executeContractWrite real adapter pending authority and transport effects (71.42625ms)
✔ executeContractWrite real adapter stale authority and transport effects (213.491833ms)
✔ executeContractWrite real adapter unavailable authority and transport effects (15.508333ms)
✔ executeContractWrite real adapter malformed authority and transport effects (17.327083ms)
✔ executeContractWrite real adapter baseline authority and transport effects (17.092042ms)
✔ executeContractWrite real adapter approved authority and transport effects (401.079875ms)
✔ writeDirectoryContractOperation real adapter pending authority and transport effects (67.478834ms)
✔ writeDirectoryContractOperation real adapter stale authority and transport effects (214.14775ms)
✔ writeDirectoryContractOperation real adapter unavailable authority and transport effects (17.07725ms)
✔ writeDirectoryContractOperation real adapter malformed authority and transport effects (16.022084ms)
✔ writeDirectoryContractOperation real adapter baseline authority and transport effects (17.535667ms)
✔ writeDirectoryContractOperation real adapter approved authority and transport effects (527.625375ms)
✔ ordinary metadata body write retains recognized current approval for the next real backend consumer (445.847417ms)
ℹ tests 54
ℹ suites 0
ℹ pass 54
ℹ fail 0
ℹ cancelled 0
ℹ skipped 0
ℹ todo 0
ℹ duration_ms 11216.327541
