✔ independent initializeIssueDirectory pending refuses before original callback or transport selection (198.789292ms)
✔ independent initializeIssueDirectory stale refuses before original callback or transport selection (279.206417ms)
✔ independent initializeIssueDirectory malformed refuses before original callback or transport selection (18.406917ms)
✔ independent initializeIssueDirectory unavailable refuses before original callback or transport selection (19.313333ms)
✔ independent initializeIssueDirectory baseline retains its complete original algorithm (24.735125ms)
✔ independent initializeIssueDirectory approved retains its complete original algorithm (520.089709ms)
✔ independent repairIssueDirectory pending refuses before original callback or transport selection (81.49375ms)
✔ independent repairIssueDirectory stale refuses before original callback or transport selection (300.396042ms)
✔ independent repairIssueDirectory malformed refuses before original callback or transport selection (18.670375ms)
✔ independent repairIssueDirectory unavailable refuses before original callback or transport selection (17.389625ms)
✔ independent repairIssueDirectory baseline retains its complete original algorithm (19.644791ms)
✔ independent repairIssueDirectory approved retains its complete original algorithm (477.782792ms)
✔ independent createIssueComment pending refuses before original callback or transport selection (71.562541ms)
✔ independent createIssueComment stale refuses before original callback or transport selection (221.687709ms)
✔ independent createIssueComment malformed refuses before original callback or transport selection (16.613625ms)
✔ independent createIssueComment unavailable refuses before original callback or transport selection (16.417792ms)
✔ independent createIssueComment baseline retains its complete original algorithm (17.491917ms)
✔ independent createIssueComment approved retains its complete original algorithm (340.970875ms)
✔ independent updateIssueComment pending refuses before original callback or transport selection (73.608583ms)
✔ independent updateIssueComment stale refuses before original callback or transport selection (217.586583ms)
✔ independent updateIssueComment malformed refuses before original callback or transport selection (16.47ms)
✔ independent updateIssueComment unavailable refuses before original callback or transport selection (16.960458ms)
✔ independent updateIssueComment baseline retains its complete original algorithm (16.399875ms)
✔ independent updateIssueComment approved retains its complete original algorithm (331.492875ms)
✔ durable projection repair pending retains custody and rereads revision admission (120.233167ms)
✔ durable projection repair stale retains custody and rereads revision admission (261.981458ms)
✔ durable projection repair malformed retains custody and rereads revision admission (59.983667ms)
✔ durable projection repair unavailable retains custody and rereads revision admission (58.5575ms)
✔ durable projection repair baseline retains custody and rereads revision admission (61.697958ms)
✔ durable projection repair approved retains custody and rereads revision admission (378.0605ms)
✔ independent lifecycle append pending cannot reuse historical custody as current readiness (109.92ms)
✔ independent lifecycle append stale cannot reuse historical custody as current readiness (250.02ms)
✔ independent lifecycle append malformed cannot reuse historical custody as current readiness (54.0685ms)
✔ independent lifecycle append unavailable cannot reuse historical custody as current readiness (55.312584ms)
✔ independent lifecycle append baseline cannot reuse historical custody as current readiness (57.549125ms)
✔ independent lifecycle append approved cannot reuse historical custody as current readiness (357.973ms)
✔ independent singleton convergence pending requires fresh admission before reads and writes (66.471375ms)
✔ independent singleton convergence stale requires fresh admission before reads and writes (207.626125ms)
✔ independent singleton convergence malformed requires fresh admission before reads and writes (15.653417ms)
✔ independent singleton convergence unavailable requires fresh admission before reads and writes (15.221625ms)
✔ independent singleton convergence baseline requires fresh admission before reads and writes (15.414208ms)
✔ independent singleton convergence approved requires fresh admission before reads and writes (314.660666ms)
✔ versionedWriteBody malformed authority refuses before original body callbacks (15.764792ms)
✔ mutateIssueBody malformed authority refuses before original body callbacks (16.275583ms)
✔ versionedWriteBody baseline retains its real read-transform-write-readback algorithm (15.774833ms)
✔ versionedWriteBody approved retains its real read-transform-write-readback algorithm (319.828459ms)
✔ independent source call graph accounts for every public writer in actual complete cases (23071.651375ms)
ℹ [{"file":"scripts/task-tracker/lib/github-records/capsule-chain.mjs","name":"appendCapsule"},{"file":"scripts/task-tracker/lib/github-records/contract-write.mjs","name":"executeContractWrite"},{"file":"scripts/task-tracker/lib/github-records/contract-write.mjs","name":"writeDirectoryContractOperation"},{"file":"scripts/task-tracker/lib/github-records/github-comment-store.mjs","name":"createIssueComment"},{"file":"scripts/task-tracker/lib/github-records/github-comment-store.mjs","name":"updateIssueComment"},{"file":"scripts/task-tracker/lib/github-records/lifecycle-transition.mjs","name":"appendLifecycleTransition"},{"file":"scripts/task-tracker/lib/github-records/projection-repair.mjs","name":"repairIssueProjections"},{"file":"scripts/task-tracker/lib/github-records/singleton-initializer.mjs","name":"initializeIssueDirectory"},{"file":"scripts/task-tracker/lib/github-records/singleton-initializer.mjs","name":"repairIssueDirectory"},{"file":"scripts/task-tracker/lib/github-records/singleton-projections.mjs","name":"convergeSingletonProjections"},{"file":"scripts/task-tracker/lib/issue-body-mutate.mjs","name":"mutateIssueBody"},{"file":"scripts/task-tracker/lib/versioned-issue-write.mjs","name":"versionedWriteBody"}]
ℹ Complete original policy/interlock/admission cases: 62
✔ source discovery detects a new imported writer and excludes an uncalled transport factory (438.639667ms)
✔ singleton convergence refuses missing or mismatched identity in an authenticated revision frame (25.317791ms)
✔ unidentified ordinary convergence remains compatible and an enabled real fixture domain fails closed (291.213875ms)
✔ coordination and evidence projections are deterministic over accepted record order (17.026541ms)
✔ timing projection preserves the existing timing table and emits normalized totals (5.459334ms)
✔ projection convergence is ordered, read-back validated, idempotent, and never writes the issue body (188.776417ms)
✔ interruption leaves a stale projection that replay repairs without duplicate writes (123.0545ms)
✔ local fleet and cache observations cannot alter projection authority (2.749667ms)
✔ in-memory transports compose writes, pagination, and one batched node read (284.394083ms)
✔ a write rejects a canonical read-back that differs from the requested envelope (46.331791ms)
✔ writes reject a read-back whose visible projection differs from the requested body (95.852417ms)
✔ initialization writes four validated singleton comments before one complete directory and then re-enters read-only (184.937291ms)
✔ pre-publication mode prepares validated singletons without exposing the directory (79.407416ms)
✔ discovery is read-only and does not need an actor or write transport (1.04ms)
✔ invalid directory issue IDs refuse before the first singleton mutation (0.363375ms)
✔ an opaque issue ID containing a comment terminator round-trips through initialization and re-entry (101.987834ms)
✔ every before and after comment/body write crash re-enters without blind duplicate creation (773.873584ms)
✔ concurrent initializers refuse duplicate singleton candidates before either publishes a directory (62.877292ms)
✔ initializer compensates a duplicate injected after final scan before body publication (30.703792ms)
✔ discovery and repair refuse malformed, foreign, missing, or duplicate singleton candidates (97.29525ms)
✔ a published directory with a deleted singleton blocks re-entry without a repair write (66.247292ms)
✔ explicit repair writes a missing directory only from one complete unambiguous candidate per identity (70.066417ms)
✔ repair recognizes an adopted Delivery Contract singleton after the directory marker is lost (29.931209ms)
✔ repair refuses a duplicate injected after discovery before publishing a directory (34.064042ms)
✔ repair compensates a duplicate injected after final scan before body publication (34.347708ms)
✔ a failed duplicate compensation returns a fail-closed body-compensation error (28.457667ms)
✔ compensation body-write crash hooks preserve a fail-closed recoverable state (71.809125ms)
✔ the transition capsule is appended and read back before ordered singleton projection writes (276.462333ms)
✔ every append and projection mutation boundary replays to one authority and exact projections (1859.647375ms)
✔ serialized proof, changed contract, stale grant, fork, and projection drift block repair writes (338.587416ms)
✔ legacy bodies stay on their body lane while directory checks only update records (271.36125ms)
✔ directory-backed Plan approval refuses before seal, projection, body, or audit writes (2.287208ms)
✔ an interrupted append replays by repairing projection without a duplicate capsule (142.368875ms)
✔ an interruption after projection replays without another capsule or projection write (117.746875ms)
✔ a stale writer cannot overwrite a newer contract revision or epoch (33.4675ms)
✔ Plan sealing and demotion invalidation preserve authority and reset old proof (171.94875ms)
✔ versionedWriteBody pending authority refuses before caller transformation or transport effects (187.280417ms)
✔ versionedWriteBody stale authority refuses before caller transformation or transport effects (282.35575ms)
✔ versionedWriteBody unavailable authority refuses before caller transformation or transport effects (20.104333ms)
✔ mutateIssueBody pending authority refuses before caller transformation or transport effects (80.374042ms)
✔ mutateIssueBody stale authority refuses before caller transformation or transport effects (347.870125ms)
✔ mutateIssueBody unavailable authority refuses before caller transformation or transport effects (21.152167ms)
✔ real baseline authority permits ordinary body writing with deny published before effects (25.9825ms)
✔ real approved authority permits ordinary body writing with deny published before effects (441.932542ms)
✔ public observation objects and caller ready callbacks cannot mint authority (19.386708ms)
✔ appendCapsule real adapter pending authority and transport effects (80.680916ms)
✔ appendCapsule real adapter stale authority and transport effects (286.100417ms)
✔ appendCapsule real adapter unavailable authority and transport effects (17.531334ms)
✔ appendCapsule real adapter malformed authority and transport effects (18.827292ms)
✔ appendCapsule real adapter baseline authority and transport effects (19.475209ms)
✔ appendCapsule real adapter approved authority and transport effects (343.436584ms)
✔ executeContractWrite real adapter pending authority and transport effects (74.146ms)
✔ executeContractWrite real adapter stale authority and transport effects (223.594459ms)
✔ executeContractWrite real adapter unavailable authority and transport effects (16.740208ms)
✔ executeContractWrite real adapter malformed authority and transport effects (15.677625ms)
✔ executeContractWrite real adapter baseline authority and transport effects (18.668917ms)
✔ executeContractWrite real adapter approved authority and transport effects (414.760208ms)
✔ writeDirectoryContractOperation real adapter pending authority and transport effects (70.881875ms)
✔ writeDirectoryContractOperation real adapter stale authority and transport effects (213.34ms)
✔ writeDirectoryContractOperation real adapter unavailable authority and transport effects (16.409ms)
✔ writeDirectoryContractOperation real adapter malformed authority and transport effects (17.198417ms)
✔ writeDirectoryContractOperation real adapter baseline authority and transport effects (18.784667ms)
✔ writeDirectoryContractOperation real adapter approved authority and transport effects (484.839ms)
✔ ordinary metadata body write retains recognized current approval for the next real backend consumer (452.707083ms)
✔ validates exact transition authority and keeps the capability non-serializable (9.590958ms)
✔ strict payload validation rejects unknown fields, unstable identities, secrets, and projection conflicts (6.563041ms)
✔ changed contract epoch and stale coordinator grant refuse before append (3.404459ms)
✔ stale chain head and a record fork refuse before append (194.968333ms)
✔ an exact operation replay returns its durable capsule without a duplicate append (158.068083ms)
✔ historical On Deck transition capsules replay byte-for-byte but new writers reject the alias (69.405375ms)
ℹ tests 117
ℹ suites 0
ℹ pass 117
ℹ fail 0
ℹ cancelled 0
ℹ skipped 0
ℹ todo 0
ℹ duration_ms 30386.52775
