✔ board attempt keeps unknown write pending and preserves original raw resource (1.822125ms)
✔ actual second read success is distinct from first mismatch and retains both attempts (0.814833ms)
✔ empty and mismatched exhausted reads stay unconfirmed without successful readback (0.73625ms)
✔ board attempt refuses reordered, invented-success, altered resource and unknown outcome claims (3.31675ms)
✔ no attempted write recognizes only before, and a completed resource read fixes that exact prefix (0.868125ms)
✔ actual thrown write and swallowed read failure remain distinct from successful completion (0.82925ms)
✔ an unknown repeated write cannot resurrect the original before-board value (0.443625ms)
✔ a completed repeated write rejects a full resource regression despite a lagging scalar read (0.881583ms)
✔ sentinel persist refuses every authority accessor before reading it (1.222125ms)
✔ sentinel persist rejects inherited hidden symbolic and extra authority keys (0.241958ms)
✔ sentinel persist validates nested context before capability property access (0.314959ms)
✔ sentinel intent comparison refuses every authority accessor before reading it (0.135583ms)
✔ sentinel intent comparison rejects inherited hidden symbolic and extra authority keys (0.142625ms)
✔ sentinel intent comparison validates nested context before capability property access (0.134792ms)
✔ sentinel write refuses every authority accessor before reading it (0.237292ms)
✔ sentinel write rejects inherited hidden symbolic and extra authority keys (0.170708ms)
✔ sentinel write validates nested context before capability property access (0.256ms)
✔ sentinel readback refuses every authority accessor before reading it (0.323875ms)
✔ sentinel readback rejects inherited hidden symbolic and extra authority keys (0.17725ms)
✔ sentinel readback validates nested context before capability property access (0.188125ms)
✔ loaded sentinel code never selects an unowned context or body wrapper (0.668709ms)
ℹ tests 21
ℹ suites 0
ℹ pass 21
ℹ fail 0
ℹ cancelled 0
ℹ skipped 0
ℹ todo 0
ℹ duration_ms 184.512541
