✔ independent initializeIssueDirectory pending refuses before original callback or transport selection (114.848417ms)
✔ independent initializeIssueDirectory stale refuses before original callback or transport selection (236.732917ms)
✔ independent initializeIssueDirectory malformed refuses before original callback or transport selection (17.533417ms)
✔ independent initializeIssueDirectory unavailable refuses before original callback or transport selection (16.373917ms)
✔ independent initializeIssueDirectory baseline retains its complete original algorithm (19.541292ms)
✔ independent initializeIssueDirectory approved retains its complete original algorithm (342.921333ms)
✔ independent repairIssueDirectory pending refuses before original callback or transport selection (72.153209ms)
✔ independent repairIssueDirectory stale refuses before original callback or transport selection (239.477792ms)
✔ independent repairIssueDirectory malformed refuses before original callback or transport selection (16.23175ms)
✔ independent repairIssueDirectory unavailable refuses before original callback or transport selection (19.054417ms)
✔ independent repairIssueDirectory baseline retains its complete original algorithm (18.318958ms)
✔ independent repairIssueDirectory approved retains its complete original algorithm (481.336292ms)
✔ independent createIssueComment pending refuses before original callback or transport selection (64.208667ms)
✔ independent createIssueComment stale refuses before original callback or transport selection (206.902917ms)
✔ independent createIssueComment malformed refuses before original callback or transport selection (15.912625ms)
✔ independent createIssueComment unavailable refuses before original callback or transport selection (15.649583ms)
✔ independent createIssueComment baseline retains its complete original algorithm (16.178959ms)
✔ independent createIssueComment approved retains its complete original algorithm (320.835375ms)
✔ independent updateIssueComment pending refuses before original callback or transport selection (64.962792ms)
✔ independent updateIssueComment stale refuses before original callback or transport selection (208.52075ms)
✔ independent updateIssueComment malformed refuses before original callback or transport selection (15.607625ms)
✔ independent updateIssueComment unavailable refuses before original callback or transport selection (15.077583ms)
✔ independent updateIssueComment baseline retains its complete original algorithm (15.578541ms)
✔ independent updateIssueComment approved retains its complete original algorithm (314.164417ms)
✔ durable projection repair pending retains custody and rereads revision admission (106.208917ms)
✔ durable projection repair stale retains custody and rereads revision admission (245.739167ms)
✔ durable projection repair malformed retains custody and rereads revision admission (50.872ms)
✔ durable projection repair unavailable retains custody and rereads revision admission (53.607916ms)
✔ durable projection repair baseline retains custody and rereads revision admission (56.8925ms)
✔ durable projection repair approved retains custody and rereads revision admission (385.911041ms)
✔ independent lifecycle append pending cannot reuse historical custody as current readiness (127.855042ms)
✔ independent lifecycle append stale cannot reuse historical custody as current readiness (271.933709ms)
✔ independent lifecycle append malformed cannot reuse historical custody as current readiness (60.668083ms)
✔ independent lifecycle append unavailable cannot reuse historical custody as current readiness (59.864459ms)
✔ independent lifecycle append baseline cannot reuse historical custody as current readiness (51.847791ms)
✔ independent lifecycle append approved cannot reuse historical custody as current readiness (360.355167ms)
✔ independent singleton convergence pending requires fresh admission before reads and writes (67.757542ms)
✔ independent singleton convergence stale requires fresh admission before reads and writes (215.121875ms)
✔ independent singleton convergence malformed requires fresh admission before reads and writes (15.1845ms)
✔ independent singleton convergence unavailable requires fresh admission before reads and writes (15.104584ms)
✔ independent singleton convergence baseline requires fresh admission before reads and writes (15.842459ms)
✔ independent singleton convergence approved requires fresh admission before reads and writes (316.479833ms)
✔ versionedWriteBody malformed authority refuses before original body callbacks (16.814541ms)
✔ mutateIssueBody malformed authority refuses before original body callbacks (15.684083ms)
✔ versionedWriteBody baseline retains its real read-transform-write-readback algorithm (17.065ms)
✔ versionedWriteBody approved retains its real read-transform-write-readback algorithm (331.126083ms)
✔ independent source call graph accounts for every public writer in actual complete cases (20685.445083ms)
ℹ [{"file":"scripts/task-tracker/lib/github-records/capsule-chain.mjs","name":"appendCapsule"},{"file":"scripts/task-tracker/lib/github-records/contract-write.mjs","name":"executeContractWrite"},{"file":"scripts/task-tracker/lib/github-records/contract-write.mjs","name":"writeDirectoryContractOperation"},{"file":"scripts/task-tracker/lib/github-records/github-comment-store.mjs","name":"createIssueComment"},{"file":"scripts/task-tracker/lib/github-records/github-comment-store.mjs","name":"updateIssueComment"},{"file":"scripts/task-tracker/lib/github-records/lifecycle-transition.mjs","name":"appendLifecycleTransition"},{"file":"scripts/task-tracker/lib/github-records/projection-repair.mjs","name":"repairIssueProjections"},{"file":"scripts/task-tracker/lib/github-records/singleton-initializer.mjs","name":"initializeIssueDirectory"},{"file":"scripts/task-tracker/lib/github-records/singleton-initializer.mjs","name":"repairIssueDirectory"},{"file":"scripts/task-tracker/lib/github-records/singleton-projections.mjs","name":"convergeSingletonProjections"},{"file":"scripts/task-tracker/lib/issue-body-mutate.mjs","name":"mutateIssueBody"},{"file":"scripts/task-tracker/lib/versioned-issue-write.mjs","name":"versionedWriteBody"}]
ℹ Complete original policy/interlock/admission cases: 62
ℹ tests 47
ℹ suites 0
ℹ pass 47
ℹ fail 0
ℹ cancelled 0
ℹ skipped 0
ℹ todo 0
ℹ duration_ms 26598.955333
