✔ actual B activity hook rereads shared admission for code writes and mixed commits after A publishes deny (3228.142833ms)
✔ actual issue lock pending obtains revision admission before lock or callback effects (446.94475ms)
✔ actual issue lock stale obtains revision admission before lock or callback effects (601.230208ms)
✔ actual issue lock unavailable obtains revision admission before lock or callback effects (465.443709ms)
✔ actual issue lock malformed obtains revision admission before lock or callback effects (368.014291ms)
✔ actual issue lock baseline obtains revision admission before lock or callback effects (391.85475ms)
✔ actual issue lock approved obtains revision admission before lock or callback effects (940.826833ms)
✔ actual explicit issue lock pending cannot turn a holder capability into mutation readiness (402.694ms)
✔ actual explicit issue lock stale cannot turn a holder capability into mutation readiness (586.141666ms)
✔ actual explicit issue lock unavailable cannot turn a holder capability into mutation readiness (367.636542ms)
✔ internal deep-import lock ownership does not admit a pending semantic writer (412.203792ms)
✔ bare inherited issue-lock flag cannot admit enabled mutation or first acquire strict lock below issue lock (367.160209ms)
✔ actual move-state host pending refuses before native lifecycle phases despite inherited flag (394.189375ms)
✔ actual move-state core pending refuses before native lifecycle phases despite inherited flag (418.913125ms)
✔ actual move-state host stale refuses before native lifecycle phases despite inherited flag (661.050583ms)
✔ actual move-state core stale refuses before native lifecycle phases despite inherited flag (589.846375ms)
✔ actual move-state host unavailable refuses before native lifecycle phases despite inherited flag (376.296541ms)
✔ actual move-state core unavailable refuses before native lifecycle phases despite inherited flag (329.294416ms)
✔ actual move-state host malformed refuses before native lifecycle phases despite inherited flag (391.884125ms)
✔ actual move-state core malformed refuses before native lifecycle phases despite inherited flag (394.767667ms)
✔ real linked worktrees and symlinks share deny state and strict issue locks (1013.324208ms)
✔ independent clones and foreign runtime hosts cannot register the admitted repository (355.123167ms)
✔ strict-before-issue order is enforced and disabled issue-lock behavior is preserved (292.600625ms)
✔ a real authenticated child reuses parent locks; fake flags and copied capability do not (579.311291ms)
✔ issue-lock acquisition respects numeric order inside an expanded strict scope (276.609ms)
✔ delegated capability is revoked when the parent invocation ends (371.605208ms)
✔ real sibling holder is never stolen by age and dead holder requires known liveness (381.985833ms)
✔ captured delegation from a previous child cannot be replayed on another child channel (482.619417ms)
✔ exclusive delegation prevents a paused older allow from overwriting a newer deny (574.1045ms)
✔ parent cleanup retains strict ownership until the delegated process has exited (687.757916ms)
✔ authenticated inherited issue locks participate in numeric ordering and genuine reuse (911.162667ms)
✔ package resolution exposes internal deep imports without a root API facade (11.0965ms)
✔ parent SIGKILL cannot reclaim a live delegate paused inside admission publication (846.978208ms)
✔ partial durable delegation publication cannot grant effects or erase uncertain holders (362.573083ms)
✔ source hook rereads shared admission on every invocation despite unchanged cached Develop signals (666.914167ms)
[task-tracker] WARN: configuration is missing 11 known project field id(s): Blocked By (cfg.fieldBlockedBy), Start Time (cfg.fieldStartTime), Engaged (cfg.fieldEngagedTime), Session (cfg.fieldSessionTime), Review (cfg.fieldReviewTime), Plan (cfg.fieldPlanTime), Estimate (cfg.fieldEstimate), Rank (cfg.fieldRank), Size (cfg.sizeFieldId), Priority (cfg.priorityFieldId), Status (cfg.kanbanFieldId). Some board mirrors will be skipped. Re-run `scripts/gh/init-project-config.sh` to discover and persist them.
✔ confirmed short active phase tail suppresses a duplicate bind event (1.2875ms)
✔ fresh, unreadable, paused, and long-gap tails retain their existing bind behavior (0.266625ms)
✔ malformed and future-dated tails are not treated as confirmed recent (0.177791ms)
✔ pause, switch-out, and stop are recorded departures that still need resumed (0.816167ms)
[dependency-disposition] #1018: binding remains active; retry dependency projection (dependency-disposition:config)
Bound #1018 (live timing span already active; no duplicate reengagement row).
✔ fresh worktree binds locally but posts no row over an already-active live span (517.491666ms)
[task-tracker] WARN: configuration is missing 11 known project field id(s): Blocked By (cfg.fieldBlockedBy), Start Time (cfg.fieldStartTime), Engaged (cfg.fieldEngagedTime), Session (cfg.fieldSessionTime), Review (cfg.fieldReviewTime), Plan (cfg.fieldPlanTime), Estimate (cfg.fieldEstimate), Rank (cfg.fieldRank), Size (cfg.sizeFieldId), Priority (cfg.priorityFieldId), Status (cfg.kanbanFieldId). Some board mirrors will be skipped. Re-run `scripts/gh/init-project-config.sh` to discover and persist them.
[dependency-disposition] #453: binding remains active; retry dependency projection (dependency-disposition:config)
Started #453.
[dependency-disposition] #453: binding remains active; retry dependency projection (dependency-disposition:config)
Started #453.
[dependency-disposition] #453: binding remains active; retry dependency projection (dependency-disposition:config)
Resumed #453.
[dependency-disposition] #400: binding remains active; retry dependency projection (dependency-disposition:config)
Started #400.
[dependency-disposition] #453: binding remains active; retry dependency projection (dependency-disposition:config)
[dependency-disposition] #453: binding remains active; retry dependency projection (dependency-disposition:config)
[dependency-disposition] #453: binding remains active; retry dependency projection (dependency-disposition:config)
Started #453.
verb-start-resume-stop.test.mjs: all passed
✔ scripts/tests/integration/task-tracker/lib/verb-start-resume-stop.test.mjs (1780.706334ms)
✔ throws BindMissingError when no active bind in state file (9.60175ms)
✔ throws BindMissingError when state file is empty object (3.319417ms)
✔ throws BindMismatchError when bound to a different issue (1.812791ms)
✔ does not throw when bound to the matching issue (numeric) (2.114125ms)
✔ does not throw when bound to the matching issue (hash-prefixed string) (1.298583ms)
✔ BindMissingError and BindMismatchError are distinct error classes (0.150917ms)
✔ resolveBindEvent: fresh bind (no history, not paused) → start (0.666125ms)
✔ resolveBindEvent: rebind with existing timing history → resumed (0.076666ms)
✔ resolveBindEvent: no-arg resume after pause → resumed (even with no history) (0.0555ms)
✔ resolveBindEvent: paused dominates history flag → resumed (0.065834ms)
✔ resolveBindEvent: defaults (no args) → start (0.07275ms)
✔ timingCommentHasRows: empty / missing body → false (0.064208ms)
✔ timingCommentHasRows: header + separator only → false (0.416542ms)
✔ timingCommentHasRows: a real data row → true (0.255333ms)
✔ timingCommentHasRows: tolerates a T-delimited ISO timestamp cell (0.210083ms)
✔ resolveBindEvent: re-engagement over an open switch-out:#7 → resumed (never switch-in) (0.361083ms)
✔ resolveBindEvent: re-engagement over an open pause:meeting → resumed (never resume:reason) (0.1395ms)
✔ resolveBindEvent: history with no open interruption → resumed (0.137542ms)
✔ resolveBindEvent: empty log (positive confirmation) still → start (0.062291ms)
✔ a resumed closer clears an open switch-out interruption (0.093ms)
✔ a resumed closer clears an open pause interruption (0.094708ms)
✔ resolveBindEvent: read error mid-lifetime → resumed, NEVER a second start (0.318ms)
✔ resolveBindEvent: read error dominates even the empty-history defaults (0.054667ms)
✔ resolveBindEvent: positive-empty read (absent) → start (0.052167ms)
✔ detectUnmarkedDepartureGap: long gap with no departure row → detected (0.443208ms)
✔ detectUnmarkedDepartureGap: same-issue activity inside the gap suppresses idle synthesis (0.14475ms)
✔ detectUnmarkedDepartureGap: boundary, outside, and malformed activity do not suppress recovery (0.236ms)
✔ detectUnmarkedDepartureGap: gap below threshold → null (0.132875ms)
✔ detectUnmarkedDepartureGap: already bracketed by an open departure → null (0.080667ms)
✔ detectUnmarkedDepartureGap: last row itself a departure event → null (0.062166ms)
✔ detectUnmarkedDepartureGap: empty/missing body → null (0.036083ms)
✔ detectUnmarkedDepartureGap: no data rows (header only) → null (0.052125ms)
ℹ tests 73
ℹ suites 0
ℹ pass 73
ℹ fail 0
ℹ cancelled 0
ℹ skipped 0
ℹ todo 0
ℹ duration_ms 12598.137417
