✔ actual shared pexec refuses nested and supplied memory capability before native process dispatch (430.552666ms)
✔ actual shared execFile refuses nested and supplied memory capability before native process dispatch (525.504625ms)
✔ actual shared spawn refuses nested and supplied memory capability before native process dispatch (466.126958ms)
✔ memory quarantine survives asynchronous work scheduled inside its original lifetime (350.331542ms)
✔ outside memory scope actual shared native transports keep ordinary offline behavior (835.921292ms)
✔ actual new-tests comment default read cannot dispatch GitHub from memory authority (338.606292ms)
✔ actual new-tests comment default write cannot dispatch GitHub from memory authority (323.492917ms)
✔ actual timing find default refuses memory OS dispatch (545.865625ms)
✔ actual timing legacy default refuses memory OS dispatch (369.122334ms)
✔ actual timing canonical default refuses memory OS dispatch (373.126958ms)
✔ actual timing update default refuses memory OS dispatch (396.041125ms)
✔ stage-only timing update refuses before fallback transport (570.824666ms)
✔ stage-only timing create refuses before fallback transport (549.913166ms)
✔ stage-only timing post-default refuses before fallback transport (293.171875ms)
✔ stage-only body entry refuses before public callbacks (382.6845ms)
✔ stage-only body failure-audit refuses before public callbacks (390.842916ms)
✔ stage-only body versioned refuses before public callbacks (368.859584ms)
✔ stage-only body mutate refuses input getters before observation (0.534375ms)
✔ stage-only body versioned refuses input getters before observation (0.111833ms)
✔ stage-only post15 write refuses context getters before native selection (0.366333ms)
✔ stage-only post15 write refuses an ordinarily reachable callback route (0.775583ms)
✔ stage-only post15 repair refuses context getters before native selection (0.132292ms)
✔ stage-only post15 repair refuses an ordinarily reachable callback route (0.310209ms)
✔ stage-only post15 tail refuses context getters before native selection (0.696916ms)
✔ stage-only post15 tail refuses an ordinarily reachable callback route (0.204667ms)
✔ native consistency public inputs deny before caller access (0.812083ms)
✔ transition16 new public roots refuse forged input before caller descriptors are consumed (0.996583ms)
stage-entry-markers.test.mjs: all passed
✔ same-second transition IDs produce distinct visits and idempotent exact replay (0.938375ms)
✔ transition commit codec and deterministic backfill identity are stable (1.231ms)
✔ transition commit write verifies read-back and replay repair stays idempotent (0.648ms)
✔ mixed visit ordering uses occurrence and ordinal, never timestamps (0.169042ms)
ℹ tests 31
ℹ suites 0
ℹ pass 31
ℹ fail 0
ℹ cancelled 0
ℹ skipped 0
ℹ todo 0
ℹ duration_ms 7804.7845
