✔ all audit and late-source cases are classified independently (0.974375ms)
ℹ [{"filename":"criteria-revision-compensation-audit-effect-readback-failAfter.test.mjs","mode":"compensation-audit","fault":{"when":"failAfter","suffix":"audit-effect-readback"}},{"filename":"criteria-revision-compensation-audit-effect-readback-failBefore.test.mjs","mode":"compensation-audit","fault":{"when":"failBefore","suffix":"audit-effect-readback"}},{"filename":"criteria-revision-compensation-audit-effect-write-failAfter.test.mjs","mode":"compensation-audit","fault":{"when":"failAfter","suffix":"audit-effect-write"}},{"filename":"criteria-revision-compensation-audit-effect-write-failBefore.test.mjs","mode":"compensation-audit","fault":{"when":"failBefore","suffix":"audit-effect-write"}},{"filename":"criteria-revision-compensation-audit-intent-readback-failAfter.test.mjs","mode":"compensation-audit","fault":{"when":"failAfter","suffix":"audit-intent-readback"}},{"filename":"criteria-revision-compensation-audit-intent-readback-failBefore.test.mjs","mode":"compensation-audit","fault":{"when":"failBefore","suffix":"audit-intent-readback"}},{"filename":"criteria-revision-compensation-audit-intent-write-failAfter.test.mjs","mode":"compensation-audit","fault":{"when":"failAfter","suffix":"audit-intent-write"}},{"filename":"criteria-revision-compensation-audit-intent-write-failBefore.test.mjs","mode":"compensation-audit","fault":{"when":"failBefore","suffix":"audit-intent-write"}},{"filename":"criteria-revision-compensation-audit-interrupted.test.mjs","mode":"compensation-audit","fault":{"when":"failAfter","suffix":"audit-effect-write"}},{"filename":"criteria-revision-compensation-audit.test.mjs","mode":"compensation-audit","fault":null},{"filename":"criteria-revision-compensation-late-config.test.mjs","mode":"compensation-late-config","fault":null},{"filename":"criteria-revision-compensation-late-read.test.mjs","mode":"compensation-late-read","fault":null}]
✔ complete actual public compensation boundary profile (333.243ms)
ℹ scripts/tests/unit/task-tracker/lib/criteria-revision/native-stage-compensation-boundary.test.mjs: 19 complete original cases
▶ actual original audit and late custody cases preserve verified committed facts
  ✔ criteria-revision-compensation-audit-effect-readback-failAfter.test.mjs (171031.914041ms)
  ℹ scripts/tests/integration/task-tracker/lib/criteria-revision-compensation-audit-effect-readback-failAfter.test.mjs: 1 complete original cases
  ✔ criteria-revision-compensation-audit-effect-readback-failBefore.test.mjs (170801.466417ms)
  ℹ scripts/tests/integration/task-tracker/lib/criteria-revision-compensation-audit-effect-readback-failBefore.test.mjs: 1 complete original cases
  ✔ criteria-revision-compensation-audit-effect-write-failAfter.test.mjs (168872.104666ms)
  ℹ scripts/tests/integration/task-tracker/lib/criteria-revision-compensation-audit-effect-write-failAfter.test.mjs: 1 complete original cases
  ✔ criteria-revision-compensation-audit-effect-write-failBefore.test.mjs (169062.289333ms)
  ℹ scripts/tests/integration/task-tracker/lib/criteria-revision-compensation-audit-effect-write-failBefore.test.mjs: 1 complete original cases
  ✔ criteria-revision-compensation-audit-intent-readback-failAfter.test.mjs (157283.601333ms)
  ℹ scripts/tests/integration/task-tracker/lib/criteria-revision-compensation-audit-intent-readback-failAfter.test.mjs: 1 complete original cases
  ✔ criteria-revision-compensation-audit-intent-readback-failBefore.test.mjs (157025.966875ms)
  ℹ scripts/tests/integration/task-tracker/lib/criteria-revision-compensation-audit-intent-readback-failBefore.test.mjs: 1 complete original cases
  ✔ criteria-revision-compensation-audit-intent-write-failAfter.test.mjs (156503.594666ms)
  ℹ scripts/tests/integration/task-tracker/lib/criteria-revision-compensation-audit-intent-write-failAfter.test.mjs: 1 complete original cases
  ✔ criteria-revision-compensation-audit-intent-write-failBefore.test.mjs (157078.811292ms)
  ℹ scripts/tests/integration/task-tracker/lib/criteria-revision-compensation-audit-intent-write-failBefore.test.mjs: 1 complete original cases
  ✔ criteria-revision-compensation-audit-interrupted.test.mjs (155157.494041ms)
  ℹ scripts/tests/integration/task-tracker/lib/criteria-revision-compensation-audit-interrupted.test.mjs: 1 complete original cases
  ✔ criteria-revision-compensation-audit.test.mjs (156259.670125ms)
  ℹ scripts/tests/integration/task-tracker/lib/criteria-revision-compensation-audit.test.mjs: 1 complete original cases
  ✔ criteria-revision-compensation-late-config.test.mjs (136202.32575ms)
  ℹ scripts/tests/integration/task-tracker/lib/criteria-revision-compensation-late-config.test.mjs: 1 complete original cases
  ✔ criteria-revision-compensation-late-read.test.mjs (136734.32675ms)
  ℹ scripts/tests/integration/task-tracker/lib/criteria-revision-compensation-late-read.test.mjs: 1 complete original cases
✔ actual original audit and late custody cases preserve verified committed facts (482426.477125ms)
[state-recording] issue #1916 marker write to "develop" FAILED after 2 attempts: original rollback write failed 2
[state-recording] issue #1916 marker write to "develop" FAILED after 2 attempts: original rollback write failed 2
✔ exhausted actual rollback reports failure when audit succeeds (505.933083ms)
✔ exhausted actual rollback reports failure when audit fails (240.969417ms)
✔ complete original recording retry, board readback and marker atomicity profiles (3617.730459ms)
ℹ scripts/tests/unit/task-tracker/lib/coverage-state-recording.test.mjs, scripts/tests/unit/task-tracker/lib/marker-write-retry.test.mjs, scripts/tests/slow/task-tracker/lib/move-state/board-field-readback.test.mjs, scripts/tests/unit/task-tracker/lib/move-state/move-state-board-marker-atomicity.test.mjs: 31 complete original cases
✔ independent compensation descriptors retain positive and all eight intent/body fault points (0.333125ms)
ℹ [{"filename":"criteria-revision-compensation-body-effect-readback-failAfter.test.mjs","mode":"compensation","fault":{"when":"failAfter","suffix":"body-effect-readback"}},{"filename":"criteria-revision-compensation-body-effect-readback-failBefore.test.mjs","mode":"compensation","fault":{"when":"failBefore","suffix":"body-effect-readback"}},{"filename":"criteria-revision-compensation-body-effect-write-failAfter.test.mjs","mode":"compensation","fault":{"when":"failAfter","suffix":"body-effect-write"}},{"filename":"criteria-revision-compensation-body-effect-write-failBefore.test.mjs","mode":"compensation","fault":{"when":"failBefore","suffix":"body-effect-write"}},{"filename":"criteria-revision-compensation-intent-readback-failAfter.test.mjs","mode":"compensation","fault":{"when":"failAfter","suffix":"intent-readback"}},{"filename":"criteria-revision-compensation-intent-readback-failBefore.test.mjs","mode":"compensation","fault":{"when":"failBefore","suffix":"intent-readback"}},{"filename":"criteria-revision-compensation-intent-write-failAfter.test.mjs","mode":"compensation","fault":{"when":"failAfter","suffix":"intent-write"}},{"filename":"criteria-revision-compensation-intent-write-failBefore.test.mjs","mode":"compensation","fault":{"when":"failBefore","suffix":"intent-write"}},{"filename":"criteria-revision-compensation-native.test.mjs","mode":"compensation","fault":null}]
▶ actual original exhausted board and complete bounded compensation fault matrix
  ✔ criteria-revision-compensation-body-effect-readback-failAfter.test.mjs (154368.602166ms)
  ℹ scripts/tests/integration/task-tracker/lib/criteria-revision-compensation-body-effect-readback-failAfter.test.mjs: 1 complete original cases
  ✔ criteria-revision-compensation-body-effect-readback-failBefore.test.mjs (153554.985792ms)
  ℹ scripts/tests/integration/task-tracker/lib/criteria-revision-compensation-body-effect-readback-failBefore.test.mjs: 1 complete original cases
  ✔ criteria-revision-compensation-body-effect-write-failAfter.test.mjs (152846.514708ms)
  ℹ scripts/tests/integration/task-tracker/lib/criteria-revision-compensation-body-effect-write-failAfter.test.mjs: 1 complete original cases
  ✔ criteria-revision-compensation-body-effect-write-failBefore.test.mjs (152916.074625ms)
  ℹ scripts/tests/integration/task-tracker/lib/criteria-revision-compensation-body-effect-write-failBefore.test.mjs: 1 complete original cases
  ✔ criteria-revision-compensation-intent-readback-failAfter.test.mjs (176066.908791ms)
  ℹ scripts/tests/integration/task-tracker/lib/criteria-revision-compensation-intent-readback-failAfter.test.mjs: 1 complete original cases
  ✔ criteria-revision-compensation-intent-readback-failBefore.test.mjs (175591.129083ms)
  ℹ scripts/tests/integration/task-tracker/lib/criteria-revision-compensation-intent-readback-failBefore.test.mjs: 1 complete original cases
  ✔ criteria-revision-compensation-intent-write-failAfter.test.mjs (176341.341875ms)
  ℹ scripts/tests/integration/task-tracker/lib/criteria-revision-compensation-intent-write-failAfter.test.mjs: 1 complete original cases
  ✔ criteria-revision-compensation-intent-write-failBefore.test.mjs (174500.940416ms)
  ℹ scripts/tests/integration/task-tracker/lib/criteria-revision-compensation-intent-write-failBefore.test.mjs: 1 complete original cases
  ✔ criteria-revision-compensation-native.test.mjs (148957.297125ms)
  ℹ scripts/tests/integration/task-tracker/lib/criteria-revision-compensation-native.test.mjs: 1 complete original cases
✔ actual original exhausted board and complete bounded compensation fault matrix (477476.537292ms)
ℹ tests 29
ℹ suites 0
ℹ pass 29
ℹ fail 0
ℹ cancelled 0
ℹ skipped 0
ℹ todo 0
ℹ duration_ms 965776.454375
