[resume] #124: re-engagement "resumed" has no open interruption and no prior start row to pair against; downgrading to start
[task-tracker] WARN: configuration is missing 1 known project field id(s): Rank (cfg.fieldRank). Some board mirrors will be skipped. Re-run `scripts/gh/init-project-config.sh` to discover and persist them.
✔ actual start pending requires fresh authority before original session effects (505.579625ms)
✔ actual start stale requires fresh authority before original session effects (578.795ms)
✔ actual start malformed requires fresh authority before original session effects (518.812125ms)
✔ actual start unavailable requires fresh authority before original session effects (355.849042ms)
Started #124.
[resume] #124: re-engagement "resumed" has no open interruption and no prior start row to pair against; downgrading to start
✔ actual start baseline requires fresh authority before original session effects (548.008ms)
Started #124.
[resume] #124: re-engagement "resumed" has no open interruption and no prior start row to pair against; downgrading to start
✔ actual start approved requires fresh authority before original session effects (813.952625ms)
✔ actual targeted resume pending requires fresh authority before original session effects (421.731917ms)
✔ actual targeted resume stale requires fresh authority before original session effects (537.23ms)
✔ actual targeted resume malformed requires fresh authority before original session effects (383.682209ms)
✔ actual targeted resume unavailable requires fresh authority before original session effects (356.161875ms)
Started #124.
[resume] #124: re-engagement "resumed" has no open interruption and no prior start row to pair against; downgrading to start
✔ actual targeted resume baseline requires fresh authority before original session effects (638.454ms)
Started #124.
✔ actual targeted resume approved requires fresh authority before original session effects (807.223583ms)
✔ actual remembered resume pending requires fresh authority before original session effects (465.248125ms)
✔ actual remembered resume stale requires fresh authority before original session effects (621.984ms)
✔ actual remembered resume malformed requires fresh authority before original session effects (355.381417ms)
✔ actual remembered resume unavailable requires fresh authority before original session effects (332.00475ms)
Resumed #124.
✔ actual remembered resume baseline requires fresh authority before original session effects (435.810875ms)
Resumed #124.
✔ actual remembered resume approved requires fresh authority before original session effects (798.235542ms)
✔ actual switch pending requires fresh authority before original session effects (387.577667ms)
✔ actual switch stale requires fresh authority before original session effects (519.447875ms)
✔ actual switch malformed requires fresh authority before original session effects (311.158833ms)
✔ actual switch unavailable requires fresh authority before original session effects (324.772375ms)
[switch] #124: kanbanState seed failed (SeederGraphQLError): SeederGraphQLError: failed to fetch body for #124 after one retry: gh exited 1: stub-gh: refused gh api graphql --input -

  Repair: node scripts/task-tracker/task-tracker.mjs reconcile accept-live 124
Active: #124.
✔ actual switch baseline requires fresh authority before original session effects (999.363708ms)
[switch] #124: kanbanState seed failed (SeederGraphQLError): SeederGraphQLError: failed to fetch body for #124 after one retry: gh exited 1: stub-gh: refused gh api graphql --input -

  Repair: node scripts/task-tracker/task-tracker.mjs reconcile accept-live 124
Active: #124.
✔ actual switch approved requires fresh authority before original session effects (1433.26225ms)
ℹ tests 24
ℹ suites 0
ℹ pass 24
ℹ fail 0
ℹ cancelled 0
ℹ skipped 0
ℹ todo 0
ℹ duration_ms 13710.794584
