✔ native actor state root refuses own getters before record construction (2521.276625ms)
✔ native actor state root refuses inherited getters before record construction (1009.634125ms)
✔ native actor state root refuses nested-identity getters before record construction (865.914375ms)
✔ native actor state root refuses nested-state getters before record construction (1006.755125ms)
✔ actual tail leaf dispatchOnEnterActions refuses public getters before selecting any callback (864.814916ms)
✔ actual tail leaf refreshKanbanStateCache refuses public getters before selecting any callback (1429.068542ms)
✔ actual tail leaf emitFullAutoReviewAudit refuses public getters before selecting any callback (849.287584ms)
✔ actual tail leaf unparkDoneDependents refuses public getters before selecting any callback (885.034333ms)
✔ actual tail leaf emitOutOfBandAudit refuses public getters before selecting any callback (787.662083ms)
✔ actual tail leaf syncTrackerState refuses public getters before selecting any callback (715.14975ms)
✔ actual tail leaf syncEventFields refuses public getters before selecting any callback (779.1345ms)
✔ actual tail leaf endTaskTracking refuses public getters before selecting any callback (616.551542ms)
✔ original state recording refuses own before getters or legacy writes (685.449458ms)
✔ original state recording refuses inherited before getters or legacy writes (688.328292ms)
✔ original state recording refuses plain-callback before getters or legacy writes (552.771167ms)
✔ actual shared pexec refuses nested and supplied memory capability before native process dispatch (2733.275584ms)
✔ actual shared execFile refuses nested and supplied memory capability before native process dispatch (961.041041ms)
✔ actual shared spawn refuses nested and supplied memory capability before native process dispatch (998.015875ms)
✔ memory quarantine survives asynchronous work scheduled inside its original lifetime (917.634083ms)
✔ outside memory scope actual shared native transports keep ordinary offline behavior (1848.209916ms)
✔ actual new-tests comment default read cannot dispatch GitHub from memory authority (845.759125ms)
✔ actual new-tests comment default write cannot dispatch GitHub from memory authority (977.532458ms)
✔ actual timing find default refuses memory OS dispatch (1054.804917ms)
✔ actual timing legacy default refuses memory OS dispatch (756.351208ms)
✔ actual timing canonical default refuses memory OS dispatch (692.86575ms)
✔ actual timing update default refuses memory OS dispatch (541.58875ms)
✔ stage-only timing update refuses before fallback transport (1003.879084ms)
✔ stage-only timing create refuses before fallback transport (792.355166ms)
✔ stage-only timing post-default refuses before fallback transport (494.302625ms)
✔ stage-only body entry refuses before public callbacks (591.302541ms)
✔ stage-only body failure-audit refuses before public callbacks (564.260542ms)
✔ stage-only body versioned refuses before public callbacks (571.828708ms)
✔ stage-only body mutate refuses input getters before observation (0.580792ms)
✔ stage-only body versioned refuses input getters before observation (0.117125ms)
✔ stage-only post15 write refuses context getters before native selection (0.35425ms)
✔ stage-only post15 write refuses an ordinarily reachable callback route (0.748375ms)
✔ stage-only post15 repair refuses context getters before native selection (0.123459ms)
✔ stage-only post15 repair refuses an ordinarily reachable callback route (0.285833ms)
✔ stage-only post15 tail refuses context getters before native selection (0.160834ms)
✔ stage-only post15 tail refuses an ordinarily reachable callback route (0.132458ms)
✔ native consistency public inputs deny before caller access (0.891417ms)
✔ transition16 new public roots refuse forged input before caller descriptors are consumed (1.370959ms)
✔ board attempt keeps unknown write pending and preserves original raw resource (3.8195ms)
✔ actual second read success is distinct from first mismatch and retains both attempts (1.957875ms)
✔ empty and mismatched exhausted reads stay unconfirmed without successful readback (1.854208ms)
✔ board attempt refuses reordered, invented-success, altered resource and unknown outcome claims (22.815125ms)
✔ no attempted write recognizes only before, and a completed resource read fixes that exact prefix (8.975875ms)
✔ actual thrown write and swallowed read failure remain distinct from successful completion (5.010917ms)
✔ an unknown repeated write cannot resurrect the original before-board value (3.764958ms)
✔ a completed repeated write rejects a full resource regression despite a lagging scalar read (3.827875ms)
sysctl: sysctl fmt -1 1024 1: Operation not permitted
sysctl: sysctl fmt -1 1024 1: Operation not permitted
✔ recorded entry derives separate timestamps, first visit and exactly one native version increment (12.613583ms)
✔ recorded sentinel is exact native upsert and compensation leaves the target visit intact (0.509541ms)
✔ recorded stage body refuses unknown intent, forged visit, arbitrary bytes and invalid clock data (0.48ms)
✔ recorded sentinel bytes match actual native versioned mutation including a separate repeated invocation (358.265125ms)
✔ acquireMemoryNativeStageCompensation refuses all authority getters and non-data shapes (1.1955ms)
✔ acquireMemoryNativeStageCompensation validates nested context before capability lookup (0.272792ms)
✔ persistMemoryNativeStageCompensation refuses all authority getters and non-data shapes (0.318417ms)
✔ persistMemoryNativeStageCompensation validates nested context before capability lookup (0.085625ms)
✔ beginMemoryNativeStageCompensationAttempt refuses all authority getters and non-data shapes (0.355ms)
✔ beginMemoryNativeStageCompensationAttempt validates nested context before capability lookup (0.109292ms)
✔ writeMemoryNativeStageCompensation refuses all authority getters and non-data shapes (0.281709ms)
✔ writeMemoryNativeStageCompensation validates nested context before capability lookup (0.092708ms)
✔ completeMemoryNativeStageCompensation refuses all authority getters and non-data shapes (1.1005ms)
✔ completeMemoryNativeStageCompensation validates nested context before capability lookup (0.161042ms)
✔ recordMemoryNativeStageCompensationFailure refuses all authority getters and non-data shapes (2.15725ms)
✔ recordMemoryNativeStageCompensationFailure validates nested context before capability lookup (0.693666ms)
✔ writeMemoryNativeStageCompensationAudit refuses all authority getters and non-data shapes (0.665583ms)
✔ writeMemoryNativeStageCompensationAudit validates nested context before capability lookup (0.101667ms)
✔ completeMemoryNativeStageCompensationResult refuses all authority getters and non-data shapes (1.010458ms)
✔ completeMemoryNativeStageCompensationResult validates nested context before capability lookup (0.279833ms)
✔ unowned rollback refuses before original context or callback access (131.431542ms)
✔ unowned recording refuses before original context or callback access (12.67075ms)
✔ unowned core comparison refuses before original context or callback access (6.102917ms)
✔ assertMemoryNativeCompensationCurrent rejects resource authority getters before lookup or release (53.986208ms)
✔ releaseMemoryNativeStageCompensation rejects resource authority getters before lookup or release (31.300833ms)
✔ native event-field data factor preserves set-once and explicit field write semantics (1.041959ms)
✔ native event-field data factor retains native date, number coercion and missing-ID body-only behavior (0.167833ms)
✔ native event-field data factor retains persisted DB precedence over changed seed values (3.5795ms)
✔ native event-field data input is closed and never executes supplied helpers (0.297333ms)
✔ native recorded last-known-state serializer shares exact current grammar without reading a clock (5.503875ms)
✔ native CodeComplete declaration data preserves checked, missing and deferred AC predicates (2.547667ms)
✔ native CodeComplete touch data keeps tracked intersection and deterministic order (0.429541ms)
✔ native commit trail membership data shares prefix comparison without accepting decisions (0.316375ms)
✔ native recorded ancestry qualification derives malformed and unreachable reasons from closed original data (0.960833ms)
✔ native event binding keeps permissive current config semantics separate from closed recorded data (0.318458ms)
✔ native catalog data refuses replaced original functions, incomplete and reordered membership (115.102125ms)
✔ recorded phase row data shares native rendering with zero accounting and exact original offset (114.272958ms)
✔ recorded actor row validates exact original native bytes without returning a row or bypassing current time (2.650917ms)
✔ native stage current resources retain independent complete fixture bytes without authority or effects (357.868708ms)
✔ native stage current resources refuse unknown vector member (161.157167ms)
✔ native stage current resources refuse unknown local resource (225.550417ms)
✔ native stage current resources refuse local path selector (76.467417ms)
✔ native stage current resources refuse missing local member (37.524875ms)
✔ native stage current resources refuse nonstring local bytes (29.818709ms)
✔ native stage current resources refuse missing retained comment (34.591541ms)
✔ native stage current resources refuse duplicate comment (39.196542ms)
✔ native stage current resources refuse comment identity (78.090084ms)
✔ native stage current resources refuse comment bytes (45.972833ms)
✔ native stage current resources refuse foreign comment (32.026125ms)
✔ native stage current resources refuse retained body drift (33.113125ms)
✔ native stage current resources refuse foreign item (21.708125ms)
✔ native stage current resources refuse foreign project (29.615542ms)
✔ native stage current resources refuse foreign content (322.493833ms)
✔ native stage current resources refuse partial fields (128.126042ms)
✔ native stage current resources refuse field census drift (23.208083ms)
✔ native stage current resources refuse duplicate field (30.553583ms)
✔ historical lifecycle source shape shares native validation without a backend or readiness (43.870833ms)
✔ recorded CodeComplete Git data uses native file and dirty parsers with exact leaf membership (35.113125ms)
✔ recorded transition actor follows native environment fallback without authorizing caller override (8.675417ms)
✔ native stage source item binds actual status option and unique assignment membership (3.904917ms)
✔ native stage persistence rejects caller token and closed-input authority additions before writes (238.876917ms)
sysctl: sysctl fmt -1 1024 1: Operation not permitted
✔ native stage body step derives exact fixed effect and original subject readback without admitting execution (10.425625ms)
✔ native stage body step refuses ordinal drift (0.500666ms)
✔ native stage body step refuses predecessor drift (0.140375ms)
✔ native stage body step refuses kind drift (0.112667ms)
✔ native stage body step refuses intent bytes drift (0.15ms)
✔ native stage body step refuses visit drift (0.167042ms)
✔ native stage body step refuses foreign issue drift (0.208666ms)
✔ native stage body step refuses foreign repository drift (0.545292ms)
✔ native stage body step refuses failed read drift (0.432625ms)
✔ native stage body step refuses partial read drift (0.26175ms)
✔ native stage body step refuses unrelated body drift (0.202792ms)
✔ native stage body step refuses forged version drift (0.17325ms)
✔ native stage body step refuses success scalar drift (0.171334ms)
✔ native stage body step refuses caller callback drift (0.086ms)
✔ native stage body readback retains CLI suffix while matching actual native write verification (199.585583ms)
✔ native stage body readback refuses missing resource (0.284125ms)
✔ native stage body readback refuses resource foreign issue (0.395209ms)
✔ native stage body readback refuses resource failed read (0.173458ms)
✔ native stage body readback refuses resource partial read (0.150833ms)
✔ native stage body readback refuses malformed resource (0.152792ms)
✔ native stage body readback refuses resource extra key (1.502625ms)
✔ native stage body readback refuses resource trailing byte drift (0.268417ms)
✔ native stage body readback refuses coherent raw resource delta (2.436208ms)
✔ native stage transition step reconstructs actual native publication requests and exact record readback (4.157083ms)
✔ native stage transition step refuses extra record key (0.87425ms)
✔ native stage transition step refuses foreign actor (0.362375ms)
✔ native stage transition step refuses foreign sentinel (0.218417ms)
✔ native stage transition step refuses foreign visit (0.212417ms)
✔ native stage transition step refuses ordinal (2.264916ms)
✔ native stage transition step refuses predecessor (2.150333ms)
✔ native stage transition step refuses foreign POST issue (0.57275ms)
✔ native stage transition step refuses foreign read comment (0.464458ms)
✔ native stage transition step refuses partial POST (0.361ms)
✔ native stage transition step refuses failed read (0.228375ms)
✔ native stage transition step refuses foreign owner (0.890834ms)
✔ native stage transition step refuses read id mismatch (0.239042ms)
✔ native stage transition step refuses same id different record (0.233667ms)
✔ native stage transition step refuses success scalar (0.538666ms)
✔ ordinary transition default transport keeps receiver getter argument and stdout order (0.292875ms)
✔ ordinary transition create rejection remains the exact original error and prevents read (0.196959ms)
✔ recorded config derives the actual native defaults, precedence, field fallbacks and preferences (754.317875ms)
✔ recorded config shares original legacy warnings and conflict semantics without printing or reading (0.407917ms)
✔ recorded config distinguishes proven absence from corrupt, unresolved and caller-selected read data (1.180042ms)
✔ recorded active-task payload preserves native sticky fields and exact atomic-write bytes (77.707ms)
✔ recorded active-task data refuses corrupt or unresolved source and caller effect fields (0.303667ms)
✔ recorded state preserves real actor overlay, shared unknown fields and split write bytes (151.419084ms)
✔ recorded state rejects corrupt, foreign actor and caller read or clock inputs (0.669375ms)
✔ recorded Test cache preserves native unknown fields and exact no-op disposition (73.207958ms)
✔ native config capture retains actual ordered selection and selected source bytes on exact result only (607.224583ms)
✔ native config capture retains parse failure and absence diagnostics without minting default authority (774.667667ms)
✔ recorded session policy preserves native original overlay, unknown fields, gates and final SID override (0.375875ms)
✔ recorded session policy rejects corruption and caller reader fields while native permissive fallback stays (0.191291ms)
✔ recorded active-task read uses native normalization while preserving unknown fields (0.168459ms)
✔ sentinel persist refuses every authority accessor before reading it (3.173042ms)
✔ sentinel persist rejects inherited hidden symbolic and extra authority keys (0.365291ms)
✔ sentinel persist validates nested context before capability property access (0.41ms)
✔ sentinel intent comparison refuses every authority accessor before reading it (0.1695ms)
✔ sentinel intent comparison rejects inherited hidden symbolic and extra authority keys (0.162625ms)
✔ sentinel intent comparison validates nested context before capability property access (0.714208ms)
✔ sentinel write refuses every authority accessor before reading it (0.999ms)
✔ sentinel write rejects inherited hidden symbolic and extra authority keys (0.193958ms)
✔ sentinel write validates nested context before capability property access (0.150417ms)
✔ sentinel readback refuses every authority accessor before reading it (0.25525ms)
✔ sentinel readback rejects inherited hidden symbolic and extra authority keys (0.143708ms)
✔ sentinel readback validates nested context before capability property access (0.169125ms)
✔ loaded sentinel code never selects an unowned context or body wrapper (2.275ms)
✔ recorded stage source data derives original native config and session without reading current files (149.559917ms)
✔ recorded stage source data rejects unresolved selections, foreign roots and substituted native projections (216.781833ms)
✔ recorded legacy and absent source data retain native semantics without authenticating absence (9.56575ms)
✔ recorded actor publication validates actual native create and idempotent append bytes without returning a row (100.15275ms)
✔ native memory timing page data refuses unknown input (0.79225ms)
✔ native memory timing page data refuses foreign subject (0.334291ms)
✔ native memory timing page data refuses duplicate ID (0.355708ms)
✔ native memory timing page data refuses mismatched node (1.23925ms)
✔ native memory timing page data refuses unknown resource key (0.169625ms)
✔ native memory timing page data refuses unsafe ID (0.242084ms)
✔ native memory timing pages retain complete census and actual canonical pagination semantics (47.795875ms)
✔ recorded shared phase append validates actual native legacy bytes without returning row authority (18.345333ms)
✔ stage-only board denial precedes public context access and project callbacks (2.159958ms)
✔ stage-only failure audit refuses before public input getters or comment callback (0.220541ms)
✔ stage-only native gh root denies before options getters and injectable transport (0.489959ms)
✔ stage-only native item root denies before public getters (0.266666ms)
✔ stage-only native gql root denies before public getters (0.305917ms)
✔ stage-only sentinel denies before public context getter (0.306791ms)
✔ stage-only sentinel denies before injected body callback (0.17925ms)
✔ foreign copied and accessor error DATA cannot enter original board failure custody (0.218208ms)
✔ ordinary native loop rethrows the identical write error and never reads status afterward (0.35875ms)
✔ stage-only rollback denies before public context getter (3.533084ms)
✔ stage-only rollback denies before injected read callback (0.549916ms)
✔ stage-only consistency denies before public context getter (0.264417ms)
✔ stage-only consistency denies before injected read callback (0.101334ms)
✓ Issue #124 moved to: test
✔ native board argv is shared with the ordinary actual status loop (2.527291ms)
✔ native item parser retains actual node ID and configured membership semantics (0.371125ms)
✔ native Status parser preserves exact first configured item and empty fallback (0.122042ms)
✔ original raw Status custody refuses public copied foreign and getter inputs without evaluation (151.813834ms)
✔ raw Status recording refuses caller authority getters before evaluation (0.685458ms)
✔ raw Status recording closes inherited null-prototype symbol and hidden authority fields (0.356125ms)
✔ closed native response parser preserves absent data, null and actual native JSON value (4.454333ms)
✔ recorded native response distinguishes undefined and null and derives exact Status result (2.566875ms)
✔ recorded native close error preserves raw code 3 (0.414041ms)
✔ recorded native close error preserves raw code null (0.148125ms)
✔ recorded gql and Status-parser failures remain separate native outcomes (0.708416ms)
✔ closed recorded response rejects supplied parser, result, malformed envelopes and getters (0.557833ms)
✔ recorded response owns closed input before its fixed import await (0.1625ms)
✔ recorded DATA refuses nonfinite scalar without normalizing native parser output (0.156459ms)
✔ recorded DATA refuses nested nonfinite without normalizing native parser output (0.149ms)
✔ recorded DATA refuses negative zero without normalizing native parser output (0.172ms)
✔ recorded DATA refuses unsupported Unicode without normalizing native parser output (0.129375ms)
stage-entry-markers.test.mjs: all passed
✔ same-second transition IDs produce distinct visits and idempotent exact replay (0.566291ms)
✔ transition commit codec and deterministic backfill identity are stable (1.822875ms)
✔ transition commit write verifies read-back and replay repair stays idempotent (0.619584ms)
✔ mixed visit ordering uses occurrence and ordinal, never timestamps (0.1575ms)
ℹ tests 223
ℹ suites 0
ℹ pass 223
ℹ fail 0
ℹ cancelled 0
ℹ skipped 0
ℹ todo 0
ℹ duration_ms 17975.256917
