[task-tracker] ac-stamp on #124: running 1 verifier(s) for AC "Old model hooks"…
  ✓ node --test old-hook.test.mjs (exit=0)
[task-tracker] ✓ ac-stamp on #124: run-props (key=3bdb05e6) upserted onto the AC line's aitm-verified marker (sha=aaaaaaaaaaaaaaaaaaaaaaaaaaaaaaaaaaaaaaaa).
[task-tracker] ac-stamp on #124: running 1 verifier(s) for AC "Supported model hooks"…
  ✓ node --test supported-hook.test.mjs (exit=0)
[task-tracker] ✓ ac-stamp on #124: run-props (key=bd9f691d) upserted onto the AC line's aitm-verified marker (sha=aaaaaaaaaaaaaaaaaaaaaaaaaaaaaaaaaaaaaaaa).
[task-tracker] dod-stamp tests on #124: running 1 verifier(s)…
  ✓ node --test old-hook.test.mjs (exit=0)
[task-tracker] ✓ dod-stamp tests on #124: run-props upserted onto the dod:functional:tests line's aitm-verified marker (sha=aaaaaaaaaaaaaaaaaaaaaaaaaaaaaaaaaaaaaaaa).
[task-tracker] dod-stamp lint on #124: running 1 verifier(s)…
  ✓ node --test independent.test.mjs (exit=0)
[task-tracker] ✓ dod-stamp lint on #124: run-props upserted onto the dod:functional:lint line's aitm-verified marker (sha=aaaaaaaaaaaaaaaaaaaaaaaaaaaaaaaaaaaaaaaa).
[task-tracker] dod-stamp tests on #124: running 1 verifier(s)…
  ✓ node --test supported-hook.test.mjs (exit=0)
[task-tracker] ✓ dod-stamp tests on #124: run-props upserted onto the dod:functional:tests line's aitm-verified marker (sha=aaaaaaaaaaaaaaaaaaaaaaaaaaaaaaaaaaaaaaaa).
[task-tracker] dod-stamp tests on #124: running 1 verifier(s)…
  ✓ node --test old-hook.test.mjs (exit=0)
✔ actual filesystem subject capture carries revision authority through identity hashing (1759.534875ms)
✔ actual AC stamp pending refuses before verifier execution and transport writes (595.685208ms)
✔ actual AC stamp stale refuses before verifier execution and transport writes (548.380458ms)
✔ actual AC stamp unavailable refuses before verifier execution and transport writes (426.613084ms)
✔ actual AC stamp malformed refuses before verifier execution and transport writes (335.225584ms)
✔ actual DoD stamp pending refuses before verifier execution and transport writes (487.432167ms)
✔ actual DoD stamp stale refuses before verifier execution and transport writes (546.939416ms)
✔ actual DoD stamp unavailable refuses before verifier execution and transport writes (326.26275ms)
✔ actual DoD stamp malformed refuses before verifier execution and transport writes (321.350083ms)
✔ actual AC stamp baseline executes its verifier and leaves usable durable authority (346.597833ms)
✔ actual AC stamp approved executes its verifier and leaves usable durable authority (825.303834ms)
✔ actual DoD stamp baseline executes its verifier and leaves usable durable authority (310.875792ms)
✔ actual DoD stamp approved executes its verifier and leaves usable durable authority (775.822208ms)
✔ actual DoD stamp approved-citation executes its verifier and leaves usable durable authority (823.512792ms)
✔ actual DoD stamp approved-orphan refuses an ungoverned VC amendment before push (665.550166ms)
✔ requirements projection consumes actual consolidated AC stamps and native multi-VC declarations (2.812708ms)
✔ requirements projection uses observed legacy stable identities and current canonical epochs (558.435ms)
✔ requirements projection uses observed canonical stable identities and current canonical epochs (812.029375ms)
✔ actual ac individual stamper binds current revision and its reader rejects stripped new proof (372.57475ms)
✔ actual dod individual stamper binds current revision and its reader rejects stripped new proof (351.94825ms)
✔ only exact preserved legacy individual proof survives current revision read side (383.533083ms)
✔ metadata continuation rejects duplicate body-version control claims before push (419.733041ms)
✔ caller activity status cannot turn a stale approval into mutation authority (145.098958ms)
✔ caller activity plan-approve cannot turn a stale approval into mutation authority (155.463417ms)
✔ caller activity invented-consumer cannot turn a stale approval into mutation authority (149.683417ms)
✔ unknown mutation activity cannot execute even against an empty verified chain (16.160417ms)
✔ unconfigured activity retains ordinary gates only after fresh proof that host has no enabled revision domains (0.498792ms)
✔ registered lifecycle revision guard preserves typed pending authority without publishing admission (73.514917ms)
✔ registered lifecycle revision guard preserves typed stale authority without publishing admission (219.844667ms)
✔ registered lifecycle revision guard preserves typed unavailable authority without publishing admission (17.350375ms)
✔ registered lifecycle revision guard preserves typed malformed authority without publishing admission (16.591334ms)
✔ registered lifecycle revision guard preserves typed baseline authority without publishing admission (16.667292ms)
✔ registered lifecycle revision guard preserves typed approved authority without publishing admission (354.535333ms)
✔ new typed guard conformance requires discovered producer and complete typed emissions while preserving frozen legacy rules (7.9225ms)
✔ reuse preserves the original tested SHA and yields a distinct equivalence payload (5.985125ms)
✔ legacy incomplete changed and untrusted evidence return distinct conservative outcomes (6.656834ms)
✔ absent: waived=false gate=false r4p=false (1.039625ms)
✔ current: waived=false gate=false r4p=false (1.117417ms)
✔ legacy: waived=false gate=false r4p=false (0.855875ms)
✔ partial: waived=false gate=false r4p=false (0.173875ms)
✔ source: waived=false gate=false r4p=false (0.734917ms)
✔ story: waived=false gate=false r4p=false (1.114458ms)
✔ intent: waived=false gate=false r4p=false (0.849625ms)
✔ absent: waived=false gate=false r4p=true (0.073709ms)
✔ current: waived=false gate=false r4p=true (1.284833ms)
✔ legacy: waived=false gate=false r4p=true (0.161125ms)
✔ partial: waived=false gate=false r4p=true (0.089209ms)
✔ source: waived=false gate=false r4p=true (0.904458ms)
✔ story: waived=false gate=false r4p=true (0.816667ms)
✔ intent: waived=false gate=false r4p=true (0.790209ms)
✔ absent: waived=false gate=true r4p=false (0.201125ms)
✔ current: waived=false gate=true r4p=false (0.829833ms)
✔ legacy: waived=false gate=true r4p=false (0.060291ms)
✔ partial: waived=false gate=true r4p=false (0.048208ms)
✔ source: waived=false gate=true r4p=false (0.4355ms)
✔ story: waived=false gate=true r4p=false (1.123042ms)
✔ intent: waived=false gate=true r4p=false (1.830541ms)
✔ absent: waived=false gate=true r4p=true (0.128ms)
✔ current: waived=false gate=true r4p=true (0.276333ms)
✔ legacy: waived=false gate=true r4p=true (0.044917ms)
✔ partial: waived=false gate=true r4p=true (0.038416ms)
✔ source: waived=false gate=true r4p=true (0.233209ms)
✔ story: waived=false gate=true r4p=true (0.248666ms)
✔ intent: waived=false gate=true r4p=true (0.274125ms)
✔ absent: waived=true gate=false r4p=false (0.039583ms)
✔ current: waived=true gate=false r4p=false (0.25725ms)
✔ legacy: waived=true gate=false r4p=false (0.042125ms)
✔ partial: waived=true gate=false r4p=false (0.0375ms)
✔ source: waived=true gate=false r4p=false (0.256208ms)
✔ story: waived=true gate=false r4p=false (0.296792ms)
✔ intent: waived=true gate=false r4p=false (0.816209ms)
✔ absent: waived=true gate=false r4p=true (0.086208ms)
✔ current: waived=true gate=false r4p=true (1.421125ms)
✔ legacy: waived=true gate=false r4p=true (0.090875ms)
✔ partial: waived=true gate=false r4p=true (0.044666ms)
✔ source: waived=true gate=false r4p=true (0.475292ms)
✔ story: waived=true gate=false r4p=true (0.535708ms)
✔ intent: waived=true gate=false r4p=true (0.328417ms)
✔ absent: waived=true gate=true r4p=false (0.036292ms)
✔ current: waived=true gate=true r4p=false (0.718083ms)
✔ legacy: waived=true gate=true r4p=false (0.132959ms)
✔ partial: waived=true gate=true r4p=false (0.074917ms)
✔ source: waived=true gate=true r4p=false (0.631417ms)
✔ story: waived=true gate=true r4p=false (0.310166ms)
✔ intent: waived=true gate=true r4p=false (1.026834ms)
✔ absent: waived=true gate=true r4p=true (0.031959ms)
✔ current: waived=true gate=true r4p=true (0.203292ms)
✔ legacy: waived=true gate=true r4p=true (0.036042ms)
✔ partial: waived=true gate=true r4p=true (0.062333ms)
✔ source: waived=true gate=true r4p=true (0.207792ms)
✔ story: waived=true gate=true r4p=true (0.220292ms)
✔ intent: waived=true gate=true r4p=true (0.195125ms)
✔ demotion exits before reading body or sources (0.531ms)
✔ a malformed present approval cannot masquerade as an absent marker (0.055542ms)
✔ case-insensitive legacy and malformed approvals cannot bypass the binding guard (0.05425ms)
✔ invalid prose precedes intent reads and async resolver failures are repairable refusals (0.165583ms)
✔ retires only the exact stage and receipt identity (4.513792ms)
✔ is idempotent when the exact identity is already absent (1.156584ms)
✔ fails closed on wrong issue, duplicate target, malformed claim, and missing identity (1.099792ms)
✔ governed retirement mutates a fresh base and verifies write plus fresh read-back (0.701875ms)
✔ governed retirement refuses failed writes and either read-back retaining the target (0.930875ms)
✔ stale projection removes only one exact Test claim and keeps other evidence (0.495208ms)
✔ current and absent Test receipts are retained without eligibility (0.277292ms)
✔ stale projection refuses malformed foreign ambiguous and missing authority (0.630166ms)
✔ stale retirement refuses fresh-base eligibility drift before writing (0.6175ms)
ℹ tests 105
ℹ suites 0
ℹ pass 105
ℹ fail 0
ℹ cancelled 0
ℹ skipped 0
ℹ todo 0
ℹ duration_ms 9381.471958
