sysctl: sysctl fmt -1 1024 1: Operation not permitted
sysctl: sysctl fmt -1 1024 1: Operation not permitted
[move-state:warn] #741: transition commit provenance missing: Cannot read properties of undefined (reading 'repo')
sysctl: sysctl fmt -1 1024 1: Operation not permitted
⛔ #741 → test: board confirmed at target but aitm-last-known-state marker reads "develop". Board/marker consistency post-condition FAILED.
sysctl: sysctl fmt -1 1024 1: Operation not permitted
[move-state:warn] #741: transition commit provenance missing: Cannot read properties of undefined (reading 'repo')
sysctl: sysctl fmt -1 1024 1: Operation not permitted
✔ AC1: a failed board write rolls the marker back to the prior stage and stays loud (16.051791ms)
✔ AC3: rollback restores aitm-last-known-state to priorState (real code) (30.951917ms)
✔ AC3: rollback is a no-op when the marker already reads priorState (0.288583ms)
✔ AC2: success path runs the board==marker consistency assertion (13.094416ms)
✔ AC2: a board/marker mismatch on success fails closed and never runs the tail (11.973ms)
✔ AC2: assertBoardMarkerConsistent reports consistent iff marker == expected (real code) (0.393166ms)
✔ AC4: with no priorState (undefined stamp result) the #741 branches stay dormant (12.0035ms)
✔ AC4: with no priorState a failed board write does NOT attempt a rollback (10.620208ms)
ℹ tests 8
ℹ suites 0
ℹ pass 8
ℹ fail 0
ℹ cancelled 0
ℹ skipped 0
ℹ todo 0
ℹ duration_ms 316.385708
