[resume] #124: re-engagement "resumed" has no open interruption and no prior start row to pair against; downgrading to start
[task-tracker] WARN: configuration is missing 1 known project field id(s): Rank (cfg.fieldRank). Some board mirrors will be skipped. Re-run `scripts/gh/init-project-config.sh` to discover and persist them.
✔ actual start pending requires fresh authority before original session effects (435.061875ms)
✔ actual start stale requires fresh authority before original session effects (574.818ms)
✔ actual start malformed requires fresh authority before original session effects (312.687125ms)
✔ actual start unavailable requires fresh authority before original session effects (317.953917ms)
Started #124.
[resume] #124: re-engagement "resumed" has no open interruption and no prior start row to pair against; downgrading to start
✔ actual start baseline requires fresh authority before original session effects (474.933625ms)
Started #124.
[resume] #124: re-engagement "resumed" has no open interruption and no prior start row to pair against; downgrading to start
✔ actual start approved requires fresh authority before original session effects (774.749458ms)
✔ actual targeted resume pending requires fresh authority before original session effects (579.48525ms)
✔ actual targeted resume stale requires fresh authority before original session effects (581.551084ms)
✔ actual targeted resume malformed requires fresh authority before original session effects (430.4825ms)
✔ actual targeted resume unavailable requires fresh authority before original session effects (363.064584ms)
Started #124.
[resume] #124: re-engagement "resumed" has no open interruption and no prior start row to pair against; downgrading to start
✔ actual targeted resume baseline requires fresh authority before original session effects (513.846875ms)
Started #124.
✔ actual targeted resume approved requires fresh authority before original session effects (767.755333ms)
✔ actual remembered resume pending requires fresh authority before original session effects (375.830083ms)
✔ actual remembered resume stale requires fresh authority before original session effects (552.557709ms)
✔ actual remembered resume malformed requires fresh authority before original session effects (423.97575ms)
✔ actual remembered resume unavailable requires fresh authority before original session effects (450.068875ms)
Resumed #124.
✔ actual remembered resume baseline requires fresh authority before original session effects (549.683916ms)
Resumed #124.
✔ actual remembered resume approved requires fresh authority before original session effects (1008.029917ms)
✔ actual switch pending requires fresh authority before original session effects (432.403833ms)
✔ actual switch stale requires fresh authority before original session effects (519.947333ms)
✔ actual switch malformed requires fresh authority before original session effects (324.050959ms)
✔ actual switch unavailable requires fresh authority before original session effects (290.329ms)
[switch] #124: kanbanState seed failed (SeederGraphQLError): SeederGraphQLError: failed to fetch body for #124 after one retry: gh exited 1: stub-gh: refused gh api graphql --input -

  Repair: node scripts/task-tracker/task-tracker.mjs reconcile accept-live 124
Active: #124.
✔ actual switch baseline requires fresh authority before original session effects (1021.539708ms)
[switch] #124: kanbanState seed failed (SeederGraphQLError): SeederGraphQLError: failed to fetch body for #124 after one retry: gh exited 1: stub-gh: refused gh api graphql --input -

  Repair: node scripts/task-tracker/task-tracker.mjs reconcile accept-live 124
Active: #124.
[resume] #124: re-engagement "resumed" has no open interruption and no prior start row to pair against; downgrading to start
✔ actual switch approved requires fresh authority before original session effects (1385.311625ms)
✔ actual resume refuses explicit target drift during fresh admission before occupancy (456.390209ms)
✔ actual resume refuses repository drift during fresh admission before occupancy (505.146ms)
✔ actual resume refuses project directory drift during fresh admission before occupancy (387.593041ms)
✔ actual resume refuses remembered target drift during fresh admission before occupancy (340.598458ms)
✔ actual switch refuses repository drift during fresh admission before occupancy (329.845208ms)
✔ actual switch refuses project directory drift during fresh admission before occupancy (359.42425ms)
✔ actual resume refuses executor drift during fresh admission (396.183541ms)
✔ actual switch refuses executor drift during fresh admission (305.193958ms)
✔ actual resume refuses admission backend drift (296.58875ms)
✔ actual switch refuses admission backend drift (292.930209ms)
✔ actual resume refuses binding storage drift during admission (292.993458ms)
✔ actual switch refuses binding storage drift during admission (302.145875ms)
Started #124.
already active: #124
[resume] #124: re-engagement "resumed" has no open interruption and no prior start row to pair against; downgrading to start
✔ actual start baseline preserves no-op timing and rereads the next changed authority (439.896291ms)
Started #124.
already active: #124
✔ actual start approved preserves no-op timing and rereads the next changed authority (833.615917ms)
✔ source discovery identifies hooks and all session delegates reaching the admission boundary (174.025583ms)
ℹ {"hooks":["scripts/task-tracker/activity-guard.mjs","scripts/task-tracker/source-edit-gate.mjs"],"delegates":["scripts/task-tracker/task-tracker.mjs","scripts/task-tracker/verbs/chore-mode.mjs","scripts/task-tracker/verbs/resume.mjs","scripts/task-tracker/verbs/start.mjs"]}
▶ complete original session hook and delegation profiles retain all fixtures
  ✔ actual linked worktree, next mixed commit, source hook and live delegate custody (17214.693209ms)
  ℹ Complete original profile: 35 cases
  ✔ actual original session, binding generation, rollback and worktree lifecycle (4171.496916ms)
  ℹ Complete original profile: 72 cases
✔ complete original session hook and delegation profiles retain all fixtures (17215.308166ms)
ℹ tests 42
ℹ suites 0
ℹ pass 42
ℹ fail 0
ℹ cancelled 0
ℹ skipped 0
ℹ todo 0
ℹ duration_ms 36601.736666
