✔ independent original descriptors account for the complete sentinel and all eight fault points (0.973125ms)
ℹ [{"filename":"native-stage-sentinel-complete.test.mjs","mode":"sentinel-complete","fault":null},{"filename":"native-stage-sentinel-effect-readback-failAfter.test.mjs","mode":"sentinel-prefix","fault":{"when":"failAfter","suffix":"effect-readback"}},{"filename":"native-stage-sentinel-effect-readback-failBefore.test.mjs","mode":"sentinel-prefix","fault":{"when":"failBefore","suffix":"effect-readback"}},{"filename":"native-stage-sentinel-effect-write-failAfter.test.mjs","mode":"sentinel-prefix","fault":{"when":"failAfter","suffix":"effect-write"}},{"filename":"native-stage-sentinel-effect-write-failBefore.test.mjs","mode":"sentinel-prefix","fault":{"when":"failBefore","suffix":"effect-write"}},{"filename":"native-stage-sentinel-intent-readback-failAfter.test.mjs","mode":"sentinel-prefix","fault":{"when":"failAfter","suffix":"intent-readback"}},{"filename":"native-stage-sentinel-intent-readback-failBefore.test.mjs","mode":"sentinel-prefix","fault":{"when":"failBefore","suffix":"intent-readback"}},{"filename":"native-stage-sentinel-intent-write-failAfter.test.mjs","mode":"sentinel-prefix","fault":{"when":"failAfter","suffix":"intent-write"}},{"filename":"native-stage-sentinel-intent-write-failBefore.test.mjs","mode":"sentinel-prefix","fault":{"when":"failBefore","suffix":"intent-write"}},{"filename":"native-stage-actor-override.test.mjs","mode":"actor-override","fault":null},{"filename":"native-stage-guard-fence.test.mjs","mode":"guard-fence","fault":null},{"filename":"native-stage-sentinel-data.test.mjs","mode":"sentinel-data","fault":null},{"filename":"native-stage-sentinel-history.test.mjs","mode":"sentinel-history","fault":null},{"filename":"native-stage-sentinel-late-context-executor-accessor.test.mjs","mode":"sentinel-late-context-executor-accessor","fault":null},{"filename":"native-stage-sentinel-late-persist-invocation-identity.test.mjs","mode":"sentinel-late-persist-invocation-identity","fault":null},{"filename":"native-stage-sentinel-late-persist-token-accessor.test.mjs","mode":"sentinel-late-persist-token-accessor","fault":null}]
✔ complete original prefix DATA and custody regressions (1348.518125ms)
ℹ scripts/tests/unit/task-tracker/lib/criteria-revision/native-stage-execution-resources.test.mjs, scripts/tests/unit/task-tracker/lib/criteria-revision/native-stage-body-data.test.mjs, scripts/tests/unit/task-tracker/lib/criteria-revision/native-stage-local-data.test.mjs, scripts/tests/unit/task-tracker/lib/criteria-revision/native-stage-sentinel-boundary.test.mjs, scripts/tests/unit/task-tracker/lib/criteria-revision/native-stage-board-attempts.test.mjs: 61 complete original cases
▶ actual original sentinel and source/request cases retain their full prefix and verified facts
  ✔ native-stage-actor-override.test.mjs (11705.907167ms)
  ℹ scripts/tests/integration/task-tracker/lib/native-stage-actor-override.test.mjs: 1 complete original cases
  ✔ native-stage-guard-fence.test.mjs (12358.839958ms)
  ℹ scripts/tests/integration/task-tracker/lib/native-stage-guard-fence.test.mjs: 1 complete original cases
  ✔ native-stage-sentinel-complete.test.mjs (133552.692208ms)
  ℹ scripts/tests/integration/task-tracker/lib/native-stage-sentinel-complete.test.mjs: 1 complete original cases
  ✔ native-stage-sentinel-data.test.mjs (118279.128375ms)
  ℹ scripts/tests/integration/task-tracker/lib/native-stage-sentinel-data.test.mjs: 1 complete original cases
  ✔ native-stage-sentinel-effect-readback-failAfter.test.mjs (129909.338792ms)
  ℹ scripts/tests/integration/task-tracker/lib/native-stage-sentinel-effect-readback-failAfter.test.mjs: 1 complete original cases
  ✔ native-stage-sentinel-effect-readback-failBefore.test.mjs (129470.932875ms)
  ℹ scripts/tests/integration/task-tracker/lib/native-stage-sentinel-effect-readback-failBefore.test.mjs: 1 complete original cases
  ✔ native-stage-sentinel-effect-write-failAfter.test.mjs (124742.832292ms)
  ℹ scripts/tests/integration/task-tracker/lib/native-stage-sentinel-effect-write-failAfter.test.mjs: 1 complete original cases
  ✔ native-stage-sentinel-effect-write-failBefore.test.mjs (123269.976667ms)
  ℹ scripts/tests/integration/task-tracker/lib/native-stage-sentinel-effect-write-failBefore.test.mjs: 1 complete original cases
  ✔ native-stage-sentinel-history.test.mjs (128769.155416ms)
  ℹ scripts/tests/integration/task-tracker/lib/native-stage-sentinel-history.test.mjs: 1 complete original cases
  ✔ native-stage-sentinel-intent-readback-failAfter.test.mjs (119673.738084ms)
  ℹ scripts/tests/integration/task-tracker/lib/native-stage-sentinel-intent-readback-failAfter.test.mjs: 1 complete original cases
  ✔ native-stage-sentinel-intent-readback-failBefore.test.mjs (123893.338333ms)
  ℹ scripts/tests/integration/task-tracker/lib/native-stage-sentinel-intent-readback-failBefore.test.mjs: 1 complete original cases
  ✔ native-stage-sentinel-intent-write-failAfter.test.mjs (124076.080666ms)
  ℹ scripts/tests/integration/task-tracker/lib/native-stage-sentinel-intent-write-failAfter.test.mjs: 1 complete original cases
  ✔ native-stage-sentinel-intent-write-failBefore.test.mjs (125417.672833ms)
  ℹ scripts/tests/integration/task-tracker/lib/native-stage-sentinel-intent-write-failBefore.test.mjs: 1 complete original cases
  ✔ native-stage-sentinel-late-context-executor-accessor.test.mjs (122145.285208ms)
  ℹ scripts/tests/integration/task-tracker/lib/native-stage-sentinel-late-context-executor-accessor.test.mjs: 1 complete original cases
  ✔ native-stage-sentinel-late-persist-invocation-identity.test.mjs (100927.573792ms)
  ℹ scripts/tests/integration/task-tracker/lib/native-stage-sentinel-late-persist-invocation-identity.test.mjs: 1 complete original cases
  ✔ native-stage-sentinel-late-persist-token-accessor.test.mjs (99220.666833ms)
  ℹ scripts/tests/integration/task-tracker/lib/native-stage-sentinel-late-persist-token-accessor.test.mjs: 1 complete original cases
✔ actual original sentinel and source/request cases retain their full prefix and verified facts (480131.144541ms)
ℹ tests 19
ℹ suites 0
ℹ pass 19
ℹ fail 0
ℹ cancelled 0
ℹ skipped 0
ℹ todo 0
ℹ duration_ms 481733.389084
