✔ independent dispatcher and requested phase frontier discovery retains all five originals (0.741708ms)
ℹ [{"filename":"native-stage-phase-12-prefix-after-effect-readback.test.mjs","mode":"phase-12-prefix","fault":{"when":"failAfter","suffix":"effect-readback"}},{"filename":"native-stage-phase-adversarial.test.mjs","mode":"phase-adversarial","fault":null},{"filename":"native-stage-phase-pair.test.mjs","mode":"phase-pair","fault":null},{"filename":"native-stage-tail-dispatch-reentry.test.mjs","mode":"tail-dispatch-reentry","fault":null},{"filename":"native-stage-tail-dispatch.test.mjs","mode":"tail-dispatch","fault":null}]
▶ complete original dispatcher and phase frontiers preserve actual effects and private window
  ✔ native-stage-phase-12-prefix-after-effect-readback.test.mjs (103656.589375ms)
  ℹ scripts/tests/integration/task-tracker/lib/native-stage-phase-12-prefix-after-effect-readback.test.mjs: 1 complete original cases
  ✔ native-stage-phase-adversarial.test.mjs (109896.756083ms)
  ℹ scripts/tests/integration/task-tracker/lib/native-stage-phase-adversarial.test.mjs: 1 complete original cases
  ✔ native-stage-phase-pair.test.mjs (105234.052875ms)
  ℹ scripts/tests/integration/task-tracker/lib/native-stage-phase-pair.test.mjs: 1 complete original cases
  ✔ native-stage-tail-dispatch-reentry.test.mjs (147766.598334ms)
  ℹ scripts/tests/integration/task-tracker/lib/native-stage-tail-dispatch-reentry.test.mjs: 1 complete original cases
  ✔ native-stage-tail-dispatch.test.mjs (136039.351916ms)
  ℹ scripts/tests/integration/task-tracker/lib/native-stage-tail-dispatch.test.mjs: 1 complete original cases
✔ complete original dispatcher and phase frontiers preserve actual effects and private window (239705.184167ms)
✔ complete ordinary cache and tail profiles remain intact (1352.467291ms)
ℹ scripts/tests/integration/task-tracker/lib/coverage-cache-unpark.test.mjs, scripts/tests/unit/task-tracker/lib/move-state/move-state-terminal-tail-isolation.test.mjs, scripts/tests/unit/task-tracker/lib/move-state/move-state-tail-profiles.test.mjs, scripts/tests/unit/task-tracker/lib/move-state/local-tail-program.test.mjs, scripts/tests/integration/task-tracker/lib/move-state-native-command.test.mjs: 44 complete original cases
✔ shared original move command preserves ordinary stdout stderr promise and child handle (49.570167ms)
✔ shared original move command preserves ordinary rejection fields and child failure (84.155375ms)
✔ shared move command denies transport scope before public argument access or process creation (0.94325ms)
✔ shared move command denies stage scope before public argument access or process creation (0.198167ms)
ℹ tests 12
ℹ suites 0
ℹ pass 12
ℹ fail 0
ℹ cancelled 0
ℹ skipped 0
ℹ todo 0
ℹ duration_ms 241605.019167
