✔ metadata continuation does not bless criterion drift (383.657958ms)
✔ metadata continuation does not bless checkbox drift (335.525583ms)
✔ metadata continuation does not bless control drift (337.935625ms)
✔ metadata continuation does not bless scope drift (389.206041ms)
✔ metadata continuation does not bless stage drift (362.470292ms)
✔ metadata continuation does not bless proof-resource drift (294.669ms)
✔ metadata continuation does not bless source-resource drift (341.367833ms)
✔ ordinary body criterion change cannot reach transport under current revision admission (427.866833ms)
✔ ordinary body source change cannot reach transport under current revision admission (423.715834ms)
✔ ordinary body proof change cannot reach transport under current revision admission (435.425125ms)
✔ ordinary body control change cannot reach transport under current revision admission (359.618208ms)
✔ verification receipt generator binds the actual held revision instead of caller binding strings (404.110292ms)
✔ verification aggregate reader rejects missing revision binding (379.670375ms)
✔ verification aggregate reader rejects different-revision revision binding (354.16925ms)
✔ verification aggregate reader rejects different-digest revision binding (348.549334ms)
✔ verification aggregate reader rejects extra-key revision binding (354.462209ms)
✔ requirements projection derives current revision binding and rejects stripped live inputs (355.018833ms)
✔ never revised receipt generation preserves unbound historical format despite caller binding (0.216917ms)
✔ evidence-v2 reuse rejects unbound historical aggregates inside an actual current revision (355.798959ms)
✔ evidence-v2 subject codec retains a closed current binding and reuse rejects a stripped subject (345.808708ms)
ℹ tests 20
ℹ suites 0
ℹ pass 20
ℹ fail 0
ℹ cancelled 0
ℹ skipped 0
ℹ todo 0
ℹ duration_ms 7221.836875
