
> @kburson/ai-task-manager@1.0.0 test:slow
> node scripts/run-tests.mjs --lane slow

▶ lane=slow (52 files)

▶ scripts/tests/slow/review/co-review-boundaries.test.mjs ... ok (14.9s)
▶ scripts/tests/slow/task-tracker/core/ci-lane-wiring.test.mjs ... ok (54ms)
▶ scripts/tests/slow/task-tracker/core/fleet-registry-concurrent.test.mjs ... ok (4.9s)
▶ scripts/tests/slow/task-tracker/core/lifecycle-traversal-e2e.test.mjs ... ok (66ms)
▶ scripts/tests/slow/task-tracker/core/maintenance-scripts-strict-argv.test.mjs ... ok (1.2s)
▶ scripts/tests/slow/task-tracker/core/packaged-tail-profile-consumer.test.mjs ... ok (1.9s)
▶ scripts/tests/slow/task-tracker/core/verify-develop.test.mjs ... ok (810ms)
▶ scripts/tests/slow/task-tracker/lib/ac-evidence-gate.test.mjs ... ok (1.2s)
▶ scripts/tests/slow/task-tracker/lib/action-capture-integration.test.mjs ... ok (1.7s)
▶ scripts/tests/slow/task-tracker/lib/activity-guard.test.mjs ... ok (3.8s)
▶ scripts/tests/slow/task-tracker/lib/agent-guard.test.mjs ... ok (774ms)
▶ scripts/tests/slow/task-tracker/lib/agentic-help-runtime.test.mjs ... ok (55.2s)
▶ scripts/tests/slow/task-tracker/lib/aitm-dispatcher.test.mjs ... ok (2.3s)
▶ scripts/tests/slow/task-tracker/lib/body-write-roundtrip.test.mjs ... ok (44ms)
▶ scripts/tests/slow/task-tracker/lib/chore-mode-activity-guard.test.mjs ... ok (518ms)
▶ scripts/tests/slow/task-tracker/lib/cli.test.mjs ... ok (7.0s)
▶ scripts/tests/slow/task-tracker/lib/commit-trail-handler.test.mjs ... ok (1.8s)
▶ scripts/tests/slow/task-tracker/lib/config-completeness-invariant.test.mjs ... ok (175ms)
▶ scripts/tests/slow/task-tracker/lib/coverage-close-gates.test.mjs ... ok (4.3s)
▶ scripts/tests/slow/task-tracker/lib/coverage-hook-handler.test.mjs ... ok (2.9s)
▶ scripts/tests/slow/task-tracker/lib/coverage-orchestrator-lock.test.mjs ... ok (695ms)
▶ scripts/tests/slow/task-tracker/lib/create-issue.test.mjs ... ok (2.2s)
▶ scripts/tests/slow/task-tracker/lib/demonstrable-ac-gate.test.mjs ... ok (60ms)
▶ scripts/tests/slow/task-tracker/lib/dirty-review-promote-false-success.test.mjs ... ok (835ms)
▶ scripts/tests/slow/task-tracker/lib/dirty-workspace-gate.test.mjs ... ok (4.4s)
▶ scripts/tests/slow/task-tracker/lib/discover-autosave.test.mjs ... ok (155ms)
▶ scripts/tests/slow/task-tracker/lib/ensure-wave-parent.test.mjs ... ok (3.9s)
▶ scripts/tests/slow/task-tracker/lib/epic-children-review-lifecycle.test.mjs ... ok (337ms)
▶ scripts/tests/slow/task-tracker/lib/epic-tree.test.mjs ... ok (1.2s)
▶ scripts/tests/slow/task-tracker/lib/gate-message-attribution.test.mjs ... ok (334ms)
▶ scripts/tests/slow/task-tracker/lib/gates.test.mjs ... ok (4.6s)
▶ scripts/tests/slow/task-tracker/lib/init-status-palette.test.mjs ... ok (6.4s)
▶ scripts/tests/slow/task-tracker/lib/issue-authoring.test.mjs ... ok (878ms)
▶ scripts/tests/slow/task-tracker/lib/lifecycle.test.mjs ... ok (2.5s)
▶ scripts/tests/slow/task-tracker/lib/log-issue-time.test.mjs ... ok (1.8s)
▶ scripts/tests/slow/task-tracker/lib/move-state-approval-gate.test.mjs ... ok (6.5s)
▶ scripts/tests/slow/task-tracker/lib/move-state-gate.test.mjs ... ok (5.1s)
▶ scripts/tests/slow/task-tracker/lib/move-state.test.mjs ... ok (1.6s)
▶ scripts/tests/slow/task-tracker/lib/move-state/board-field-readback.test.mjs ... ok (2.9s)
▶ scripts/tests/slow/task-tracker/lib/proof-gate-reconciliation.test.mjs ... ok (870ms)
▶ scripts/tests/slow/task-tracker/lib/ready-for-plan-live-migration.test.mjs ... ok (215ms)
▶ scripts/tests/slow/task-tracker/lib/review-approval-prompt.test.mjs ... ok (15.4s)
▶ scripts/tests/slow/task-tracker/lib/verb-preflight-wiring.test.mjs ... ok (1.2s)
▶ scripts/tests/slow/task-tracker/lib/worktree-isolation.test.mjs ... ok (2.7s)
▶ scripts/tests/slow/task-tracker/lib/worktree-seed-integration.test.mjs ... ok (1.0s)
▶ scripts/tests/slow/task-tracker/verbs/close-lifecycle-tick.test.mjs ... ok (89ms)
▶ scripts/tests/slow/task-tracker/verbs/coverage-close.test.mjs ... ok (2.9s)
▶ scripts/tests/slow/task-tracker/verbs/deadlock-regression.test.mjs ... ok (301ms)
▶ scripts/tests/slow/task-tracker/verbs/promote-verb.test.mjs ... ok (575ms)
▶ scripts/tests/slow/task-tracker/verbs/recovery-path-independence.test.mjs ... ok (310ms)
▶ scripts/tests/slow/task-tracker/verbs/state-marker-single-writer.test.mjs ... ok (323ms)
▶ scripts/tests/slow/task-tracker/verbs/verb-test-remove-worktree.test.mjs ... ok (183ms)

▶ scheduling: 0 pure unit file(s) at pool concurrency 9 (peak 0); 0 direct-subprocess file(s) at pool concurrency 2 (peak 0); 2 explicit-safe slow file(s) at pool concurrency 2 (peak 2); 50 explicit-unsafe/integration/unmarked-slow file(s) serial

run-tests: lane 'slow' bounded sections: slow-parallel=55.2s/600s (2 files); serial=108.0s/600s (50 files); aggregate=163.1s

All 52 test files passed.
