Closed #9184. Delivery merge-method waived (requirement=delivery.verification.merge-method).
✔ no grant preserves the original merged method refusal without terminal writes (8.76675ms)
✔ exact grant produces one v3 intent, immutable burn, one v4 receipt, and idempotent retry (39.506625ms)
✔ synthetic historical waiver reaches the close receipt gate with method visibly waived (320.285291ms)
✔ grant expiry after v3 intent readback refuses the burn and leaves no receipt (7.234959ms)
✔ revocation observed at the effect boundary leaves the confirmed intent unburned (7.302792ms)
✔ two independent verification failures refuse before intent reservation (2.255625ms)
✔ scope drift before intent reservation prevents any journal write (3.176375ms)
✔ fresh approval after pre-reservation issue re-scoping selects the revised grant (12.184959ms)
✔ scope drift after v3 readback leaves approval unburned and no receipt (5.2495ms)
✔ confirmed burn and receipt remain replayable after the grant expires (21.606667ms)
✔ advanced local HEAD still replays the pinned v4 receipt without publication (22.009791ms)
✔ advanced local HEAD resumes an exact confirmed burn before receipt publication (16.1955ms)
✔ completed receipt uses pinned provider observation when retry read omits it (19.573292ms)
✔ revocation recorded after the burn leaves the historical receipt verifiable (19.742667ms)
✔ unresolved receipt publication burns approval and never posts on retry (23.152833ms)
✔ two concurrent deliver contenders project one v3 successor and one burn (14.757375ms)
✔ lost v3 intent response is resolved from exact comment readback (10.918542ms)
✔ another host completing v4 between intent confirmation and readback is adopted exactly (19.286708ms)
✔ two authorized operations naming one predecessor refuse before either reserves it (2.745458ms)
✔ stale per-host grant views for distinct operations still reserve one predecessor (15.701333ms)
ℹ tests 20
ℹ suites 0
ℹ pass 20
ℹ fail 0
ℹ cancelled 0
ℹ skipped 0
ℹ todo 0
ℹ duration_ms 595.814792
