✔ production child reader retains complete paginated child identity and refuses malformed pages (2.198208ms)
✔ production worktree reader compares binding identity and observes dirty paths without writing (0.230792ms)
✔ production delivery reader uses canonical parent lineage and current receipt evidence (1.856375ms)
✔ production delivery rejects evidence-v2 without invoking its mutating close runner (0.153875ms)
✔ production guard adapter reads dependencies and refuses missing local commit objects (0.539042ms)
✔ production close reaches ready with fresh authority and only read transports (8.293916ms)
✔ production close collector and terminal authority guard refuse changed delivery after ready (3.233792ms)
✔ production close observes workflow policy when a guard requires enrichment (3.043458ms)
✔ production close cannot select ordinary completion for a CLOSED GitHub issue in Review (1.69975ms)
✔ production close refuses issue-body changes even when semantic scope is unchanged (1.4165ms)
✔ production close refuses a changed issue revision with byte-identical body (1.063667ms)
✔ production close cannot bypass pending recovery on an OPEN issue in Review (2.395958ms)
✔ production close retains immutable initial and current issue revisions (2.13675ms)
✔ ordinary close collects current authority without effects (1.7925ms)
✔ close fails closed on missing objects and retains independent guard blockers (1.570875ms)
✔ close cannot convert a missing receipt or child read into readiness (3.325291ms)
✔ production close adapter fails closed without read-only delivery and guard seams (0.71325ms)
✔ production guards pin both child and epic delivery proofs to the verified immutable tip (1.474167ms)
✔ collector preserves all seven fields on read failure and does not execute effects (0.425625ms)
✔ epic child refusals and independent child approval requests survive close collection (0.430708ms)
✔ close preserves approval requests alongside attribution investigation (0.741709ms)
✔ incorporated and malformed evidence-v2 authority cannot select a special close lane (0.753333ms)
✔ a current Review state selects sanctioned close navigation (0.059833ms)
✔ Done remains terminal and cannot select another close (0.051ms)
✔ Review promotion delegates to the close collector (0.578666ms)
✔ close retains approval and investigation requests simultaneously (0.732709ms)
✔ missing workflow-policy reader is a typed indeterminate result (0.353709ms)
ℹ tests 27
ℹ suites 0
ℹ pass 27
ℹ fail 0
ℹ cancelled 0
ℹ skipped 0
ℹ todo 0
ℹ duration_ms 46.274417
