✔ open-PR delivery explanation shares actual preflight and performs no effects (12.331375ms)
✔ stale PR head is blocked by the same exact-head preflight as execution (6.910709ms)
✔ missing provider capability blocks without shell merge guidance (2.6105ms)
✔ an unreadable delivery authority observation is indeterminate (1.070625ms)
✔ simultaneous unreadable sources retain both typed causes (2.0855ms)
✔ merged PR without a delivery receipt cannot claim ready from PR state alone (1.345125ms)
✔ merged PR reconstruction does not infer a provider action (1.256083ms)
✔ merged PR with a live intent and exact read-only trunk proof is explainable (10.2005ms)
✔ merged PR without an intent is explainable when read-only external proof succeeds (2.371541ms)
✔ merged external proof retains source-attribution metadata warnings (2.639834ms)
✔ merged PR with a matching receipt remains explainable without new records (7.790375ms)
✔ default merged proof ports observe remote and local trunk without fetching refs (0.637834ms)
✔ default delivery dependency advertises only the configured provider-action capability (0.139417ms)
✔ a stale local trunk mirror cannot prove merged delivery readiness (3.076334ms)
✔ merged intent cannot explain ready after configured method diverges (4.939708ms)
✔ issue-resident no-commit delivery is explainable without a merge provider (8.516459ms)
✔ production reader selects the current head among historical branch PRs (1.488792ms)
✔ production reader reports an unavailable initial issue without throwing or effects (3.073417ms)
✔ delivery body drift between observed issue and preflight snapshot is indeterminate (2.104875ms)
✔ delivery snapshot cannot claim ready at a different observed worktree HEAD (0.596209ms)
✔ missing exact-head human PR approval is a typed request, not ready (0.912416ms)
✔ ineligible manual code reviewer blocks rather than becoming indeterminate (1.01225ms)
✔ missing complete delivery-record inventory cannot explain ready (0.69025ms)
✔ historical recovery is not silently offered as a ready default delivery (1.204709ms)
✔ malformed v2 evidence marker cannot fall through to v1 delivery readiness (3.055167ms)
✔ an existing intent whose authorized merge method diverges cannot explain ready (1.618042ms)
✔ a prior-head intent may be superseded by fresh exact-head execution (2.344541ms)
✔ an existing no-commit delivery record with a different accepted head blocks readiness (4.467459ms)
✔ execution refuses a changed PR head after a prior ready explanation (1.56875ms)
✔ execution refuses revoked review authorization after a prior ready explanation (5.16125ms)
✔ execution refuses withdrawn exact-head human PR approval after explanation (4.308083ms)
✔ execution refuses changed CI after a prior ready explanation (1.3085ms)
✔ execution refuses changed ledger after a prior ready explanation (8.890209ms)
✔ execution refreshes PR head after preflight and before posting an intent (1.884584ms)
✔ execution refreshes lineage before posting an intent (0.423625ms)
ℹ tests 35
ℹ suites 0
ℹ pass 35
ℹ fail 0
ℹ cancelled 0
ℹ skipped 0
ℹ todo 0
ℹ duration_ms 138.312916
