✔ complete shared guards skip policy transport on a ready baseline (1.0365ms)
✔ qualifying refusal loads policy once and replaces the entire baseline result (0.179667ms)
✔ a non-applicable exception does not erase an ordinary guard refusal (0.137083ms)
✔ failed required policy collection is indeterminate and preserves known refusals (0.120084ms)
✔ malformed complete guard output never passes shared execution (0.099375ms)
✔ a completed promotion adapter without an outer effect ledger is indeterminate (5.04075ms)
✔ a complete read-only adapter can report ready from one observed body (0.607292ms)
✔ an adapter without an outer effect ledger cannot claim readiness (0.65575ms)
✔ an ineligible action cannot become ready through a supplied target (0.493541ms)
✔ lazy guard reads join the same attempt and memoize one physical read (0.603292ms)
✔ waivable explanation observes one body and one policy transport, then replaces guards (0.649667ms)
✔ a scope-incompatible policy waiver cannot turn a known refusal ready (0.883209ms)
✔ failed required policy read retains the known refusal and adds an indeterminate cause (0.911625ms)
✔ a throwing shared read-only guard is indeterminate, not a ready result (0.461792ms)
✔ a thrown shared evaluator is a typed guard-error (0.421875ms)
✔ a malformed adapter result is separately classified as invalid (0.332333ms)
✔ incompatible issue body fails before any guard is evaluated (0.383209ms)
✔ missing required body source is an authority failure, not a skipped success (0.302125ms)
✔ known blocked refusal, warning and human request remain complete (0.433167ms)
✔ the complete result retains normalization intent and hashes its inputs (0.409125ms)
✔ an attempted effect stays visible outside guard conversion and forbids readiness (1.404375ms)
✔ exact remote tip needs a complete non-shallow local graph without fetch (0.320917ms)
✔ missing or shallow remote-tip history is attribution-unavailable (0.21625ms)
✔ exact tip is admitted only as a pinned delivery observation (0.312708ms)
✔ complete exact remote tip scopes the existing attribution predicate to its SHA (0.17725ms)
✔ incomplete exact remote history never invokes attribution (0.073208ms)
✔ configured local trunk ref retains explicit local provenance and scopes attribution (0.159041ms)
✔ bare local trunk fallback resolves only the qualified local branch (0.109792ms)
ℹ tests 28
ℹ suites 0
ℹ pass 28
ℹ fail 0
ℹ cancelled 0
ℹ skipped 0
ℹ todo 0
ℹ duration_ms 27.308291
