✔ ready execution persists the current projection with proof-introduction authority and verified readback (3.779458ms)
✔ the versioned mutation callback remains synchronous so proof guards inspect its body (0.68175ms)
✔ the real versioned body boundary rejects the same proof-introducing edit without evidenceStamp (3.439792ms)
✔ blocked fresh readiness preserves its envelope with pending normalization (0.377292ms)
✔ blocked fresh readiness preserves its envelope without pending normalization (0.088666ms)
✔ indeterminate fresh readiness preserves its envelope with pending normalization (0.165583ms)
✔ indeterminate fresh readiness preserves its envelope without pending normalization (0.077584ms)
✔ real registry completeness labels survive normalization (0.127042ms)
✔ indeterminate readiness on a fresh versioned base is retained before persistence (0.471834ms)
✔ malformed non-ready envelope is invalid with normalization (0.251125ms)
✔ malformed non-ready envelope is invalid without normalization (0.228334ms)
✔ successful normalization keeps persisted truth when readback becomes blocked (0.796ms)
✔ a thrown fresh authority evaluation is drift, not a write transport failure (0.418792ms)
✔ post-write readback failure refuses while preserving the fact that a write occurred (0.286667ms)
✔ write transport failure is named and stops before post-write authority or later effects (0.206625ms)
✔ changed execution HEAD refuses even if projected decision intent would be identical (0.081208ms)
✔ a changed HEAD during a versioned retry refuses before another push (0.554666ms)
✔ an empty authority body is a failed readback, never an idempotent no-op (0.097375ms)
✔ a version conflict re-evaluates the fresh body and refuses a now-blocked retry (0.865042ms)
✔ a non-overlapping version conflict recomputes and preserves the concurrent edit (0.750333ms)
✔ readback rejects a proof marker attributed to the wrong execution HEAD (0.361791ms)
✔ test-to-review rescan preserves projected refusal before any derived write (1.505458ms)
✔ a concurrent HEAD change wins over an otherwise valid blocked retry (0.277417ms)
✔ remaining projection drift wins over a blocked post-write guard (0.288375ms)
✔ normalization retains warnings and human requests separately from normalization warnings (0.839792ms)
ℹ tests 25
ℹ suites 0
ℹ pass 25
ℹ fail 0
ℹ cancelled 0
ℹ skipped 0
ℹ todo 0
ℹ duration_ms 25.243334
