✔ direct Review and Test-state Promote share ready evidence without effects (8.420584ms)
✔ Review routing uses its complete collector even when generic guards are available (0.894958ms)
✔ Review guards receive project config and a read-only dependency reconciliation port (0.747792ms)
▶ Review explanation refuses stale HEAD, unreadable evidence, and board drift
  ✔ stale HEAD (1.761542ms)
  ✔ unreadable preflight (0.928792ms)
  ✔ board drift (1.446709ms)
✔ Review explanation refuses stale HEAD, unreadable evidence, and board drift (4.570917ms)
✔ Review preserves simultaneous typed preflight refusals without exposing prose (1.363666ms)
✔ Review retains independent preflight and completeness blockers together (0.974084ms)
✔ Review does not accept a contradictory successful preflight carrying refusals (0.729541ms)
✔ Review refuses a stale exact-HEAD Test receipt even when preflight and guards pass (1.055625ms)
✔ Review execution refuses a stale Test receipt after a ready collector decision (1208.526167ms)
✔ Review refuses a preflight computed from a different issue-body revision (1.282458ms)
✔ Review reports a projected Functional DoD normalization without persistence (3.024708ms)
✔ Review guards receive the current directory-backed Test evidence from preflight (0.785667ms)
✔ Review refuses contradictory directory Test evidence read at one boundary (0.726042ms)
✔ real Test-to-Review guards refuse missing exact-HEAD Test proof and incomplete ACs (90.619125ms)
✔ Review resident reruns only incomplete evidence and does not recommend close (1.016708ms)
✔ Review-state Promote delegates to Close rather than a Review rerun (2.566458ms)
✔ live Review read adapter refreshes issue, board, HEAD, and preflight at this boundary (1.062ms)
✔ live Review-state adapter selects a rerun only after current semantic policy is read (1.694ms)
✔ live Review-state policy read failure is typed indeterminate, never a rerun grant (0.791167ms)
✔ initial Review authority read failure is typed indeterminate (0.120541ms)
✔ resident ledger comment reader fetches the exact GitHub comment read-only (0.161458ms)
✔ active semantic waiver with failed Review marker selects self-rerun (1.104166ms)
✔ Review re-entry with a clean older ledger head still selects current resident work (2.3275ms)
ℹ tests 26
ℹ suites 0
ℹ pass 26
ℹ fail 0
ℹ cancelled 0
ℹ skipped 0
ℹ todo 0
ℹ duration_ms 1338.275791

⛔ Refusing to move #1667 to Review:
   BLOCKED: Test receipt SHA no longer matches HEAD

Resolve the blockers above, then retry `/task review #1667`.

