✔ rebind remains a cursor trigger, not a session action (1.152042ms)
✔ read-only bind reports skipped required authority as indeterminate (1.985917ms)
✔ the execution TT_SKIP_NETWORK setting skips required explanation reads (1.25975ms)
✔ disabled assignee match remains ready only with complete matching board and marker (0.718458ms)
✔ disabled assignee match does not conceal a missing board read (0.486125ms)
✔ a body without a last-known-state marker is indeterminate (0.542125ms)
✔ a board and body-marker disagreement blocks bind readiness (0.424208ms)
✔ a mismatched worktree blocks bind readiness (0.716041ms)
✔ an unreadable worktree match is indeterminate, not ready (0.506208ms)
✔ a conflicting occupancy blocks bind before any claim (1.126959ms)
✔ an implicit resume cannot target a different active issue (1.185375ms)
✔ no-argument resume is not ready without a paused session (2.271792ms)
✔ no-argument resume is ready for its paused last issue (0.357792ms)
✔ migration freeze blocks a complete session decision without a side effect (0.380458ms)
✔ enabled ownership check blocks a foreign owner (0.420666ms)
✔ enabled ownership check blocks multiple owners and treats unknown identity as indeterminate (0.563041ms)
✔ a conflicting local configuration observation cannot yield a ready decision (0.289083ms)
✔ missing repository configuration is indeterminate even with a complete board fixture (0.286125ms)
✔ observed state drift and migration freeze agree with the execution preflight (0.724917ms)
✔ production session reads and execution refresh the same changed board authority (46.399333ms)
✔ cold numeric bind, switch, and explicit resume select the same fresh target (124.219542ms)
✔ foreign ownership blocks both production explanation and execution preflight (34.274416ms)
✔ another issue occupying the target worktree blocks readiness and the real claim (1657.429208ms)
✔ a body changing between scope selection and observation is indeterminate (44.475334ms)
✔ a readable stub body without scope sections is an issue-body authority failure (45.11125ms)
✔ real injected resume execution refreshes freeze and preserves its exit 14 refusal (8107.565875ms)
✔ early promotion readiness retains an unmapped complete-guard refusal (1.488458ms)
✔ typed plan approval remediation survives complete guard projection (0.329167ms)
✔ unknown and conflicting early state authority never yields a target grant (0.274459ms)
✔ early promotion readiness follows all four canonical forward edges (0.79575ms)
✔ a migration freeze discovered after explanation blocks early promotion readiness (0.224583ms)
✔ terminal Done has no executable early promotion target (0.066875ms)
✔ later promotion delegate stays pending with a valid navigation blocker (0.074791ms)
✔ skipped remote authority cannot yield ready early promotion (0.0825ms)
✔ TT_SKIP_NETWORK also skips early promotion authority without a caller flag (0.091708ms)
✔ read-only dependency readiness does not reconcile disposition (0.341958ms)
✔ a ready early explanation is not a grant after dependency readiness changes (0.70975ms)
✔ a migration freeze activated before locked execution refuses without reading or moving (0.070375ms)
✔ early readiness shares execution session policy and story-intent resolver (0.146792ms)
✔ a real plan-approval guard refuses the same missing marker in explanation and execution (0.708ms)
✔ complete production early registry retains field, parent, dependency, contiguity, and plan refusals (2685.494834ms)
✔ production evaluator routes a complete bind collector and finishes one v2 attempt (2.631583ms)
✔ production evaluator routes complete early promotion without an effect (0.674334ms)
✔ production evaluator routes explicit resume through complete session authority (1.135416ms)
✔ v2 navigation rejects rebind and unresolved state while keeping Done terminal (4.470292ms)
✔ terminal Done refuses an effect, stale authority, and rebind without a false grant (2.816042ms)
✔ a ready v2 explanation never authorizes stale promotion execution (0.723416ms)
✔ v2 early promotion preserves typed plan-approval remediation and human request (0.754959ms)
✔ matching recorded and live state selects one canonical early edge (0.452291ms)
✔ missing effect ledger does not erase unknown navigation authority (0.970209ms)
✔ session navigation refuses a stale proposed state despite internally matching board and marker (0.809666ms)
✔ network-skipped early promotion emits valid v2 uncertainty without remote reads (0.441416ms)
ℹ tests 52
ℹ suites 0
ℹ pass 52
ℹ fail 0
ℹ cancelled 0
ℹ skipped 0
ℹ todo 0
ℹ duration_ms 12787.848375
