Started #1857.
Paused #1857: +Unknown active min (wall 0), +0 words. Use "/task resume" to resume.
Resumed #1857.
✔ question hooks close only their own actor interval and resume without charging the wait (16603.198417ms)
✔ question reply ambiguity retains the original row and replays before resuming (15529.885834ms)
✔ question marker cannot substitute another event for the frozen resume (12141.573125ms)
✔ question hook respects its own manual pause without creating a resume marker (4805.530458ms)
✔ flush preserves genuine own wall interval and unknown estimate despite another actor tail (8172.234875ms)
✔ first attributed interruption retains observed cursor delta without a fabricated opener (8351.310375ms)
✔ update preserves cumulative actor cursor and unknown total after an unavailable estimate (10853.938666ms)
✔ real start pause and resume retain one actor identity and explicit current boundaries (18161.576209ms)
✔ phase boundary flushes own actor interval and shared lifecycle rows do not duplicate actor work (9172.814291ms)
✔ Test interlock records actual verification engagement from a paused own binding (11485.1565ms)
✔ status distinguishes missing activity observation from zero work (3433.729583ms)
✔ failed Test execution retains both its failure and actual actor work (13748.733458ms)
✔ session tracking initializes a versioned own cursor and refuses corrupt existing authority (1564.767041ms)
✔ failed publication retains original row and cursor, then exact replay precedes new work (15758.726167ms)
✔ publication cannot overwrite a concurrently changed own timing boundary (7962.012167ms)
✔ Review human handoff flushes actual actor work before pausing its own binding (12228.561292ms)
✔ compaction hooks use the same actor journal and never resume a paused binding (19944.029208ms)
✔ session restart records unknown prior work without synthesizing historical active or idle time (16410.786041ms)
✔ actual hook entrypoint refuses a foreign payload actor before mutating timing state (3627.545042ms)
✔ actual idle SessionStart preserves cumulative actor word evidence (5738.348167ms)
ℹ tests 20
ℹ suites 0
ℹ pass 20
ℹ fail 0
ℹ cancelled 0
ℹ skipped 0
ℹ todo 0
ℹ duration_ms 215703.272
