coverage-source-edit-gate.test.mjs: ok
✔ normalizePath: empty → empty, relative → posix, outside → abs (1.009416ms)
✔ isAllowlistedPath: empty false, .tmp/ true, scratch true, src false (0.095125ms)
✔ decide: non-gated tool → allow (0.208417ms)
✔ decide: chore-mode → allow bypass (0.334542ms)
✔ decide: allowlisted path → allow (0.132583ms)
✔ decide: no bound issue → block (0.08575ms)
✔ decide: pre-develop state → block state-gate (0.11775ms)
✔ decide: historical On Deck state remains a pre-develop block (0.118875ms)
✔ decide: develop but markers missing → block marker-gate (0.178042ms)
✔ decide: develop + both markers → allow (0.138667ms)
✔ loadBoundIssue: no state file → null (2.422041ms)
✔ loadBoundIssue: numeric active → #N (1.636542ms)
✔ loadBoundIssue: discover/plan sentinels → null (6.422292ms)
✔ cacheFilePath: lands under .ai-task-manager/.cache (0.254333ms)
✔ readCache: missing file → null; write then read → hit (1.963792ms)
✔ readCache: wrong issue → null (3.256291ms)
✔ readCache: stale entry → null (1.860416ms)
✔ fetchIssueSignals: shared exact-project snapshot supplies state and ownership (3.0685ms)
✔ fetchIssueSignals: name shape → canonical state (1.825917ms)
✔ fetchIssueSignals: historical display name and legacy config key map to Ready for Planning (1.826625ms)
✔ resolveIssueSignals: cache miss fetches then warms cache (2.372458ms)
✔ runHook: non-gated tool → allow (0.274167ms)
✔ runHook: no project dir → allow (0.219916ms)
✔ runHook: chore-mode bypass (10.779917ms)
✔ runHook: bound + develop + markers via injected resolve → allow (8.211375ms)
✔ runHook: resolve throws → falls through to refuse pre-develop default (8.6195ms)
✔ runHook: findProjectDir honours env override (3.221375ms)
ℹ tests 27
ℹ suites 0
ℹ pass 27
ℹ fail 0
ℹ cancelled 0
ℹ skipped 0
ℹ todo 0
ℹ duration_ms 85.787458
