✔ defect shape applies bug taxonomy exactly once and leaves legacy shapes unchanged (1.792625ms)
✔ defect shape forwards the governed solo inputs plus defect-specific renderer inputs (0.607334ms)
✔ defect dry-run renders a real User Story, diagnostic sections, and governed lifecycle tail (520.163125ms)
✔ creator and preflight public help advertise the defect shape (487.608417ms)
✔ generated bug form and label workflow use the canonical prefix authority (0.991958ms)
✔ label workflow normalizes internal bug forms through the defect intake adapter (0.416333ms)
✔ web form parser returns normalized named sections (0.433917ms)
✔ web defect normalization maps form fields through the same renderer and stamps Backlog (1.449334ms)
✔ web defect normalization refuses default ACs without honest verifier evidence (380.564875ms)
✔ web normalization is a fixed point and excludes non-bug and beta-report issues (0.243917ms)
✔ shared creation rule maps conversational defect intent to the defect shape (1.72375ms)
✔ full-auto local defects are created before the parent blocker protocol (0.726125ms)
✔ all sanctioned-shape instruction and guard surfaces include defect (2.389666ms)
✔ workflow guide documents defect as a sanctioned local shape (0.392875ms)
ℹ tests 14
ℹ suites 0
ℹ pass 14
ℹ fail 0
ℹ cancelled 0
ℹ skipped 0
ℹ todo 0
ℹ duration_ms 1408.502416
preflight-issue: --user-story-file story-shape-invalid: Use exactly three lines without bullets: As a/an, I want to, So that
