✔ cold retry converges timing after before-effect (2.36175ms)
✔ cold retry converges timing after after-effect-before-response (0.8255ms)
✔ cold retry converges timing after after-response-before-checkpoint (2.7665ms)
✔ cold retry converges estimation after before-effect (0.374042ms)
✔ cold retry converges estimation after after-effect-before-response (0.305125ms)
✔ cold retry converges estimation after after-response-before-checkpoint (0.2785ms)
✔ cold retry converges lifecycle after before-effect (0.48825ms)
✔ cold retry converges lifecycle after after-effect-before-response (0.299ms)
✔ cold retry converges lifecycle after after-response-before-checkpoint (0.306334ms)
✔ cold retry converges board after before-effect (0.359ms)
✔ cold retry converges board after after-effect-before-response (0.382375ms)
✔ cold retry converges board after after-response-before-checkpoint (1.938959ms)
✔ cold retry converges disposition after before-effect (0.543083ms)
✔ cold retry converges disposition after after-effect-before-response (0.604833ms)
✔ cold retry converges disposition after after-response-before-checkpoint (0.541958ms)
✔ cold retry converges issue after before-effect (2.511958ms)
✔ cold retry converges issue after after-effect-before-response (0.313792ms)
✔ cold retry converges issue after after-response-before-checkpoint (0.323917ms)
✔ cold retry converges labels after before-effect (0.21875ms)
✔ cold retry converges labels after after-effect-before-response (0.211958ms)
✔ cold retry converges labels after after-response-before-checkpoint (0.497291ms)
✔ cold retry converges cleanup after before-effect (0.246333ms)
✔ cold retry converges cleanup after after-effect-before-response (0.206875ms)
✔ cold retry converges cleanup after after-response-before-checkpoint (0.213208ms)
✔ pre-close contention refuses effects while a post-completion race is cleanup pending (0.52375ms)
✔ public close dispatcher selects marked synthetic v2 and ignores unmarked v1 (1739.096542ms)
ℹ tests 26
ℹ suites 0
ℹ pass 26
ℹ fail 0
ℹ cancelled 0
ℹ skipped 0
ℹ todo 0
ℹ duration_ms 1762.30625
