✔ tracked invalid override refuses a read-only operational route before normal dispatch (416.335583ms)
✔ invalid catalog refuses before GitHub, lock, or session effects without network skip (16451.366458ms)
✔ dynamic issue-bind route cannot bypass admission (652.251375ms)
✔ direct verb hub refuses invalid guidance before context construction (427.331666ms)
✔ direct verb executables refuse invalid guidance before their own main paths (3433.762ms)
✔ direct verb help-shaped arguments cannot bypass admission (2487.485833ms)
✔ unsupported direct-hub recovery words are admitted as operational (694.105583ms)
✔ session annotation requires a durable issue write, not a zero-exit or local change (0.699416ms)
✔ timing-post observation distinguishes durable issue writes from queued rows (0.229667ms)
✔ package installer refuses invalid guidance before init writes (429.280459ms)
✔ direct support-script path refuses invalid guidance before its own parser (414.647375ms)
✔ guidance validation remains a routed recovery command (569.718958ms)
✔ top-level help remains available while the selected catalog is invalid (408.397542ms)
✔ command help, guidance source, and package version remain effect-free recovery routes (837.357709ms)
✔ admission inventory accounts for every canonical command, alias, and classified executable (118.958666ms)
✔ every registered operational token refuses an invalid catalog (22485.623834ms)
✔ registered runtime status remains available with an invalid guidance catalog (646.944125ms)
✔ every supported direct operational entrypoint refuses an invalid catalog (13570.169333ms)
ℹ tests 18
ℹ suites 0
ℹ pass 18
ℹ fail 0
ℹ cancelled 0
ℹ skipped 0
ℹ todo 0
ℹ duration_ms 64050.451458
