✔ pins all eight immutable #1558 context limits (1.027584ms)
✔ projects the same complete ordered lifecycle for both adapters without replacing frozen evidence (21.860041ms)
✔ classifies expanded known responses as operational output (3.695875ms)
✔ committed paired lifecycle report regenerates from exact captured and frozen bytes (754.906542ms)
✔ v2 heavy presentation retains typed operational dependency values (935.235667ms)
✔ accounts for every raw event byte with disjoint categories and scoped rounding (0.146875ms)
✔ calibrates named lifecycle boundaries from the preserved public CLI capture (351.627792ms)
✔ committed tokenizer calibration regenerates from the exact source capture (290.479291ms)
✔ calibrates raw streams with a named real encoding and keeps proxy separate (273.175ms)
✔ refuses missing or double counted event traffic (0.356792ms)
✔ requires identical scenario and authority identities on both sides (0.344333ms)
✔ does not pass the frozen 14-scenario baseline against the 24-event recertification (1.808917ms)
ℹ tests 12
ℹ suites 0
ℹ pass 12
ℹ fail 0
ℹ cancelled 0
ℹ skipped 0
ℹ todo 0
ℹ duration_ms 2647.410209
