✔ module-relative package source ignores project node_modules and ignored root catalog (127.59925ms)
✔ human explanation exposes closed guidance fields and fingerprints (620.208666ms)
✔ tracked project catalog wholly shadows package, including modified and invalid content (374.697208ms)
✔ untracked project source and tampered package fail without fallback (315.812375ms)
✔ recovery classification is closed and admission does not call effects (150.06825ms)
✔ missing package identity is a named indeterminate failure (36.347666ms)
✔ offline recovery source and validate inspect selected, candidate, and published profiles (802.502ms)
✔ missing release manifest and non-regular override are named failures (35.252917ms)
✔ symlinked package and unsupported virtual or missing source resolve by name (30.441917ms)
✔ a project file outside the asserted Git root is indeterminate, never published (38.586625ms)
✔ actual recovery CLI finds a tracked override from a nested Git directory (203.259208ms)
✔ failed Git-root discovery from a nested directory is indeterminate, not package fallback (174.527542ms)
✔ candidate validation reports untracked activation without rejecting valid content (209.20975ms)
ℹ tests 13
ℹ suites 0
ℹ pass 13
ℹ fail 0
ℹ cancelled 0
ℹ skipped 0
ℹ todo 0
ℹ duration_ms 3125.9125
