✔ body verifier accepts draft prose while retaining the heading: blank (4.609916ms)
✔ body verifier accepts draft prose while retaining the heading: template (0.375167ms)
✔ body verifier compares the expected story payload, including empty drafts (0.873625ms)
✔ verifyIssueBody: canonical body passes (0.508875ms)
✔ verifyIssueBody: requires a complete current-schema User Story (0.29325ms)
✔ verifyIssueBody: requires User Story to be the first H2 section (0.163916ms)
✔ verifyIssueBody: rejects legacy and missing AC verifier declarations (0.2895ms)
✔ verifyIssueBody: missing Scope (0.115541ms)
✔ verifyIssueBody: ## Problem accepted in place of ## Scope (0.185875ms)
✔ verifyIssueBody: missing Story Origin (0.151458ms)
✔ verifyIssueBody: empty or prose-only Story Origin is malformed (0.265958ms)
✔ verifyIssueBody: metadata sections reject nested headings (0.157083ms)
✔ verifyIssueBody: flatness check accepts heading whitespace and CRLF grammar (0.083667ms)
✔ verifyIssueBody: missing Plan Metadata (0.0715ms)
✔ verifyIssueBody: Story Origin must precede Plan Metadata (0.481958ms)
✔ verifyIssueBody: Scope must precede Story Origin (0.123667ms)
✔ verifyIssueBody: DoD present but missing ### Functional subheader (0.100625ms)
✔ verifyIssueBody: DoD present but missing ### Lifecycle subheader (0.084959ms)
✔ verifyIssueBody: missing Acceptance Criteria (0.054292ms)
✔ verifyIssueBody: missing Definition of Done (0.066958ms)
✔ verifyIssueBody: missing Pickup Directive heading (0.065625ms)
✔ verifyIssueBody: malformed Pickup Directive (heading present, Follow line missing) (0.104417ms)
✔ verifyIssueBody: empty body lists every required section (0.053084ms)
✔ verifyIssueBody: tolerates lifecycle marker blocks between sections (0.111958ms)
✔ round-trip: preflight --shape sub-issue output passes verifyIssueBody (407.570791ms)
✔ epic creator handles omitted story before external writes (962.946667ms)
✔ epic creator handles blank story before external writes (726.762041ms)
✔ epic creator handles template story before external writes (488.427208ms)
✔ epic creator handles valid story before external writes (864.1805ms)
✔ epic creator handles malformed story before external writes (1605.076166ms)
✔ epic creator handles administrative story before external writes (489.621625ms)
✔ solo creator handles omitted story before external writes (464.331875ms)
✔ solo creator handles blank story before external writes (480.692375ms)
✔ solo creator handles template story before external writes (571.581083ms)
✔ solo creator handles valid story before external writes (680.607708ms)
✔ solo creator handles malformed story before external writes (835.45375ms)
✔ solo creator handles administrative story before external writes (705.951417ms)
✔ sub-issue creator handles omitted story before external writes (884.608125ms)
✔ sub-issue creator handles blank story before external writes (787.745833ms)
✔ sub-issue creator handles template story before external writes (668.7165ms)
✔ sub-issue creator handles valid story before external writes (499.866709ms)
✔ sub-issue creator handles malformed story before external writes (453.0145ms)
✔ sub-issue creator handles administrative story before external writes (479.721209ms)
✔ defect creator handles omitted story before external writes (493.776458ms)
✔ defect creator handles blank story before external writes (501.861792ms)
✔ defect creator handles template story before external writes (493.456084ms)
✔ defect creator handles valid story before external writes (586.0555ms)
✔ defect creator handles malformed story before external writes (1101.801042ms)
✔ defect creator handles administrative story before external writes (542.826709ms)
✔ create-issue --body-file: refuses non-canonical body with exit 4 (1124.584833ms)
✔ create-issue --body-file --internal + env: bypasses verifier (986.589916ms)
✔ create-issue --body-file --internal without env: still refused (317.215834ms)
✔ create-issue --body-file: canonical body passes verifier and creates issue (710.850042ms)
ℹ tests 53
ℹ suites 0
ℹ pass 53
ℹ fail 0
ℹ cancelled 0
ℹ skipped 0
ℹ todo 0
ℹ duration_ms 19932.478875
