✔ preflight permits unassigned team work through Plan without Full-Auto claiming (589.893541ms)
✔ preflight blocks foreign multiple and lost in-flight ownership (697.916833ms)
✔ reconcile ownership-only preflight blocks foreign ownership but permits drift repair (255.91325ms)
✔ Plan exit Full-Auto defers notice and assignment until the post-guard commit boundary (0.906458ms)
✔ Plan exit always schedules under-lock revalidation for an existing local owner (0.131667ms)
✔ Plan exit refuses stale non-Plan snapshots before and under the issue lock (0.242834ms)
✔ Plan exit under-lock revalidation refuses ownership changed after guard aggregation (0.127583ms)
✔ Plan exit interactive mode prompts with zero assignment mutation (0.117417ms)
✔ interactive Plan revalidation never turns a lost owner into a Full-Auto claim (0.117042ms)
✔ Plan revalidation refreshes authenticated identity under lock (0.15975ms)
✔ Plan exit refuses a foreign or multiple owner before notice or mutation (0.134084ms)
✔ Plan exit commit treats thrown assignment transport as ambiguous despite matching read-back (0.133459ms)
✔ source edits in Develop require the exact singleton local owner (0.567083ms)
✔ foreign-owner source-edit recovery renders an executable issue argument (0.077333ms)
✔ raw gh assignee edits are refused in favor of governed ownership verbs (2.322041ms)
ℹ tests 15
ℹ suites 0
ℹ pass 15
ℹ fail 0
ℹ cancelled 0
ℹ skipped 0
ℹ todo 0
ℹ duration_ms 1559.23675
