✔ production root aliases refuse artifact-contained forged authority before state access (233.222291ms)
✔ production root aliases refuse physical artifact aliases (59.243791ms)
✔ same physical worktree override resolves root from a subdirectory (151.610958ms)
✔ foreign overrides require exact registered admission and conflicting aliases refuse (836.779625ms)
✔ shadowed unsafe aliases never escape validation (192.988458ms)
✔ a marker directory with only HEAD is not a Git identity (13.662541ms)
✔ registered foreign admission is scoped and requires a fresh linked Git worktree (274.806667ms)
✔ an unavailable unrelated registered worktree does not poison a valid root (88.401417ms)
✔ a linked checkout cannot import a main root located under artifacts (116.654292ms)
✔ durable layout separates linked local state from main shared state without creating stores (44.506708ms)
✔ uninitialized durable storage refuses without importing volatile state (26.878916ms)
✔ durable reads validate real queue generations and individual authority fields (89.689292ms)
✔ durable reads refuse corrupt control, unsupported schema and partial publication (90.084417ms)
✔ activated stores require valid records and never recover authority from volatile bytes (266.079541ms)
✔ runtime overrides reject volatile, foreign and physical alias destinations (418.114667ms)
✔ runtime override ancestry checks repeated directory components (66.305167ms)
✔ a dangling control alias refuses before uninitialized-store classification (65.304791ms)
✔ a final runtime record alias refuses even when its target exists (46.929458ms)
ℹ tests 18
ℹ suites 0
ℹ pass 18
ℹ fail 0
ℹ cancelled 0
ℹ skipped 0
ℹ todo 0
ℹ duration_ms 3116.138709
