✔ normal R4P source exit guards refuse an open blocker (1.981459ms)
✔ exit-disabled guard selection omits R4P exit guards but retains Backlog entry guards (1.205875ms)
✔ entry-disabled guard selection retains source exit guards but omits target entry guards (0.822792ms)
▶ Shelve backward guard policy requires the exact authenticated transition signals
  ✔ exact Shelve R4P demotion to Backlog omits only source exit guards (0.107958ms)
  ✔ caller-controlled Shelve context without in-process authority retains the full pipeline (0.077959ms)
  ✔ missing Shelve context retains the full pipeline (0.0475ms)
  ✔ different verb context retains the full pipeline (0.153167ms)
  ✔ missing demote flag retains the full pipeline (0.082959ms)
  ✔ different source retains the full pipeline (0.103958ms)
  ✔ different target retains the full pipeline (0.083208ms)
✔ Shelve backward guard policy requires the exact authenticated transition signals (1.304667ms)
✔ normal forward R4P to Plan still refuses open blockers and parent sequencing (1.220625ms)
✔ caller-controlled Shelve environment cannot omit R4P exits without in-process authority (0.776625ms)
✔ default Shelve mover supplies the opaque in-process guard authority (0.261209ms)
ℹ tests 14
ℹ suites 0
ℹ pass 14
ℹ fail 0
ℹ cancelled 0
ℹ skipped 0
ℹ todo 0
ℹ duration_ms 14.740333
