✔ case (a): Edit refused in Backlog state (1.092375ms)
✔ case (a) variants: refine + plan also refused (0.1445ms)
✔ case (b): Edit refused in Develop without both deep-dive markers (0.423459ms)
✔ case (c): Edit permitted in Develop with both markers stamped (0.129916ms)
✔ case (c) variants #805: test/review/done REFUSE WRITE_CODE despite markers (1.117583ms)
✔ case (d): Edit on `.tmp/**` permitted regardless of state (0.102917ms)
✔ case (e): chore-mode active → arbitrary path Edit permitted (0.066916ms)
✔ NotebookEdit is gated (same as Edit/Write) (0.07275ms)
✔ non-gated tools always allowed (0.117333ms)
✔ no bound issue + not chore-mode + non-allowlisted path → block (0.1175ms)
✔ normalizePath converts absolute paths to project-relative POSIX (0.083291ms)
✔ isAllowlistedPath matches every documented prefix (0.077625ms)
✔ ALLOWLIST_PREFIXES is the documented set (0.379875ms)
✔ runHook returns allow when project-dir cannot be found (0.398541ms)
✔ runHook blocks in backlog state via injected signal resolver (0.27ms)
✔ runHook bypasses entire signal fetch when chore-mode is active (0.165625ms)
✔ runHook tolerates signal fetch failure (falls through to decide) (0.169875ms)
✔ runHook allowlists scratch without needing a bound issue or signals (0.088875ms)
✔ native apply_patch envelope classifies every target with ordinary source-edit rules (0.385083ms)
✔ malformed native apply_patch envelope fails closed before ordinary allowances (0.137458ms)
✔ #658: fetchIssueSignals detects the ts="..." property grammar (109.265458ms)
✔ #658: fetchIssueSignals still detects the legacy colon grammar (42.935375ms)
✔ #658: fetchIssueSignals reads false when neither grammar is present (43.921833ms)
✔ Plan artifact authoring is independent of ownership; scripts and source remain gated (0.30825ms)
✔ installed guard targets refuse before chore and scratch exits (0.0825ms)
✔ target ancestry refuses an alias through an installed guard tree (30.623459ms)
✔ Plan source-edit hook accepts owned Markdown from observed worktree (50.825458ms)
✔ bound backlog draft permits documents across ownership while source stays gated (0.289625ms)
✔ bound refine draft permits documents across ownership while source stays gated (0.053834ms)
✔ bound ready-for-plan draft permits documents across ownership while source stays gated (0.04475ms)
ℹ tests 30
ℹ suites 0
ℹ pass 30
ℹ fail 0
ℹ cancelled 0
ℹ skipped 0
ℹ todo 0
ℹ duration_ms 288.647125
