▶ hybrid affected-test selection
  ✔ selects direct and transitive static-import consumers with explanations (1086.493792ms)
  ✔ always includes changed and newly discovered tests (409.361667ms)
  ✔ maps changed fixture helpers through the import graph (370.749708ms)
  ✔ keeps the basename mapper as a compatibility signal (376.909083ms)
  ✔ expands manifest globs and retains duplicate selection reasons (372.69725ms)
  ✔ lane escalation selects complete declared lanes conservatively (453.519291ms)
  ✔ checked-in manifest escalates every shared verification authority (2809.162042ms)
  ✔ records a no-impact explanation for every otherwise-unmatched path (384.836125ms)
  ✔ a deleted test escalates its former lane instead of disappearing (398.081458ms)
  ✔ an otherwise-unmapped deleted source escalates every lane conservatively (384.113417ms)
✔ hybrid affected-test selection (7047.001ms)
▶ manifest fail-closed validation
  ✔ rejects schema (0.41875ms)
  ✔ rejects escaping source (0.114625ms)
  ✔ rejects unknown lane (0.080375ms)
  ✔ rejects empty reason (0.074958ms)
  ✔ rejects unmatched test glob (438.274ms)
✔ manifest fail-closed validation (439.120208ms)
▶ checked-in current-tree selection
  ✔ #1413: every literal checked-in manifest test path exists (0.289542ms)
  ✔ a test content edit selects itself and the current-tree guard (147.490334ms)
  ✔ a deleted integration test selects the current-tree guard and retains its former lane (36.706459ms)
  ✔ a rename selects the current-tree guard while the old path retains lane escalation (31.157083ms)
  ✔ the current tree baseline selects the current-tree guard (29.294125ms)
✔ checked-in current-tree selection (245.175708ms)
ℹ tests 20
ℹ suites 3
ℹ pass 20
ℹ fail 0
ℹ cancelled 0
ℹ skipped 0
ℹ todo 0
ℹ duration_ms 7738.369708
