✔ runtime persists incomplete outcome with canonical Test proof then reuses it after valid close tail (26.576333ms)
✔ incomplete runtime refuses missing or wrong-head Test proof and wrong forecast (0.723542ms)
✔ closed actor engagement before Develop is not dropped from completion totals (2.765459ms)
✔ Close accepts unknown totals only through real canonical runtime verification (4.558625ms)
✔ Close refuses caller unavailable flags, wrong linkage and failed verification (2.79275ms)
✔ Close rechecks explicit incomplete projection despite stale numeric fields and preserves marker failures (2.232041ms)
✔ Close rejects changed canonical source and ambiguous outcome records on retry (9.583083ms)
✔ forecast-free mixed actor history produces durable legacy-none evidence without inventing a forecast (4.039667ms)
✔ forecast-free eligibility refuses malformed or partial adaptive claims and absent Test proof (0.456166ms)
✔ legacy Plan approval without any forecast claim remains eligible for legacy-none (1.767166ms)
✔ genuine forecast-free issue-resident delivery carries no invented Test command (2.347792ms)
✔ legacy-none refuses a concurrent forecast after immutable outcome publication (1.851334ms)
✔ resident delivery refuses wrong receipt identity or missing accepted heads (0.990333ms)
✔ real Git issue-resident lanes prove zero issue commits without an invented sandbox (179.222584ms)
ℹ tests 14
ℹ suites 0
ℹ pass 14
ℹ fail 0
ℹ cancelled 0
ℹ skipped 0
ℹ todo 0
ℹ duration_ms 242.769209
