✔ source issue with children retains its own frozen forecast and exact Test lane (20.338834ms)
✔ fresh delivery kind must match the body used to select forecast and accounting (1.450459ms)
✔ parent-approved cascade reaches lawful child Close through fresh authority and immutable telemetry (13.945458ms)
✔ docs-only telemetry preserves genuine lint/format and recorded test lane skips (3.468208ms)
✔ explicit predecessor correction preserves old bytes and refuses changed original timing evidence (9.615208ms)
✔ immutable predecessor v2 retries its original contract without fabricating v3 proof (5.485333ms)
✔ root epic local-trunk timing uses its actual completed burn receipt and empty parent Test commands (4.076458ms)
✔ outcome publication revalidates actual delivery authority after immutable write (1.649666ms)
✔ child resident runtime preserves existing no-provider delivery with exact Test and posted deliverable (1.658125ms)
✔ child runtime couples actual lineage evidence with exact source Test proof and fresh retry (190.184ms)
✔ skipped child wrapper without fresh lineage cannot become delivered timing authority (0.686042ms)
✔ root epic runtime consumes freshly verified merged receipt with empty parent Test commands (6.622292ms)
✔ no-commit proof rejects another checkout head and any issue-attributed commits (114.961375ms)
ℹ tests 13
ℹ suites 0
ℹ pass 13
ℹ fail 0
ℹ cancelled 0
ℹ skipped 0
ℹ todo 0
ℹ duration_ms 377.262708
