✔ reviewNeedsAgentReview is true only for review + no pass evidence (0.822458ms)
✔ reviewNeedsAgentReview is false for a complete review (0.112125ms)
✔ reviewNeedsAgentReview is false for any non-review state (0.098459ms)
✔ formatReviewRemediationHint names /task review and warns against demote (0.278625ms)
✔ formatReviewRemediationHint distinguishes the review-failed cause (196.065791ms)
✔ reviewRemediationHint returns null when the hint does not apply (271.99975ms)
▶ verbResume review-remediation hints
  ✔ verbResume prints the review-remediation hint when the seed attaches one (5109.022375ms)
  ✔ verbResume stays silent when the seed attaches no hint (4586.350458ms)
✔ verbResume review-remediation hints (9702.281333ms)
ℹ tests 8
ℹ suites 1
ℹ pass 8
ℹ fail 0
ℹ cancelled 0
ℹ skipped 0
ℹ todo 0
ℹ duration_ms 10478.214666
[task-tracker] WARN: configuration is missing 11 known project field id(s): Blocked By (cfg.fieldBlockedBy), Start Time (cfg.fieldStartTime), Engaged (cfg.fieldEngagedTime), Session (cfg.fieldSessionTime), Review (cfg.fieldReviewTime), Plan (cfg.fieldPlanTime), Estimate (cfg.fieldEstimate), Rank (cfg.fieldRank), Size (cfg.sizeFieldId), Priority (cfg.priorityFieldId), Status (cfg.kanbanFieldId). Some board mirrors will be skipped. Re-run `scripts/gh/init-project-config.sh` to discover and persist them.
[dependency-disposition] #935: binding remains active; retry dependency projection (dependency-disposition:config)
[dependency-disposition] #936: binding remains active; retry dependency projection (dependency-disposition:config)
