✔ preflight shows delivery revisions but evaluates only ordinary policy (21.214792ms)
✔ preflight discloses expired delivery grants as blocked without writes (2.007334ms)
✔ arguments require one explicit issue and explicit supported target (0.366708ms)
✔ public command routing stays explicit and bypasses binding preflight (0.135042ms)
✔ preflight aggregates current blockers, future evidence, external unknowns, and authority provenance (1.454458ms)
✔ external uncertainty is indeterminate while complete evidence is conditionally compatible (0.684666ms)
✔ authority revision reporting derives superseded disposition from the validated chain (1.894125ms)
✔ snapshot read failures retain the complete indeterminate report schema in both views (0.347166ms)
✔ an empty dependency snapshot satisfies the current dependency invariant (0.430833ms)
✔ preflight treats documented automatic plan authorization as satisfied, not waived (0.856917ms)
✔ production runtime derives ownership, binding, and state-contiguity evidence read-only (0.633875ms)
✔ workflow exception show remains read-only and does not resolve or append authority (2.731958ms)
ℹ tests 12
ℹ suites 0
ℹ pass 12
ℹ fail 0
ℹ cancelled 0
ℹ skipped 0
ℹ todo 0
ℹ duration_ms 37.772042
