▶ parseTestFiles
  ✔ returns empty array for empty diff output (0.737291ms)
  ✔ returns empty array for whitespace-only output (0.077625ms)
  ✔ parses a single test file (0.10825ms)
  ✔ parses multiple test files and strips surrounding whitespace (0.061916ms)
  ✔ ignores blank lines in the middle of output (0.065042ms)
✔ parseTestFiles (1.75975ms)
▶ buildTestCommands
  ✔ maps each file to a node --test invocation (0.089791ms)
  ✔ returns empty array for empty file list (0.063375ms)
✔ buildTestCommands (0.24325ms)
▶ mergeTestFiles (C2 — source-to-unit-test merge)
  ✔ returns direct list when no discovered tests (0.194292ms)
  ✔ appends discovered tests after direct changes (0.095042ms)
  ✔ deduplicates when a discovered test is already in direct list (0.207333ms)
  ✔ direct list order is preserved; discovered appended (0.08025ms)
  ✔ returns empty when both lists are empty (0.078458ms)
✔ mergeTestFiles (C2 — source-to-unit-test merge) (0.9195ms)
▶ collectTestFiles (#855 — untracked test files must not be skipped)
  ✔ discovers a brand-new, never-`git add`-ed *.test.mjs file (168.044542ms)
  ✔ excludes an untracked *.test.mjs file under a .gitignore-d path (179.997708ms)
  ✔ runs a tracked, modified test file exactly once (no duplicate from the untracked union) (119.198375ms)
  ✔ unions a tracked-modified file with a new untracked file, deduplicated (115.282792ms)
  ✔ a discovered untracked test file that fails makes `node --test` exit non-zero (249.032ms)
  ✔ returns empty array in a repo with no test files at all (98.511834ms)
✔ collectTestFiles (#855 — untracked test files must not be skipped) (930.357875ms)
▶ collectChangedPaths (#1089 — deleted and renamed paths stay visible)
  ✔ includes a deleted tracked source path (99.855458ms)
  ✔ includes both the old and new sides of a tracked rename (119.553ms)
✔ collectChangedPaths (#1089 — deleted and renamed paths stay visible) (219.5385ms)
▶ empty-change semantics
  ✔ empty diff produces no-op — exit early without running node --test (0.114958ms)
✔ empty-change semantics (0.16725ms)
▶ main-module guard (#867 — import has no side effects)
  ✔ importing the module in a child process runs no gate step and exits fast (138.665167ms)
  ✔ isMainModule() returns false when the module is imported (0.230458ms)
✔ main-module guard (#867 — import has no side effects) (138.966ms)
▶ stage-aware command plans (#1089)
  ✔ iteration scopes autofix and format to changed paths (0.263084ms)
  ✔ iteration never plans full lint or complete test lanes (0.07525ms)
  ✔ finalization owns full lint and format-check exactly once (0.077375ms)
✔ stage-aware command plans (#1089) (0.469458ms)
▶ runDevelopVerification (#1089)
  ✔ iteration runs scoped checks plus selected tests without any complete lane (0.748958ms)
  ✔ iteration excludes deleted and rename-old paths from fixers but keeps impact inputs (0.146959ms)
  ✔ fails closed when a non-empty non-JavaScript change plans no command (#1250) (0.078416ms)
  ✔ treats an empty changeset as the only green zero-command outcome (#1250) (0.060625ms)
  ✔ runs declared steps in order and preserves their audit metadata (#1250) (0.477083ms)
  ✔ validates the whole declaration before spawning and stops at first red (#1250) (0.2145ms)
  ✔ runs explicit project-provider iteration steps with stable kinds (#1218) (0.290417ms)
  ✔ runs the project provider final floor and records provider identity (#1218) (0.382541ms)
  ✔ refuses an invalid project provider before spawning any Develop step (#1218) (0.077375ms)
  ✔ reports the declared kind on first red and aborts later project steps (#1218) (0.115625ms)
  ✔ finalization requires clean committed state and returns a receipt (0.126292ms)
  ✔ finalization refuses a dirty starting tree before spawning commands (0.060333ms)
  ✔ finalization refuses when a command changes tracked files (0.085666ms)
✔ runDevelopVerification (#1089) (3.063584ms)
▶ full lint covers spell/markdown gates (#529 multiset regression)
  ✔ package.json `lint` chains `lint:spell` (0.091292ms)
  ✔ package.json `lint` chains `lint:md` (0.042916ms)
  ✔ `lint:spell` invokes cspell over source + markdown (0.037208ms)
  ✔ Develop finalization runs the same full `npm run lint` that includes lint:spell (0.077792ms)
✔ full lint covers spell/markdown gates (#529 multiset regression) (0.320083ms)
ℹ tests 43
ℹ suites 10
ℹ pass 43
ℹ fail 0
ℹ cancelled 0
ℹ skipped 0
ℹ todo 0
ℹ duration_ms 1306.765167
