✔ AC1: `aitm` and `aitm help` print a grouped, names-only registry (919.994292ms)
✔ AC2: verb delegation passes the child exit code through unchanged (943.588583ms)
✔ AC3: `aitm <script-name>` routes to the exposed standalone script (420.052167ms)
✔ doctor is a standalone script and never a task-tracker verb (266.723083ms)
✔ dispatcher delegates with the action-capture environment for the selected command (1.236291ms)
✔ AC4: help/? forward to the target which self-documents (505.927375ms)
✔ AC5: move-state is excluded with a documented rationale (0.196708ms)
✔ AC6: plumbing scripts are excluded and carry a do-not-invoke header (2.546ms)
✔ AC7: every exposed script self-documents on help (3263.147125ms)
✔ AC8: docs do not instruct direct node_modules script invocation (10.456ms)
✔ AC9: package.json registers the aitm bin at bin/aitm.mjs (0.432666ms)
✔ registry REPO_ROOT matches the test-derived root (9.175ms)
ℹ tests 12
ℹ suites 0
ℹ pass 12
ℹ fail 0
ℹ cancelled 0
ℹ skipped 0
ℹ todo 0
ℹ duration_ms 6355.004041
