✔ shaFreshGate: marker absent / HEAD unresolved → no-marker & no-head blockers (0.823666ms)
✔ shaFreshGate: stale marker, commitsSince throws → best-effort blocker without extras (0.148875ms)
✔ shaFreshGate: stale marker, >8 new commits → list truncates with +overflow (0.091458ms)
✔ chainIntegrityGate: legacy grammar full chain → passes (1.095958ms)
✔ issueDirtyGate: missing cfg / issueNumber throw (0.333541ms)
✔ issueDirtyGate: listComments throws → close-dirty-comments-fetch-failed (0.087292ms)
✔ issueDirtyGate: filesForSha throws for one sha → best-effort skip, still clean (0.343834ms)
✔ issueDirtyGate: dirtyFiles throws → close-dirty-git-status-failed (0.242959ms)
✔ commitsOnTrunkGate: missing cfg / issueNumber throw (0.18325ms)
✔ commitsOnTrunkGate: no trail / empty marker → graceful skips (0.148667ms)
✔ commitsOnTrunkGate: listComments throws → close-trunk-comments-fetch-failed (0.093375ms)
✔ commitsOnTrunkGate: trunk ref unresolved → close-trunk-ref-unresolved (116.589084ms)
✔ commitsOnTrunkGate: attributed commit on trunk → passes with trunkRef (51.9855ms)
✔ commitsOnTrunkGate: no attributed commit on trunk → close-no-attributed-commit-on-trunk (48.713625ms)
✔ commitsOnTrunkGate: attribution lookup throws → close-trunk-attribution-failed (62.756625ms)
✔ runCloseGates: getHeadSha throws → close-head-resolve-failed in blockers (0.69475ms)
✔ runCloseGates: chain hole → chainIntegrityGate blockers propagate (0.266791ms)
✔ runCloseGates: no attributed commit on trunk blocks close (7.400416ms)
✔ runCloseGates: lineageDoneGate throws → close-lineage-gate-error caught (3.372167ms)
✔ runCloseGates: issueDirtyGate throws → close-dirty-gate-error caught (3.323333ms)
✔ runCloseGates: dirty touched file blocks close; clean deps → ok (5.579791ms)
✔ commitsOnTrunkGate: cfg.trunkRef short-circuits defaultResolveTrunkRef (133.919833ms)
✔ commitsOnTrunkGate: default trunk-ref resolution + default attributingCommits (real git) (164.431667ms)
✔ issueDirtyGate: default filesForSha + dirtyFiles (real git) on HEAD (110.033917ms)
✔ runCloseGates: default getHeadSha (real git) resolves HEAD (8.832875ms)
ℹ tests 25
ℹ suites 0
ℹ pass 25
ℹ fail 0
ℹ cancelled 0
ℹ skipped 0
ℹ todo 0
ℹ duration_ms 725.278208
