✔ normalized timing identity deduplicates exact events but admits later timestamps (2201.0095ms)
✔ timestamp-less lifecycle events remain runnable instead of becoming session-global duplicates (854.29425ms)
✔ stamp write failure skips the timing flush and fails closed (211.37675ms)
✔ SessionStart: no active and no paused → "No active task." (511.768375ms)
✔ SessionStart: no active, lastActive present but no fleet entry → "No active task." (554.645125ms)
✔ SessionStart: discover bucket active → "Discovery bucket active." (507.332208ms)
✔ SessionStart: active task with stale entryStartTs → recovery banner (1537.429833ms)
✔ SessionStart: active task with no entryStartTs → active banner, no recovery time (623.375959ms)
✔ SessionStart banks an open session cursor tail exactly once (2764.991625ms)
✔ SessionStart orphan recovery rows use the freshly banked marker pair (1729.382209ms)
✔ PreCompact: active with entryStartTs → flush path runs (exit 0) (742.430875ms)
✔ PreCompact: bound-but-paused (no entryStartTs) → early return (#407) (572.42675ms)
✔ PreCompact: nothing active → early return (305.627666ms)
✔ PostCompact: active → resume row path (exit 0) (346.849834ms)
✔ PreCompact/PostCompact rows advance durable primary and full markers from the prior cursor (1222.138959ms)
✔ PostCompact banks a tail preserved by an unavailable PreCompact exactly once (1393.624333ms)
✔ PostCompact: nothing active → early return (301.591833ms)
✔ malformed stdin → JSON.parse catch, no handler dispatched, exit 0 (196.414958ms)
✔ unknown event → no handler dispatched, exit 0 (192.925417ms)
ℹ tests 19
ℹ suites 0
ℹ pass 19
ℹ fail 0
ℹ cancelled 0
ℹ skipped 0
ℹ todo 0
ℹ duration_ms 16801.952584
