coverage-close.test.mjs: defined
✔ no active task (313.125542ms)
✔ discover bucket → discarded (496.496125ms)
✔ target adopted into empty state → Closed (830.328458ms)
✔ convergence close-issue: board Done + issue OPEN → gh close (997.544416ms)
✔ convergence close-issue: outcome failure leaves the issue OPEN and active (348.051208ms)
✔ convergence close-issue: disposition failure leaves issue OPEN and active (307.934ms)
✔ convergence close-issue: gh close fails → exit 1 (325.869042ms)
✔ convergence noop + boardDrift: issue CLOSED, board behind → converge (774.966792ms)
✔ convergence noop + boardDrift: move fails + board not Done → exit 1 (290.697667ms)
✔ convergence noop, no drift: issue CLOSED + board Done → already closed (834.968417ms)
✔ happy tail: approval marker present → emitted, Closed (708.773667ms)
✔ happy tail: Full-Auto default records review approval without a prior marker (713.101041ms)
✔ happy-tail candidate refuses close when terminal timing is only queued (277.831083ms)
✔ final move non-benign failure + board not Done → exit 1 (282.479959ms)
✔ offline final move cannot verify board Done → refuses non-benign failure (266.369542ms)
✔ dirty + CI headless, no --answer → exit 5 (328.028791ms)
✔ dirty + --answer cancel → left in Review (313.681458ms)
✔ dirty + --answer yes → refuse, exit 6 (308.853958ms)
✔ dirty + invalid --answer → exit 1 (303.667375ms)
✔ dirty + interactive (no CI, no answer) → PROMPT_REQUIRED (417.71375ms)
✔ dirty + --answer no → audit row, continues to Closed (1129.288167ms)
✔ gate-eval failure, no --force → fail-closed exit 3 (297.439125ms)
✔ --force: gate-eval throw swallowed → cascade + close pipeline → Closed (1265.74375ms)
✔ cascade: disposition failure leaves child and parent OPEN and active (308.440083ms)
✔ cascade: outcome failure leaves child in Review and parent OPEN and active (288.513625ms)
✔ cascade: queued terminal timing leaves child in Review and retains evidence for retry (285.016ms)
✔ cascade: each child outcome uses its own resolved worktree (1064.369542ms)
✔ assertFieldsPersisted: aitm-fields marker missing → throws (308.138875ms)
✔ assertFieldsPersisted: engagedTime null → throws (279.049459ms)
✔ assertFieldsPersisted: body re-read fails → throws (283.274917ms)
✔ tickLifecycleOnClose: ticks story-closed + timing-flushed via mutate (0.326959ms)
✔ tickLifecycleOnClose: mutate throws → best-effort swallow (1505.25675ms)
✔ nested fixture state never reads or clears its isolated parent session (4221.638709ms)
ℹ tests 33
ℹ suites 0
ℹ pass 33
ℹ fail 0
ℹ cancelled 0
ℹ skipped 0
ℹ todo 0
ℹ duration_ms 20685.667917
⚠ lifecycle-tick best-effort failed: boom
