orchestrators.test.mjs: ok
✔ move-state: agent-context call (no env, no TTY) is refused with exit 3 (157.416542ms)
✔ move-state: chokepoint call (AITM_INTERNAL=1) moves and prints confirmation (307.353708ms)
✔ move-state: illegal matrix transition is refused with exit 5 (147.985917ms)
✔ move-state: valid forward transition (refine → ready-for-plan) succeeds (345.728084ms)
✔ promote: recorded=done is terminal-refused (forward-only) (2.087583ms)
✔ promote: board/recorded divergence is drift-refused with both states (0.159083ms)
✔ promote: no recorded marker and no live board item is an error (0.231583ms)
✔ promote: unknown recorded state is an error (0.135291ms)
✔ promote: delegate-timeout policy — test gets none, close gets a bounded budget (0.115666ms)
✔ close: no active task and no target prints "no active task" and does nothing (123.273334ms)
✔ close: an active review issue runs the terminal done move after the wrap rows (276.640209ms)
ℹ tests 11
ℹ suites 0
ℹ pass 11
ℹ fail 0
ℹ cancelled 0
ℹ skipped 0
ℹ todo 0
ℹ duration_ms 1365.908709
