▶ buildPlanMetadataBackfill Story Origin migration (#892)
  ✔ moves legacy provenance into Story Origin and preserves planning fields and markers (2.036375ms)
  ✔ merges missing provenance into an existing Story Origin without overriding it (0.25825ms)
  ✔ replaces empty Story Origin placeholders with populated legacy values (0.136041ms)
  ✔ replaces comment-only Story Origin placeholders with populated legacy values (0.203375ms)
  ✔ removes an entire multiline Story Origin placeholder when restoring a legacy value (0.1305ms)
  ✔ removes an entire multiline legacy provenance placeholder from Plan Metadata (0.22025ms)
  ✔ skips a clean split body byte-for-byte (0.094417ms)
  ✔ skips a body without Plan Metadata (0.079459ms)
  ✔ is idempotent after relocating legacy provenance (0.128667ms)
  ✔ preserves values from legacy colon-inside-bold provenance labels (0.128542ms)
  ✔ inserts a populated Story Origin when legacy Plan Metadata has no provenance (0.142834ms)
  ✔ derives a missing Story Origin kind from the authoritative issue-kind marker (0.110875ms)
  ✔ relocates an existing Story Origin immediately before Plan Metadata (0.148958ms)
  ✔ migrates the legacy canonical Parent epic relationship as parent (0.101417ms)
✔ buildPlanMetadataBackfill Story Origin migration (#892) (4.884459ms)
ℹ tests 14
ℹ suites 1
ℹ pass 14
ℹ fail 0
ℹ cancelled 0
ℹ skipped 0
ℹ todo 0
ℹ duration_ms 14.179542
