coverage-heal-entry-markers.test.mjs: ok
✔ checkOnlyExitCode: error precedence, plan, clean (0.631625ms)
✔ stripStageMarkers removes entry + legacy/new audit markers (1.019209ms)
✔ #1206: stripStageMarkers does not rewrite historical second-stage audit bytes (0.3915ms)
✔ detectIllegalArcs: <2 markers empty; legal chain empty; illegal flagged (0.652708ms)
✔ outOfOrderHealableStages flags a stage newer than a later stage (0.135834ms)
✔ backlogCreatedAtFallback: bumps refine when it collides; throws on bad createdAt (1.405917ms)
✔ planStageHeal: backfill for missing entry with a later marker (0.411ms)
✔ planStageHeal: restamp for out-of-order entry (0.145958ms)
✔ planStageHeal: audit-only for present-but-unaudited entry (0.221791ms)
✔ planStageHeal: skip when unparseable entry ts (property-grammar form) (0.872125ms)
✔ planStageHeal: backlog createdAt fallback when refine sits at createdAt (0.17725ms)
✔ planStageHeal: non-backlog with no feasible interval rethrows (0.090459ms)
✔ planStageHeal: skip when nothing to heal (0.082958ms)
✔ fetchOpenIssues maps numbers to strings via stub gh (0.200541ms)
✔ fetchIssue returns parsed JSON via stub gh (0.072958ms)
✔ writeBody writes a temp file, edits, and unlinks (unlink error swallowed) (0.142833ms)
✔ postComment shells gh issue comment (0.067791ms)
✔ healOne: skip when body is a clean audited chain (0.441291ms)
✔ healOne: dry-run returns plan without writing (0.193084ms)
✔ #1206: apply preserves an out-of-order historical second-stage marker byte-for-byte (0.125625ms)
✔ healOne: apply writes body + posts comment (0.834792ms)
✔ healOne: apply restamp path (out-of-order) rewrites body (0.264333ms)
✔ healOne: illegal-arcs only (no heals) reported (0.179208ms)
✔ main: --apply and --check-only are mutually exclusive → exit 2 (0.425834ms)
✔ main: dry-run over explicit issues prints all result branches (0.186209ms)
✔ main: apply prints applied, and healOne throw becomes error (0.152625ms)
✔ main: no explicit issues scans open issues via fetchOpenIssues (0.078292ms)
✔ main: --check-only exits with checkOnlyExitCode (0.074708ms)
ℹ tests 28
ℹ suites 0
ℹ pass 28
ℹ fail 0
ℹ cancelled 0
ℹ skipped 0
ℹ todo 0
ℹ duration_ms 18.191167
