coverage-migrate-fields-encoding.test.mjs: ok
✔ transformBody: legacy fence → migrated to single-line aitm-fields (2.926875ms)
✔ transformBody: single new-encoding block → no-op (0.115292ms)
✔ transformBody: legacy block with invalid fence → unchanged w/ reason (0.1175ms)
✔ fetchBody: returns gh stdout body (0.113292ms)
✔ writeBody: mkdtemp + write + gh edit + rm cleanup (0.21075ms)
✔ scanOpenIssues: parses gh search json → numbers (0.506625ms)
✔ scanOpenIssues: gh failure → [] with err note (0.13925ms)
✔ migrateOne: no change → reports, no write (0.127375ms)
✔ migrateOne: dry-run → would-migrate, no write (0.140667ms)
✔ migrateOne: live → writes migrated body (0.165875ms)
✔ main: missing repo → err + exit 2 (0.197292ms)
✔ main: no targets → usage + exit 2 (0.170792ms)
✔ main: explicit numbers + --scan union, migrateOne per target, error captured (0.775875ms)
ℹ tests 13
ℹ suites 0
ℹ pass 13
ℹ fail 0
ℹ cancelled 0
ℹ skipped 0
ℹ todo 0
ℹ duration_ms 15.042333
