✔ row builders preserve unavailable estimates and explicit current actor interval (17.298334ms)
✔ first attributed flush keeps own word delta after larger unrelated legacy cursor (1.640333ms)
✔ different actors may start independently and immutable replay appends only once (0.555958ms)
✔ queue freezes original evidence before failed publication and never reattributes it (0.360667ms)
✔ builder second-resolution timestamp retains exact millisecond interval for accounting (0.73775ms)
✔ whole-issue terminal suppression remains unconditional for attributed rows (0.687292ms)
✔ same interval with a different lifecycle event is a conflict, not a dropped replay (1.042375ms)
✔ canonical timing source requires a complete unambiguous issue comment census (0.523583ms)
✔ canonical timing source ignores quoted heading mentions in unrelated records (0.164791ms)
✔ attributed publication reconciles ambiguous success against canonical exact-row replay (1.131292ms)
✔ attributed publication refuses ambiguous census and unobserved writes (0.681458ms)
✔ attributed creation requires fresh unique canonical identity and matching issue (0.830416ms)
ℹ tests 12
ℹ suites 0
ℹ pass 12
ℹ fail 0
ℹ cancelled 0
ℹ skipped 0
ℹ todo 0
ℹ duration_ms 30.639458
