▶ AC1: dod:kinds annotation grammar + default
  ✔ parses exclude / include and returns null for unannotated lines (1.314833ms)
  ✔ unannotated item applies to every kind (documented default) (0.142167ms)
  ✔ exclude renders for all-but-listed; include renders only-if-listed (0.100292ms)
✔ AC1: dod:kinds annotation grammar + default (2.458083ms)
▶ AC3: template annotation is scoped to the tests + split commits items
  ✔ tests + kind-split commits lines carry annotations; lint/acs/checkboxes stay kind-agnostic (0.996583ms)
  ✔ packaged and runtime DoD templates are byte-identical (0.244542ms)
✔ AC3: template annotation is scoped to the tests + split commits items (1.425459ms)
▶ AC2/AC7: preflight filters DoD + derived VC by kind
  ✔ code (default) renders the tests item AND its two-lane verification commands (229.160542ms)
  ✔ spike omits the tests item AND drops its derived test commands (211.582041ms)
  ✔ research omits the tests item AND drops its derived test commands (221.188875ms)
✔ AC2/AC7: preflight filters DoD + derived VC by kind (662.560625ms)
▶ AC4: check/close enumeration is body-derived; no phantom key
  ✔ filtered spike DoD has no `tests` key from parseFunctionalDodKeys (1.452875ms)
  ✔ code DoD still enumerates the `tests` key (0.224083ms)
✔ AC4: check/close enumeration is body-derived; no phantom key (1.81525ms)
▶ AC6: code-kind back-compat
  ✔ filterDodForKind drops only the epic-only derived-trail line for the code kind (0.142125ms)
  ✔ default output === explicit --kind code output, for each shape (1302.921459ms)
✔ AC6: code-kind back-compat (1303.308916ms)
▶ AC5: documentation ships
  ✔ both DoD templates carry an inline comment explaining the annotation (0.294666ms)
  ✔ functional-dod.md documents syntax, precedence, and rationale (1.206209ms)
✔ AC5: documentation ships (1.6525ms)
ℹ tests 14
ℹ suites 6
ℹ pass 14
ℹ fail 0
ℹ cancelled 0
ℹ skipped 0
ℹ todo 0
ℹ duration_ms 1976.612459
