✔ acKeyForLabel is 8 hex chars and deterministic (1.173917ms)
✔ acKeyForLabel strips aitm-verified cmd="..." and aitm-ac-evidence before hashing (0.101ms)
✔ parseEvidenceAcs returns only verified AC lines with commands + key (1.246416ms)
✔ parseEvidenceAcs ignores plain criteria with no aitm-verified declaration (0.2185ms)
✔ parseEvidenceAcs recognizes a migrated consolidated aitm-verified declaration (#391) (0.332625ms)
✔ parseEvidenceAcs reads cmd + proof from a single combined aitm-verified marker (#481) (0.12725ms)
✔ stampAcEvidenceMarker upserts run-props onto the single marker, idempotently (0.550125ms)
✔ stampAcEvidenceMarker records run-props on the single aitm-verified marker (#481) (0.156833ms)
✔ parseAcEvidence reads the new fully-quoted form (#379) (0.099833ms)
✔ parseAcEvidence still reads the legacy half-quoted colon form (#379 back-compat) (0.123542ms)
✔ stampAcEvidenceMarker preserves a declaration with an embedded double-quote (#481) (0.135042ms)
✔ stampAcEvidenceMarker strips a legacy sibling and records on the single marker (#481) (0.146958ms)
✔ stampAcEvidenceMarker throws when label has no evidence-bearing AC (0.277083ms)
✔ parseAcEvidence reads back a stamped marker (0.06425ms)
✔ gateEvidenceTick refuses unticked verified AC with no stamp (0.149125ms)
✔ gateEvidenceTick passes once the AC is stamped (0.089ms)
✔ gateEvidenceTick passes an already-ticked verified AC (unticking allowed) (0.050083ms)
✔ gateEvidenceTick passes a plain AC with no verifier (0.054875ms)
✔ gateEvidenceTick leaves the Functional DoD path intact (regression) (0.49075ms)
✔ #443 reproduces the #429 refusal — non-standard AC command missing from Verification Commands (0.386833ms)
✔ #443 stampAcEvidenceAndReconcile clears the refusal and keeps the AC marker (0.4045ms)
✔ #443 stampAcEvidenceAndReconcile is idempotent — no duplicate VC entry on re-run (0.231667ms)
✔ #443 reconcile scopes to the stamped AC — an unrelated AC gap is left untouched (0.124667ms)
ℹ tests 23
ℹ suites 0
ℹ pass 23
ℹ fail 0
ℹ cancelled 0
ℹ skipped 0
ℹ todo 0
ℹ duration_ms 11.033583
