✔ a refusing guard cannot return an empty refusal collection (1.073583ms)
✔ a successful guard cannot carry a refusal (0.137541ms)
✔ a successful guard cannot carry malformed refusals (0.1265ms)
✔ a refusing guard cannot carry a sparse refusal collection (0.105333ms)
✔ a successful guard cannot carry a sparse warning collection (0.186083ms)
✔ a successful guard cannot carry a human request (0.125459ms)
✔ a guard cannot impersonate a guidance-admission warning producer (0.357708ms)
✔ the refusal lint freezes constructor call sites inside registered guards (4.47425ms)
✔ the refusal lint freezes imported constructor call sites (1.517292ms)
✔ the lifecycle registry enumerates the complete bare action vocabulary (0.163166ms)
✔ the remediation registry is closed and rejects bypasses (0.32275ms)
✔ the decision vocabulary exposes its version and reserved boundary producers (1.0905ms)
✔ authority resources include honest local session sources while remaining closed (0.049083ms)
✔ observed session and worktree mismatches are valid closed v2 blockers (0.219709ms)
✔ an inventoried legacy refusal normalizes without interpreting its reason (0.138708ms)
✔ action navigation fails closed for non-ready and unknown actions (0.054625ms)
✔ unknown action ids remain explicit in an indeterminate decision envelope (1.891625ms)
✔ typed remediation failures never fall back to the legacy adapter (0.112916ms)
✔ manual-only blocker codes reject executable remediations (0.063334ms)
✔ the vocabulary digest changes when a canonical definition changes (1.93375ms)
✔ ready decisions require explicit empty operational collections (0.280208ms)
✔ blocked decisions bind typed remediation to the matching human request (0.647666ms)
✔ authority failures require typed unique subjects when one source has multiple targets (0.545458ms)
✔ snapshot evidence is unique, in-window, issue-bound, and digest-bound (0.614167ms)
✔ terminal decisions use null action and terminal guidance without inventing execution (0.371084ms)
✔ functional DoD normalizations enforce their closed ordered decision contract (0.313458ms)
✔ operational warnings preserve order and reject cross-domain code reuse (0.318375ms)
✔ decision blockers reject producers outside the frozen guard inventory (0.070375ms)
✔ the guard boundary preserves multiple typed refusals and human requests (0.391875ms)
✔ a frozen multi-branch legacy guard emits one conservative manual refusal (0.202625ms)
✔ thrown guards become guard-error (0.133792ms)
✔ malformed guards become guard-result-invalid (0.069666ms)
✔ the parser-based refusal lint freezes added and edited legacy sites (1.063792ms)
✔ the refusal lint rejects undeclared and cross-domain codes (1.170125ms)
ℹ tests 34
ℹ suites 0
ℹ pass 34
ℹ fail 0
ℹ cancelled 0
ℹ skipped 0
ℹ todo 0
ℹ duration_ms 29.019541
