✔ classifyBash: test runners (2.494417ms)
✔ classifyBash: build commands (0.275917ms)
✔ classifyBash: git commit (0.796708ms)
✔ classifyBash: READ_* for benign commands (0.357041ms)
✔ classifyBash: redirect write target classified by path (1.189791ms)
✔ classifyBash: tee write target (0.305584ms)
✔ classifyBash: heredoc write target (0.205834ms)
✔ classifyBash: shell metachars inside quoted args do not trigger write detection (0.222333ms)
✔ classifyBash: touch/mkdir code path (0.140416ms)
✔ STATE_MATRIX: matches epic #61 allow-list verbatim (0.5245ms)
✔ isAllowed: every state allows READ_* (0.086084ms)
✔ isAllowed: develop allows everything (0.055209ms)
✔ isAllowed: plan refuses WRITE_CODE / COMMIT_CODE / WRITE_OTHER / RUN_BUILD (0.052875ms)
✔ isAllowed: refine refuses WRITE_CODE / COMMIT_CODE / RUN_TESTS / RUN_BUILD (0.034875ms)
✔ isAllowed: test refuses WRITE_CODE; allows tests/build (0.029875ms)
✔ isAllowed: review allows docs + issues only (no code) (0.030333ms)
✔ isAllowed: done allows READ_* only (0.037334ms)
✔ isAllowed: no-active-task policy (state == null) (0.034958ms)
✔ isAllowed: unknown state refuses everything except READ_* via no-fallback (0.02675ms)
✔ loadPolicy: missing file returns DEFAULT_POLICY (24.922458ms)
✔ loadPolicy: present file is parsed (19.616083ms)
✔ loadPolicy: invalid json falls back to DEFAULT_POLICY (17.987708ms)
✔ classifyEdit: respects custom policy (0.205834ms)
✔ classifyBash: respects custom policy testRunners/buildCommands (0.189ms)
✔ COMMIT_DOCS is allowed only with an active drafting or Develop state (0.06125ms)
✔ invocation directory uses supplied workdir then cwd with relative bases (17.329583ms)
✔ mutation target requires both lexical and physical worktree containment (17.207416ms)
✔ direct command parser preserves sequential -C and bounds Plan syntax (0.224166ms)
✔ ambient Git selectors and config injection cannot grant document commits (0.141416ms)
✔ staged document contract checks modes and rename sides (0.252292ms)
✔ real staged index classifies regular Markdown and mixed source separately (108.422084ms)
✔ compound document staging cannot hide a source write (0.688208ms)
✔ read-only Git config and worktree queries stay read-only (0.449583ms)
✔ command and env wrappers preserve nested shell mutations (0.231458ms)
✔ nested shell discovery enforces executable mutations but ignores printed text (0.087208ms)
✔ draft documents are permitted in backlog without granting implementation (0.049375ms)
✔ draft documents are permitted in refine without granting implementation (0.030709ms)
✔ draft documents are permitted in ready-for-plan without granting implementation (0.026917ms)
✔ contained issue scratch shell writes have their own activity without hiding source or git (0.385125ms)
✔ quoted here-document data does not become shell authority (0.639292ms)
✔ cat compound headers and draft suffixes do not inherit data authority (0.595042ms)
✔ draft compounds refuse uninspectable source-mutating suffixes (0.338625ms)
✔ documentation admission rejects uninspectable output redirects (0.104375ms)
✔ document writes never conceal additional writer operands (0.219ms)
✔ document admission inspects single commands and wrappers (0.236541ms)
✔ redirect identity is checked before quote masking (0.090375ms)
ℹ tests 46
ℹ suites 0
ℹ pass 46
ℹ fail 0
ℹ cancelled 0
ℹ skipped 0
ℹ todo 0
ℹ duration_ms 224.573708
