✔ classifyEdit: code globs (1.519083ms)
✔ classifyEdit: codeGlobExcludes honored when configured (0.115667ms)
✔ classifyEdit: codeGlobReincludes carve-out for tests under excluded paths (0.088792ms)
✔ classifyEdit: doc globs (0.069458ms)
✔ classifyEdit: WRITE_ISSUE for .github issue templates (0.057459ms)
✔ classifyEdit: doc-glob precedence over code-glob (0.055291ms)
✔ classifyEdit: fallthrough (0.114958ms)
✔ classifyEdit: configGlobs — repo-root tooling config classifies as WRITE_CODE (0.667417ms)
✔ classifyEdit: deployGlobs — repo-root container/deploy files classify as WRITE_CODE (0.413666ms)
✔ classifyEdit: deployGlobs in DEFAULT_POLICY (0.17725ms)
✔ classifyEdit: doc precedence still wins over deployGlobs (0.068375ms)
✔ loadPolicy: configGlobs override propagates from project-local file (20.860458ms)
✔ loadPolicy: missing configGlobs falls back to defaults (17.719542ms)
ℹ tests 13
ℹ suites 0
ℹ pass 13
ℹ fail 0
ℹ cancelled 0
ℹ skipped 0
ℹ todo 0
ℹ duration_ms 45.922375
