✔ parseEnteredStages reads both marker grammars in body order (1.749042ms)
✔ parseEnteredStages tolerates a non-string and returns [] (0.08125ms)
✔ #1211: parseEnteredStages projects historical second-stage markers to R4P (0.080959ms)
✔ buildReviewContext exposes body, comments, and parsed markers (0.2795ms)
✔ buildReviewContext coerces a non-array comments to [] (0.143167ms)
✔ runAgentReviewGate returns a vacuous pass with an empty registry (0.139875ms)
✔ runAgentReviewGate surfaces a failing validator and its context (0.140583ms)
✔ buildReviewFailedBlock wraps failures between the marker sentinels (0.148375ms)
✔ buildReviewFailedBlock renders a placeholder when there are no failures (0.070667ms)
✔ stampReviewFailed appends the marker and is idempotent (0.331333ms)
✔ clearReviewFailed removes the block and is idempotent when absent (0.080292ms)
✔ hasReviewFailed reports presence (0.057334ms)
✔ #1004 — a prose sentence quoting both delimiters inline does not strand or corrupt a genuine review-failed block (0.107541ms)
✔ an unterminated standalone start is not reported or cleared as a complete failure block (0.058208ms)
ℹ tests 14
ℹ suites 0
ℹ pass 14
ℹ fail 0
ℹ cancelled 0
ℹ skipped 0
ℹ todo 0
ℹ duration_ms 7.482542
