✔ #1109 approval provenance conditions the Full-Auto audit row, default-deny (1.390958ms)
✔ #1109 human-approved plan passes without a false Full-Auto audit comment (1.077042ms)
✔ #1109 full-auto plan still requires the canonical Full-Auto audit (0.676417ms)
✔ #1109 unknown plan still requires the canonical Full-Auto audit (0.216625ms)
✔ passes when all five required comments are present (0.231042ms)
✔ #1021 canonical generated plan-approval audit satisfies the required-comment contract (0.136666ms)
✔ #1021 rejects a non-canonical or wrong-issue plan-approval audit (0.130417ms)
✔ #1021 rejects a non-canonical or wrong-issue plan-approval audit (0.070833ms)
✔ #1021 rejects a non-canonical or wrong-issue plan-approval audit (0.0825ms)
✔ fails and names the missing 'Timing Log' comment (0.1915ms)
✔ fails and names the missing 'Refine Estimate' comment (0.1295ms)
✔ fails and names the missing 'Full-Auto plan-approval audit' comment (0.051291ms)
✔ fails and names the missing 'Commits' comment (0.071416ms)
✔ fails and names the missing 'New Automated Tests' comment (0.056708ms)
✔ Refine Estimate marker WITHOUT a Planned Estimate block still fails (0.119334ms)
✔ empty / absent comments context fails and names all five (0.081833ms)
✔ a comment with no body string is tolerated (treated as empty) (0.053084ms)
✔ #835 no-commit body: missing all five reports only the three always-required (0.17ms)
✔ #835 code-kind body (no marker): missing all five still reports all five (0.044167ms)
✔ #835 no-commit body missing one always-required still reports it (0.124042ms)
✔ #835 no-commit body with all three always-required present passes (0.054916ms)
✔ #923/#940 docs-only body + docs-only diff: skips only New Automated Tests (0.120458ms)
✔ #923/#940 docs-only body + docs-only diff + Commits + three always-required passes (0.054417ms)
✔ #940 docs-only body + code-touching diff: NAT row is required (0.067458ms)
✔ bootstrap registers the validator on the shared singleton (6.678ms)
ℹ tests 25
ℹ suites 0
ℹ pass 25
ℹ fail 0
ℹ cancelled 0
ℹ skipped 0
ℹ todo 0
ℹ duration_ms 17.535
