✔ guard exposes the expected id (0.596416ms)
✔ short-circuits when fromState !== "backlog" (0.495959ms)
✔ short-circuits when toState !== "refine" (0.081792ms)
✔ short-circuits when ctx missing cfg (0.068958ms)
✔ short-circuits when ctx missing issueNumber (0.096666ms)
✔ passes when issue has no parent (leaf / top-level epic) (0.133459ms)
✔ passes when parent state is "refine" (0.108167ms)
✔ passes when parent state is "plan" (0.090667ms)
✔ passes when parent state is "develop" (mid-develop discovery work) (0.134209ms)
✔ refuses when parent state is "backlog" (0.578417ms)
✔ refuses when parent state is "test" (0.153375ms)
✔ refuses when parent state is "review" (0.07525ms)
✔ refuses when parent state is "done" (0.060959ms)
✔ passes when parent state is null (parent not on board / transient read failure) (0.09075ms)
✔ fail-closed when fetchParentIssue throws (#565) (0.445042ms)
✔ fail-closed when readParentStatus throws (#565) (0.124417ms)
✔ mixed-case parent state still matches (normalized) (0.070709ms)
✔ legacy call site without fromState/toState still invokes deps (0.078167ms)
ℹ tests 18
ℹ suites 0
ℹ pass 18
ℹ fail 0
ℹ cancelled 0
ℹ skipped 0
ℹ todo 0
ℹ duration_ms 8.499791
