✔ INVARIANT_MARKER_PATTERNS includes the canonical invariant marker set (1.138708ms)
✔ resident-action ledger advance is narrow and phase monotonic (2.232458ms)
✔ resident-action waiver is terminal for an attempt and may be retried on a later attempt (0.398791ms)
✔ same-visit spill to inline is refused but new-visit reset is permitted (0.254625ms)
✔ same-visit inline to spill and spill to spill are permitted (0.165416ms)
✔ inline marker and final-body limits accept the boundary and refuse overflow (0.329666ms)
✔ findLostMarkers treats the advancing ledger marker as presence-only (1.338334ms)
✔ findLostMarkers returns empty list when next preserves all markers (0.275291ms)
✔ findLostMarkers reports no loss when last-known-state pair collapses to the new single marker (#378) (0.149666ms)
✔ findLostMarkers still reports loss when the new single last-known-state marker is dropped entirely (#378) (0.167ms)
✔ findLostMarkers reports a single-kind marker by name when dropped (0.08475ms)
✔ findLostMarkers protects the durable epic orchestration plan (0.154292ms)
✔ findLostMarkers reports each lost aitm-entered-<stage> individually (0.137292ms)
✔ #1206: historical second-stage marker bytes remain append-only audit residue (0.386833ms)
✔ findLostMarkers reports multiple single-kind markers when several drop (0.069ms)
✔ findLostMarkers tolerates empty/null base/next without throwing (0.0575ms)
✔ findLostMarkers ignores markers that were never in base (0.051667ms)
✔ findNewMalformedVerifiedCmds flags a newly-introduced malformed declaration (0.253625ms)
✔ findNewMalformedVerifiedCmds passes a newly-introduced well-formed declaration (0.104166ms)
✔ findNewMalformedVerifiedCmds does not flag a pre-existing malformed declaration (0.042291ms)
✔ findAcsWithoutVerifierOrInvalidTag flags a {tbd}-sentinel verifier as malformed-verifier (0.568083ms)
✔ findAcsWithoutVerifierOrInvalidTag distinguishes malformed-verifier from no-verifier and test-all-verifier (0.259875ms)
✔ findAcsWithoutVerifierOrInvalidTag classifies a #670-shaped verifier-less AC as no-verifier (0.053292ms)
✔ findAcsWithoutVerifierOrInvalidTag honors the invalid — non-demonstrable opt-out over a sentinel verifier (0.423291ms)
✔ findAcsWithoutVerifierOrInvalidTag treats aitm-ac-waived as a valid opt-out (0.0405ms)
✔ findAcsWithoutVerifierOrInvalidTag still passes verified-cmd and invalid-tag ACs (no regression) (0.44725ms)
✔ reviewed Scope policy is protected as an invariant; pointer remains distinct from execution proof (0.042625ms)
ℹ tests 27
ℹ suites 0
ℹ pass 27
ℹ fail 0
ℹ cancelled 0
ℹ skipped 0
ℹ todo 0
ℹ duration_ms 14.495042
