close-convergence.test.mjs: all passed
✔ REGRESSION: board=Done + issue OPEN → close the issue (the #425 drift) (1.204167ms)
✔ issue CLOSED + board Done → clean no-op, no board drift (0.102667ms)
✔ issue CLOSED + board NOT Done → no-op but converge the lagging board (0.070333ms)
✔ issue OPEN + board not Done → proceed with the full close pipeline (0.563583ms)
✔ issueClosed unknown (null) → always proceed, never a blind no-op (0.107334ms)
✔ no args / empty object → proceed (safe default) (0.068667ms)
✔ #708 AC1: repair=true → proceed for EVERY board/issue combination (0.111833ms)
✔ #708 AC3: repair falsy → noop/close-issue branches are unchanged (0.116ms)
✔ move succeeded (ok) → never surface (0.091458ms)
✔ move already classified benign → never surface (regardless of board) (0.09825ms)
✔ CAPTURED RACE: move failed but board is verifiably Done → swallow (#435 Defect B) (0.066417ms)
✔ GENUINE FAILURE: move failed and board NOT Done → surface + exit non-zero (0.05ms)
✔ decideBoardMoveFailure: no args / missing moveResult → surface (safe default) (0.044917ms)
ℹ tests 13
ℹ suites 0
ℹ pass 13
ℹ fail 0
ℹ cancelled 0
ℹ skipped 0
ℹ todo 0
ℹ duration_ms 6.872042
