✔ AC1: runDispose closes without invoking any Done DoD/commit-trace dep (1.067833ms)
✔ Incorporated is parsed as a distinct owner-bound close lane (0.51775ms)
✔ AC1/AC2: duplicate uses closeIssue with the target and surviving issue node IDs (0.364625ms)
✔ AC5: not-planned keeps the supported CLI transport and verifies NOT_PLANNED (0.127959ms)
✔ AC3: a coerced stateReason fails loud with requested and stored values (0.260291ms)
✔ AC4: the success result and audit comment use the read-back stateReason (0.176209ms)
✔ AC3: duplicate is retained in Done with Disposition Duplicate (0.127208ms)
✔ AC3: a disposition write failure is fail-closed before GitHub close (0.119667ms)
✔ AC4: the body is stamped with aitm-closed-as and an audit comment is posted (0.175834ms)
✔ AC4: not-planned marker omits the of= attribute (0.334541ms)
✔ AC5: raw `gh issue close` is caught by the guard predicate; the lane is the only sanctioned bypass (0.105292ms)
✔ parseDisposition: duplicate requires --of (0.070125ms)
✔ parseDisposition: unknown reason is rejected (0.07625ms)
✔ parseDisposition: not-planned drops a stray --of (0.047083ms)
ℹ tests 14
ℹ suites 0
ℹ pass 14
ℹ fail 0
ℹ cancelled 0
ℹ skipped 0
ℹ todo 0
ℹ duration_ms 7.147083
