✔ markerPresentGate: absent → refuses (0.659875ms)
✔ markerPresentGate: present → passes (0.462625ms)
✔ shaFreshGate: matching prefix → passes (0.163958ms)
✔ shaFreshGate: marker stale → refuses with new-commit list (0.140084ms)
✔ chainIntegrityGate: full chain → passes (0.686375ms)
✔ chainIntegrityGate: missing test entry → chain-hole-at-test (0.202917ms)
✔ chainIntegrityGate: illegal arc → refuses (0.108042ms)
✔ chainIntegrityGate: new ts="..." grammar full chain → passes (#374) (0.338ms)
✔ chainIntegrityGate: mixed grammar (legacy + new) full chain → passes (#374) (0.092084ms)
✔ issueDirtyGate: no trail comment → graceful skip (0.188459ms)
✔ issueDirtyGate: trail with empty marker → graceful skip (0.289792ms)
✔ issueDirtyGate: touched file dirty → refuse (0.238375ms)
✔ issueDirtyGate: dirty file not in touch-set → passes (0.081208ms)
✔ runCloseGates: full green → ok (0.42ms)
✔ runCloseGates: stale marker SHA does NOT block close (Review→Done is HEAD-independent) (0.153458ms)
✔ runCloseGates: marker missing → marker-missing in blockers, sha-fresh skipped (0.111ms)
ℹ tests 16
ℹ suites 0
ℹ pass 16
ℹ fail 0
ℹ cancelled 0
ℹ skipped 0
ℹ todo 0
ℹ duration_ms 8.268792
