✔ unauthorized-close recovery uses exact structured attributes and preserves field DB (2.236083ms)
✔ unauthorized-close recovery ignores fenced examples (0.228541ms)
✔ unauthorized-close recovery replaces only the top-level marker without duplication (0.458459ms)
✔ four-backtick recovery examples are ignored by reads and top-level upserts (0.236459ms)
✔ four-tilde recovery examples are ignored by reads and top-level upserts (0.170834ms)
✔ backtick in a candidate info string does not hide a later top-level recovery (0.165292ms)
✔ unticked labels round-trip JSON punctuation exactly (0.112875ms)
✔ unauthorized-close recovery rejects phases outside the durable phase machine (0.226083ms)
✔ unauthorized-close recovery rejects structurally incomplete transaction state (0.102708ms)
✔ unauthorized-close writer rejects every incomplete recovery field (0.333458ms)
✔ unauthorized-close reader rejects empty required attributes (0.299708ms)
✔ upsertProgressMarker rejects an empty or non-string kind (0.108834ms)
✔ fresh invocation resumes after intent write failure (0.92675ms)
✔ fresh invocation resumes after reopen failure (0.3545ms)
✔ fresh invocation resumes after reopened write failure (0.525125ms)
✔ fresh invocation resumes after Review move failure (0.25275ms)
✔ fresh invocation resumes after review write failure (0.207375ms)
✔ fresh invocation resumes after timing post failure (0.246667ms)
✔ fresh invocation resumes after timing write failure (0.211417ms)
✔ fresh invocation resumes after complete write failure (0.372292ms)
✔ queued timing result fails and leaves durable phase at review (0.237833ms)
✔ a completed recovery is an idempotent recovered no-op (0.129709ms)
✔ executor refuses a pending-recovery decision mismatch without taking policy authority (0.111167ms)
✔ executor validates a complete recovery before calling the phase writer (0.137917ms)
ℹ tests 24
ℹ suites 0
ℹ pass 24
ℹ fail 0
ℹ cancelled 0
ℹ skipped 0
ℹ todo 0
ℹ duration_ms 12.964667
