✔ every catalog record satisfies the normalized public help schema (2.599083ms)
✔ Story Origin creation contract is consistent across help and sanctioned rules (#892) (1.2285ms)
✔ normalization never fabricates required command semantics (0.231833ms)
✔ normalization preserves malformed nested values for validation to reject (0.169167ms)
✔ schema rejects misspelled command-surface taxonomy values (0.120792ms)
✔ duplicate canonical source records fail before catalog construction (0.356292ms)
✔ catalog names and aliases are globally unique and resolve canonically (0.227083ms)
✔ every help-required shipped entry point resolves to a catalog record (0.602625ms)
✔ every routed standalone record maps back to a shipped standalone entry point (0.30875ms)
✔ every package bin identity resolves to its classified target (0.5945ms)
✔ representative maintenance metadata matches real parser contracts (0.35225ms)
✔ high-risk routed metadata enumerates parser arguments and special exits (0.186375ms)
✔ retired review commands and wrappers are absent from the AITM catalog (0.050667ms)
✔ every task verb has an explicit positional contract (0.244875ms)
✔ every task verb has explicit parser-accurate semantics and exit metadata (1.007167ms)
✔ every routed verb is represented in the aggregate agent catalog (0.163041ms)
✔ every agent-callable task record has a real router identity (0.130042ms)
ℹ tests 17
ℹ suites 0
ℹ pass 17
ℹ fail 0
ℹ cancelled 0
ℹ skipped 0
ℹ todo 0
ℹ duration_ms 16.859042
