✔ commitsOnTrunkGate: attributed commit exists on trunk → ok (112.500416ms)
✔ commitsOnTrunkGate: no attributed commit on trunk → refuse with message-based code (57.74375ms)
✔ commitsOnTrunkGate: recorded SHA unreachable but token on trunk → ok (no deadlock) (56.25775ms)
✔ commitsOnTrunkGate: no trail comment → graceful skip (0.15375ms)
✔ commitsOnTrunkGate: empty marker → graceful skip (0.118875ms)
✔ commitsOnTrunkGate: trunk ref unresolved → refuse with helpful message (50.760667ms)
✔ commitsOnTrunkGate: attribution lookup failure → surfaced blocker (51.657167ms)
✔ commitsOnTrunkGate: cfg.trunkRef takes precedence, attribution scoped to it (48.354792ms)
✔ commitsOnTrunkGate (#927): fetches before it resolves, then attributes against origin/trunk (0.203666ms)
✔ commitsOnTrunkGate (#927): a fetch failure is non-fatal — still resolves and closes (0.192875ms)
✔ runCloseGates: no attributed commit on trunk composes into blockers (5.6455ms)
✔ runCloseGates: attributed commit on trunk → trunk gate passes, full gate passes (3.170958ms)
ℹ tests 12
ℹ suites 0
ℹ pass 12
ℹ fail 0
ℹ cancelled 0
ℹ skipped 0
ℹ todo 0
ℹ duration_ms 391.370625
