✔ throws when cfg is missing (0.9865ms)
✔ throws when issueNumber is missing (0.116208ms)
✔ TASK_TRACKER_SKIP_REEVAL=1 short-circuits to skipped + posts bypass note (1.17525ms)
✔ skip-env tolerates a postComment failure (0.149583ms)
✔ epic with sub-issues is skipped (0.135167ms)
✔ epic-skip tolerates a postComment failure (0.125917ms)
✔ returns unchanged when size+estimate already match (0.656ms)
✔ falls back to project field values when field-DB lacks size/estimate (0.239417ms)
✔ tolerates a projectValuesForIssue failure (0.621375ms)
✔ ≥2-tier jump requires human attention and is not auto-applied (0.557334ms)
✔ human-attention tolerates a postComment failure (0.209375ms)
✔ applied path writes both fields, patches body, and posts audit (1.043625ms)
✔ applied path warns when field ids are missing (no writes) (0.180542ms)
✔ applied path tolerates a project-item write failure (0.208375ms)
✔ applied path tolerates a body-patch failure (0.176625ms)
✔ applied path with no projectId skips field writes but patches body (0.101916ms)
ℹ tests 16
ℹ suites 0
ℹ pass 16
ℹ fail 0
ℹ cancelled 0
ℹ skipped 0
ℹ todo 0
ℹ duration_ms 10.729667
[task-tracker] WARN: required project field "Estimate" (cfg.fieldEstimate) is not configured — re-eval estimate write skipped. Re-run `scripts/gh/init-project-config.sh` to discover and persist field ids.
[task-tracker] WARN: required project field "fieldSize" (cfg.fieldSize) is not configured — re-eval size write skipped. Re-run `scripts/gh/init-project-config.sh` to discover and persist field ids.
⚠ re-eval: project field write failed: item lookup failed
⚠ re-eval: body patch failed: patch conflict
