✔ throws when cfg is missing (0.736167ms)
✔ throws when issueNumber is missing (0.100584ms)
✔ TASK_TRACKER_SKIP_DELTA=1 posts the bypass note and returns skipped (1.135041ms)
✔ skip-delta swallows a throwing postComment and still returns skipped (0.153208ms)
✔ board path parses estimate + duration strings to seconds (0.419541ms)
✔ board path degrades a blank/malformed duration to null (0.222667ms)
✔ board fetch throwing is swallowed, leaving estimate null (0.156375ms)
✔ estimate falls back to the issue-field DB when no projectId (0.323333ms)
✔ drivers are pulled from a Review Notes comment (0.44825ms)
✔ a throwing fetchComments is swallowed (0.15525ms)
✔ a throwing postComment yields status:error with the message (0.448292ms)
✔ default helpers run when deps.exec is injected (no postComment/fetchComments) (0.265291ms)
✔ defaultFetchComments returns [] when exec throws (post still succeeds) (0.1075ms)
ℹ tests 13
ℹ suites 0
ℹ pass 13
ℹ fail 0
ℹ cancelled 0
ℹ skipped 0
ℹ todo 0
ℹ duration_ms 8.2415
⚠ review-delta: comment post failed: post-fail
