coverage-approve.test.mjs: defined
✔ runApprove: throws without issueNumber (1.123709ms)
✔ runApprove: throws without cfg (0.146042ms)
✔ runApprove: assertBound may throw (0.101958ms)
✔ runApprove: wrong-state when not in review (0.230792ms)
✔ runApprove: already-approved when marker present (98.277542ms)
✔ runApprove: human path with drivers posts Review Notes (80.519833ms)
✔ runApprove: human path with no drivers posts nothing (73.214542ms)
✔ runApprove: full-auto path inserts footnote and posts auto notes (80.458708ms)
✔ runApprove: review-notes post failure does not block approval (74.233625ms)
✔ runApprove: lifecycle-noop warns but still approves (75.406125ms)
✔ runApprove: default fetch/comment/project helpers run offline (762.716208ms)
✔ runApprove: default promptDrivers resolves [] off a TTY (153.927291ms)
✔ detectFullAuto: not fired when reviewer set, interactive, no CI (0.132334ms)
✔ detectFullAuto: fired via reviewer-unset (0.055792ms)
✔ detectFullAuto: fired via TT_FULL_AUTO (0.113333ms)
✔ detectFullAuto: fired via tty=false (0.110584ms)
✔ detectFullAuto: fired via CI (0.05ms)
✔ verbApprove: no issue number → usage, exit 1 (0.501917ms)
✔ verbApprove: TT_SKIP_NETWORK=1 → exit 1 (0.137333ms)
✔ verbApprove: IssueLockError → exit 7 (0.195041ms)
✔ verbApprove: generic error → exit 1 (0.099166ms)
✔ verbApprove: wrong-state → exit 3 (0.114333ms)
✔ verbApprove: approved → stdout, no exit (77.84275ms)
✔ verbApprove: already-approved → stdout, no exit (72.240875ms)
ℹ tests 24
ℹ suites 0
ℹ pass 24
ℹ fail 0
ℹ cancelled 0
ℹ skipped 0
ℹ todo 0
ℹ duration_ms 1556.811084
⚠ approve: review-notes post failed: comment boom
