coverage-plan.test.mjs: defined
✔ runPlan: throws without cfg (0.704833ms)
✔ runPlan: throws on non-positive issue# (0.187875ms)
✔ runPlan: assertBound is invoked and may throw (0.098417ms)
✔ runPlan: current is not R4P → wrong-state (no promote) (0.125459ms)
✔ runPlan: unknown live state → wrong-state message names "unknown" (0.088125ms)
✔ runPlan: R4P → promoted (promote called with issue#) (0.4095ms)
✔ runPlan: default getLiveState via fake gh → promoted (257.588375ms)
✔ verbPlan: no issue number → usage, exit 2 (0.363166ms)
✔ verbPlan: R4P → promoted, no exit (0.157083ms)
✔ verbPlan: wrong-state → stderr, exit 1 (0.200458ms)
✔ verbPlan: runPlan throws → stderr, exit 1 (0.124042ms)
ℹ tests 11
ℹ suites 0
ℹ pass 11
ℹ fail 0
ℹ cancelled 0
ℹ skipped 0
ℹ todo 0
ℹ duration_ms 263.026083
