✔ throws when cfg is missing (1.298917ms)
✔ throws when issueNumber is missing (0.127833ms)
✔ board-fetch failure returns refine-exit-board-fetch-failed (0.176917ms)
✔ labels-fetch failure returns refine-exit-labels-fetch-failed (0.1065ms)
✔ missing Rank is a blocker (1.220292ms)
✔ empty labels is a blocker (0.21325ms)
✔ missing Start Time is a blocker (0.186166ms)
✔ missing Pickup Directive heading is a blocker (0.236666ms)
✔ a Pickup Directive inside a <details> block does not satisfy the gate (0.141792ms)
✔ inline-code details tag examples do not hide a top-level Pickup Directive (0.159083ms)
✔ an unclosed line-level details container keeps Pickup hidden fail-closed (0.124292ms)
✔ a forbidden compound command in Verification Commands is a blocker (0.366708ms)
✔ a non-demonstrable AC (no verifier) is a blocker (0.656875ms)
✔ body-fetch failure appends refine-exit-body-fetch-failed (0.072167ms)
✔ happy path — all signals present — returns ok:true (0.39075ms)
✔ default fetchers run when deps.gql is injected (no fetchBody/fetchLabels) (0.170542ms)
ℹ tests 16
ℹ suites 0
ℹ pass 16
ℹ fail 0
ℹ cancelled 0
ℹ skipped 0
ℹ todo 0
ℹ duration_ms 9.331541
