✔ buildDeferredReviewRow: null spec → null (0.575708ms)
✔ buildDeferredReviewRow: flush kind → buildFlushRow row (12.955292ms)
✔ buildDeferredReviewRow: row kind → buildRow row (0.173208ms)
✔ no target → exit 1 (31.578625ms)
✔ preflight refusal → exit 4 (21.482625ms)
✔ validateBody gate refusal → exit 4 (355.525375ms)
✔ non-empty clean gate body passes validateBody (no refusal) (57.345625ms)
✔ dod-verified guard refusal → exit 4 (else timing branch) (18.330292ms)
✔ HEAD drift from aitm-test-started → exit 4 (20.124542ms)
✔ unbacked checkbox → failures revert to Develop, exit 3 (20.233875ms)
✔ epic child not in review → exit 3 (16.177167ms)
✔ completeness guard refusal → exit 4 (18.2915ms)
✔ runMoveState refuses the review move → propagates its status (14.415959ms)
✔ success: all checks pass → moves to Review, prompts approval (33.693834ms)
✔ success via else branch (target not the active session) (33.050875ms)
ℹ tests 15
ℹ suites 0
ℹ pass 15
ℹ fail 0
ℹ cancelled 0
ℹ skipped 0
ℹ todo 0
ℹ duration_ms 657.653
