coverage-stamp-start-time.test.mjs: defined
✔ stampStartTime: missing cfg throws (0.813542ms)
✔ stampStartTime: missing issueNumber throws (0.107041ms)
✔ stampStartTime: no Start-time field configured → skipped (0.165833ms)
✔ stampStartTime: resolveItem rejects → error (0.13725ms)
✔ stampStartTime: no project item → skipped (0.087625ms)
✔ stampStartTime: existing non-empty value → idempotent (0.119125ms)
✔ stampStartTime: blank existing value falls through to a fresh stamp (1.14ms)
✔ stampStartTime: writeField resolves → stamped with formatted value (0.172375ms)
✔ stampStartTime: writeField rejects → error (0.129542ms)
✔ defaultResolveItem: returns the node matching cfg.projectId (0.20675ms)
✔ defaultResolveItem: no matching project → null (0.1005ms)
✔ defaultResolveItem: empty / missing nodes → null (0.07325ms)
ℹ tests 12
ℹ suites 0
ℹ pass 12
ℹ fail 0
ℹ cancelled 0
ℹ skipped 0
ℹ todo 0
ℹ duration_ms 7.771292
[task-tracker] WARN: required project field "Start Time" (cfg.fieldStartTime) is not configured — board stamp skipped. Re-run `scripts/gh/init-project-config.sh` to discover and persist field ids.
