▶ current-schema User Story authoring
  ✔ epic omission renders an empty leading User Story section (227.8285ms)
  ✔ epic renders the supplied Connextra story without placeholders (838.450208ms)
  ✔ sub-issue omission renders an empty leading User Story section (196.350916ms)
  ✔ sub-issue renders the supplied Connextra story without placeholders (200.722375ms)
  ✔ solo omission renders an empty leading User Story section (195.924417ms)
  ✔ solo renders the supplied Connextra story without placeholders (189.226958ms)
  ✔ defect omission renders an empty leading User Story section (207.882791ms)
  ✔ defect renders the supplied Connextra story without placeholders (278.058583ms)
  ✔ stub preserves its intentionally sparse body without a User Story section (259.607625ms)
  ✔ exact canonical template survives intake unchanged (220.371041ms)
  ✔ malformed and partially filled story fragments fail before rendering (1392.116125ms)
✔ current-schema User Story authoring (4209.7935ms)
▶ current-schema Acceptance Criterion verifier authoring
  ✔ creation rejects legacy, empty, missing, and dangling verifier declarations (1198.440125ms)
  ✔ creation accepts resolvable vc-list citations and non-demonstrable ACs (475.024708ms)
✔ current-schema Acceptance Criterion verifier authoring (1673.765375ms)
▶ current-schema public authoring contract
  ✔ create-issue --body-file --dry-run rejects missing stories and legacy AC verifiers (1318.090042ms)
  ✔ create-issue and preflight help advertise --user-story-file (263.815667ms)
  ✔ shared and provider guidance makes story input optional and retains vc-list AC citations (2.295958ms)
  ✔ pickup, review, and workflow guidance expose only the current AC citation contract (3.392291ms)
✔ current-schema public authoring contract (1588.035666ms)
✔ create-issue forwards --user-story-file before the remaining non-stub fragments (0.890167ms)
ℹ tests 18
ℹ suites 3
ℹ pass 18
ℹ fail 0
ℹ cancelled 0
ℹ skipped 0
ℹ todo 0
ℹ duration_ms 7475.277125
