✔ preflight returns the exact frozen delivery plan for one accepted head (8.161709ms)
✔ preflight preserves typed waived review authority without a passed marker (0.665917ms)
✔ preflight rejects malformed typed review authority (2.81625ms)
✔ preflight rejects a well-formed waived authority at the wrong head (0.207375ms)
✔ preflight requires every named snapshot field explicitly (0.350042ms)
✔ preflight fails closed for active issue mismatch (0.084833ms)
✔ preflight fails closed for paused timer (0.367ms)
✔ preflight fails closed for non-Review project state (0.125791ms)
✔ preflight fails closed for closed issue (0.542417ms)
✔ preflight fails closed for unassigned issue (0.22475ms)
✔ preflight fails closed for missing Agent Review Passed evidence (0.190792ms)
✔ preflight fails closed for missing human or Full-Auto approval evidence (0.240625ms)
✔ preflight fails closed for child lineage (0.141416ms)
✔ preflight fails closed for zero pull requests (0.076083ms)
✔ preflight fails closed for multiple pull requests (0.067ms)
✔ preflight fails closed for closed pull request (0.077792ms)
✔ preflight fails closed for draft pull request (0.052ms)
✔ preflight fails closed for wrong pull request base (0.05925ms)
✔ preflight fails closed for wrong pull request head branch (5.35525ms)
✔ preflight fails closed for local head mismatch (0.204958ms)
✔ preflight fails closed for remote pull request head mismatch leaves zero accepted-head pull requests (0.0925ms)
✔ preflight fails closed for Test receipt head mismatch (0.057834ms)
✔ preflight fails closed for accepted review head mismatch (0.045375ms)
✔ preflight fails closed for issue-scoped dirty overlap (0.055ms)
✔ preflight fails closed for unknown mergeability (0.046041ms)
✔ preflight fails closed for unreadable required checks (0.162625ms)
✔ preflight fails closed for non-green required check (0.088875ms)
✔ preflight fails closed for required check from another head (0.058708ms)
✔ preflight fails closed for repository-disallowed merge method (0.051541ms)
✔ preflight fails closed for missing commit attribution (0.104916ms)
✔ preflight refuses unknown nested evidence instead of normalizing it (0.311458ms)
✔ provider action preserves the exact authorized intent bytes (8.54625ms)
✔ provider action accepts every delivery-verifiable merge method authorized by configuration (0.493458ms)
✔ delivery preflight refuses configured rebase before an action can be authorized (0.070042ms)
✔ provider action emission re-hashes intent text and rejects recovered drift (0.304041ms)
✔ pure delivery policy modules contain no process execution boundary (0.872ms)
ℹ tests 36
ℹ suites 0
ℹ pass 36
ℹ fail 0
ℹ cancelled 0
ℹ skipped 0
ℹ todo 0
ℹ duration_ms 40.876959
