✔ waived v2 intent has exact scope and cannot project as an ordinary v1 intent (7.216625ms)
✔ a second intent ID cannot consume the same waiver operation (1.337583ms)
✔ waived v3 receipt selection is explicit and preserves immutable provenance (3.245875ms)
✔ builders produce exact versioned schemas, hashes, and deeply frozen values (0.568625ms)
✔ #1619: warning-bearing receipts use exact v2 bytes while warning-free receipts stay v1 (0.975916ms)
✔ #1619: receipt v2 refuses malformed warning data and divergent warning receipts (0.951167ms)
✔ external recovery intent retains strict observed history bytes without provider correlation (0.746791ms)
✔ intent and receipt records round trip every supported merge method (1.174792ms)
✔ intent and receipt records reject merge methods outside the supported set (0.3035ms)
✔ comments contain one canonical marker and preserve authoritative server metadata (0.631834ms)
✔ intent comments round trip when bounded payload strings contain delivery marker names (0.398ms)
✔ receipt comments round trip when bounded payload strings contain delivery marker names (0.153792ms)
✔ intent comments reject a second inline hidden delivery marker (0.283958ms)
✔ receipt comments reject a second inline hidden delivery marker (0.196792ms)
✔ builders reject extra keys, malformed identities, unbounded strings, and invalid SHAs (2.143ms)
✔ repository names accept the normal form and reject more than 256 UTF-8 bytes (0.197583ms)
✔ parser rejects malformed marker-like comments and noncanonical record bytes (0.331083ms)
✔ parser enforces repository, issue, PR, exact record keys, and server createdAt correlation (0.878583ms)
✔ transaction parser ignores only a fully valid historical PR record (0.542166ms)
✔ projection computes superseded effective state and the live matching receipt (0.5595ms)
✔ projection rejects duplicate IDs, missing links, cycles, forks, and multiple live tips (2.642542ms)
✔ projection rejects a replacement that names an intent appearing later in comment order (1.338666ms)
✔ projection rejects same-key divergent authorized bytes (0.508958ms)
✔ projection rejects orphaned, mismatched, duplicate, and conflicting receipts (1.382834ms)
✔ receipt authority follows comment order while retaining superseded-intent receipts (1.133083ms)
✔ generic delivery waiver schema is explicit and never inferred from attribution fields (0.170375ms)
ℹ tests 26
ℹ suites 0
ℹ pass 26
ℹ fail 0
ℹ cancelled 0
ℹ skipped 0
ℹ todo 0
ℹ duration_ms 44.400833
