✔ reserves intent before one POST and resumes exact confirmed transaction (3.258792ms)
✔ one operation cannot change intent or burn after consumption (2.296834ms)
✔ unresolved receipt request is indeterminate and never posts again (1.993916ms)
✔ lost intent POST response permits exact readback but never a second POST (0.55ms)
✔ unresolved intent request blocks all later POSTs and burn (0.503875ms)
✔ different operation cannot reserve an already owned original intent (0.859791ms)
✔ unrelated operation advances tip without changing the first burn OID (2.499541ms)
✔ a later exact receipt readback resolves the original pending request (2.700667ms)
✔ first burn refuses without a current authority and full verification port (0.650541ms)
✔ v3 readback refuses a divergent comment with the same intent and operation (0.284917ms)
✔ v4 readback refuses a divergent receipt for the same operation (1.374084ms)
✔ first burn rejects stale grant or failed non-waived verification without CAS (1.811541ms)
✔ completed operation still reconciles its exact intent beside the v4 receipt (2.37525ms)
ℹ tests 13
ℹ suites 0
ℹ pass 13
ℹ fail 0
ℹ cancelled 0
ℹ skipped 0
ℹ todo 0
ℹ duration_ms 26.038542
