✔ AC1: an epic is refused develop-exit without a reconciliation marker (1.994458ms)
✔ AC1: the refusal is the ONLY blocker on an otherwise-complete epic (0.590667ms)
✔ AC2: the same epic passes develop-exit once the marker is stamped (0.266125ms)
✔ AC2: stamping does not disturb the kind marker or the deliverable marker (0.115583ms)
✔ AC2: setEpicAcReconciled is idempotent — a second stamp adds no second marker (0.104583ms)
✔ AC2: hasEpicAcReconciledMarker honors a bare, un-timestamped marker (0.058667ms)
✔ AC3: a code-kind issue is unaffected by the new gate (0.391125ms)
✔ AC3: the other no-commit kinds are unaffected — they have no children to reconcile (0.192875ms)
✔ AC4: the marker is registered as a body invariant (0.123583ms)
✔ AC4: dropping the marker is reported as a lost invariant (1.174917ms)
✔ AC4: the invariant entry is mirrored into the gh-edit-guard registry (1.824041ms)
✔ AC5: the refusal names the reconciliation act, not merely the missing marker (0.762083ms)
✔ AC5: the refusal explains WHY reconciliation is a develop-exit event (0.164459ms)
✔ guard-rail: the marker cannot substitute for a missing deliverable (0.130625ms)
✔ guard-rail: reconciliation does not excuse an unticked AC (1.066875ms)
ℹ tests 15
ℹ suites 0
ℹ pass 15
ℹ fail 0
ℹ cancelled 0
ℹ skipped 0
ℹ todo 0
ℹ duration_ms 12.892416
