✔ findNextEligibleChild excludes a child whose blocker is not Done (0.697125ms)
✔ findNextEligibleChild prefers a child that blocks a sibling (blocking-first) (0.093583ms)
✔ findNextEligibleChild keeps rank-ascending tiebreak among equals (0.074291ms)
✔ findNextEligibleChild makes a child eligible once its blocker is Done (0.078458ms)
✔ enrichChildrenWithBlockedBy attaches native dependency readiness per child (0.533792ms)
✔ enrichChildrenWithBlockedBy fails closed when evidence fetch fails (0.164125ms)
✔ wipAdvanceDecision: allows first child out of R4P (no active sibling) (0.096625ms)
✔ wipAdvanceDecision: refuses a second child while one already advances (0.07425ms)
✔ wipAdvanceDecision: dependencies do not bypass the sequential local budget (0.079417ms)
✔ wipAdvanceDecision: a blocked active sibling still consumes the local budget (0.107625ms)
✔ wipAdvanceDecision: Done siblings never count as advancing (0.081ms)
✔ planRefineWipGate: solo issue (no parent) bypasses (0.116875ms)
✔ planRefineWipGate: refuses when an epic sibling already advances (88.045584ms)
✔ planRefineWipGate: fails closed when sibling fetch throws (0.158792ms)
✔ childCreationAllowedAtEpicState admits the R4P lifecycle state (0.068583ms)
✔ developEpicTestChildrenGate passes for non-epic (no children) (0.106375ms)
✔ developEpicTestChildrenGate refuses when any child is at backlog (0.199708ms)
✔ developEpicTestChildrenGate refuses when any child is at assigned (0.039041ms)
✔ developEpicTestChildrenGate refuses when any child is at refine (0.045084ms)
✔ developEpicTestChildrenGate refuses when any child is at plan (0.052917ms)
✔ developEpicTestChildrenGate refuses when any child is at develop (0.038708ms)
✔ developEpicTestChildrenGate refuses when any child is at test (0.047166ms)
✔ developEpicTestChildrenGate passes when every child is done (0.084583ms)
✔ developEpicTestChildrenGate refuses when every child is only at review (0.047584ms)
✔ developEpicTestChildrenGate refuses a mix of review and terminal children (0.079375ms)
✔ developEpicTestChildrenGate names every nonterminal offender, not just the first (0.222625ms)
✔ developEpicTestChildrenGate refuses mixed-case "REVIEW" (0.106583ms)
✔ developEpicTestChildrenGate surfaces fetch failure as blocker (0.117625ms)
✔ developEpicTestChildrenGate accepts mixed-case "DONE" (0.052667ms)
✔ developEpicTestChildrenGate requires cfg and issueNumber (0.262375ms)
ℹ tests 30
ℹ suites 0
ℹ pass 30
ℹ fail 0
ℹ cancelled 0
ℹ skipped 0
ℹ todo 0
ℹ duration_ms 95.184084
