✔ planEpicDevelopChildrenGate passes for non-epic (no children) (0.635417ms)
✔ planEpicDevelopChildrenGate refuses when any child is in backlog (0.180125ms)
✔ planEpicDevelopChildrenGate passes when children are R4P or later with current evidence (0.216375ms)
✔ planEpicDevelopChildrenGate passes when sole current child is at ready-for-plan (0.073875ms)
✔ planEpicDevelopChildrenGate passes when sole current child is at plan (0.060958ms)
✔ planEpicDevelopChildrenGate passes when sole current child is at develop (0.284042ms)
✔ planEpicDevelopChildrenGate passes when sole current child is at test (0.1185ms)
✔ planEpicDevelopChildrenGate passes when sole current child is at review (0.060417ms)
✔ planEpicDevelopChildrenGate passes an accepted terminal child (0.10425ms)
✔ planEpicDevelopChildrenGate refuses sole backlog child (#335 regression) (0.138167ms)
✔ planEpicDevelopChildrenGate refuses children that are merely at refine (0.090792ms)
✔ planEpicDevelopChildrenGate surfaces fetch failures as blockers (0.101959ms)
✔ findNextEligibleChild returns lowest-rank R4P child (4.335167ms)
✔ findNextEligibleChild skips children with null rank (0.094708ms)
✔ findNextEligibleChild returns null when no R4P children (0.456708ms)
✔ findNextEligibleChild returns null on empty list (0.092417ms)
✔ fetchEpicChildren throws when cfg or parentEpicNumber missing (0.385ms)
✔ fetchEpicChildren refuses a malformed child collection (0.080166ms)
✔ isPendingRecoveryPhase accepts only incomplete durable recovery phases (0.061542ms)
✔ developEpicTestChildrenGate passes when a child was closed from Backlog (#947 — the #859 case) (0.802416ms)
✔ planEpicDevelopChildrenGate passes with a child closed from Backlog (#947) (13.918208ms)
✔ reviewEpicDoneChildrenGate passes with a child closed mid-flight (#947) (0.385167ms)
✔ reviewEpicDoneChildrenGate still refuses an OPEN child parked mid-flight (#947 regression) (0.158791ms)
✔ findNextEligibleChild never selects a child closed from Refine (#947) (0.317791ms)
✔ wipAdvanceDecision does not count a child closed mid-flight against the budget (#947) (0.529917ms)
ℹ tests 25
ℹ suites 0
ℹ pass 25
ℹ fail 0
ℹ cancelled 0
ℹ skipped 0
ℹ todo 0
ℹ duration_ms 28.468291
