✔ child outcome carries the real Test identity plus parent lineage, never a skipped receipt (11.031417ms)
✔ root epic incomplete telemetry uses actual merged delivery identity without invented parent commands (1.014083ms)
✔ incomplete outcome derives known subtotal from immutable timing source without numeric fabrication (0.451875ms)
✔ incomplete record refuses forged subtotal, changed source, wrong linkage and missing actual receipt (0.898083ms)
✔ incomplete rendering names unknown remainder and calibration excludes incomplete evidence (0.649833ms)
✔ incomplete outcomes never enter quantitative calibration (2.116875ms)
✔ incomplete writer rejects changed write payload and missing or conflicting fresh readback (1.600791ms)
✔ incomplete writer returns full unique canonical evidence only after fresh readback (0.766583ms)
✔ immutable outcome timing source permits append-only close tail and refuses mutation or linkage drift (1.939375ms)
✔ source successor verifies complete appended actor evidence and preserved footer (33.510875ms)
✔ original timing snapshot cannot silently discard malformed work rows (0.40725ms)
✔ supported ISO fractional historical timing rows remain represented (0.225208ms)
✔ incomplete source proof carries closed exact Test provenance and refuses omitted or forged modes (0.99675ms)
✔ calendar-normalized impossible original timing dates are refused (0.10725ms)
✔ persisted predecessor v2 remains readable without invented proof fields (0.257292ms)
✔ new provenance uses an explicit schema generation (0.161833ms)
ℹ tests 16
ℹ suites 0
ℹ pass 16
ℹ fail 0
ℹ cancelled 0
ℹ skipped 0
ℹ todo 0
ℹ duration_ms 61.191209
