✔ forecast-ready marker is canonical, replaceable during Plan, and readable by the exit gate (1.551917ms)
✔ Plan authority converges Refine history, board Estimate/Size, body fields, and forecast read-back (1.309167ms)
✔ Plan authority rejects an off-grid forecast before its first write (0.46925ms)
✔ Plan authority rejects a legacy v1 forecast before its first write (0.225792ms)
✔ Plan authority publishes the normalized forecast Refine baseline (0.288708ms)
✔ concurrent Plan convergence claims the forecast generation and appends it once (11.703084ms)
✔ every interrupted seam replays convergently without duplicating the forecast (1.878459ms)
✔ already-converged replay performs no writes (0.218958ms)
✔ Develop or frozen forecasts reject supersession outside audited demote/replan (0.9905ms)
✔ conflicting non-superseded forecasts fail closed (0.353833ms)
✔ audited Plan re-entry may supersede exactly one prior active forecast (0.276334ms)
✔ adaptive execution refreshes rubric, builds forecast, creates an envelope, and converges authority (0.461125ms)
✔ legacy baseline adoption freezes only an exact matching Develop projection (0.4685ms)
✔ legacy baseline adoption refuses mismatches, existing evidence, or non-Develop state (0.251292ms)
ℹ tests 14
ℹ suites 0
ℹ pass 14
ℹ fail 0
ℹ cancelled 0
ℹ skipped 0
ℹ todo 0
ℹ duration_ms 25.429
