✔ production estimation transport uses the #1070 store without direct REST comment code (1.712875ms)
✔ production estimation transport resolves the issue node and writes through GraphQL (0.587917ms)
✔ record construction generates canonical ULIDs and validates the complete envelope (21.095875ms)
✔ current forecast, outcome, and rubric payloads validate their exact schemas (0.802417ms)
✔ published v1 forecasts with fractional hours remain readable but cannot be newly created (8.1325ms)
✔ forecast rejects invalid sizes, WBS identity/totals, stage totals, and P80 ordering (1.546416ms)
✔ forecast rejects arbitrary fractions on every published estimate surface (3.959041ms)
✔ outcomes require a frozen forecast and coherent non-negative actuals (1.175417ms)
✔ rubrics require unique outcome identities and coherent samples (0.816167ms)
✔ published v1 rubrics without planning thresholds remain readable for migration (1.467167ms)
✔ known estimation record types are validated and correlated by the canonical envelope (7.494125ms)
✔ visible renderers expose evidence while presentation edits leave payload hashes unchanged (26.843791ms)
✔ immutable estimation writes use the comment store and accept success only after read-back (1.997792ms)
ℹ tests 13
ℹ suites 0
ℹ pass 13
ℹ fail 0
ℹ cancelled 0
ℹ skipped 0
ℹ todo 0
ℹ duration_ms 97.049125
