▶ unitTestPath
  ✔ maps a lib source file to its unit test path (0.428834ms)
  ✔ maps a root-level source file (0.071125ms)
  ✔ maps a verb source file (0.061583ms)
  ✔ returns null for a test file (no self-discovery) (0.049208ms)
  ✔ returns null for any path ending in .test.mjs (0.06625ms)
  ✔ two source files in different dirs with the same basename map to distinct tests (0.07375ms)
  ✔ maps a package-root module into the core bucket (0.064875ms)
✔ unitTestPath (1.476417ms)
▶ findUnitTests
  ✔ exposes source-to-test matches for explainable selector composition (1.242292ms)
  ✔ returns repo-root-relative paths for source files whose unit test exists (0.343125ms)
  ✔ silently skips source files whose unit test does not exist (0.293083ms)
  ✔ handles mixed present/absent cases (0.260583ms)
  ✔ ignores test files in the input list (0.234333ms)
  ✔ deduplicates when two source files map to the same test (0.3725ms)
  ✔ returns empty array for empty input (0.205333ms)
  ✔ resolves a subsystem-nested unit test by basename (#868 nesting-aware) (0.06925ms)
  ✔ prefers the complete source-relative canonical match over a basename collision (0.062416ms)
  ✔ rejects ambiguous basename fallback matches (0.062542ms)
✔ findUnitTests (3.381291ms)
▶ merge + dedup with direct test files
  ✔ direct test already in diff — discovered duplicate is suppressed (0.228334ms)
  ✔ discovered test not in direct diff — appended after direct changes (0.204541ms)
✔ merge + dedup with direct test files (0.476792ms)
ℹ tests 19
ℹ suites 3
ℹ pass 19
ℹ fail 0
ℹ cancelled 0
ℹ skipped 0
ℹ todo 0
ℹ duration_ms 28.667167
