▶ guard-bootstrap: entry-field adapter registration
  ✔ the obsolete pre-refine Priority adapter is not registered (0.352208ms)
  ✔ planEntryFieldsBody and planEntryFieldsBoard are registered at refine.exit (0.088708ms)
  ✔ re-bootstrap is idempotent (0.053334ms)
✔ guard-bootstrap: entry-field adapter registration (1.024875ms)
▶ refineEntryFieldsPriority adapter
  ✔ refuses on missing Priority and joins blockers into reason (0.540625ms)
  ✔ passes on Priority present (0.2365ms)
  ✔ refuses with a structured reason when ctx is malformed (0.142334ms)
✔ refineEntryFieldsPriority adapter (1.067166ms)
▶ planEntryFieldsBody adapter
  ✔ returns refinementPlan as derived data on success (0.421709ms)
  ✔ joins multiple blockers with "; " when underlying gate refuses (0.1745ms)
✔ planEntryFieldsBody adapter (0.722667ms)
▶ planEntryFieldsBoard adapter
  ✔ refuses on missing Rank and joins blockers (0.791792ms)
✔ planEntryFieldsBoard adapter (0.851417ms)
ℹ tests 9
ℹ suites 4
ℹ pass 9
ℹ fail 0
ℹ cancelled 0
ℹ skipped 0
ℹ todo 0
ℹ duration_ms 11.236
