✔ Plan guards accept only their explicitly waived requirements (1.454209ms)
✔ deep-dive waiver retains the independent Pickup Directive gate (0.345958ms)
✔ Planned Estimate and forecast waivers remain independent (0.652125ms)
✔ adaptive Plan exit refuses when ready forecast drifted after approval freeze (0.418375ms)
✔ adaptive Plan exit refuses a ready forecast that was never frozen at approval (0.169083ms)
✔ v1 Plan projection requires one ready forecast matching board and body authority (0.215667ms)
✔ configured adaptive Plan refuses marker-free exit even when the legacy appendix is valid (0.117166ms)
✔ v1 Plan projection uses production raw-comment pagination when no reader is injected (6.28625ms)
✔ planApprovedGuard: body with marker → ok (0.128834ms)
✔ planApprovedGuard: missing marker, toState=develop → refuse (0.131958ms)
✔ planApprovedGuard: missing marker, toState=refine (rollback) → ok (0.064791ms)
✔ planApprovedGuard: missing marker, toState absent → falls through (refuse) (0.072667ms)
✔ planApprovedGuard: empty/undefined body → refuse (0.04325ms)
✔ planApprovedGuard follows documented automatic/manual session precedence (0.06525ms)
✔ planEpicChildrenGuard: toState=refine (rollback) → ok regardless of children (0.053625ms)
✔ planEpicChildrenGuard: missing cfg/issueNumber → fail-open (0.1085ms)
✔ planEpicChildrenGuard: solo issue (no children) → ok (0.12225ms)
✔ planEpicChildrenGuard: epic with all children at R4P → ok (0.382292ms)
✔ planEpicChildrenGuard: epic with backlog child → refuse (0.084333ms)
✔ planExitVcPresenceGuard: body with a parseable VC entry → ok (0.203333ms)
✔ planExitVcPresenceGuard: no VC section, toState=develop → refuse (0.072583ms)
✔ planExitVcPresenceGuard: VC heading present but no parseable entry → refuse (0.043625ms)
✔ planExitVcPresenceGuard: unchecked entry still passes (presence, not completion) (0.071708ms)
✔ planExitVcPresenceGuard: toState=refine (rollback) → ok regardless of body (0.030084ms)
✔ planExitVcPresenceGuard: undefined body → fail-open (0.028167ms)
✔ STATES.plan.exitGuards: includes plan-exit-vc-presence (0.037917ms)
✔ runGuards(plan,develop): no VC section → surfaces plan-exit-vc-presence refusal (9.852708ms)
✔ STATES.plan.exitGuards: includes plan-exit-plan-approved (0.693833ms)
✔ STATES.plan.exitGuards: includes plan-exit-epic-children-r4p-or-beyond (0.136041ms)
✔ STATES.plan.exitGuards: blockedBy runs before plan-exit guards (0.137291ms)
✔ runGuards(plan,develop): missing plan-approved marker → refusal (236.423792ms)
✔ runGuards(plan,refine): rollback bypasses plan-exit guards (0.349709ms)
✔ runGuards(plan,develop): marker present + solo issue → ok (5.215958ms)
ℹ tests 33
ℹ suites 0
ℹ pass 33
ℹ fail 0
ℹ cancelled 0
ℹ skipped 0
ℹ todo 0
ℹ duration_ms 267.783208
