✔ reviewExitReviewApprovedGuard: body with marker → ok (1.058667ms)
✔ reviewExitReviewApprovedGuard: missing marker, toState=done → refuse (0.215209ms)
✔ reviewExitReviewApprovedGuard: missing marker, toState=test (rollback) → ok (0.078833ms)
✔ reviewExitReviewApprovedGuard: empty body → refuse (0.066791ms)
✔ reviewExitCloseGatesGuard: toState=test (rollback) → ok regardless of body (0.111417ms)
✔ reviewExitCloseGatesGuard: missing cfg/issueNumber/body → fail-open (0.096167ms)
✔ reviewExitCloseGatesGuard: clean body + clean deps → ok (223.844584ms)
✔ reviewExitCloseGatesGuard: missing aitm-dod-verified marker → refuse (13.497708ms)
✔ reviewExitCloseGatesGuard: dirty overlap → refuse with close-dirty-touched blocker (13.219625ms)
✔ STATES.review.exitGuards: includes review-exit-review-approved (0.174708ms)
✔ STATES.review.exitGuards: includes review-exit-close-gates (0.07ms)
✔ STATES.review.exitGuards: includes child-cannot-lead-epic-exit (0.056ms)
✔ STATES.review.exitGuards: blockedBy runs before review-exit guards (0.067209ms)
✔ STATES.review.exitGuards: epic-children-done runs before close-gates (#877) (0.047291ms)
✔ runGuards(review,done): missing review-approved marker → refusal surfaces from registry (16.161042ms)
✔ runGuards(review,test): rollback bypasses review-exit-done guards (0.47675ms)
✔ runGuards(review,done): approved + clean deps → ok (12.614209ms)
✔ runGuards(review,done): no commits trail → dirtyCheckSkipped warn surfaces (0.51625ms)
ℹ tests 18
ℹ suites 0
ℹ pass 18
ℹ fail 0
ℹ cancelled 0
ℹ skipped 0
ℹ todo 0
ℹ duration_ms 285.866
stub-gh: refused api graphql -f query=query { repository(owner: "owner", name: "name") { issue(number: 279) { parent { number body } subIssues(first: 100) { nodes { number title stateReason } } } } }
stub-gh: refused api graphql -f query=query { repository(owner: "owner", name: "name") { issue(number: 279) { parent { number body } subIssues(first: 100) { nodes { number title stateReason } } } } }
stub-gh: refused api graphql -f query=query { repository(owner: "owner", name: "name") { issue(number: 279) { parent { number body } subIssues(first: 100) { nodes { number title stateReason } } } } }
stub-gh: refused api graphql -f query=query { repository(owner: "owner", name: "name") { issue(number: 279) { parent { number body } subIssues(first: 100) { nodes { number title stateReason } } } } }
stub-gh: refused api graphql -f query=query { repository(owner: "owner", name: "name") { issue(number: 279) { parent { number body } subIssues(first: 100) { nodes { number title stateReason } } } } }
stub-gh: refused api graphql -f query=query { repository(owner: "owner", name: "name") { issue(number: 279) { parent { number body } subIssues(first: 100) { nodes { number title stateReason } } } } }
stub-gh: refused api graphql -f query=query { repository(owner: "owner", name: "name") { issue(number: 279) { parent { number body } subIssues(first: 100) { nodes { number title stateReason } } } } }
stub-gh: refused api graphql -f query=query { repository(owner: "owner", name: "name") { issue(number: 279) { parent { number body } subIssues(first: 100) { nodes { number title stateReason } } } } }
stub-gh: refused api graphql -f query=query { repository(owner: "owner", name: "name") { issue(number: 279) { parent { number body } subIssues(first: 100) { nodes { number title stateReason } } } } }
stub-gh: refused api graphql -f query=query { repository(owner: "owner", name: "name") { issue(number: 279) { parent { number body } subIssues(first: 100) { nodes { number title stateReason } } } } }
