✔ predicate flags a newly-introduced marker missing its sha (1.253ms)
✔ predicate flags a newly-introduced marker missing its ts (0.147584ms)
✔ predicate flags a newly-introduced marker whose sha is neither hex nor sandbox (0.120833ms)
✔ predicate passes a well-formed short-sha marker (0.432416ms)
✔ predicate passes a well-formed full-sha marker (0.081125ms)
✔ predicate passes a sandbox-sentinel marker (0.0815ms)
✔ predicate ignores a marker carried through unchanged (only NEW markers checked) (0.070292ms)
✔ IncompleteProofError is the same class exported from both modules (0.070333ms)
✔ AC1 — flag-bearing stamp missing sha is rejected despite evidenceStamp:true (2.207ms)
✔ AC2 — flag-bearing stamp missing ts is rejected (0.482542ms)
✔ AC3 — flag-bearing stamp with non-hex non-sandbox sha is rejected (0.14375ms)
✔ AC4 — well-formed flag-bearing stamp (short sha) still passes (0.404666ms)
✔ AC4 — well-formed flag-bearing stamp (sandbox sentinel) still passes (0.127375ms)
ℹ tests 13
ℹ suites 0
ℹ pass 13
ℹ fail 0
ℹ cancelled 0
ℹ skipped 0
ℹ todo 0
ℹ duration_ms 9.871583
