✔ emitPhasePairRows: SKIP_NETWORK short-circuits before any emission (0.670917ms)
✔ emitPhasePairRows: demote emits a `demoted:<target>` row then the <next>:enter row (1.541833ms)
✔ emitPhasePairRows: forward move emits <prev>:complete then <next>:enter (0.15575ms)
✔ emitPhasePairRows leaves shared lifecycle words neutral instead of borrowing actor cursors (0.128833ms)
✔ emitPhasePairRows keeps row-sec trailing when it adds transition identity (0.674458ms)
✔ shared phase facts do not project unavailable actor observations as their own work (0.138542ms)
✔ emitPhasePairRows: move to done emits a single done.complete row (0.095333ms)
✔ emitPhasePairRows: a throwing helper is swallowed (best-effort) (0.384417ms)
✔ emitFullAutoReviewAudit: non-done move short-circuits (0.148209ms)
✔ emitFullAutoReviewAudit: full-auto posts the audit comment (36.089583ms)
✔ emitFullAutoReviewAudit: human-reviewer stamps a marker via ctx.gh (18.561666ms)
✔ emitFullAutoReviewAudit: a throwing pexec is swallowed (0.266917ms)
✔ emitOutOfBandAudit: no reason short-circuits (0.103542ms)
✔ out-of-band lifecycle audit never converts another actor gap or cursor into engagement (0.283625ms)
✔ emitOutOfBandAudit: full path posts the audit comment and a timing row (0.266083ms)
✔ emitOutOfBandAudit: comment-throw and timing-throw are both swallowed (0.185875ms)
ℹ tests 16
ℹ suites 0
ℹ pass 16
ℹ fail 0
ℹ cancelled 0
ℹ skipped 0
ℹ todo 0
ℹ duration_ms 63.982709
[move-state] #10: phase-pair emission failed: buildRow boom
[human-reviewer-audit:info] #10: posted full-auto audit comment (no human reviewer)
[human-reviewer-audit:info] #10: stamped human-reviewer marker (alice)
[human-reviewer-audit] #10: enforcement failed: gh view down
