✔ task-owner exposes issue, project, and session scopes (0.8295ms)
✔ background-convergence exposes only issue and project scopes (0.072916ms)
✔ task-owner preserves the exact legacy tail (0.112541ms)
✔ background convergence excludes every session effect (0.068625ms)
✔ task-owner is the default profile (0.090625ms)
✔ every falsy profile except undefined fails closed (0.291375ms)
✔ non-string profiles fail closed even when string coercion names a known profile (0.077875ms)
✔ unknown profiles fail closed (0.072833ms)
✔ moveState refuses an unknown profile before any saga effect (0.297958ms)
✔ moveState refuses an unsupported review authority before any saga effect (0.149083ms)
✔ runMoveStateHost refuses an unknown profile before argv policy (17.897125ms)
✔ runMoveStateHost refuses an unsupported review authority before argv policy (15.859375ms)
✔ runMoveStateInProcess forwards typed profile and review authority without argv flags (0.587667ms)
✔ runMoveStateInProcess preserves task-owner and null authority defaults (0.195834ms)
ℹ tests 14
ℹ suites 0
ℹ pass 14
ℹ fail 0
ℹ cancelled 0
ℹ skipped 0
ℹ todo 0
ℹ duration_ms 44.508833
