▶ natCommentRequired — diff-aware predicate (#940)
  ✔ docs-only + code-touching diff → required (1.320291ms)
  ✔ docs-only + provably docs-only diff → skipped (0.170334ms)
  ✔ docs-only + empty diff → required (default-deny) (0.068917ms)
  ✔ docs-only + undefined diff → required (default-deny) (0.070959ms)
  ✔ code kind → required regardless of diff (kind-only fallback) (0.085792ms)
  ✔ no-commit kind (spike) → not required regardless of diff (0.062458ms)
  ✔ valid no-new-tests declaration → not required (honest #944 escape) (0.239334ms)
  ✔ docs-only + no-new-tests declaration → not required (escape wins) (0.107ms)
✔ natCommentRequired — diff-aware predicate (#940) (2.874042ms)
▶ buildReviewContext threads changedPaths (#940)
  ✔ normalizes an array changed-path set onto the context (0.96775ms)
  ✔ missing changedPaths defaults to [] (default-deny) (0.480292ms)
  ✔ non-array changedPaths coerces to [] (0.072416ms)
✔ buildReviewContext threads changedPaths (#940) (1.654ms)
▶ required-comments consumes context.changedPaths (#940)
  ✔ docs-only + code diff → NAT comment required (failure reported) (0.729292ms)
  ✔ docs-only + docs-only diff → NAT requirement skipped (no failure) (0.109708ms)
  ✔ docs-only + missing diff → required (default-deny) (0.217375ms)
  ✔ code kind → required regardless of diff (0.133375ms)
  ✔ threads end-to-end: buildReviewContext output drives the validator (0.102709ms)
✔ required-comments consumes context.changedPaths (#940) (1.510708ms)
ℹ tests 16
ℹ suites 3
ℹ pass 16
ℹ fail 0
ℹ cancelled 0
ℹ skipped 0
ℹ todo 0
ℹ duration_ms 10.071041
