✔ parsePauseMarkers: dot-dot back-compat form (1.782666ms)
✔ parsePauseMarkers: kv form with reason (0.189042ms)
✔ parsePauseMarkers: kv form without reason (0.06875ms)
✔ parsePauseMarkers: kv form rejects missing timestamp (0.071625ms)
✔ parsePauseMarkers: rejects until <= from (0.087ms)
✔ parsePauseMarkers: rejects garbage timestamps (0.063875ms)
✔ parsePauseMarkers: handles both forms together (0.057917ms)
✔ pauseSpansBetween: kv-form span fully inside window (0.460375ms)
✔ pauseSpansBetween: partial-overlap is pro-rated (0.090208ms)
✔ pauseSpansBetween: span outside window returns nothing (0.109ms)
✔ deriveStateMoveDelta: subtracts kv-form pause from window (0.490917ms)
✔ applyPauseSpansToRows: rollup drops engaged time by 20 min (0.542458ms)
✔ parsePauseMarkers: kv fields permit any order and preserve optional reason (0.0895ms)
ℹ tests 13
ℹ suites 0
ℹ pass 13
ℹ fail 0
ℹ cancelled 0
ℹ skipped 0
ℹ todo 0
ℹ duration_ms 7.81475
