▶ planExitPlanMetadataGuard (#892)
  ✔ refuses a missing Plan Metadata heading (0.600625ms)
  ✔ refuses an empty Plan Metadata section (0.194666ms)
  ✔ refuses comment-only and prose-only content (0.134167ms)
  ✔ refuses nested headings even when a preceding field is substantive (0.063875ms)
  ✔ accepts a substantive flat planning field (0.421209ms)
  ✔ refuses provenance-only fields that belong in Story Origin (0.10475ms)
  ✔ does not cross into the adjacent Pickup Directive section (0.173792ms)
  ✔ skips non-Develop transitions and fails open without a body (0.079375ms)
✔ planExitPlanMetadataGuard (#892) (2.420083ms)
▶ Plan state wiring (#892)
  ✔ registers the guard on Plan exit before VC presence (0.124166ms)
✔ Plan state wiring (#892) (0.217541ms)
ℹ tests 9
ℹ suites 2
ℹ pass 9
ℹ fail 0
ℹ cancelled 0
ℹ skipped 0
ℹ todo 0
ℹ duration_ms 5.851833
