## Definition of Done
<!--
Each item below MUST be individually verified by running the declared
verifier. Do not bulk-check. Do not preemptively check. The visible checkbox
is the sign-off; the hidden `aitm-dod-evidence:<key>` marker is the evidence
trail. `/task check` refuses to tick a stampable Functional DoD item without
its marker; run `/task dod-stamp <key>` to produce one. The two derived keys
(`acs`, `checkboxes`) are auto-stamped by `/task close` from the body itself.
See `skill/shared/rules/functional-dod.md` for the full contract.

Lifecycle items are verified during Review. Housekeeping items are finalized
during Close; their separate headings make the owning workflow phase explicit.

Kind-aware items (#681): append a `dod:kinds` HTML-comment annotation to scope
an item to a set of issue kinds. `exclude="spike,research"` renders the item for
every kind EXCEPT those listed; `include="code"` renders it only for the listed
kinds; an item with no annotation applies to every kind (the default). The
`tests` item is excluded for the no-code kinds `spike` and `research`, which ship
findings rather than code and would otherwise carry a test-suite DoD item and a
`npm run test:all` verification command they can never satisfy. Filtering happens
at render time in `preflight-issue.mjs`; a filtered-out item is simply absent, so
no phantom evidence marker is ever required for it.

Diff-decides for `docs-only` (#865): the `tests` item deliberately does NOT
static-exclude `docs-only`. A `docs-only` issue can quietly touch code, so the
kind alone must not launder it out of the suite. Instead the `tests` item is
dropped only when the render is `--kind docs-only` AND a supplied
`--changed-paths-file` proves the `trunk...HEAD` diff is documentation-only
(default-deny: any unclassified/empty/mixed diff keeps the item). "The kind
declares, the diff decides."
-->

### Functional (verified at Test)

- [ ] All automated tests pass <!-- aitm-verified cmd="`npm test` `npm run test:slow`" --> <!-- dod:functional:tests --> <!-- dod:kinds exclude="spike,research" -->
- [ ] Lint and format checks pass <!-- aitm-verified cmd="`npm run lint` `npm run format:check`" --> <!-- dod:functional:lint -->
- [ ] All changes committed; commit messages follow project convention <!-- aitm-verified cmd="`git log --oneline -1`" --> <!-- dod:functional:commits --> <!-- dod:kinds exclude="epic" -->
- [ ] Acceptance criteria met (including additions from deep dive) <!-- dod:functional:acs -->
- [ ] Issue body checkboxes ticked <!-- dod:functional:checkboxes -->

### Lifecycle (verified at Review)

- [ ] Agent Review Passed
- [ ] Final Review Passed

### Housekeeping (verified at Close)

- [ ] Story closed and moved to Done
- [ ] Timing data flushed to issue

---

## Pickup Directive — MANDATORY, DO NOT SKIP
> Follow: `.ai-task-manager/templates/pickup-directive.md`
<!-- aitm-body-version version="1" -->
✔ epic preflight handles omitted story intake (293.865041ms)
✔ epic preflight handles blank story intake (309.433125ms)
✔ epic preflight handles template story intake (288.008666ms)
✔ epic preflight handles valid story intake (231.76875ms)
✔ epic preflight handles malformed story intake (205.536292ms)
✔ epic preflight handles administrative story intake (200.817875ms)
✔ solo preflight handles omitted story intake (238.866583ms)
✔ solo preflight handles blank story intake (203.03025ms)
✔ solo preflight handles template story intake (223.677291ms)
✔ solo preflight handles valid story intake (197.7395ms)
✔ solo preflight handles malformed story intake (186.560958ms)
✔ solo preflight handles administrative story intake (233.337084ms)
✔ sub-issue preflight handles omitted story intake (213.994ms)
✔ sub-issue preflight handles blank story intake (240.601083ms)
✔ sub-issue preflight handles template story intake (509.441833ms)
✔ sub-issue preflight handles valid story intake (440.020833ms)
✔ sub-issue preflight handles malformed story intake (207.758916ms)
✔ sub-issue preflight handles administrative story intake (200.427667ms)
✔ defect preflight handles omitted story intake (366.747125ms)
✔ defect preflight handles blank story intake (214.017292ms)
✔ defect preflight handles template story intake (226.261917ms)
✔ defect preflight handles valid story intake (245.477916ms)
✔ defect preflight handles malformed story intake (200.826333ms)
✔ defect preflight handles administrative story intake (184.621291ms)
▶ preflight-issue --shape lint wiring
  ✔ rejects && in an AC aitm-verified cmd marker with exit 12 (185.050125ms)
  ✔ accepts a clean AC with a current vc-list citation (222.369083ms)
✔ preflight-issue --shape lint wiring (407.965667ms)
▶ preflight-issue --shape Story Origin flat-section validation (#892)
  ✔ rejects a Story Origin fragment containing an embedded heading (198.737125ms)
  ✔ still accepts a single leading Story Origin heading for compatibility (209.072708ms)
  ✔ rejects a stale project template override that drops Story Origin (306.864125ms)
✔ preflight-issue --shape Story Origin flat-section validation (#892) (715.304667ms)
▶ preflight-issue --shape Plan Metadata flat-section validation (#892)
  ✔ rejects a Plan Metadata fragment containing an embedded heading (182.265541ms)
  ✔ accepts one compatible leading Plan Metadata heading (196.834833ms)
✔ preflight-issue --shape Plan Metadata flat-section validation (#892) (379.364958ms)
▶ preflight-issue --shape stub (#426)
  ✔ renders without scope/ac/plan-metadata files, using placeholders (194.844125ms)
  ✔ seeds the Scope section from --idea-file (197.163375ms)
✔ preflight-issue --shape stub (#426) (392.312958ms)
▶ preflight-issue --shape Verification Commands seeding (#410)
  ✔ seeds a ## Verification Commands section that makes the body a fixed point of the evidence audit (207.768959ms)
✔ preflight-issue --shape Verification Commands seeding (#410) (207.961584ms)
▶ preflight-issue --kind docs-only render (#865 diff-decides / #923)
  ✔ default-deny: docs-only with NO --changed-paths-file KEEPS the tests DoD item (191.660333ms)
  ✔ docs-only + provably documentation-only diff DROPS the tests item + its VC seeds (188.6125ms)
  ✔ docs-only + a diff that touches code KEEPS the tests item (default-deny) (195.352792ms)
✔ preflight-issue --kind docs-only render (#865 diff-decides / #923) (575.996708ms)
▶ normalizePlanMetadata (#416)
  ✔ bolds a simple word label (0.349792ms)
  ✔ bolds a hyphenated label (0.107ms)
  ✔ is idempotent on already-bold labels (0.032666ms)
  ✔ leaves non-label lines unchanged (0.042125ms)
  ✔ handles multi-line input, bolding only label lines (0.040584ms)
  ✔ bolds a bulleted word label, preserving the bullet (#488) (0.030125ms)
  ✔ bolds a bulleted hyphenated label, colon outside the span (#488) (0.037083ms)
  ✔ is idempotent on an already-bold bulleted label (#488) (0.04725ms)
  ✔ bolds a realistic bulleted metadata block, leaving prose untouched (#488) (0.153375ms)
✔ normalizePlanMetadata (#416) (1.164958ms)
ℹ tests 46
ℹ suites 7
ℹ pass 46
ℹ fail 0
ℹ cancelled 0
ℹ skipped 0
ℹ todo 0
ℹ duration_ms 8750.759291
