All refine-estimate-comment tests defined.
✔ hasPlannedAppendix detects header (0.707708ms)
✔ buildPlannedAppendix records delta=0 explicitly (0.318833ms)
✔ buildPlannedAppendix records non-zero delta with sign (0.188459ms)
✔ buildPlannedAppendix normalizes Refine and Plan estimates before calculating delta (0.134958ms)
✔ v1 upsert replaces the Plan projection while preserving immutable Refine values (0.471375ms)
✔ buildPlannedAppendix uses placeholder rationale when blank (0.070209ms)
✔ findRefineEstimateComment matches the issue-number marker (0.17875ms)
✔ findRefineEstimateComment returns null when no comment matches (0.079042ms)
✔ ensureRefineEstimateComment is the same as findRefineEstimateComment (0.099625ms)
✔ appendPlannedEstimate PATCHes the comment when no appendix is present (0.237583ms)
✔ appendPlannedEstimate is idempotent — duplicate when appendix already present (0.116375ms)
✔ appendPlannedEstimate returns no-refine-comment when missing (0.0705ms)
✔ appendPlannedEstimate captures PATCH failure (0.12275ms)
✔ planPlannedEstimateGate refuses when comment missing (0.139458ms)
✔ planPlannedEstimateGate refuses when appendix missing (0.061333ms)
✔ planPlannedEstimateGate accepts when comment + appendix present (0.141875ms)
✔ buildPlannedAppendix rejects scalar planned/current (0.227ms)
✔ buildPlannedAppendix rejects null and arrays (0.069083ms)
✔ buildPlannedAppendix rejects empty object with no size or estimate (0.047375ms)
✔ appendPlannedEstimate rejects scalar planned/current before any I/O (0.088042ms)
✔ appendPlannedEstimate rejects null planned (0.059875ms)
✔ appendPlannedEstimate still works with valid { size, estimate } objects (0.0785ms)
✔ planPlannedEstimateGate refuses an all-em-dash data row (0.148958ms)
✔ planPlannedEstimateGate captures listComments failure (0.059708ms)
✔ repopulateEmptyPlannedAppendix rebuilds an all-em-dash appendix in place (0.169042ms)
✔ repopulateEmptyPlannedAppendix leaves a non-empty appendix untouched (0.055166ms)
✔ repopulateEmptyPlannedAppendix reports no-appendix when none present (0.05275ms)
✔ repopulateEmptyPlannedAppendix reports no-refine-comment when missing (0.045542ms)
ℹ tests 28
ℹ suites 0
ℹ pass 28
ℹ fail 0
ℹ cancelled 0
ℹ skipped 0
ℹ todo 0
ℹ duration_ms 9.2335
