✔ all fields + labels present, no children → ok (2.102041ms)
✔ missing rank → blocker names rank (0.359083ms)
✔ empty labels → blocker (0.124792ms)
✔ missing startTime → blocker (0.1185ms)
✔ #245 — epic whose child is in backlog now PASSES (child-not-at-refine check removed) (0.148709ms)
✔ #245 — kept checks still fire: missing rank yields refine-exit-missing even for an epic (0.145458ms)
✔ compound CLI command in AC marker → refine-exit-forbidden-command blocker (1.01275ms)
✔ missing Pickup Directive heading → refine-exit-pickup-directive-missing blocker (0.131875ms)
✔ Pickup Directive heading present → no pickup-directive blocker (0.103417ms)
✔ Pickup Directive heading only inside <details> → still blocked (0.181542ms)
✔ AC with a {tbd}-sentinel verifier → refine-exit-demonstrable names the malformed verifier, not "no verifier" (0.741041ms)
✔ waived AC alongside a bare code AC → only the bare code AC is flagged demonstrable (0.179709ms)
✔ multiple missing fields produces multiple blockers (0.066459ms)
ℹ tests 13
ℹ suites 0
ℹ pass 13
ℹ fail 0
ℹ cancelled 0
ℹ skipped 0
ℹ todo 0
ℹ duration_ms 9.505917
