✔ #1490: the exact completed-and-reopened shape authorizes (3.443583ms)
✔ #1490: a recovery-backed timing-only replacement authorizes stale supersession (0.976041ms)
✔ #1490: recovery-backed stale supersession fails closed on contradictory evidence (0.968667ms)
✔ #1490: a partial or reordered terminal sequence refuses (0.754583ms)
✔ #1490: a malformed transaction refuses (0.368834ms)
✔ #1490: an identical old and new accepted SHA refuses (0.38175ms)
✔ #1490: every contradictory live state refuses (1.65425ms)
✔ #1490: the historical bundle must correlate PR, intent, and receipt (1.709708ms)
✔ #1490: current delivery evidence must be gate-resolved, not asserted (1.590709ms)
✔ #1490: the recovery record captures both transactions, SHAs, and authorities (0.699ms)
✔ #1490: the recovery identity is deterministic, so a retry reuses it (1.279666ms)
✔ #1490: the replacement transaction begins with zero completed steps (1.10775ms)
✔ #1490: replacing an already-replaced marker is an idempotent no-op (0.45425ms)
✔ #1490: a body whose transaction is not the authorized one refuses (0.30275ms)
✔ #1490: zero or multiple delivered-close transactions refuse (0.349625ms)
✔ #1490: durable evidence is resolved by codec, never by substring (0.809042ms)
✔ #1490: a retry reuses the durable replacement id rather than minting another (0.338292ms)
✔ #1490: progress classification distinguishes both interruption points (0.552958ms)
✔ #1490: the old transaction is rebuilt from durable evidence (0.216917ms)
✔ #1490: a record whose intent disagrees with the authorization refuses (0.224875ms)
ℹ tests 20
ℹ suites 0
ℹ pass 20
ℹ fail 0
ℹ cancelled 0
ℹ skipped 0
ℹ todo 0
ℹ duration_ms 22.215166
