✔ Review validates a Test receipt and seeds standard results without spawning commands (4.481667ms)
✔ Review refuses a Test receipt after live Verification Commands change (10.790709ms)
✔ Review seeds targeted commands only when the Test receipt recorded them (0.912458ms)
✔ Review fails closed on SHA drift (0.47925ms)
✔ Review fails closed on config drift (0.586166ms)
✔ Review fails closed on lockfile drift (0.358833ms)
✔ Review fails closed when a required complete lane is absent (0.5705ms)
✔ receipt refusal uses the audited Test-to-Develop rework path (0.591125ms)
✔ Review fails closed when HEAD cannot be resolved for a v1 receipt (0.300083ms)
✔ Review and its Test-exit guard reject a malformed v1 marker instead of falling back (0.7755ms)
✔ Review retains marker-only compatibility when no v1 receipt exists (0.090917ms)
✔ a reviewer probe appends separate review evidence without mutating the Test receipt (0.475458ms)
✔ a reviewer probe drops prior Review evidence from a different fingerprint (0.499ms)
✔ Review probe mode executes an allowlisted command and persists read-back evidence (1.391541ms)
✔ Review probe mode persists a red probe and returns failure (1.080959ms)
✔ Review probe parser accepts repeatable quoted values and rejects a missing value (0.56375ms)
ℹ tests 16
ℹ suites 0
ℹ pass 16
ℹ fail 0
ℹ cancelled 0
ℹ skipped 0
ℹ todo 0
ℹ duration_ms 33.307875
