✔ web tick preserves unadopted legacy behavior without evidence I/O (3.471666ms)
✔ hatch tick preserves unadopted legacy behavior without evidence I/O (0.57125ms)
✔ old generated tick preserves unadopted legacy behavior without evidence I/O (0.270292ms)
✔ unchecked legacy preserves unadopted legacy behavior without evidence I/O (0.187125ms)
✔ explicit current record always validates retained manifest and files despite accepted Test (1.814125ms)
✔ adopted policy unchecked narrative blocks without a current record (0.318792ms)
✔ adopted policy proofless checked narrative blocks without a current record (0.658333ms)
✔ unchecked explicit target validates its current record then blocks (0.481ms)
✔ policy machine-bearing targets remain owned by the existing machine route (0.283ms)
✔ readiness distinguishes wrong section (0.37625ms)
✔ readiness distinguishes verifier target pointer (0.220833ms)
✔ readiness distinguishes malformed pointer (0.257125ms)
✔ readiness distinguishes changed target bytes (0.233291ms)
✔ readiness distinguishes changed branch (0.198542ms)
✔ readiness distinguishes changed HEAD (0.193208ms)
✔ readiness distinguishes wrong comment author (0.212917ms)
✔ readiness distinguishes edited current comment (0.214167ms)
✔ readiness distinguishes deleted current comment (0.279541ms)
✔ readiness distinguishes rate-limited read (0.200834ms)
✔ readiness distinguishes changed artifact bytes (0.336791ms)
✔ readiness distinguishes unavailable artifact reader (0.292375ms)
✔ readiness distinguishes non-bound checkout (0.217292ms)
✔ readiness distinguishes missing invokingDir (0.159708ms)
✔ directory lane returns before parser or any evidence read (0.608875ms)
✔ fenced and multiline-comment examples are inert even without root Scope (0.326958ms)
✔ guard preserves typed blocker args and remediation without accepted-Test bypass (0.28725ms)
✔ copying a current pointer to another checkbox refuses duplicate lineage (0.194ms)
✔ unadopted legacy text has no new parser obligations (0.147625ms)
✔ adopted target must have one visible label across all live issue checkboxes (0.923792ms)
✔ record-retained manifest label must equal the current visible target label (0.356584ms)
✔ policy does not adopt phase-owned Agent Review Passed (0.14825ms)
✔ explicit reviewed pointer refuses phase-owned Agent Review Passed (0.128292ms)
✔ policy does not adopt phase-owned Final Review Passed (0.105ms)
✔ explicit reviewed pointer refuses phase-owned Final Review Passed (0.102292ms)
✔ policy does not adopt phase-owned Passed final human review (0.12ms)
✔ explicit reviewed pointer refuses phase-owned Passed final human review (0.166708ms)
✔ policy does not adopt phase-owned Story closed and moved to Done (0.195708ms)
✔ explicit reviewed pointer refuses phase-owned Story closed and moved to Done (0.155417ms)
✔ policy does not adopt phase-owned Timing data flushed to issue (0.12175ms)
✔ explicit reviewed pointer refuses phase-owned Timing data flushed to issue (0.135875ms)
✔ policy does not adopt phase-owned Deep dive complete (0.124875ms)
✔ explicit reviewed pointer refuses phase-owned Deep dive complete (0.125667ms)
✔ policy does not adopt phase-owned Discussion complete (0.11475ms)
✔ explicit reviewed pointer refuses phase-owned Discussion complete (0.128ms)
✔ guard accepts the actual registry repo context field (0.1605ms)
✔ checked narrative mention of a verifier name still requires reviewed evidence (0.15475ms)
ℹ tests 46
ℹ suites 0
ℹ pass 46
ℹ fail 0
ℹ cancelled 0
ℹ skipped 0
ℹ todo 0
ℹ duration_ms 22.005875
