✔ initial record is installed after comment readback; equivalent checked request is fully validated no-op (9.47475ms)
✔ uncheck retains pointer; validated recheck reuses its original record (2.011166ms)
✔ changed request refreshes checked target in one lineage with predecessor (3.427875ms)
✔ body failure preserves orphan and retry reconciles it before another create (2.05975ms)
✔ manifest mutation after comment creation refuses body write, even for checked no-op (0.52225ms)
✔ generic writes cannot fabricate/remove/move pointer, or bypass recheck with unverified hatch (1.189958ms)
✔ generic policy changes and malformed reviewed prefixes stay protected (0.2515ms)
✔ reviewed options reject all unsupported mixtures before I/O (0.276709ms)
✔ fresh unrelated edit survives; same-target concurrent successor refuses without a body write (1.1515ms)
✔ CAS retry rebases unrelated changes and repeats validation (1.192834ms)
✔ recording preflight refusals create no comment (0.674083ms)
✔ authority or comment changes after create refuse before write (1.415917ms)
✔ same-target content edit keeps pointer but requires a new validated record (1.549ms)
✔ generic capability-shaped objects cannot authorize reviewed writes (0.130458ms)
✔ same-target successor observed during async fresh validation is not overwritten (0.435292ms)
✔ generic async mutation cannot bypass reviewed marker protection (0.118209ms)
✔ whitespace cannot bypass special-label exclusion; manifest uses exact visible label (0.120166ms)
✔ recording refuses phase-owned lifecycle and special-label targets before comments (0.489958ms)
✔ recording refuses copied lineage before creating a successor (0.586084ms)
ℹ tests 19
ℹ suites 0
ℹ pass 19
ℹ fail 0
ℹ cancelled 0
ℹ skipped 0
ℹ todo 0
ℹ duration_ms 31.753167
