✔ recording authority resolves the bound checkout, live owner and authenticated actor (6.646416ms)
✔ authority refuses foreign invocation (2.5385ms)
✔ authority refuses wrong bound issue (1.913334ms)
✔ authority refuses detached branch (1.955417ms)
✔ authority refuses branch drift (2.178333ms)
✔ authority refuses missing assignment (1.803416ms)
✔ authority refuses ambiguous assignment (1.750958ms)
✔ authority refuses actor mismatch (2.7215ms)
✔ authority refuses Review stage (2.478625ms)
✔ local evidence hashes original manifest bytes including final LF (4.306625ms)
✔ artifacts refuse escape (1.540084ms)
✔ artifacts refuse final symlink (1.80475ms)
✔ artifacts refuse intermediate symlink (1.954083ms)
✔ artifacts refuse directory (1.54475ms)
✔ artifacts refuse changed bytes (1.593334ms)
✔ artifacts refuse hardlink aliases (2.349917ms)
✔ artifacts refuse HEAD drift (1.303667ms)
✔ manifest bytes must agree with both disk and parsed manifest (2.815083ms)
✔ read-only evidence context and bound manifest remain available outside recording stages (2.23175ms)
✔ device-like FIFO is refused before opening (9.403334ms)
✔ oversized artifacts stop at the bounded read and refuse (11.345292ms)
✔ path replacement during descriptor read refuses (2.295167ms)
ℹ tests 22
ℹ suites 0
ℹ pass 22
ℹ fail 0
ℹ cancelled 0
ℹ skipped 0
ℹ todo 0
ℹ duration_ms 72.742625
