✔ Scope scanner ignores fenced and HTML-comment examples and keeps nested narrative headings (2.992625ms)
✔ duplicate Scope and duplicate live labels fail closed (0.44ms)
✔ policy adoption is explicit and fenced policy examples stay legacy (0.142ms)
✔ every recognized verifier form stays on its existing execution-proof route (0.079ms)
✔ target digest survives glyph and reviewed pointer changes but stales on other markers (1.0185ms)
✔ a duplicate unsupported checkbox cannot make an eligible label unique (0.371625ms)
✔ policy-name prose does not adopt legacy Scope (0.119083ms)
✔ content identity keeps original trailing bytes while removing only pointer separator (0.290083ms)
✔ narrative eligibility excludes phase-owned and special command labels (0.390792ms)
✔ recording target resolution refuses duplicate reviewed lineage or comment IDs (0.453125ms)
✔ bare verifier names remain narrative rather than execution declarations (0.127459ms)
✔ fence syntax inside a terminated multiline HTML comment remains inert (0.109875ms)
ℹ tests 12
ℹ suites 0
ℹ pass 12
ℹ fail 0
ℹ cancelled 0
ℹ skipped 0
ℹ todo 0
ℹ duration_ms 12.520583
