✔ close evidence accepts a docs-only Test receipt with three recorded lane skips (3.183291ms)
✔ close evidence refuses a receipt when live Verification Commands changed (0.673333ms)
✔ close evidence keeps all five classifications required without a valid lane skip (0.203833ms)
✔ close evidence distinguishes no Test receipt for the exact final SHA (0.08625ms)
✔ close evidence distinguishes multiple Test receipts for the exact final SHA (0.78675ms)
✔ the close outcome runtime needs no override for the #1146-equivalent fixture (4.769125ms)
✔ the close outcome runtime accepts a resolved historical delivery SHA (0.983292ms)
✔ the close outcome runtime without a resolver still selects the current branch head (0.232333ms)
✔ the close outcome runtime rejects a non-function verification SHA resolver (0.148083ms)
▶ the close outcome runtime rejects malformed resolved verification SHAs
  ✔ null (0.178833ms)
  ✔ uppercase (0.143625ms)
  ✔ non-SHA (0.109167ms)
✔ the close outcome runtime rejects malformed resolved verification SHAs (0.729208ms)
ℹ tests 13
ℹ suites 0
ℹ pass 13
ℹ fail 0
ℹ cancelled 0
ℹ skipped 0
ℹ todo 0
ℹ duration_ms 15.839
