✔ npm test is covered only when unit and integration are green (1.062375ms)
✔ npm test is not covered when a required lane is red (0.149292ms)
✔ focused command coverage uses shell-aware argument tokenization (0.19175ms)
✔ focused command matching preserves whitespace inside quoted arguments (0.114166ms)
✔ Review + valid receipt covering standard lanes → reuse (1.8925ms)
✔ Review + sha-mismatch receipt → refuse, do not run (0.327167ms)
✔ Review + missing receipt → refuse, do not run (0.100084ms)
✔ Test + valid receipt covering standard lanes → reuse (0.182125ms)
✔ stamp reuse refuses when live Verification Commands changed (1.121084ms)
✔ Test + no covering receipt → run (0.161ms)
✔ Develop + test:slow → refuse without treating it as Review (0.151459ms)
✔ Review refuses a receipt whose issue or canonical command identity is invalid (0.298167ms)
✔ Review refuses malformed and fingerprint-invalid receipts independently (0.237125ms)
✔ Review refuses uncovered lint and focused commands instead of executing them (0.076166ms)
✔ unknown live state refuses verifier execution (0.901708ms)
✔ Develop does not reuse a Test receipt (0.175583ms)
✔ Done refuses uncovered execution without suggesting an unavailable demotion (0.073292ms)
✔ skill and pickup docs no longer order Review-stage standard-lane reruns (2.875333ms)
ℹ tests 18
ℹ suites 0
ℹ pass 18
ℹ fail 0
ℹ cancelled 0
ℹ skipped 0
ℹ todo 0
ℹ duration_ms 14.451833
