✔ genesis heads are canonical and inline within the operational budgets (1.177208ms)
✔ advanceActionLedgerHead writes and verifies an inline head (3.703417ms)
✔ advanceActionLedgerHead accepts a canonically equivalent expected head (0.708459ms)
✔ large bodies spill automatically and verify the protected head twice (2.864583ms)
✔ stale expected heads fail against the fresh mutation base (0.362584ms)
✔ stale expected heads are rechecked against a retry base (0.403083ms)
✔ failed attempts advance ordinal while open attempts reuse it (0.158375ms)
✔ append creates genesis, preserves action union, and exact retry no-ops (1.841625ms)
✔ append fails closed when the current event was altered (0.651083ms)
✔ orphan recovery consumes every page and refuses ambiguity (0.253625ms)
✔ interrupted orphan scan pauses without claiming damage (0.209333ms)
✔ reconcile requires declared human approval and leaves proof unproven (1.834459ms)
✔ audit paginates fully and spill GC requires fresh unreachable proof (2.719875ms)
✔ runner exports closed status vocabularies and a frozen narrow capability context (0.634084ms)
✔ managed-provider denial is revalidated before every fresh or retry submission (0.583875ms)
✔ runner records waived as a terminal non-success outcome and continues later actions (0.285084ms)
✔ runner returns a freshly revalidated durable waiver without running the action again (0.08825ms)
✔ verify-first traversal scans from start and never runs fresh completion (0.169167ms)
✔ stale resolved evidence reruns, rehydrates after the effect, and verifies finally (0.205542ms)
✔ verified open attempts close as correlated or observed without calling run (0.171375ms)
✔ waiting deadlines remain read-only before expiry and fail exactly at expiry when authorized (0.265334ms)
✔ malformed waiting evidence fails closed (0.061125ms)
✔ correlation intent revalidates visit immediately before provider effect (0.091167ms)
✔ correlation serialization shares one winner and lock contention pauses (0.673792ms)
✔ waiting outcomes require correlation and ISO deadline (0.123292ms)
✔ waiting is returned only after the durable event is rehydrated and verified (0.302958ms)
ℹ tests 26
ℹ suites 0
ℹ pass 26
ℹ fail 0
ℹ cancelled 0
ℹ skipped 0
ℹ todo 0
ℹ duration_ms 25.867542
