✔ matrix refusal happens before resident or boundary effects (1.304083ms)
✔ self-target forward resumes residents before returning noop (0.159416ms)
✔ actions-only resumes residents and never requests a boundary (0.106417ms)
✔ a waived resident is terminal and distinct while forward progression continues (0.2135ms)
✔ ordinary forward completes residents before requesting one boundary (0.160792ms)
✔ reverse and bypass skip current residents (0.220334ms)
✔ force carries skipped resident IDs without resolving them (0.152792ms)
✔ ordinary forward returns dormant for incomplete or damaged resident work (0.153ms)
✔ source drift refuses before the legacy boundary (0.151459ms)
✔ legacy refusal results preserve every diagnostic field (0.252833ms)
✔ unknown boundary results fail closed and never enter target residents (0.108167ms)
✔ guard and transition consume one snapshot vintage inside the boundary lock (0.313916ms)
✔ boundary lock translates acquisition failure without rewriting callback provenance (1.665875ms)
✔ boundary lock exposes hold-time percentiles and applies a bounded p95 retry budget (0.133ms)
✔ damage carry is written only after a clean gate and is the sole transition-context addition (0.224125ms)
✔ a crash after confirmed movement converges by resuming the durable target (0.18725ms)
ℹ tests 16
ℹ suites 0
ℹ pass 16
ℹ fail 0
ℹ cancelled 0
ℹ skipped 0
ℹ todo 0
ℹ duration_ms 9.855458
