✔ Review cursor preserves waived resident outcomes as a distinct terminal status (1.461458ms)
✔ movement intent is evidence-free, normalized, and immutable (0.276791ms)
✔ move context freezes the final snapshot and skipped-action audit (0.117458ms)
✔ confirmed movement selects the target from all five signals (0.353417ms)
✔ no single move-completion signal may be omitted (0.131375ms)
✔ marker-ahead-of-board is an incomplete move that must be replayed (0.069833ms)
✔ Status at target without the terminal sentinel remains incomplete (0.077042ms)
✔ sentinel post-condition contradiction is drift (0.076ms)
✔ modern visit identity selects the marker transition ID and diagnoses missing commit provenance (0.202208ms)
✔ legacy visit identity uses state, visit suffix, and durable occurrence but not timestamp (0.137084ms)
✔ snapshot freshness is field-scoped and immutable (0.283209ms)
✔ provenance copies and deeply freezes details (0.087416ms)
✔ ledger codecs are canonical, strict, and preserve inline heads (0.815334ms)
✔ spill collection race retries once from the fresh body pointer (1.44ms)
✔ current-attempt hydration follows at most three point-read links (0.807042ms)
✔ a still-current missing spill is an observation diagnostic, not a hydration throw (0.222709ms)
✔ offline hydration performs no GitHub operation (0.19225ms)
✔ spill-head comments round-trip independently of body pointers (0.091542ms)
ℹ tests 18
ℹ suites 0
ℹ pass 18
ℹ fail 0
ℹ cancelled 0
ℹ skipped 0
ℹ todo 0
ℹ duration_ms 10.686833
