✔ the production lifecycle keeps eight states and canonically names Ready for Planning (0.954292ms)
✔ the factory machine projects navigation only through lifecycle policy (0.147125ms)
✔ the baseline names the canonical eight states in production order (0.071542ms)
✔ all three lifecycle projections explicitly cover all 64 ordered pairs (0.123375ms)
✔ the executable matrix matches pre-refactor transition validation for every pair (0.361042ms)
✔ the entry-history matrix matches the current marker-history edge set (0.100083ms)
✔ the timing-history matrix matches the current strict timing walk (2.680541ms)
✔ same-state requests are executable no-ops but remain valid history rows (0.105875ms)
✔ reverse and history-only distinctions remain explicit (0.082917ms)
✔ action eligibility and delegation match current verb exports (0.139ms)
✔ refine entry and self-run policy match injected production behavior (2.165ms)
✔ bootstrap policy resolves live state and refuses a missing board item (4.203083ms)
ℹ tests 12
ℹ suites 0
ℹ pass 12
ℹ fail 0
ℹ cancelled 0
ℹ skipped 0
ℹ todo 0
ℹ duration_ms 18.9185
[task-tracker] WARN: required project field "Start Time" (cfg.fieldStartTime) is not configured — board stamp skipped. Re-run `scripts/gh/init-project-config.sh` to discover and persist field ids.
