✔ absent: waived=false gate=false r4p=false (1.079083ms)
✔ current: waived=false gate=false r4p=false (1.174625ms)
✔ legacy: waived=false gate=false r4p=false (0.232791ms)
✔ partial: waived=false gate=false r4p=false (0.118ms)
✔ source: waived=false gate=false r4p=false (0.389791ms)
✔ story: waived=false gate=false r4p=false (0.408ms)
✔ intent: waived=false gate=false r4p=false (0.323584ms)
✔ absent: waived=false gate=false r4p=true (0.137583ms)
✔ current: waived=false gate=false r4p=true (0.466208ms)
✔ legacy: waived=false gate=false r4p=true (0.142084ms)
✔ partial: waived=false gate=false r4p=true (0.078375ms)
✔ source: waived=false gate=false r4p=true (0.853667ms)
✔ story: waived=false gate=false r4p=true (0.302458ms)
✔ intent: waived=false gate=false r4p=true (0.244667ms)
✔ absent: waived=false gate=true r4p=false (0.064791ms)
✔ current: waived=false gate=true r4p=false (0.236375ms)
✔ legacy: waived=false gate=true r4p=false (0.038417ms)
✔ partial: waived=false gate=true r4p=false (0.036791ms)
✔ source: waived=false gate=true r4p=false (0.254208ms)
✔ story: waived=false gate=true r4p=false (0.281041ms)
✔ intent: waived=false gate=true r4p=false (0.272334ms)
✔ absent: waived=false gate=true r4p=true (0.058417ms)
✔ current: waived=false gate=true r4p=true (0.267708ms)
✔ legacy: waived=false gate=true r4p=true (0.042791ms)
✔ partial: waived=false gate=true r4p=true (0.037ms)
✔ source: waived=false gate=true r4p=true (0.686667ms)
✔ story: waived=false gate=true r4p=true (0.374083ms)
✔ intent: waived=false gate=true r4p=true (0.260916ms)
✔ absent: waived=true gate=false r4p=false (0.039042ms)
✔ current: waived=true gate=false r4p=false (0.209709ms)
✔ legacy: waived=true gate=false r4p=false (0.046333ms)
✔ partial: waived=true gate=false r4p=false (0.034375ms)
✔ source: waived=true gate=false r4p=false (0.208708ms)
✔ story: waived=true gate=false r4p=false (0.232708ms)
✔ intent: waived=true gate=false r4p=false (0.187792ms)
✔ absent: waived=true gate=false r4p=true (0.032292ms)
✔ current: waived=true gate=false r4p=true (0.240708ms)
✔ legacy: waived=true gate=false r4p=true (0.028583ms)
✔ partial: waived=true gate=false r4p=true (0.027375ms)
✔ source: waived=true gate=false r4p=true (0.162333ms)
✔ story: waived=true gate=false r4p=true (0.392042ms)
✔ intent: waived=true gate=false r4p=true (0.208042ms)
✔ absent: waived=true gate=true r4p=false (0.026333ms)
✔ current: waived=true gate=true r4p=false (0.174625ms)
✔ legacy: waived=true gate=true r4p=false (0.031583ms)
✔ partial: waived=true gate=true r4p=false (0.029ms)
✔ source: waived=true gate=true r4p=false (0.1615ms)
✔ story: waived=true gate=true r4p=false (0.180291ms)
✔ intent: waived=true gate=true r4p=false (0.163417ms)
✔ absent: waived=true gate=true r4p=true (0.020791ms)
✔ current: waived=true gate=true r4p=true (0.159834ms)
✔ legacy: waived=true gate=true r4p=true (0.026292ms)
✔ partial: waived=true gate=true r4p=true (0.039917ms)
✔ source: waived=true gate=true r4p=true (0.190625ms)
✔ story: waived=true gate=true r4p=true (0.161208ms)
✔ intent: waived=true gate=true r4p=true (0.450417ms)
✔ demotion exits before reading body or sources (0.489125ms)
✔ a malformed present approval cannot masquerade as an absent marker (0.052667ms)
✔ case-insensitive legacy and malformed approvals cannot bypass the binding guard (0.053541ms)
✔ invalid prose precedes intent reads and async resolver failures are repairable refusals (0.166875ms)
ℹ tests 60
ℹ suites 0
ℹ pass 60
ℹ fail 0
ℹ cancelled 0
ℹ skipped 0
ℹ todo 0
ℹ duration_ms 19.641292
