✔ verbTest: no-vc body returns no-vc status (does not create worktree) (21.538792ms)
✔ verbTest: detects lifecycle pretick → un-ticks, writes body, posts regression comment (#139) (23.898041ms)
✔ verbTest: no pretick → no regression comment posted (#139) (28.344084ms)
✔ verbTest #937: Test becomes current before sandbox proof is stamped (16.154917ms)
✔ verbTest #406: sandbox green but moveState refuses → status move-failed, no passed banner (17.658084ms)
✔ verbTest #444: benign test→test self-loop → status reverified (in-place re-verify) (17.200333ms)
✔ verbTest #406: structured ok:true move → status passed (15.8025ms)
✔ verbTest #406: legacy stub moveState returning undefined still reports passed (16.861084ms)
✔ #1015 successful Test entry posts the New Automated Tests report (17.062834ms)
✔ #1015 Test self-loop runs the idempotent New Automated Tests poster (18.5295ms)
✔ #1015 New Automated Tests post failure does not reverse a successful Test entry (17.071417ms)
✔ #1015 refused Test move does not post New Automated Tests (16.727625ms)
✔ #1015 successful move attempts New Automated Tests before a result-comment failure (17.589ms)
✔ #1015 successful move attempts New Automated Tests before a timing-log failure (20.471375ms)
✔ verbTest: sandbox isolation — locally-passing env-dependent command fails in sandbox (15.214ms)
ℹ tests 15
ℹ suites 0
ℹ pass 15
ℹ fail 0
ℹ cancelled 0
ℹ skipped 0
ℹ todo 0
ℹ duration_ms 288.62625
