✔ requires explicit valid evaluator configuration (0.946333ms)
✔ only draft mode accepts empty or canonical template prose (1.052167ms)
✔ reports the nine closed story codes in specification order (0.66175ms)
✔ aggregates independent violations without duplicate codes in draft and approval (0.126917ms)
✔ requires exact prefixes and three substantive lines without bullets (0.160292ms)
✔ hashes normalized lines but preserves internal spacing and excludes marker lines (5.933458ms)
✔ all body validation surfaces retain raw first-H2 semantics around fenced decoys (2.324708ms)
✔ the evaluator recognizes a tab-separated raw H2 before the User Story (0.135125ms)
✔ an empty raw H2 marker cannot consume the next line as its heading (0.369834ms)
✔ the issue-body verifier retains tab-separated raw H2 position enforcement (0.311042ms)
✔ the historical guard shares tab-separated raw H2 position enforcement (0.079417ms)
✔ anchored phrase families accept meaningful delivery, agent and traceability roles (0.113875ms)
✔ offline corpus has exactly 24 honestly observed repairs and renderer negatives (5.41625ms)
✔ all scope levels parse original inline-code field values with normalized indentation and CRLF (7.410833ms)
✔ rejects missing, duplicate, unknown, empty, continuation and nested intent fields (1.346917ms)
✔ ignores fenced, commented and inline-code heading decoys without losing line alignment (4.251334ms)
✔ one-based inclusive parser bounds exclude neighboring intent blocks (0.543291ms)
✔ rendering and fixed-key hashing validate exactly four single-line fields (0.303542ms)
✔ linked task then linked root then unlinked deep dive select the closed authority (8.885625ms)
✔ linked authority never falls back on absent, unreadable, mismatched or malformed observations (1.421875ms)
✔ the actual mirrored details wrapper preserves deep-dive intent authority and digest (2.127459ms)
✔ a mirrored closing wrapper does not excuse missing fields or arbitrary continuations (3.298458ms)
✔ hidden closing wrapper decoys do not establish the structural deep-dive boundary (1.475792ms)
✔ selector conflicts and same-path aliases have identical decomposition and intent decisions (1.270584ms)
✔ only Plan Metadata supplies selectors; blank, template and duplicate selectors fail closed (2.462125ms)
✔ masked extractor selector round-trips exactly and raw inline-code headings suggest exact candidates (0.374417ms)
✔ diagnostics bound untrusted excerpts and duplicate tasks cannot select authority (0.349125ms)
✔ inline-code-only continuations are refused instead of silently folded or discarded (0.057917ms)
✔ unknown object-prototype labels produce a normal malformed-intent refusal (0.049833ms)
✔ an intent field containing only an HTML comment is empty (0.095166ms)
✔ heading-shaped labels hidden by inline code never become live fields (0.058458ms)
✔ duplicate active plan references fail closed instead of selecting the first observation (1.64525ms)
✔ root authority cannot hide malformed nested content by truncating at a deeper heading (0.497416ms)
✔ selector repair diagnostics name the matching task candidate, not an unrelated first task (0.596792ms)
✔ duplicate linked references cannot disagree between decomposition and intent selection (0.94375ms)
✔ intent authority rejects conflicting duplicate Source-plan references: docs/plan.md, docs/conflict.md (0.554875ms)
✔ decomposition rejects conflicting duplicate Source-plan references: docs/plan.md, docs/conflict.md (0.18425ms)
✔ intent authority rejects conflicting duplicate Source-plan references: docs/conflict.md, docs/plan.md (0.146834ms)
✔ decomposition rejects conflicting duplicate Source-plan references: docs/conflict.md, docs/plan.md (0.126875ms)
✔ multiline inline code cannot hide a nonempty continuation after the four fields (0.072084ms)
✔ prototype-named extra fields refuse without throwing or extending the four-field contract (0.045541ms)
ℹ tests 41
ℹ suites 0
ℹ pass 41
ℹ fail 0
ℹ cancelled 0
ℹ skipped 0
ℹ todo 0
ℹ duration_ms 66.440667
