✔ citeCommands: reuses an existing VC entry position, no append (AC1) (1.1335ms)
✔ citeCommands: appends an absent command and cites its new 1-based position (AC2) (0.089958ms)
✔ citeCommands: multi-command mixes reuse + append into a citation run (AC4) (0.074875ms)
✔ citeCommands: a command cited twice appends once and cites one position (0.07ms)
✔ buildEvidenceBackfill: cites an existing VC command without re-listing it (AC1) (1.312875ms)
✔ buildEvidenceBackfill: appends an absent command and cites its new position (AC2) (0.151208ms)
✔ buildEvidenceBackfill: no raw command is embedded in the AC markers (0.128083ms)
✔ buildEvidenceBackfill: cited positions round-trip through the read-side resolver (0.173208ms)
✔ buildEvidenceBackfill: citation-authored ACs pass the Refine→Plan demonstrability gate (0.956334ms)
✔ buildEvidenceBackfill: parseEvidenceChecklist resolves the cited commands back to literals (0.257834ms)
✔ buildEvidenceBackfill: second pass is a no-op (idempotent) (0.445292ms)
✔ multi-command citation ticks only when every cited command passes (AC4) (0.605792ms)
✔ multi-command citation stays unticked when one cited command fails (AC4) (0.124ms)
✔ legacy embedded command still resolves as evidence (AC5) (0.152709ms)
✔ legacy embedded command remains demonstrable to the gate (AC5) (0.325208ms)
✔ legacy embedded command still auto-ticks on green (AC5) (0.146834ms)
ℹ tests 16
ℹ suites 0
ℹ pass 16
ℹ fail 0
ℹ cancelled 0
ℹ skipped 0
ℹ todo 0
ℹ duration_ms 11.934333
