✔ exports the marker-authorized approval timing capabilities (0.852625ms)
✔ #1127 marker-authorized boundary is inserted at approval and deduplicated (31.507292ms)
✔ marker-authorized boundary ignores fenced approval lookalikes (0.323292ms)
✔ legacy colon approval marker remains valid reconciliation authority (0.143125ms)
✔ #1127 delayed close cannot inflate Review or published active totals (1.552292ms)
✔ legacy repair uses the last marker at approval, not a later close marker (0.641625ms)
✔ legacy repair preserves an explicit unavailable full marker at approval (0.430333ms)
✔ legacy repair treats an empty historical full-marker cell as unavailable (0.396709ms)
✔ post-close retry cannot duplicate the same authoritative approval event (0.670334ms)
✔ runApprove reconciles timing after first approval and on an already-approved retry (174.24625ms)
✔ runApprove refreshes stale Full-Auto approval carriers after lifecycle invalidation (80.3255ms)
✔ runApprove removes a legacy unbounded Full-Auto footnote during stale re-approval (79.908375ms)
ℹ tests 12
ℹ suites 0
ℹ pass 12
ℹ fail 0
ℹ cancelled 0
ℹ skipped 0
ℹ todo 0
ℹ duration_ms 380.66325
