✔ assign claims an unassigned pre-Develop story without changing Status (1.251417ms)
✔ assign transfers a locally-owned story to one different owner while preserving Status (0.203125ms)
✔ assign refuses foreign and multiple ownership before mutation (0.281833ms)
✔ assign treats a thrown add with a matching read-back as ambiguous and never compensates (0.183583ms)
✔ assign never destructively compensates a successful but provenance-ambiguous add (0.15075ms)
✔ transfer does not destructively compensate after the prior owner was removed (0.294917ms)
✔ assign never mutates when the durable audit reservation fails (0.402334ms)
✔ assign is idempotent for the requested singleton owner (0.113417ms)
✔ assign retries a pending completion audit without repeating ownership mutation (0.416083ms)
✔ assign reports audit-pending after verified mutation when completion write fails (0.200541ms)
✔ transfer retry repairs completion audit from the original owner workstation (0.214542ms)
✔ audit retry correlates by transaction id instead of suppressing a newer identical intent (0.134292ms)
✔ transfer retry never completes a pending transaction for a different requested target (0.082667ms)
✔ ownership verb refusals give the operator a concrete recovery action (0.337333ms)
✔ Done preserves final ownership and refuses transfer (0.0545ms)
ℹ tests 15
ℹ suites 0
ℹ pass 15
ℹ fail 0
ℹ cancelled 0
ℹ skipped 0
ℹ todo 0
ℹ duration_ms 12.085917
