[task-tracker] ✓ #20 blocked by #12
[task-tracker] ✓ #20 blocked by #4
[task-tracker] ✓ #20 native blockers already converged
[task-tracker] ✓ #20 native blockers already converged
[task-tracker] ✓ #20 removed native blockers #9
[task-tracker] ✓ #20 removed native blockers #4, #9
[task-tracker] ✓ #20 has no matching native blockers to remove
[task-tracker] ✓ #20 removed native blockers #4
[task-tracker] ✓ #20 has no matching native blockers to remove
✔ parseByList and block arguments normalize valid issue refs and reject partial-invalid input (1.318167ms)
✔ unblock arguments distinguish subtract-some from clear-all (0.115542ms)
✔ block unions requested refs into the native set without duplicates (0.779833ms)
✔ block accepts existing closed issues because AITM Status decides readiness (0.135833ms)
✔ block is idempotent when every requested ref already exists but still projects (0.130833ms)
✔ block refuses self, invalid, and missing refs before graph mutation (0.222833ms)
✔ block retry converges after projection failed without duplicating graph edges or comments (0.188042ms)
✔ unblock subtracts only present requested refs and ignores absent refs (0.20975ms)
✔ unblock without --by clears the native set (0.120541ms)
✔ unblock repeat is idempotent and still projects (0.282458ms)
ℹ tests 10
ℹ suites 0
ℹ pass 10
ℹ fail 0
ℹ cancelled 0
ℹ skipped 0
ℹ todo 0
ℹ duration_ms 7.191292
