✔ resolveBoardTarget: explicit #N wins over active issue (0.619917ms)
✔ resolveBoardTarget: falls back to the active issue (0.0665ms)
✔ resolveBoardTarget: null when neither is present (0.057333ms)
✔ verbBoard: prints "#N board Status: <state>" from the pinned reader (0.339333ms)
✔ verbBoard: reports not-on-board when the pinned reader returns null (0.111208ms)
✔ verbBoard: usage error and non-zero exit when no target resolvable (0.110875ms)
✔ evaluateGhProject: blocks `gh project item-list <n> --owner` (0.1655ms)
✔ evaluateGhProject: blocks other gh project forms (view, item-add) (0.092208ms)
✔ evaluateGhProject: a bare mention of "gh project" in prose does not trip (0.123292ms)
✔ evaluateGhProject: blocks a ProjectV2 query pinning a non-bound id (0.290209ms)
✔ evaluateGhProject: allows a ProjectV2 query pinning only the bound id (0.0985ms)
✔ evaluateGhProject: blocks a ProjectV2 query with no pinned id (client filter) (0.082041ms)
✔ evaluateGhProject: fails closed when boundProjectId is unreadable (null) (0.049709ms)
✔ evaluateGhProject: ignores non-project gh api graphql (issues, sub-issues) (0.043459ms)
✔ evaluateGhProject: ignores unrelated commands (0.047792ms)
ℹ tests 15
ℹ suites 0
ℹ pass 15
ℹ fail 0
ℹ cancelled 0
ℹ skipped 0
ℹ todo 0
ℹ duration_ms 6.448333
