✔ prefix-collision: toggling the shorter label does not touch the longer line (1.055042ms)
✔ round-trip: toggling an exact-match unchecked line flips to [x] then back to [ ] (0.210209ms)
✔ regex metacharacters in the label are matched literally (0.138709ms)
✔ missing label returns not-found and does not throw (0.079667ms)
✔ batch: multi-label toggle accumulates in one body (0.510917ms)
✔ batch: mixed found / already-checked / not-found reported independently; not-found does not drop the batch (0.146292ms)
✔ batch: single label behaves like the legacy single-label toggle (0.093792ms)
✔ batch: empty label list is a no-op returning the body unchanged (0.070667ms)
✔ #411 bare visible label ticks a marker-bearing line (0.12875ms)
✔ #411 full-line argument (label + markers) still ticks the line (backward compat) (0.181292ms)
✔ #411 marker-bearing line retains its trailing markers after toggle (0.109125ms)
✔ #411 ambiguous: two lines sharing a stripped label yield ambiguous and tick neither (0.060166ms)
✔ #411 batch reports ambiguous independently without dropping other labels (0.105709ms)
✔ reviewed option mixtures refuse before state, batch, or directory I/O (0.666084ms)
ℹ tests 14
ℹ suites 0
ℹ pass 14
ℹ fail 0
ℹ cancelled 0
ℹ skipped 0
ℹ todo 0
ℹ duration_ms 7.757416
