#925 is already fully closed; no terminal writes were repeated.
Closed #925.
Closed #925.
Closed #925.
Closed #925.
Closed #925.
Closed #925.
Closed #925.
Closed #925.
Closed #925.
Closed #925.
Closed #925.
Closed #925.
Closed #925.
Closed #925.
Closed #925.
Closed #925.
Closed #925.
Closed #925.
Closed #925.
Closed #925.
Closed #925.
Closed #925.
✔ fully converged Delivered close retry is an exact read-only success (1.208542ms)
✔ completed disposition step refuses a conflicting live terminal disposition (0.269791ms)
✔ open Done recovery refuses a disposition that contradicts its completed step (0.1075ms)
✔ pending disposition step refuses a contradictory live terminal disposition (0.110958ms)
✔ partial Delivered close transaction exposes only its missing suffix (0.236042ms)
✔ malformed, duplicate, and contradictory Delivered close records fail closed (0.183959ms)
✔ Delivered close transaction marker round-trips exact canonical bytes (1.019667ms)
✔ duplicate or malformed Delivered close markers refuse during read (0.292ms)
✔ completed Delivered close retry performs no terminal mutation (160.696125ms)
✔ successful Delivered close persists a complete terminal transaction (270.668333ms)
✔ explicit restart audits a stale pre-terminal transaction before replacing and replaying it (269.291833ms)
✔ restart adopts an audit-backed replacement body after the body-write response was lost (250.351416ms)
✔ partial Delivered close runs only the missing terminal suffix (1956.548833ms)
✔ Done-board open-issue retry resumes at issue close without replaying earlier steps (232.147417ms)
✔ closed Done retry resumes only labels and binding from durable issue step (232.961584ms)
✔ closed not-Done issue resumes its delivered-close transaction (236.1145ms)
✔ open Review partial retry rechecks lifecycle authority before a pending board effect (141.101291ms)
✔ pending Delivered disposition is adopted without overwriting it (237.871875ms)
✔ durable effects without checkpoints are observed and adopted before replay (960.68625ms)
✔ newer binding conflict survives a terminal close retry untouched (145.080416ms)
✔ stale pre-close binding residue resumes without refreshing close authority (233.286416ms)
✔ Done-state durable retry bypasses ordinary Review gates without force or renewed approval (247.614375ms)
✔ disposition read outage after transaction discovery fails closed (146.746208ms)
✔ label cleanup failure leaves labels and binding transaction steps pending (128.819417ms)
✔ markerless open Done close is adopted into a complete durable transaction (242.357167ms)
✔ receipt-gate injection does not implicitly bypass fresh verification (145.1245ms)
Closed #925.
Closed #925.
Closed #925.
Closed #925.
#925 is already fully closed; no terminal writes were repeated.
✔ lost transaction-checkpoint response is adopted without repeating durable effects (3344.297917ms)
ℹ tests 27
ℹ suites 0
ℹ pass 27
ℹ fail 0
ℹ cancelled 0
ℹ skipped 0
ℹ todo 0
ℹ duration_ms 9589.247375
[task-tracker] ⛔ Refusing to close #925: close-authority-drift: fresh Review-to-Done guards refused.
[task-tracker] ⛔ Refusing to finalize #925: a newer binding or occupancy claim supersedes the terminal cleanup authority (no-recovery-backed-replacement).
#925 terminal disposition could not be read after transaction discovery: project field unavailable
No convergence mutation was attempted; retry later.
[task-tracker] warn: failed to strip ToDo label on #925: label API unavailable
[task-tracker] ⛔ Refusing to close #925: close-delivery-receipt:fresh-input. Run `/task deliver` until a verified exact-head receipt exists, then retry.
[task-tracker] ⛔ Refusing to close #925: close-authority-drift: fresh Review-to-Done guards refused.
[task-tracker] ⛔ Refusing to close #925: close-authority-drift: fresh Review-to-Done guards refused.
[task-tracker] ⛔ Refusing to close #925: close-authority-drift: fresh Review-to-Done guards refused.
