coverage-commit-trace.test.mjs: defined
✔ runCommitTrace: happy path threads info through injected deps (13.600542ms)
✔ runCommitTrace: strips leading # from issueNumber (4.091ms)
✔ runCommitTrace: throws without issueNumber (0.448375ms)
✔ runCommitTrace: throws without cfg.repo (0.224584ms)
✔ runCommitTrace: falls back to getProjectDir() when projectDir omitted (140.749583ms)
✔ verbCommitTrace: no target → usage, exit 1 (147.603333ms)
✔ verbCommitTrace: discover bucket active + no positional → usage, exit 1 (135.082708ms)
✔ verbCommitTrace: positional target but runCommitTrace throws → catch, exit 1 (124.065792ms)
✔ verbCommitTrace: target resolved from state.active, then catch → exit 1 (124.843209ms)
ℹ tests 9
ℹ suites 0
ℹ pass 9
ℹ fail 0
ℹ cancelled 0
ℹ skipped 0
ℹ todo 0
ℹ duration_ms 697.963875
Usage: /task commit-trace #N
Usage: /task commit-trace #N
commit-trace: commit-trace: cfg.repo is required
commit-trace: commit-trace: cfg.repo is required
