coverage-evidence-markers.test.mjs: defined
✔ runEvidenceMarkers: audit clean body → status clean (1.158584ms)
✔ runEvidenceMarkers: audit issues body → status issues-found (0.247459ms)
✔ runEvidenceMarkers: defaults to audit mode when mode omitted (0.103667ms)
✔ runEvidenceMarkers: backfill changed body → writes via mutateBody (1.103417ms)
✔ runEvidenceMarkers: backfill dry-run does not write (0.126625ms)
✔ runEvidenceMarkers: backfill with unchanged body skips write (0.130042ms)
✔ runEvidenceMarkers: backfill without mapping → ambiguous (0.099625ms)
✔ runEvidenceMarkers: unknown mode throws (0.269334ms)
✔ runEvidenceMarkers: throws without issueNumber (0.115167ms)
✔ runEvidenceMarkers: throws without cfg.repo (0.127333ms)
✔ verbEvidenceMarkers: no issue number → usage, exit 1 (0.229ms)
✔ verbEvidenceMarkers: backfill without --map-file → exit 2 (0.114583ms)
missing-evidence: bare ac
missing-verification-command: npm test
stale-verification-command: npm run lint
evidence-markers: issues-found
✔ verbEvidenceMarkers: audit issues body prints audit, status issues-found (187.603958ms)
evidence-markers: clean
✔ verbEvidenceMarkers: audit clean body → exits normally (12.993417ms)
evidence-markers: dry-run
✔ verbEvidenceMarkers: backfill dry-run with map-file (13.662792ms)
missing-evidence: needs backfill
✔ verbEvidenceMarkers: backfill ambiguous → exit 3 (13.325958ms)
ℹ tests 16
ℹ suites 0
ℹ pass 16
ℹ fail 0
ℹ cancelled 0
ℹ skipped 0
ℹ todo 0
ℹ duration_ms 235.108125
Usage: /task evidence-markers <audit|backfill> #N [--map-file mappings.json] [--dry-run]
evidence-markers backfill requires --map-file <json>
ambiguous-evidence: needs backfill
