coverage-kind.test.mjs: defined
[task-tracker] ✓ kind on #42: set to "audit".
[task-tracker] ✓ kind on #99: cleared (code is the default lane).
[task-tracker] ✓ kind on #42: set to "epic".
✔ no args → usage error, exit 1 (0.599209ms)
✔ one arg with no active task → exit 1 (124.150166ms)
✔ invalid kind → exit 1 (0.193791ms)
✔ invalid issue number → exit 1 (0.129083ms)
✔ happy path: explicit target + non-code kind → sets marker (3.71ms)
✔ happy path: one-arg active-bind form + code kind → clears marker (132.281791ms)
✔ epic kind delegates all carriers to the shared metadata reconciler (0.19775ms)
✔ epic body reconciliation appends the introduced DoD verifier with the next stable id (2.220083ms)
✔ repeating epic body reconciliation is content-idempotent and Review preflight accepts it (1.872958ms)
ℹ tests 9
ℹ suites 0
ℹ pass 9
ℹ fail 0
ℹ cancelled 0
ℹ skipped 0
ℹ todo 0
ℹ duration_ms 273.16775
