✔ deliver source has no terminal lifecycle dependency (0.961541ms)
✔ #1512 default adapter resolves @me to an eligible human reviewer (1.070291ms)
✔ #1512 default adapter normalizes exact-head PR review evidence (0.422958ms)
✔ default live PR snapshot records a server-confirmed deleted source branch (1.785667ms)
✔ #1635 merged PR attribution uses the full commit subject when GitHub truncates messageHeadline (0.352458ms)
✔ default PR adapter proves a complete paginated commit inventory (0.757459ms)
✔ default PR adapter rejects initial head mismatch (0.424542ms)
✔ default PR adapter rejects head drift between pages (0.19075ms)
✔ #1390 default PR adapter canonicalizes live GitHub second-precision mergedAt (0.375083ms)
✔ #1390 default PR adapter rejects missing or malformed mergedAt (0.357167ms)
✔ default merge-history inspector returns exact parents and authorized commit bytes (0.241375ms)
✔ #1389 default comment adapter canonicalizes live GitHub second-precision timestamps (0.252375ms)
✔ #1389 default comment adapter rejects malformed GitHub timestamps (0.082291ms)
✔ #1413 default delivery adapter excludes optional and historical PR checks (0.3015ms)
✔ #1413 default delivery adapter preserves pending required checks as non-green (0.169584ms)
✔ #1504 default delivery adapter reads an explicit absent required-check policy (0.180208ms)
✔ #1504 absent required checks remain unreadable after pull-request head drift (0.10925ms)
✔ #1504 default delivery adapter propagates unrelated exit-one check failures (0.072542ms)
ℹ tests 18
ℹ suites 0
ℹ pass 18
ℹ fail 0
ℹ cancelled 0
ℹ skipped 0
ℹ todo 0
ℹ duration_ms 12.709709
