✔ advanced local head refuses historical recovery without a prior intent (3.186041ms)
✔ advanced local head explicitly reconstructs a missing intent after proving historical delivery (6.161667ms)
▶ historical reconstruction and every retry enforce manual approval of the accepted historical SHA
  ✔ 0 records: missing approval (0.75075ms)
  ✔ 0 records: stale local-head approval (0.37075ms)
  ✔ 0 records: exact accepted-head approval (1.986708ms)
  ✔ 1 records: missing approval (0.361ms)
  ✔ 1 records: stale local-head approval (0.844584ms)
  ✔ 1 records: exact accepted-head approval (1.13075ms)
  ✔ 2 records: missing approval (0.4565ms)
  ✔ 2 records: stale local-head approval (0.358375ms)
  ✔ 2 records: exact accepted-head approval (0.830333ms)
  ✔ 3 records: missing approval (0.302417ms)
  ✔ 3 records: stale local-head approval (0.311042ms)
  ✔ 3 records: exact accepted-head approval (0.428958ms)
✔ historical reconstruction and every retry enforce manual approval of the accepted historical SHA (10.4765ms)
✔ ordinary prior-intent historical recovery retains its existing manual-review behavior (1.999542ms)
✔ historical reconstruction retries a persisted 1-record prefix without duplicates (2.019875ms)
✔ historical reconstruction retries a persisted 2-record prefix without duplicates (1.4655ms)
✔ historical reconstruction retries a persisted 3-record prefix without duplicates (1.006791ms)
✔ historical reconstruction recovers a lost reconciliation POST response without duplicate records (1.110542ms)
▶ historical reconstruction retries require explicit authority and fresh provider/Git proof
  ✔ 1 records: missing flag (0.211541ms)
  ✔ 1 records: changed reason (0.483042ms)
  ✔ 1 records: placeholder reason (0.166458ms)
  ✔ 1 records: changed declaration (0.139583ms)
  ✔ 1 records: unreachable merge (0.358083ms)
  ✔ 1 records: changed topology (0.231666ms)
  ✔ 1 records: changed live bytes (0.421208ms)
  ✔ 2 records: missing flag (0.2175ms)
  ✔ 2 records: changed reason (0.25575ms)
  ✔ 2 records: placeholder reason (0.229833ms)
  ✔ 2 records: changed declaration (0.210292ms)
  ✔ 2 records: unreachable merge (0.301875ms)
  ✔ 2 records: changed topology (0.235333ms)
  ✔ 2 records: changed live bytes (0.351166ms)
  ✔ 3 records: missing flag (0.239042ms)
  ✔ 3 records: changed reason (0.262708ms)
  ✔ 3 records: placeholder reason (0.242041ms)
  ✔ 3 records: changed declaration (0.237458ms)
  ✔ 3 records: unreachable merge (0.326875ms)
  ✔ 3 records: changed topology (0.233875ms)
  ✔ 3 records: changed live bytes (0.375666ms)
✔ historical reconstruction retries require explicit authority and fresh provider/Git proof (7.101292ms)
▶ historical reconstruction refuses missing, malformed, or mismatched v2 retry provenance
  ✔ missing (0.417291ms)
  ✔ malformed (0.504083ms)
  ✔ v1 only (0.318125ms)
  ✔ wrong origin (0.257125ms)
  ✔ wrong issue (0.254625ms)
  ✔ wrong repository (0.256042ms)
  ✔ wrong PR (0.227791ms)
  ✔ wrong accepted SHA (0.242084ms)
  ✔ wrong merge SHA (0.236583ms)
  ✔ wrong configured method (0.23425ms)
  ✔ wrong observed method (0.238333ms)
  ✔ wrong reason (0.234834ms)
  ✔ false divergence (0.246ms)
✔ historical reconstruction refuses missing, malformed, or mismatched v2 retry provenance (5.098042ms)
✔ historical reconstruction refuses unmerged PR without any ledger writes (0.16825ms)
✔ historical reconstruction refuses unreachable merge without any ledger writes (0.187791ms)
✔ historical reconstruction refuses unattributable topology without any ledger writes (0.137917ms)
✔ historical reconstruction refuses declared method mismatch without any ledger writes (0.120583ms)
✔ historical reconstruction refuses missing flag without any ledger writes (0.097333ms)
✔ historical reconstruction refuses failed trunk fetch without any ledger writes (0.20125ms)
✔ historical reconstruction refuses provider method mismatch without any ledger writes (0.155667ms)
✔ historical reconstruction refuses invalid attribution without any ledger writes (0.214625ms)
✔ advanced local head refuses an external recovery intent (0.3335ms)
ℹ tests 65
ℹ suites 0
ℹ pass 65
ℹ fail 0
ℹ cancelled 0
ℹ skipped 0
ℹ todo 0
ℹ duration_ms 50.212
