✔ first open-PR call posts one exact intent before emitting one action and exits 20 (10.773708ms)
✔ configured rebase refuses before durable intent or provider action output (0.663375ms)
✔ lost POST response reconciles the server-visible dedupe key without posting again (1.501792ms)
✔ same dedupe key with divergent authorized bytes fails closed (0.621375ms)
✔ same-head pending intent reruns live preflight and re-emits byte-identical JSON (1.392ms)
✔ merged exact head is independently verified and receives one durable receipt (4.164666ms)
✔ merged verification rejects a missing merge SHA (1.988625ms)
✔ merged verification rejects the wrong recorded pre-merge head (0.931542ms)
✔ merged delivery refuses a test SHA disagreement without appending a receipt (0.8245ms)
✔ merged delivery refuses a review SHA disagreement without appending a receipt (0.783541ms)
✔ merged verification rejects an exposed merge-method mismatch (1.947334ms)
✔ merged verification rejects a live-history merge-method mismatch (1.878ms)
✔ merged verification rejects an indistinguishable live-history merge method (1.7335ms)
✔ ordinary delivery still requires live merge bytes to equal the prior authorization (1.256167ms)
✔ configured merge verifies an exact two-parent live-history shape (2.403959ms)
✔ merged verification rejects unknown branch disposition observations (4.088083ms)
✔ merged verification fails closed when the authoritative trunk fetch fails (1.3725ms)
✔ merged verification rejects a merge result unreachable from fetched origin/trunk (1.071833ms)
✔ ordinary intent rejects a merge timestamp earlier than the server intent timestamp (1.137792ms)
✔ ambiguous provider outcome reconciles an open PR as the same action-required intent (1.020792ms)
✔ ambiguous provider outcome reconciles a merged PR from live state, not provider output (2.031833ms)
✔ repeated exact receipt re-verifies live PR and trunk without creating another comment (1.595667ms)
✔ advanced local head recovers one historical receipt from a prior durable intent (1.24225ms)
✔ advanced local head refuses historical recovery while the accepted PR is open (0.717ms)
✔ advanced local head requires accepted Agent Review and standing approval (1.175208ms)
✔ advanced local head refuses wrong-SHA Test or Review evidence (1.169834ms)
✔ advanced local head enforces intent-time ordering and trunk reachability (2.910459ms)
✔ advanced local head rejects divergent prior intent repository bytes (0.997333ms)
✔ advanced local head rejects divergent prior intent issue bytes (0.77325ms)
✔ advanced local head rejects divergent prior intent pull request bytes (0.772875ms)
✔ advanced local head rejects divergent prior intent base bytes (0.76125ms)
✔ advanced local head rejects divergent prior intent branch bytes (0.763125ms)
✔ advanced local head rejects divergent prior intent head bytes (0.868916ms)
✔ advanced local head rejects divergent prior intent method bytes (1.137916ms)
✔ advanced local head rejects divergent prior intent attribution bytes (1.244333ms)
✔ advanced local head rejects divergent prior intent title bytes (1.246375ms)
✔ advanced local head rejects divergent prior intent message bytes (1.233ms)
✔ advanced local head refuses historical recovery when Full-Auto delivery is disabled (1.416084ms)
✔ advanced local head rejects duplicate and divergent historical receipts (2.727375ms)
✔ lost receipt POST response is reconciled from the single server-visible receipt (1.738709ms)
✔ conflicting receipts fail closed before any new comment is created (2.073417ms)
✔ already-merged external recovery appends an external intent and receipt without an action (1.106417ms)
✔ external recovery proves a configured squash from complete single-source history (0.848709ms)
✔ external recovery accepts exact legacy escaped attribution (1.948125ms)
▶ external recovery refuses altered legacy escaped attribution
  ✔ missing (0.386542ms)
  ✔ altered (0.272541ms)
  ✔ duplicated (0.258833ms)
  ✔ physical newlines (0.255625ms)
  ✔ altered title (0.251541ms)
  ✔ non-squash (0.3735ms)
  ✔ multiple tokens (0.304667ms)
✔ external recovery refuses altered legacy escaped attribution (2.517167ms)
✔ external recovery refuses ambiguous one-parent rewritten history with missing method observation (0.289459ms)
✔ external recovery refuses ambiguous one-parent rewritten history with null method observation (0.212875ms)
✔ external recovery strictly rejects malformed provider merge-method evidence (0.248084ms)
✔ external recovery rejects a provider method observation that mismatches configuration (0.306875ms)
✔ external recovery structurally verifies a two-parent merge without provider method evidence (0.858791ms)
✔ ordinary prior-intent squash remains verifiable without provider method evidence (1.217625ms)
✔ external recovery records observed merge bytes instead of synthesizing provider bytes (1.235041ms)
✔ external recovery refuses empty-title observed commit bytes before writing (0.373334ms)
✔ external recovery refuses control-character-title observed commit bytes before writing (0.288ms)
✔ external recovery refuses control-character-message observed commit bytes before writing (0.24375ms)
✔ failed first external recovery writes nothing and a corrected retry succeeds (1.264084ms)
✔ external recovery derives required attribution from PR history when post-merge range is empty (4.004541ms)
✔ repeated external recovery re-verifies as already delivered without timestamp reclassification (1.303958ms)
✔ changed head requires fresh Test and review evidence then supersedes the prior intent (1.417959ms)
✔ child lineage returns an explicit non-provider result without provider or terminal effects (0.10125ms)
✔ unknown lineage fails closed instead of being classified as child delivery (0.100625ms)
✔ requested issue number never substitutes for a missing active binding (0.183416ms)
ℹ tests 69
ℹ suites 0
ℹ pass 69
ℹ fail 0
ℹ cancelled 0
ℹ skipped 0
ℹ todo 0
ℹ duration_ms 102.410375
