✔ runDemote hard-refuses with no --rework (from review) (0.821083ms)
✔ runDemote hard-refuses with no --rework (from test) (0.093209ms)
✔ runDemote treats a whitespace-only --rework as absent (0.074041ms)
✔ runDemote with a real --rework from a legal source demotes and threads the reason (1.020833ms)
✔ runDemote still refuses an illegal source even with --rework (0.25775ms)
✔ defaultRunMoveState appends --demote and --demote-reason when a reason is present (0.882875ms)
✔ defaultRunMoveState omits --demote-reason when the reason is blank (0.205125ms)
✔ parseArgs extracts issue number and --rework in both forms (0.798333ms)
✔ #932 demote-strips-VC-evidence: uncheck + drop run-props, keep declaration (1.230209ms)
✔ #932 demote-preserves-protected: no invariant marker is lost (1.621416ms)
✔ #932 re-promote-restamps-new-sha: stripped item re-stamps against the new HEAD, not the old (0.294333ms)
✔ #932 demote-with-nothing-to-strip: a body with only declarations is a safe no-op (0.095459ms)
✔ #1557 compatibility repair accepts only the exact valid stranded provenance tuple (1.165791ms)
✔ #932 runDemote wires invalidateEvidence into the state-recording mutate and reports it (1.915125ms)
✔ #848 AC6: demote LEGAL_FROM/DEMOTE_TARGET unchanged by the park addition (0.103584ms)
ℹ tests 15
ℹ suites 0
ℹ pass 15
ℹ fail 0
ℹ cancelled 0
ℹ skipped 0
ℹ todo 0
ℹ duration_ms 21.298291
