dod-stamp-state-gate.test.mjs: defined
[task-tracker] dod-stamp tests on #778: running 1 verifier(s)…
  ✓ npm run test:all (exit=0)
[task-tracker] ✓ dod-stamp tests on #778: run-props upserted onto the dod:functional:tests line's aitm-verified marker (sha=bbbbbbbbbbbbbbbbbbbbbbbbbbbbbbbbbbbbbbbb).
[task-tracker] ac-stamp on #780: running 1 verifier(s) for AC "full suite must pass"…
  ✓ npm run test:all (exit=0)
[task-tracker] ✓ ac-stamp on #780: run-props (key=3bdb5b17) upserted onto the AC line's aitm-verified marker (sha=bbbbbbbbbbbbbbbbbbbbbbbbbbbbbbbbbbbbbbbb).
[task-tracker] dod-stamp tests on #781: reusing Test receipt 01KYZ7Q780EERF0FSM55EG0MTJ; standard commands were not rerun.
[task-tracker] ✓ dod-stamp tests on #781: run-props upserted onto the dod:functional:tests line's aitm-verified marker (sha=aaaaaaaaaaaaaaaaaaaaaaaaaaaaaaaaaaaaaaaa).
[task-tracker] dod-stamp tests on #783: reusing Test receipt 01KYZ7Q780G7MWVRETVEGCMGZ2; standard commands were not rerun.
[task-tracker] ✓ dod-stamp tests on #783: run-props upserted onto the dod:functional:tests line's aitm-verified marker (sha=aaaaaaaaaaaaaaaaaaaaaaaaaaaaaaaaaaaaaaaa).
[task-tracker] ac-stamp on #784: reusing Test receipt 01KYZ7Q780HPV02GJAQ1H8YV5N; standard commands were not rerun.
[task-tracker] ✓ ac-stamp on #784: evidence stamped from Test receipt (sha=aaaaaaaaaaaaaaaaaaaaaaaaaaaaaaaaaaaaaaaa).
✔ dod-stamp tests: refuses in develop, verifier never runs (155.077875ms)
✔ dod-stamp tests: proceeds normally once in test state (217.629709ms)
✔ ac-stamp: refuses a restricted verifier command in develop, verifier never runs (124.0665ms)
✔ ac-stamp: proceeds normally once in test state (204.906709ms)
✔ dod-stamp tests: Review + valid receipt reuses and does not spawn npm (126.328917ms)
✔ dod-stamp tests: Review + stale receipt refuses and does not spawn npm (118.920291ms)
✔ dod-stamp tests: Test + valid receipt reuses and does not spawn npm (135.38ms)
✔ ac-stamp: Review + valid receipt reuses Test provenance and does not spawn npm (122.8345ms)
✔ Review + uncovered lint refuses on both stamp surfaces without spawning npm (237.973959ms)
✔ Review + issue-mismatched receipt refuses on both stamp surfaces (242.563584ms)
✔ unavailable live state refuses on both stamp surfaces (245.711709ms)
ℹ tests 11
ℹ suites 0
ℹ pass 11
ℹ fail 0
ℹ cancelled 0
ℹ skipped 0
ℹ todo 0
ℹ duration_ms 1940.860042
[task-tracker] dod-stamp tests: restricted verifier command(s) [npm run test:all] require the issue to be in `test` (current: `develop`). Run `/task promote` to reach `test`, where a sandboxed suite run is the sanctioned path.
[task-tracker] ac-stamp: restricted verifier command(s) [npm run test:all] require the issue to be in `test` (current: `develop`). Run `/task promote` to reach `test`, where a sandboxed suite run is the sanctioned path.
[task-tracker] dod-stamp tests: verifier command(s) [npm run test:all] cannot run in `review`. Demote and run `/task test` to produce a valid exact-SHA Test receipt, then retry.
[task-tracker] dod-stamp tests: verifier command(s) [npm run lint] cannot run in `review`. Demote and run `/task test` to produce a valid exact-SHA Test receipt, then retry.
[task-tracker] ac-stamp: verifier command(s) [npm run lint] cannot run in `review`. Demote and run `/task test` to produce a valid exact-SHA Test receipt, then retry.
[task-tracker] dod-stamp tests: verifier command(s) [npm run test:all] cannot run in `review`. Demote and run `/task test` to produce a valid exact-SHA Test receipt, then retry.
[task-tracker] ac-stamp: verifier command(s) [npm run test:all] cannot run in `review`. Demote and run `/task test` to produce a valid exact-SHA Test receipt, then retry.
[task-tracker] dod-stamp tests: live issue state could not be resolved; verifier execution is refused.
[task-tracker] ac-stamp: live issue state could not be resolved; verifier execution is refused.
