ensure-unchecked.test.mjs: defined
[task-tracker] ✓ Unchecked "verified ac checked" on #777
[task-tracker] ✓ "plain ac no verifier" already unchecked on #777 (no-op)
[task-tracker] ✓ "plain ac no verifier" already unchecked on #777 (no-op)
[task-tracker] ✓ Unchecked "verified ac checked" on #777
✔ setChecklistLine: unchecks a checked line (changed) (1.107333ms)
✔ setChecklistLine: already-unchecked is a byte-identical no-op (0.151417ms)
✔ setChecklistLine: unchecked desired never checks an unchecked line (0.077166ms)
✔ setChecklistLine: preserves trailing evidence markers on untick (0.095583ms)
✔ setChecklistLines: folds untick across labels with per-label results (0.526416ms)
✔ verbEnsureUnchecked: unchecks a checked AC and writes [ ] (177.95225ms)
✔ verbEnsureUnchecked: idempotent re-run on already-unchecked is a no-op (129.758875ms)
✔ verbEnsureUnchecked: never checks an unchecked AC (122.045208ms)
✔ verbEnsureUnchecked: runs NO evidence gate when un-ticking a verifier AC (120.938792ms)
✔ verbEnsureUnchecked: "deep dive complete" is ordinary text, not the marker route (125.055792ms)
✔ verbEnsureUnchecked: "discussion complete" is ordinary text, not the discuss route (124.477042ms)
ℹ tests 11
ℹ suites 0
ℹ pass 11
ℹ fail 0
ℹ cancelled 0
ℹ skipped 0
ℹ todo 0
ℹ duration_ms 815.014084
[task-tracker] checkbox "deep dive complete" not found in #777
Checkboxes found:
  "plain ac no verifier"
  "verified ac checked <!-- aitm-verified cmd="`echo ok`" -->"
[task-tracker] checkbox "discussion complete" not found in #777
Checkboxes found:
  "plain ac no verifier"
  "verified ac checked <!-- aitm-verified cmd="`echo ok`" -->"
