✔ Review installs the agent-validation resident action by direct reference (1.005875ms)
✔ fresh Agent Review Passed evidence completes the current Review visit (1.233084ms)
✔ an objection persists failed evidence and returns failed without a board move (1.299041ms)
✔ resident semantic review reloads policy only for missing waivable planning sections (0.536958ms)
✔ a current semantic-review waiver returns waived without running validators or mutations (0.222708ms)
✔ waived semantic review emits a truthful durable timeline row (0.964125ms)
✔ waived semantic review retires the active failure carrier without stamping pass evidence (0.492083ms)
✔ verify revalidates a durable waiver and treats revocation as incomplete (0.300709ms)
✔ verify re-runs a durable waiver whose terminal row lacks exact-head authority (0.233542ms)
✔ verify pauses when Review comments are unreadable or no reader exists (0.206542ms)
✔ waived semantic review refuses unusable authority before clearing a failure carrier (0.274542ms)
✔ waived semantic review requires the failure-retirement capability before posting (0.086792ms)
✔ waived semantic review preserves the failure carrier when the terminal row is only queued (0.089917ms)
✔ waived semantic review preserves the failure carrier when posted evidence fails readback (0.118125ms)
✔ verify re-runs a durable waiver when a stale failure carrier still needs retirement (0.079292ms)
✔ Review entry is forward while an in-Review retry is actions-only (0.115667ms)
✔ an in-Review retry executes only the Cursor actions-only trigger (0.071ms)
✔ Review classifies resident and boundary Cursor outcomes without swallowing failures (0.071ms)
✔ Review reports waived semantic work without claiming verification passed (0.070708ms)
✔ resume, switch, and the dispatcher carry the Review resident wake (0.056375ms)
✔ #1488: verbStart delegates to verbResume and does not re-issue the Review wake (0.033834ms)
✔ #1488: the wake decision exempts the start verb and no other (0.065875ms)
✔ #1488: resume and rebind still wake Review residents (0.079292ms)
✔ a passing Review probe continues into actions-only resident execution (0.075625ms)
✔ a gate objection performs NO board move — the issue stays in Review (0.142ms)
✔ the failure timeline is exactly: stamp the marker, then post review:failed (0.079667ms)
✔ the review:failed row says the issue stays in Review, not that it reverted (0.197916ms)
✔ the marker stamp is best-effort — a mutate throw does not lose the row (0.167292ms)
✔ the failure path never passes --demote to anything (0.093417ms)
✔ verbReview delegates the authoritative Test → Review move and gate to the Cursor (0.156458ms)
✔ there is exactly ONE authoritative move-to-review call site (0.061292ms)
✔ emitReviewGateFailureTimeline no longer destructures runMoveState (0.129ms)
✔ the operator is told to fix in place and re-run, not to fix in Develop (0.074792ms)
✔ the resident action consumes the Cursor-hydrated body and comments snapshot (0.145709ms)
✔ both gate outcome paths derive their write from the post-move body (0.091ms)
ℹ tests 35
ℹ suites 0
ℹ pass 35
ℹ fail 0
ℹ cancelled 0
ℹ skipped 0
ℹ todo 0
ℹ duration_ms 18.149
