✔ actual B activity hook rereads shared admission for code writes and mixed commits after A publishes deny (3358.408292ms)
✔ actual issue lock pending obtains revision admission before lock or callback effects (458.515709ms)
✔ actual issue lock stale obtains revision admission before lock or callback effects (541.268917ms)
✔ actual issue lock unavailable obtains revision admission before lock or callback effects (339.732875ms)
✔ actual issue lock malformed obtains revision admission before lock or callback effects (307.195542ms)
✔ actual issue lock baseline obtains revision admission before lock or callback effects (326.979583ms)
✔ actual issue lock approved obtains revision admission before lock or callback effects (842.642708ms)
✔ actual explicit issue lock pending cannot turn a holder capability into mutation readiness (360.604917ms)
✔ actual explicit issue lock stale cannot turn a holder capability into mutation readiness (483.241333ms)
✔ actual explicit issue lock unavailable cannot turn a holder capability into mutation readiness (288.460375ms)
✔ internal deep-import lock ownership does not admit a pending semantic writer (342.752625ms)
✔ bare inherited issue-lock flag cannot admit enabled mutation or first acquire strict lock below issue lock (309.037458ms)
✔ actual move-state host pending refuses before native lifecycle phases despite inherited flag (402.28875ms)
✔ actual move-state core pending refuses before native lifecycle phases despite inherited flag (351.526541ms)
✔ actual move-state host stale refuses before native lifecycle phases despite inherited flag (495.986666ms)
✔ actual move-state core stale refuses before native lifecycle phases despite inherited flag (483.015375ms)
✔ actual move-state host unavailable refuses before native lifecycle phases despite inherited flag (300.848458ms)
✔ actual move-state core unavailable refuses before native lifecycle phases despite inherited flag (284.273083ms)
✔ actual move-state host malformed refuses before native lifecycle phases despite inherited flag (305.228167ms)
✔ actual move-state core malformed refuses before native lifecycle phases despite inherited flag (280.694584ms)
✔ in-memory transports compose writes, pagination, and one batched node read (113.440125ms)
✔ a write rejects a canonical read-back that differs from the requested envelope (27.559458ms)
✔ writes reject a read-back whose visible projection differs from the requested body (42.734625ms)
✔ initialization writes four validated singleton comments before one complete directory and then re-enters read-only (80.758792ms)
✔ pre-publication mode prepares validated singletons without exposing the directory (29.185584ms)
✔ discovery is read-only and does not need an actor or write transport (0.616208ms)
✔ invalid directory issue IDs refuse before the first singleton mutation (0.359041ms)
✔ an opaque issue ID containing a comment terminator round-trips through initialization and re-entry (48.909167ms)
✔ every before and after comment/body write crash re-enters without blind duplicate creation (580.518958ms)
✔ concurrent initializers refuse duplicate singleton candidates before either publishes a directory (44.572875ms)
✔ initializer compensates a duplicate injected after final scan before body publication (20.828916ms)
✔ discovery and repair refuse malformed, foreign, missing, or duplicate singleton candidates (20.411375ms)
✔ a published directory with a deleted singleton blocks re-entry without a repair write (39.982834ms)
✔ explicit repair writes a missing directory only from one complete unambiguous candidate per identity (39.496083ms)
✔ repair recognizes an adopted Delivery Contract singleton after the directory marker is lost (30.255208ms)
✔ repair refuses a duplicate injected after discovery before publishing a directory (26.494ms)
✔ repair compensates a duplicate injected after final scan before body publication (34.497583ms)
✔ a failed duplicate compensation returns a fail-closed body-compensation error (30.226ms)
✔ compensation body-write crash hooks preserve a fail-closed recoverable state (44.525208ms)
✔ the transition capsule is appended and read back before ordered singleton projection writes (43.018584ms)
✔ every append and projection mutation boundary replays to one authority and exact projections (240.1875ms)
✔ serialized proof, changed contract, stale grant, fork, and projection drift block repair writes (113.385708ms)
✔ dry run reports exact legacy-to-contract parity with no write dependencies (5.001833ms)
✔ apply prepares singletons, seals and projects the contract, then publishes the directory last (1.261916ms)
✔ parity mismatch refuses adoption before the first write (0.638416ms)
✔ rollback is allowed only for the unchanged adoption snapshot (0.193833ms)
✔ rollback snapshot inspection detects singleton projection drift as well as capsule drift (0.210417ms)
✔ repair delegates to validated discovery and never guesses a missing singleton (0.147584ms)
✔ CLI is dry-run first and exposes no database or hosted-service configuration (0.24625ms)
✔ versionedWriteBody pending authority refuses before caller transformation or transport effects (121.901709ms)
✔ versionedWriteBody stale authority refuses before caller transformation or transport effects (248.941042ms)
✔ versionedWriteBody unavailable authority refuses before caller transformation or transport effects (19.372458ms)
✔ mutateIssueBody pending authority refuses before caller transformation or transport effects (77.412666ms)
✔ mutateIssueBody stale authority refuses before caller transformation or transport effects (268.392167ms)
✔ mutateIssueBody unavailable authority refuses before caller transformation or transport effects (18.49475ms)
✔ real baseline authority permits ordinary body writing with deny published before effects (20.078042ms)
✔ real approved authority permits ordinary body writing with deny published before effects (413.294625ms)
✔ public observation objects and caller ready callbacks cannot mint authority (27.8755ms)
✔ appendCapsule real adapter pending authority and transport effects (90.862ms)
✔ appendCapsule real adapter stale authority and transport effects (241.06425ms)
✔ appendCapsule real adapter unavailable authority and transport effects (18.6575ms)
✔ appendCapsule real adapter malformed authority and transport effects (17.548958ms)
✔ appendCapsule real adapter baseline authority and transport effects (18.857583ms)
✔ appendCapsule real adapter approved authority and transport effects (359.266583ms)
✔ executeContractWrite real adapter pending authority and transport effects (75.27825ms)
✔ executeContractWrite real adapter stale authority and transport effects (233.683833ms)
✔ executeContractWrite real adapter unavailable authority and transport effects (19.687833ms)
✔ executeContractWrite real adapter malformed authority and transport effects (17.977291ms)
✔ executeContractWrite real adapter baseline authority and transport effects (18.734416ms)
✔ executeContractWrite real adapter approved authority and transport effects (434.681042ms)
✔ writeDirectoryContractOperation real adapter pending authority and transport effects (71.980292ms)
✔ writeDirectoryContractOperation real adapter stale authority and transport effects (229.357708ms)
✔ writeDirectoryContractOperation real adapter unavailable authority and transport effects (16.570542ms)
✔ writeDirectoryContractOperation real adapter malformed authority and transport effects (16.577084ms)
✔ writeDirectoryContractOperation real adapter baseline authority and transport effects (18.116584ms)
✔ writeDirectoryContractOperation real adapter approved authority and transport effects (516.207458ms)
✔ ordinary metadata body write retains recognized current approval for the next real backend consumer (449.117333ms)
✔ getCommentsByNodeIds retrieves opaque IDs in one nodes query (5.634875ms)
✔ parsePreloadedIssueComments validates cached GraphQL nodes without transport (0.542209ms)
✔ parsePreloadedIssueComments fails closed on malformed cached AITM records (0.404166ms)
✔ GitHub timestamps without fractional seconds are accepted and normalized (0.28825ms)
✔ GitHub timestamps and immutable author metadata fail closed (0.553375ms)
✔ GraphQL transport and partial responses fail with safe normalized categories (0.697833ms)
✔ batched reads reject missing, deleted, wrong, or uncorrelated nodes (0.909ms)
✔ batched reads reject invalid inputs before invoking transport (0.3145ms)
✔ updates use the opaque node ID through GraphQL before read-back (33.020667ms)
✔ updates reject a foreign comment node before invoking the mutation (27.903417ms)
✔ writes fail closed before success and never expose transport payloads (95.562334ms)
✔ incremental listing fails closed on broken pagination and partial pages (1.497584ms)
✔ incremental listing rejects an empty page that claims a successor (0.171167ms)
✔ incremental listing rejects pages larger than the requested page size (4.630334ms)
✔ incremental listing rejects missing or non-string comment bodies (0.502958ms)
✔ incremental listing bounds fresh non-terminal pages (30.542792ms)
✔ incremental listing applies an exclusive boundary and normalizes transport failure (0.42225ms)
✔ incremental listing rejects malformed AITM-like record openers (0.464125ms)
✔ incremental listing ignores ordinary issue comments (0.200708ms)
✔ validates exact transition authority and keeps the capability non-serializable (10.619ms)
✔ strict payload validation rejects unknown fields, unstable identities, secrets, and projection conflicts (11.388458ms)
✔ changed contract epoch and stale coordinator grant refuse before append (1.250292ms)
✔ stale chain head and a record fork refuse before append (51.1205ms)
✔ an exact operation replay returns its durable capsule without a duplicate append (28.839166ms)
✔ historical On Deck transition capsules replay byte-for-byte but new writers reject the alias (2.245583ms)
ℹ tests 102
ℹ suites 0
ℹ pass 102
ℹ fail 0
ℹ cancelled 0
ℹ skipped 0
ℹ todo 0
ℹ duration_ms 11175.685042
