✔ independent initializeIssueDirectory pending refuses before original callback or transport selection (110.365584ms)
✔ independent initializeIssueDirectory stale refuses before original callback or transport selection (245.028583ms)
✔ independent initializeIssueDirectory malformed refuses before original callback or transport selection (18.354583ms)
✔ independent initializeIssueDirectory unavailable refuses before original callback or transport selection (15.943583ms)
✔ independent initializeIssueDirectory baseline retains its complete original algorithm (20.336958ms)
✔ independent initializeIssueDirectory approved retains its complete original algorithm (364.324583ms)
✔ independent repairIssueDirectory pending refuses before original callback or transport selection (71.476917ms)
✔ independent repairIssueDirectory stale refuses before original callback or transport selection (222.104041ms)
✔ independent repairIssueDirectory malformed refuses before original callback or transport selection (17.204875ms)
✔ independent repairIssueDirectory unavailable refuses before original callback or transport selection (17.080083ms)
✔ independent repairIssueDirectory baseline retains its complete original algorithm (18.980292ms)
✔ independent repairIssueDirectory approved retains its complete original algorithm (401.587958ms)
✔ independent createIssueComment pending refuses before original callback or transport selection (65.255166ms)
✔ independent createIssueComment stale refuses before original callback or transport selection (210.94725ms)
✔ independent createIssueComment malformed refuses before original callback or transport selection (15.635666ms)
✔ independent createIssueComment unavailable refuses before original callback or transport selection (15.501333ms)
✔ independent createIssueComment baseline retains its complete original algorithm (16.5535ms)
✔ independent createIssueComment approved retains its complete original algorithm (321.82775ms)
✔ independent updateIssueComment pending refuses before original callback or transport selection (64.509792ms)
✔ independent updateIssueComment stale refuses before original callback or transport selection (206.351709ms)
✔ independent updateIssueComment malformed refuses before original callback or transport selection (15.964583ms)
✔ independent updateIssueComment unavailable refuses before original callback or transport selection (15.232417ms)
✔ independent updateIssueComment baseline retains its complete original algorithm (15.571042ms)
✔ independent updateIssueComment approved retains its complete original algorithm (320.722667ms)
✔ durable projection repair pending retains custody and rereads revision admission (98.710417ms)
✔ durable projection repair stale retains custody and rereads revision admission (229.552292ms)
✔ durable projection repair malformed retains custody and rereads revision admission (37.000416ms)
✔ durable projection repair unavailable retains custody and rereads revision admission (34.489834ms)
✔ durable projection repair baseline retains custody and rereads revision admission (41.443ms)
✔ durable projection repair approved retains custody and rereads revision admission (344.274208ms)
✔ in-memory transports compose writes, pagination, and one batched node read (87.172667ms)
✔ a write rejects a canonical read-back that differs from the requested envelope (26.774417ms)
✔ writes reject a read-back whose visible projection differs from the requested body (41.145167ms)
✔ initialization writes four validated singleton comments before one complete directory and then re-enters read-only (61.78775ms)
✔ pre-publication mode prepares validated singletons without exposing the directory (32.964542ms)
✔ discovery is read-only and does not need an actor or write transport (0.650667ms)
✔ invalid directory issue IDs refuse before the first singleton mutation (0.413334ms)
✔ an opaque issue ID containing a comment terminator round-trips through initialization and re-entry (43.76475ms)
✔ every before and after comment/body write crash re-enters without blind duplicate creation (414.729875ms)
✔ concurrent initializers refuse duplicate singleton candidates before either publishes a directory (46.127917ms)
✔ initializer compensates a duplicate injected after final scan before body publication (19.720833ms)
✔ discovery and repair refuse malformed, foreign, missing, or duplicate singleton candidates (21.811167ms)
✔ a published directory with a deleted singleton blocks re-entry without a repair write (41.533084ms)
✔ explicit repair writes a missing directory only from one complete unambiguous candidate per identity (39.829959ms)
✔ repair recognizes an adopted Delivery Contract singleton after the directory marker is lost (20.406375ms)
✔ repair refuses a duplicate injected after discovery before publishing a directory (22.167458ms)
✔ repair compensates a duplicate injected after final scan before body publication (20.795ms)
✔ a failed duplicate compensation returns a fail-closed body-compensation error (23.981584ms)
✔ compensation body-write crash hooks preserve a fail-closed recoverable state (42.985459ms)
✔ the transition capsule is appended and read back before ordered singleton projection writes (64.441583ms)
✔ every append and projection mutation boundary replays to one authority and exact projections (711.77125ms)
✔ serialized proof, changed contract, stale grant, fork, and projection drift block repair writes (182.124833ms)
✔ getCommentsByNodeIds retrieves opaque IDs in one nodes query (4.0855ms)
✔ parsePreloadedIssueComments validates cached GraphQL nodes without transport (0.485625ms)
✔ parsePreloadedIssueComments fails closed on malformed cached AITM records (0.344375ms)
✔ GitHub timestamps without fractional seconds are accepted and normalized (0.252542ms)
✔ GitHub timestamps and immutable author metadata fail closed (0.484375ms)
✔ GraphQL transport and partial responses fail with safe normalized categories (0.788291ms)
✔ batched reads reject missing, deleted, wrong, or uncorrelated nodes (1.339917ms)
✔ batched reads reject invalid inputs before invoking transport (0.309916ms)
✔ updates use the opaque node ID through GraphQL before read-back (29.12775ms)
✔ updates reject a foreign comment node before invoking the mutation (24.720667ms)
✔ writes fail closed before success and never expose transport payloads (91.996583ms)
✔ incremental listing fails closed on broken pagination and partial pages (0.60325ms)
✔ incremental listing rejects an empty page that claims a successor (0.1125ms)
✔ incremental listing rejects pages larger than the requested page size (3.335625ms)
✔ incremental listing rejects missing or non-string comment bodies (0.759917ms)
✔ incremental listing bounds fresh non-terminal pages (29.183375ms)
✔ incremental listing applies an exclusive boundary and normalizes transport failure (0.341416ms)
✔ incremental listing rejects malformed AITM-like record openers (0.327875ms)
✔ incremental listing ignores ordinary issue comments (0.150125ms)
✔ validates exact transition authority and keeps the capability non-serializable (6.235041ms)
✔ strict payload validation rejects unknown fields, unstable identities, secrets, and projection conflicts (7.312917ms)
✔ changed contract epoch and stale coordinator grant refuse before append (1.232458ms)
✔ stale chain head and a record fork refuse before append (32.823333ms)
✔ an exact operation replay returns its durable capsule without a duplicate append (29.847625ms)
✔ historical On Deck transition capsules replay byte-for-byte but new writers reject the alias (2.203375ms)
ℹ tests 77
ℹ suites 0
ℹ pass 77
ℹ fail 0
ℹ cancelled 0
ℹ skipped 0
ℹ todo 0
ℹ duration_ms 3833.572375
