✔ shaFreshGate: marker absent / HEAD unresolved → no-marker & no-head blockers (0.9345ms)
✔ shaFreshGate: stale marker, commitsSince throws → best-effort blocker without extras (0.1605ms)
✔ shaFreshGate: stale marker, >8 new commits → list truncates with +overflow (0.102666ms)
✔ chainIntegrityGate: legacy grammar full chain → passes (1.113542ms)
✔ issueDirtyGate: missing cfg / issueNumber throw (0.348875ms)
✔ issueDirtyGate: listComments throws → close-dirty-comments-fetch-failed (0.087042ms)
✔ issueDirtyGate: filesForSha throws for one sha → best-effort skip, still clean (0.344042ms)
✔ issueDirtyGate: dirtyFiles throws → close-dirty-git-status-failed (0.241083ms)
✔ commitsOnTrunkGate: missing cfg / issueNumber throw (0.1715ms)
✔ commitsOnTrunkGate: no trail / empty marker → graceful skips (0.157125ms)
✔ commitsOnTrunkGate: listComments throws → close-trunk-comments-fetch-failed (0.105125ms)
✔ commitsOnTrunkGate: trunk ref unresolved → close-trunk-ref-unresolved (140.975ms)
✔ commitsOnTrunkGate: attributed commit on trunk → passes with trunkRef (76.716ms)
✔ commitsOnTrunkGate: no attributed commit on trunk → close-no-attributed-commit-on-trunk (48.715959ms)
✔ commitsOnTrunkGate: attribution lookup throws → close-trunk-attribution-failed (48.97225ms)
✔ runCloseGates: getHeadSha throws → close-head-resolve-failed in blockers (0.811792ms)
✔ runCloseGates: chain hole → chainIntegrityGate blockers propagate (0.484625ms)
✔ runCloseGates: no attributed commit on trunk blocks close (8.063834ms)
✔ runCloseGates: lineageDoneGate throws → close-lineage-gate-error caught (5.698625ms)
✔ runCloseGates: issueDirtyGate throws → close-dirty-gate-error caught (3.988875ms)
✔ runCloseGates: dirty touched file blocks close; clean deps → ok (9.802917ms)
✔ commitsOnTrunkGate: cfg.trunkRef short-circuits defaultResolveTrunkRef (147.662833ms)
✔ commitsOnTrunkGate: default trunk-ref resolution + default attributingCommits (real git) (143.949042ms)
✔ issueDirtyGate: default filesForSha + dirtyFiles (real git) on HEAD (82.766083ms)
✔ runCloseGates: default getHeadSha (real git) resolves HEAD (8.102833ms)
ℹ tests 25
ℹ suites 0
ℹ pass 25
ℹ fail 0
ℹ cancelled 0
ℹ skipped 0
ℹ todo 0
ℹ duration_ms 734.792917
