coverage-close.test.mjs: defined
✔ no active task (29.6205ms)
✔ discover bucket → discarded (30.954417ms)
✔ target adopted into empty state → Closed (122.916792ms)
✔ convergence close-issue: board Done + issue OPEN → gh close (269.148167ms)
✔ convergence close-issue: outcome failure leaves the issue OPEN and active (28.614834ms)
✔ convergence close-issue: disposition failure leaves issue OPEN and active (28.396541ms)
✔ convergence close-issue: gh close fails → exit 1 (31.654167ms)
✔ convergence noop + boardDrift: issue CLOSED, board behind → converge (69.9935ms)
✔ convergence noop + boardDrift: move fails + board not Done → exit 1 (20.621459ms)
✔ convergence noop, no drift: issue CLOSED + board Done → already closed (73.130125ms)
✔ happy tail: approval marker present → emitted, Closed (71.012625ms)
✔ happy tail: Full-Auto default records review approval without a prior marker (75.274875ms)
✔ happy-tail candidate refuses close when terminal timing is only queued (20.350959ms)
✔ final move non-benign failure + board not Done → exit 1 (24.288042ms)
✔ offline final move cannot verify board Done → refuses non-benign failure (19.746959ms)
✔ dirty + CI headless, no --answer → exit 5 (69.787834ms)
✔ dirty + --answer cancel → left in Review (71.731584ms)
✔ dirty + --answer yes → refuse, exit 6 (80.109791ms)
✔ dirty + invalid --answer → exit 1 (87.97775ms)
✔ dirty + interactive (no CI, no answer) → PROMPT_REQUIRED (90.595667ms)
✔ dirty + --answer no → audit row, continues to Closed (140.832208ms)
✔ gate-eval failure, no --force → fail-closed exit 3 (44.04225ms)
✔ --force: gate-eval throw swallowed → cascade + close pipeline → Closed (148.1425ms)
✔ cascade: disposition failure leaves child and parent OPEN and active (24.767125ms)
✔ cascade: outcome failure leaves child in Review and parent OPEN and active (24.471667ms)
✔ cascade: queued terminal timing leaves child in Review and retains evidence for retry (24.163292ms)
✔ cascade: each child outcome uses its own resolved worktree (146.993208ms)
✔ assertFieldsPersisted: aitm-fields marker missing → throws (33.839084ms)
✔ assertFieldsPersisted: engagedTime null → throws (62.409334ms)
✔ assertFieldsPersisted: body re-read fails → throws (30.910209ms)
✔ tickLifecycleOnClose: ticks story-closed + timing-flushed via mutate (0.335042ms)
✔ tickLifecycleOnClose: mutate throws → best-effort swallow (1501.827333ms)
✔ nested fixture state never reads or clears its isolated parent session (790.861042ms)
ℹ tests 33
ℹ suites 0
ℹ pass 33
ℹ fail 0
ℹ cancelled 0
ℹ skipped 0
ℹ todo 0
ℹ duration_ms 4296.375917
⚠ lifecycle-tick best-effort failed: boom
