✔ generated child records six final-HEAD targets, blocks artifact drift, recovers, and bounds twenty refresh rounds (1571.28325ms)
✔ recording an ineligible Acceptance Criteria target refuses before comment or body writes (173.203125ms)
✔ recording an ineligible Definition of Done target refuses before comment or body writes (178.363666ms)
✔ recording an ineligible Verification Commands target refuses before comment or body writes (179.544583ms)
✔ recording a directory-backed target refuses before comment or body writes (172.506417ms)
✔ wrong session binding refuses before comment or body writes (173.21325ms)
✔ a missing physical artifact refuses before comment or body writes (174.039ms)
✔ stale raw manifest bytes refuse before comment or body writes (171.533542ms)
✔ web tick preserves unadopted legacy behavior without evidence I/O (4.477917ms)
✔ hatch tick preserves unadopted legacy behavior without evidence I/O (0.554667ms)
✔ old generated tick preserves unadopted legacy behavior without evidence I/O (0.284084ms)
✔ unchecked legacy preserves unadopted legacy behavior without evidence I/O (0.22775ms)
✔ explicit current record always validates retained manifest and files despite accepted Test (2.675084ms)
✔ adopted policy unchecked narrative blocks without a current record (0.4125ms)
✔ adopted policy proofless checked narrative blocks without a current record (0.253417ms)
✔ unchecked explicit target validates its current record then blocks (0.422292ms)
✔ policy machine-bearing targets remain owned by the existing machine route (0.26525ms)
✔ readiness distinguishes wrong section (0.377834ms)
✔ readiness distinguishes verifier target pointer (0.216167ms)
✔ readiness distinguishes malformed pointer (0.346709ms)
✔ readiness distinguishes changed target bytes (0.872042ms)
✔ readiness distinguishes changed branch (0.284083ms)
✔ readiness distinguishes changed HEAD (0.704084ms)
✔ readiness distinguishes wrong comment author (0.295084ms)
✔ readiness distinguishes edited current comment (0.237083ms)
✔ readiness distinguishes deleted current comment (0.252084ms)
✔ readiness distinguishes rate-limited read (0.207416ms)
✔ readiness distinguishes changed artifact bytes (0.331833ms)
✔ readiness distinguishes unavailable artifact reader (0.277042ms)
✔ readiness distinguishes non-bound checkout (0.20975ms)
✔ readiness distinguishes missing invokingDir (0.1555ms)
✔ directory lane returns before parser or any evidence read (0.568875ms)
✔ fenced and multiline-comment examples are inert even without root Scope (0.396667ms)
✔ guard preserves typed blocker args and remediation without accepted-Test bypass (0.468042ms)
✔ copying a current pointer to another checkbox refuses duplicate lineage (0.3715ms)
✔ unadopted legacy text has no new parser obligations (0.216209ms)
✔ adopted target must have one visible label across all live issue checkboxes (0.923583ms)
✔ record-retained manifest label must equal the current visible target label (0.627792ms)
✔ policy does not adopt phase-owned Agent Review Passed (0.277292ms)
✔ explicit reviewed pointer refuses phase-owned Agent Review Passed (0.205375ms)
✔ policy does not adopt phase-owned Final Review Passed (0.405833ms)
✔ explicit reviewed pointer refuses phase-owned Final Review Passed (0.466208ms)
✔ policy does not adopt phase-owned Passed final human review (0.2415ms)
✔ explicit reviewed pointer refuses phase-owned Passed final human review (0.250709ms)
✔ policy does not adopt phase-owned Story closed and moved to Done (0.612959ms)
✔ explicit reviewed pointer refuses phase-owned Story closed and moved to Done (0.178833ms)
✔ policy does not adopt phase-owned Timing data flushed to issue (0.124791ms)
✔ explicit reviewed pointer refuses phase-owned Timing data flushed to issue (0.130167ms)
✔ policy does not adopt phase-owned Deep dive complete (0.111583ms)
✔ explicit reviewed pointer refuses phase-owned Deep dive complete (0.131042ms)
✔ policy does not adopt phase-owned Discussion complete (0.111167ms)
✔ explicit reviewed pointer refuses phase-owned Discussion complete (0.529542ms)
✔ guard accepts the actual registry repo context field (0.295834ms)
✔ checked narrative mention of a verifier name still requires reviewed evidence (0.186ms)
✔ initial record is installed after comment readback; equivalent checked request is fully validated no-op (11.048792ms)
✔ uncheck retains pointer; validated recheck reuses its original record (2.761625ms)
✔ changed request refreshes checked target in one lineage with predecessor (3.110042ms)
✔ body failure preserves orphan and retry reconciles it before another create (2.943459ms)
✔ manifest mutation after comment creation refuses body write, even for checked no-op (0.837417ms)
✔ generic writes cannot fabricate/remove/move pointer, or bypass recheck with unverified hatch (1.339291ms)
✔ generic policy changes and malformed reviewed prefixes stay protected (0.213625ms)
✔ reviewed options reject all unsupported mixtures before I/O (0.173708ms)
✔ fresh unrelated edit survives; same-target concurrent successor refuses without a body write (1.161333ms)
✔ CAS retry rebases unrelated changes and repeats validation (1.264709ms)
✔ recording preflight refusals create no comment (1.582875ms)
✔ authority or comment changes after create refuse before write (0.840875ms)
✔ same-target content edit keeps pointer but requires a new validated record (1.334958ms)
✔ generic capability-shaped objects cannot authorize reviewed writes (0.122208ms)
✔ same-target successor observed during async fresh validation is not overwritten (0.412167ms)
✔ generic async mutation cannot bypass reviewed marker protection (0.12525ms)
✔ whitespace cannot bypass special-label exclusion; manifest uses exact visible label (0.125833ms)
✔ recording refuses phase-owned lifecycle and special-label targets before comments (0.515708ms)
✔ recording refuses copied lineage before creating a successor (1.16625ms)
✔ Scope scanner ignores fenced and HTML-comment examples and keeps nested narrative headings (2.750417ms)
✔ duplicate Scope and duplicate live labels fail closed (0.286041ms)
✔ policy adoption is explicit and fenced policy examples stay legacy (0.491709ms)
✔ every recognized verifier form stays on its existing execution-proof route (0.70825ms)
✔ target digest survives glyph and reviewed pointer changes but stales on other markers (0.548291ms)
✔ a duplicate unsupported checkbox cannot make an eligible label unique (0.105708ms)
✔ policy-name prose does not adopt legacy Scope (0.082708ms)
✔ content identity keeps original trailing bytes while removing only pointer separator (0.13125ms)
✔ narrative eligibility excludes phase-owned and special command labels (0.267333ms)
✔ recording target resolution refuses duplicate reviewed lineage or comment IDs (0.387667ms)
✔ bare verifier names remain narrative rather than execution declarations (0.130958ms)
✔ fence syntax inside a terminated multiline HTML comment remains inert (0.102ms)
✔ prefix-collision: toggling the shorter label does not touch the longer line (1.063042ms)
✔ round-trip: toggling an exact-match unchecked line flips to [x] then back to [ ] (0.131334ms)
✔ regex metacharacters in the label are matched literally (0.100375ms)
✔ missing label returns not-found and does not throw (0.070125ms)
✔ batch: multi-label toggle accumulates in one body (0.515583ms)
✔ batch: mixed found / already-checked / not-found reported independently; not-found does not drop the batch (0.12425ms)
✔ batch: single label behaves like the legacy single-label toggle (0.093ms)
✔ batch: empty label list is a no-op returning the body unchanged (0.06775ms)
✔ #411 bare visible label ticks a marker-bearing line (0.137917ms)
✔ #411 full-line argument (label + markers) still ticks the line (backward compat) (0.155791ms)
✔ #411 marker-bearing line retains its trailing markers after toggle (0.095209ms)
✔ #411 ambiguous: two lines sharing a stripped label yield ambiguous and tick neither (0.057625ms)
✔ #411 batch reports ambiguous independently without dropping other labels (0.092125ms)
✔ reviewed option mixtures refuse before state, batch, or directory I/O (0.576833ms)
ℹ tests 99
ℹ suites 0
ℹ pass 99
ℹ fail 0
ℹ cancelled 0
ℹ skipped 0
ℹ todo 0
ℹ duration_ms 2941.212791
