✔ ready execution persists the current projection with proof-introduction authority and verified readback (4.755041ms)
✔ the versioned mutation callback remains synchronous so proof guards inspect its body (0.7385ms)
✔ the real versioned body boundary rejects the same proof-introducing edit without evidenceStamp (4.448583ms)
✔ blocked fresh readiness preserves its envelope with pending normalization (0.508958ms)
✔ blocked fresh readiness preserves its envelope without pending normalization (0.126833ms)
✔ indeterminate fresh readiness preserves its envelope with pending normalization (0.174959ms)
✔ indeterminate fresh readiness preserves its envelope without pending normalization (0.080792ms)
✔ real registry completeness labels survive normalization (0.141833ms)
✔ indeterminate readiness on a fresh versioned base is retained before persistence (0.48725ms)
✔ malformed non-ready envelope is invalid with normalization (0.292791ms)
✔ malformed non-ready envelope is invalid without normalization (0.082583ms)
✔ successful normalization keeps persisted truth when readback becomes blocked (0.704917ms)
✔ a thrown fresh authority evaluation is drift, not a write transport failure (0.512959ms)
✔ post-write readback failure refuses while preserving the fact that a write occurred (0.304375ms)
✔ write transport failure is named and stops before post-write authority or later effects (0.275667ms)
✔ changed execution HEAD refuses even if projected decision intent would be identical (0.087625ms)
✔ a changed HEAD during a versioned retry refuses before another push (0.483625ms)
✔ an empty authority body is a failed readback, never an idempotent no-op (0.103291ms)
✔ a version conflict re-evaluates the fresh body and refuses a now-blocked retry (0.991333ms)
✔ a non-overlapping version conflict recomputes and preserves the concurrent edit (0.991834ms)
✔ readback rejects a proof marker attributed to the wrong execution HEAD (0.441792ms)
✔ test-to-review rescan preserves projected refusal before any derived write (1.753125ms)
✔ a concurrent HEAD change wins over an otherwise valid blocked retry (0.359542ms)
✔ remaining projection drift wins over a blocked post-write guard (0.32225ms)
✔ normalization retains warnings and human requests separately from normalization warnings (0.938916ms)
✔ fresh current body, not the caller snapshot, is scanned when no normalization is pending (1.543541ms)
✔ failed current-body read refuses instead of returning the stale caller snapshot (0.742791ms)
✔ missing complete evaluator cannot enter the old derive-before-readiness path (0.171292ms)
✔ missing execution HEAD refuses instead of stamping unknown provenance (0.144459ms)
✔ both execution HEAD reads use the authoritative project directory (0.472959ms)
✔ an absent authoritative directory refuses before any HEAD read (0.101583ms)
✔ prefix-collision: toggling the shorter label does not touch the longer line (1.238625ms)
✔ round-trip: toggling an exact-match unchecked line flips to [x] then back to [ ] (0.166041ms)
✔ regex metacharacters in the label are matched literally (0.103791ms)
✔ missing label returns not-found and does not throw (0.072417ms)
✔ batch: multi-label toggle accumulates in one body (0.519709ms)
✔ batch: mixed found / already-checked / not-found reported independently; not-found does not drop the batch (0.119708ms)
✔ batch: single label behaves like the legacy single-label toggle (0.092834ms)
✔ batch: empty label list is a no-op returning the body unchanged (0.062792ms)
✔ #411 bare visible label ticks a marker-bearing line (0.115166ms)
✔ #411 full-line argument (label + markers) still ticks the line (backward compat) (0.184167ms)
✔ #411 marker-bearing line retains its trailing markers after toggle (0.096959ms)
✔ #411 ambiguous: two lines sharing a stripped label yield ambiguous and tick neither (0.487625ms)
✔ #411 batch reports ambiguous independently without dropping other labels (0.373708ms)
✔ reviewed option mixtures refuse before state, batch, or directory I/O (0.82025ms)
ℹ tests 45
ℹ suites 0
ℹ pass 45
ℹ fail 0
ℹ cancelled 0
ℹ skipped 0
ℹ todo 0
ℹ duration_ms 188.131291
