npm notice run @kburson/ai-task-manager@0.1.0 test:slow
npm notice run node scripts/run-tests.mjs --lane slow
▶ lane=slow (55 files)

▶ scripts/tests/slow/task-tracker/core/ci-lane-wiring.test.mjs ... ok (61ms)
▶ scripts/tests/slow/task-tracker/core/fleet-registry-concurrent.test.mjs ... ok (4.8s)
▶ scripts/tests/slow/task-tracker/core/lifecycle-traversal-e2e.test.mjs ... ok (81ms)
▶ scripts/tests/slow/task-tracker/core/maintenance-scripts-strict-argv.test.mjs ... ok (3.1s)
▶ scripts/tests/slow/task-tracker/core/packaged-doctor-consumer.test.mjs ... ok (11.8s)
▶ scripts/tests/slow/task-tracker/core/packaged-tail-profile-consumer.test.mjs ... ok (7.1s)
▶ scripts/tests/slow/task-tracker/core/verify-develop.test.mjs ... ok (943ms)
▶ scripts/tests/slow/task-tracker/lib/ac-evidence-gate.test.mjs ... ok (1.5s)
▶ scripts/tests/slow/task-tracker/lib/action-capture-integration.test.mjs ... ok (2.1s)
▶ scripts/tests/slow/task-tracker/lib/activity-guard.test.mjs ... ok (17.3s)
▶ scripts/tests/slow/task-tracker/lib/agent-guard.test.mjs ... ok (1.2s)
▶ scripts/tests/slow/task-tracker/lib/agentic-help-runtime.test.mjs ... ok (115.9s)
▶ scripts/tests/slow/task-tracker/lib/aitm-dispatcher.test.mjs ... ok (5.0s)
▶ scripts/tests/slow/task-tracker/lib/body-write-roundtrip.test.mjs ... ok (50ms)
▶ scripts/tests/slow/task-tracker/lib/chore-mode-activity-guard.test.mjs ... ok (581ms)
▶ scripts/tests/slow/task-tracker/lib/cli.test.mjs ... ok (11.7s)
▶ scripts/tests/slow/task-tracker/lib/commit-trail-handler.test.mjs ... ok (2.0s)
▶ scripts/tests/slow/task-tracker/lib/config-completeness-invariant.test.mjs ... ok (362ms)
▶ scripts/tests/slow/task-tracker/lib/coverage-close-gates.test.mjs ... ok (7.7s)
▶ scripts/tests/slow/task-tracker/lib/coverage-hook-handler.test.mjs ... ok (3.2s)
▶ scripts/tests/slow/task-tracker/lib/coverage-orchestrator-lock.test.mjs ... ok (751ms)
▶ scripts/tests/slow/task-tracker/lib/create-issue.test.mjs ... ok (3.5s)
▶ scripts/tests/slow/task-tracker/lib/demonstrable-ac-gate.test.mjs ... ok (70ms)
▶ scripts/tests/slow/task-tracker/lib/dirty-review-promote-false-success.test.mjs ... ok (1.1s)
▶ scripts/tests/slow/task-tracker/lib/dirty-workspace-gate.test.mjs ... ok (7.8s)
▶ scripts/tests/slow/task-tracker/lib/discover-autosave.test.mjs ... ok (164ms)
▶ scripts/tests/slow/task-tracker/lib/draft-branch.test.mjs ... ok (727ms)
▶ scripts/tests/slow/task-tracker/lib/ensure-wave-parent.test.mjs ... ok (6.1s)
▶ scripts/tests/slow/task-tracker/lib/epic-children-review-lifecycle.test.mjs ... ok (1.0s)
▶ scripts/tests/slow/task-tracker/lib/epic-tree.test.mjs ... ok (3.4s)
▶ scripts/tests/slow/task-tracker/lib/evidence-v2/frozen-worktree-rehearsal.test.mjs ... ok (13.8s)
▶ scripts/tests/slow/task-tracker/lib/gate-message-attribution.test.mjs ... ok (387ms)
▶ scripts/tests/slow/task-tracker/lib/gates.test.mjs ... ok (7.9s)
▶ scripts/tests/slow/task-tracker/lib/init-status-palette.test.mjs ... ok (11.6s)
▶ scripts/tests/slow/task-tracker/lib/issue-authoring.test.mjs ... ok (2.7s)
▶ scripts/tests/slow/task-tracker/lib/lifecycle.test.mjs ... ok (4.1s)
▶ scripts/tests/slow/task-tracker/lib/log-issue-time.test.mjs ... ok (2.6s)
▶ scripts/tests/slow/task-tracker/lib/move-state-approval-gate.test.mjs ... ok (11.5s)
▶ scripts/tests/slow/task-tracker/lib/move-state-gate.test.mjs ... ok (6.2s)
▶ scripts/tests/slow/task-tracker/lib/move-state.test.mjs ... ok (1.9s)
▶ scripts/tests/slow/task-tracker/lib/move-state/board-field-readback.test.mjs ... ok (2.9s)
▶ scripts/tests/slow/task-tracker/lib/proof-gate-reconciliation.test.mjs ... ok (962ms)
▶ scripts/tests/slow/task-tracker/lib/ready-for-plan-live-migration.test.mjs ... ok (363ms)
▶ scripts/tests/slow/task-tracker/lib/review-approval-prompt.test.mjs ... ok (20.2s)
▶ scripts/tests/slow/task-tracker/lib/verb-preflight-wiring.test.mjs ... ok (2.5s)
▶ scripts/tests/slow/task-tracker/lib/worktree-isolation.test.mjs ... ok (3.4s)
▶ scripts/tests/slow/task-tracker/lib/worktree-seed-integration.test.mjs ... ok (1.6s)
▶ scripts/tests/slow/task-tracker/verbs/close-lifecycle-tick.test.mjs ... ok (125ms)
▶ scripts/tests/slow/task-tracker/verbs/coverage-close.test.mjs ... ok (3.2s)
▶ scripts/tests/slow/task-tracker/verbs/deadlock-regression.test.mjs ... ok (448ms)
▶ scripts/tests/slow/task-tracker/verbs/promote-verb.test.mjs ... ok (1.1s)
▶ scripts/tests/slow/task-tracker/verbs/recovery-path-independence.test.mjs ... ok (369ms)
▶ scripts/tests/slow/task-tracker/verbs/state-marker-single-writer.test.mjs ... ok (465ms)
▶ scripts/tests/slow/task-tracker/verbs/verb-test-remove-worktree.test.mjs ... ok (247ms)
▶ scripts/tests/slow/task-tracker/workflow-exception-lifecycle.test.mjs ... ok (73ms)

▶ scheduling: 0 pure unit file(s) at pool concurrency 9 (peak 0); 0 direct-subprocess file(s) at pool concurrency 2 (peak 0); 1 explicit-safe slow file(s) at pool concurrency 2 (peak 1); 54 explicit-unsafe/integration/unmarked-slow file(s) serial

run-tests: lane 'slow' bounded sections: slow-parallel=115.9s/600s (1 files); serial=206.0s/600s (54 files); aggregate=321.9s

All 55 test files passed.
